
 -----------------------------------------------
      Restrained ESP Fit 2.3  Amber 4.1
 -----------------------------------------------
 Resp charges for organic molecule                                               
 -----------------------------------------------


 inopt       =     0   ioutopt     =     1
 nmol        =     1   iqopt       =     2
 ihfree      =     1   irstrnt     =     1
 iunits      =     0   qwt         =   0.00100000
 wtmol(1) =     1.000000
 subtitle:

Resp charges for organic molecule                                               
ich =  -2  iuniq =  95
    1    6    0
    2    6    0
    3    8    0
    4    1    0
    5    1    4
    6    1    4
    7    7    0
    8    6    0
    9    6    0
   10    8    0
   11    6    0
   12   16    0
   13    1    0
   14    1    0
   15    1    0
   16    1   15
   17    7    0
   18    6    0
   19    1    0
   20    1    0
   21    1   20
   22    1   20
   23    6    0
   24    6    0
   25    6    0
   26    6    0
   27    7    0
   28    6    0
   29    6    0
   30    6    0
   31    6    0
   32    7    0
   33    6    0
   34    6    0
   35    7    0
   36    6    0
   37    6    0
   38    6    0
   39    6    0
   40    6    0
   41    6    0
   42    6    0
   43    6    0
   44    6    0
   45    6    0
   46    6    0
   47    6    0
   48    8    0
   49    8    0
   50    6    0
   51    6    0
   52    6    0
   53    6    0
   54    8    0
   55    8    0
   56    6    0
   57    6    0
   58    6    0
   59    6    0
   60    6    0
   61    6    0
   62    6    0
   63    6    0
   64    7    0
   65    1    0
   66    1   65
   67    1    0
   68    1    0
   69    1    0
   70    1   69
   71    1    0
   72    1   71
   73    1    0
   74    1   73
   75    1    0
   76    1   75
   77    1    0
   78    1   77
   79    1    0
   80    1    0
   81    1    0
   82    1    0
   83    1    0
   84    1   83
   85    1   83
   86    1    0
   87    1   86
   88    1   86
   89    1    0
   90    1   89
   91    1   89
   92    1    0
   93    1   92
   94    1   92
   95   26    0
    1    1    1    2    1    3    1    4    1    5    1    6
    1   17    1   18    1   19    1   20    1   21    1   22
    1    7
    1    8
    1    9
    1   10
 new q0 values to be read  95

  ----------------------------------------------------------------------------
     ATOM                       COORDINATES                         CHARGE
                       X             Y                Z
  ----------------------------------------------------------------------------
  ----------------------------------------------------------------------------


 Charge on the molecule(ich) =   -2
 Total number of atoms (iuniq)     =   95
 Weight factor on initial charge restraints(qwt)=     0.10000D-02


  there are  7 charge constraints:


     1       1  0  0  0  0  0  1
     2       1  0  0  0  0  0  1
     3       1  0  0  0  0  0  1
     4       1  0  0  0  0  0  1
     5       1  0  0  0  0  0  1
     6       1  0  0  0  0  0  1
     7       0  0  1  0  0  0  1
     8       0  0  0  1  0  0  1
     9       0  0  0  0  1  0  1
    10       0  0  0  0  0  1  1
    11       0  0  0  0  0  0  1
    12       0  0  0  0  0  0  1
    13       0  0  0  0  0  0  1
    14       0  0  0  0  0  0  1
    15       0  0  0  0  0  0  1
    16       0  0  0  0  0  0  1
    17       0  1  0  0  0  0  1
    18       0  1  0  0  0  0  1
    19       0  1  0  0  0  0  1
    20       0  1  0  0  0  0  1
    21       0  1  0  0  0  0  1
    22       0  1  0  0  0  0  1
    23       0  0  0  0  0  0  1
    24       0  0  0  0  0  0  1
    25       0  0  0  0  0  0  1
    26       0  0  0  0  0  0  1
    27       0  0  0  0  0  0  1
    28       0  0  0  0  0  0  1
    29       0  0  0  0  0  0  1
    30       0  0  0  0  0  0  1
    31       0  0  0  0  0  0  1
    32       0  0  0  0  0  0  1
    33       0  0  0  0  0  0  1
    34       0  0  0  0  0  0  1
    35       0  0  0  0  0  0  1
    36       0  0  0  0  0  0  1
    37       0  0  0  0  0  0  1
    38       0  0  0  0  0  0  1
    39       0  0  0  0  0  0  1
    40       0  0  0  0  0  0  1
    41       0  0  0  0  0  0  1
    42       0  0  0  0  0  0  1
    43       0  0  0  0  0  0  1
    44       0  0  0  0  0  0  1
    45       0  0  0  0  0  0  1
    46       0  0  0  0  0  0  1
    47       0  0  0  0  0  0  1
    48       0  0  0  0  0  0  1
    49       0  0  0  0  0  0  1
    50       0  0  0  0  0  0  1
    51       0  0  0  0  0  0  1
    52       0  0  0  0  0  0  1
    53       0  0  0  0  0  0  1
    54       0  0  0  0  0  0  1
    55       0  0  0  0  0  0  1
    56       0  0  0  0  0  0  1
    57       0  0  0  0  0  0  1
    58       0  0  0  0  0  0  1
    59       0  0  0  0  0  0  1
    60       0  0  0  0  0  0  1
    61       0  0  0  0  0  0  1
    62       0  0  0  0  0  0  1
    63       0  0  0  0  0  0  1
    64       0  0  0  0  0  0  1
    65       0  0  0  0  0  0  1
    66       0  0  0  0  0  0  1
    67       0  0  0  0  0  0  1
    68       0  0  0  0  0  0  1
    69       0  0  0  0  0  0  1
    70       0  0  0  0  0  0  1
    71       0  0  0  0  0  0  1
    72       0  0  0  0  0  0  1
    73       0  0  0  0  0  0  1
    74       0  0  0  0  0  0  1
    75       0  0  0  0  0  0  1
    76       0  0  0  0  0  0  1
    77       0  0  0  0  0  0  1
    78       0  0  0  0  0  0  1
    79       0  0  0  0  0  0  1
    80       0  0  0  0  0  0  1
    81       0  0  0  0  0  0  1
    82       0  0  0  0  0  0  1
    83       0  0  0  0  0  0  1
    84       0  0  0  0  0  0  1
    85       0  0  0  0  0  0  1
    86       0  0  0  0  0  0  1
    87       0  0  0  0  0  0  1
    88       0  0  0  0  0  0  1
    89       0  0  0  0  0  0  1
    90       0  0  0  0  0  0  1
    91       0  0  0  0  0  0  1
    92       0  0  0  0  0  0  1
    93       0  0  0  0  0  0  1
    94       0  0  0  0  0  0  1
    95       0  0  0  0  0  0  1

 Reading esp"s for molecule   1
 total number of atoms      =    95
 total number of esp points =  3107


 center     X       Y       Z 
    1  -0.8741426E+01   0.3676358E+01   0.5203168E+01
    2  -0.7092204E+01   0.1393170E+01   0.4720496E+01
    3  -0.7949442E+01  -0.7032540E+00   0.4326053E+01
    4  -0.8082315E+01   0.5337263E+01   0.4173447E+01
    5  -0.8709862E+01   0.4107117E+01   0.7220484E+01
    6  -0.1066492E+02   0.3228846E+01   0.4640644E+01
    7  -0.4561343E+01   0.1830621E+01   0.4850178E+01
    8  -0.2699772E+01  -0.1053862E+00   0.4279748E+01
    9  -0.3254065E+01  -0.2545185E+01   0.5744391E+01
   10  -0.3179817E+01  -0.2613081E+01   0.8048326E+01
   11  -0.1055544E+00   0.8949119E+00   0.5034153E+01
   12   0.2476841E+01  -0.1106493E+01   0.3960011E+01
   13  -0.3970552E+01   0.3637828E+01   0.4805254E+01
   14  -0.2715213E+01  -0.5296618E+00   0.2262408E+01
   15   0.1453199E+00   0.2803673E+01   0.4287064E+01
   16  -0.2551319E-01   0.9674774E+00   0.7093028E+01
   17  -0.3681672E+01  -0.4588321E+01   0.4288637E+01
   18  -0.4431525E+01  -0.6949624E+01   0.5437872E+01
   19  -0.4179664E+01  -0.4291912E+01   0.2472703E+01
   20  -0.6210747E+01  -0.6752418E+01   0.6465849E+01
   21  -0.4666633E+01  -0.8357546E+01   0.3958723E+01
   22  -0.2978940E+01  -0.7573215E+01   0.6759042E+01
   23  -0.5580344E+01   0.6631842E+01  -0.1573093E+01
   24   0.1265322E+02   0.3290737E+01   0.5642004E+00
   25   0.6505391E+01  -0.9945771E+01  -0.2204879E+01
   26  -0.7101012E+01  -0.3528050E+01  -0.3371341E+01
   27   0.5215417E+00   0.3008262E+01  -0.1015805E+01
   28  -0.5956125E+01   0.8219027E+01  -0.3978593E+01
   29   0.1406950E+02   0.4762892E+01   0.2036594E+01
   30   0.4890775E+01  -0.1153790E+02  -0.1123854E+01
   31  -0.8499653E+01  -0.4939398E+01  -0.1245409E+01
   32   0.5858878E+01   0.2145773E+01  -0.5824079E+00
   33  -0.6182112E+01   0.1112490E+02  -0.3507840E+01
   34  -0.1098497E+02  -0.6146695E+01  -0.2229903E+01
   35  -0.2400689E+00  -0.2138346E+01  -0.2069908E+01
   36  -0.3517198E+01   0.1111028E+01  -0.2136309E+01
   37   0.3706665E+01   0.6201287E+01  -0.4262844E-01
   38   0.9132492E+01  -0.1082624E+01  -0.7977535E+00
   39   0.1808097E+01  -0.6279068E+01  -0.2369945E+01
   40  -0.6850597E+00   0.9937304E+01  -0.1738321E+00
   41   0.9026524E+01   0.8253688E+01   0.9118079E+00
   42   0.1126880E+02  -0.6438457E+01  -0.1449611E+01
   43  -0.3546118E+01  -0.8225968E+01  -0.3544340E+01
   44  -0.2016190E+01   0.3150370E+01  -0.1488301E+01
   45   0.5855135E+01   0.4661482E+01  -0.7407159E-01
   46   0.7622935E+01  -0.3150243E+01  -0.1318638E+01
   47  -0.2564906E+00  -0.4711000E+01  -0.2454490E+01
   48  -0.6020695E+01   0.1244205E+02  -0.5452581E+01
   49  -0.1145273E+02  -0.8328465E+01  -0.1449208E+01
   50  -0.2923391E+01   0.5743185E+01  -0.1202784E+01
   51   0.8374653E+01   0.5554702E+01   0.4025097E+00
   52   0.8551934E+01  -0.5677257E+01  -0.1624134E+01
   53  -0.2790254E+01  -0.5562155E+01  -0.3011690E+01
   54  -0.6510491E+01   0.1182667E+02  -0.1266957E+01
   55  -0.1221689E+02  -0.4799290E+01  -0.3729665E+01
   56  -0.8645742E+00   0.7156175E+01  -0.6091229E+00
   57   0.9925899E+01   0.3485392E+01   0.2082289E+00
   58   0.6480804E+01  -0.7188884E+01  -0.1953629E+01
   59  -0.4311878E+01  -0.3498414E+01  -0.2966764E+01
   60   0.1273796E+01   0.5447870E+01  -0.5126675E+00
   61   0.8320139E+01   0.1380086E+01  -0.4348845E+00
   62   0.4301075E+01  -0.5540147E+01  -0.1918796E+01
   63  -0.2682075E+01  -0.1359616E+01  -0.2379991E+01
   64   0.5035462E+01  -0.3115818E+01  -0.1511484E+01
   65  -0.6105319E+01   0.7880985E+01  -0.9369261E-02
   66  -0.6870048E+01   0.5023672E+01  -0.1530013E+01
   67   0.1358522E+02   0.1772278E+01  -0.4580809E+00
   68   0.8016493E+01  -0.1073282E+02  -0.3353239E+01
   69  -0.7497252E+01  -0.4500010E+01  -0.5149621E+01
   70  -0.7878793E+01  -0.1638232E+01  -0.3596976E+01
   71  -0.7689949E+01   0.7652566E+01  -0.4946630E+01
   72  -0.4418763E+01   0.7924906E+01  -0.5322173E+01
   73   0.1609249E+02   0.4483447E+01   0.2154329E+01
   74   0.1324940E+02   0.6237885E+01   0.3192877E+01
   75   0.5062043E+01  -0.1355696E+02  -0.1403201E+01
   76   0.3382627E+01  -0.1088368E+02   0.9337514E-01
   77  -0.8939328E+01  -0.3640179E+01   0.2999619E+00
   78  -0.7315107E+01  -0.6437255E+01  -0.4615032E+00
   79  -0.5505023E+01   0.1458184E+01  -0.2454102E+01
   80   0.3984533E+01   0.8187162E+01   0.3570467E+00
   81   0.1113815E+02  -0.1447574E+01  -0.6339804E+00
   82   0.1469740E+01  -0.8257846E+01  -0.2743134E+01
   83  -0.2549112E+01   0.1081312E+02  -0.1255704E+00
   84   0.3848673E+00   0.1084551E+02  -0.1691473E+01
   85   0.3018044E+00   0.1033669E+02   0.1598506E+01
   86   0.7980058E+01   0.9506928E+01  -0.3459975E+00
   87   0.1103152E+02   0.8611803E+01   0.6257903E+00
   88   0.8551448E+01   0.8796041E+01   0.2848059E+01
   89   0.1146514E+02  -0.8487882E+01  -0.1358838E+01
   90   0.1213875E+02  -0.5649266E+01   0.2487106E+00
   91   0.1236366E+02  -0.5754072E+01  -0.3064414E+01
   92  -0.5518888E+01  -0.8330171E+01  -0.4121292E+01
   93  -0.3344904E+01  -0.9409702E+01  -0.1864188E+01
   94  -0.2378806E+01  -0.9054288E+01  -0.5032573E+01
   95   0.2656879E+01  -0.2001711E+00  -0.3014056E+00
 Initial ssvpot =    67.179


 Number of unique UNfrozen centers=   76

 Non-linear optimization requested.
 qchnge =    0.2781311472E-01
 qchnge =    0.7107801572E-02
 qchnge =    0.1668092138E-02
 qchnge =    0.5470975988E-03
 qchnge =    0.1950760318E-03
 qchnge =    0.7227186859E-04
 qchnge =    0.2755747436E-04
 qchnge =    0.1080244999E-04
 qchnge =    0.4346506215E-05
 qchnge =    0.1789803101E-05
 qchnge =    0.7513868349E-06

 Convergence in   10 iterations


Resp charges for organic molecule                                               

          Point Charges Before & After Optimization

    no.  At.no.    q(init)       q(opt)     ivary    d(rstr)/dq
    1   6      -0.217253      -0.089475      0       0.007452
    2   6       0.487266       0.419262      0       0.002320
    3   8      -0.459974      -0.433810      0       0.002246
    4   1       0.047336       0.034674      0       0.000000
    5   1       0.067875       0.034674      4       0.000000
    6   1       0.074750       0.034674      4       0.000000
    7   7      -0.415700      -0.415700      0       0.002339
    8   6      -0.035100      -0.035100      0       0.009436
    9   6       0.597300       0.597300      0       0.001651
   10   8      -0.567900      -0.567900      0       0.001734
   11   6      -0.072838      -0.042060      0       0.009218
   12  16      -0.330627      -0.307250      0       0.003095
   13   1       0.262561       0.256144      0       0.000000
   14   1       0.090066       0.108932      0       0.000000
   15   1       0.057770       0.068834      0       0.000000
   16   1       0.098551       0.068834     15       0.000000
   17   7      -0.273744      -0.274605      0       0.003422
   18   6      -0.207746      -0.143702      0       0.005711
   19   1       0.195630       0.188980      0       0.000000
   20   1       0.106675       0.076442      0       0.000000
   21   1       0.097080       0.076442     20       0.000000
   22   1       0.082105       0.076442     20       0.000000
   23   6      -0.130688      -0.057121      0       0.008683
   24   6      -0.106734      -0.092242      0       0.007350
   25   6      -0.122154      -0.114296      0       0.006585
   26   6      -0.059590      -0.023506      0       0.009735
   27   7      -0.128188      -0.065018      0       0.008384
   28   6      -0.094105      -0.038059      0       0.009346
   29   6      -0.351012      -0.343127      0       0.002798
   30   6      -0.317333      -0.296269      0       0.003198
   31   6       0.005697       0.013089      0       0.009915
   32   7      -0.183644      -0.127778      0       0.006163
   33   6       0.670845       0.649293      0       0.001522
   34   6       0.629761       0.613567      0       0.001609
   35   7      -0.156372      -0.092271      0       0.007349
   36   6      -0.099420      -0.095209      0       0.007243
   37   6      -0.106621      -0.076279      0       0.007951
   38   6      -0.125434      -0.107221      0       0.006821
   39   6      -0.115821      -0.074559      0       0.008017
   40   6      -0.106380      -0.052989      0       0.008836
   41   6      -0.151584      -0.091331      0       0.007384
   42   6      -0.185809      -0.100307      0       0.007060
   43   6      -0.225314      -0.103250      0       0.006956
   44   6      -0.001981      -0.023543      0       0.009734
   45   6       0.009166      -0.011408      0       0.009936
   46   6       0.002603      -0.024899      0       0.009704
   47   6      -0.071661      -0.085505      0       0.007601
   48   8      -0.709033      -0.702913      0       0.001408
   49   8      -0.715741      -0.710554      0       0.001394
   50   6      -0.001388      -0.000479      0       0.010000
   51   6       0.056422       0.034994      0       0.009439
   52   6       0.035136      -0.004537      0       0.009990
   53   6       0.122015       0.043644      0       0.009165
   54   8      -0.700850      -0.691432      0       0.001431
   55   8      -0.699382      -0.694234      0       0.001426
   56   6       0.046529       0.011302      0       0.009937
   57   6      -0.027593      -0.024436      0       0.009714
   58   6      -0.033993      -0.003298      0       0.009995
   59   6      -0.058460      -0.038906      0       0.009320
   60   6      -0.010512      -0.047475      0       0.009034
   61   6      -0.010263      -0.034956      0       0.009440
   62   6       0.019183      -0.014957      0       0.009890
   63   6       0.009477      -0.025308      0       0.009694
   64   7      -0.103912      -0.056100      0       0.008721
   65   1       0.077619       0.040284      0       0.000000
   66   1       0.066598       0.040284     65       0.000000
   67   1       0.118559       0.095696      0       0.000000
   68   1       0.120085       0.097577      0       0.000000
   69   1       0.039551       0.029704      0       0.000000
   70   1       0.037340       0.029704     69       0.000000
   71   1       0.017177      -0.007446      0       0.000000
   72   1       0.005729      -0.007446     71       0.000000
   73   1       0.123364       0.129745      0       0.000000
   74   1       0.145021       0.129745     73       0.000000
   75   1       0.119864       0.129564      0       0.000000
   76   1       0.155209       0.129564     75       0.000000
   77   1       0.005607      -0.008023      0       0.000000
   78   1      -0.028896      -0.008023     77       0.000000
   79   1       0.140819       0.136616      0       0.000000
   80   1       0.102299       0.091417      0       0.000000
   81   1       0.118322       0.131288      0       0.000000
   82   1       0.119818       0.094905      0       0.000000
   83   1       0.062621       0.032694      0       0.000000
   84   1       0.058294       0.032694     83       0.000000
   85   1       0.014947       0.032694     83       0.000000
   86   1       0.053438       0.039405      0       0.000000
   87   1       0.043234       0.039405     86       0.000000
   88   1       0.063032       0.039405     86       0.000000
   89   1       0.062047       0.039657      0       0.000000
   90   1       0.074581       0.039657     89       0.000000
   91   1       0.044133       0.039657     89       0.000000
   92   1       0.099198       0.047825      0       0.000000
   93   1       0.081706       0.047825     92       0.000000
   94   1       0.050057       0.047825     92       0.000000
   95  26       0.428681       0.293950      0       0.003221

 Sum over the calculated charges:     -2.000

        Statistics of the fitting:
  The initial sum of squares (ssvpot)                     67.179
  The residual sum of squares (chipot)                     0.013
  The std err of estimate (sqrt(chipot/N))               0.00208
  ESP relative RMS (SQRT(chipot/ssvpot))                 0.01413

 Center of Mass (Angst.):

 X  =   0.00000      Y  =   0.00000      Z  =   0.00000

 Dipole (Debye):

 X  =  32.73195      Y  =  -7.38188      Z  =   6.83434

 Dipole Moment (Debye)=  34.24296

 Quadrupole (Debye*Angst.):

 Qxx =-175.03998     QYY =-124.23792     QZZ = 299.27790
 Qxy = 427.54598     QXZ = 313.20956     QYZ = 605.29787
