
**********************************************************************
*                                                                    *
*                        M   A   P   L   E                           *
*                                                                    *
*      MAchine-learning Potential for Landscape Exploration          *
*                                                                    *
*                                                                    *
*      © 2025 University of Pittsburgh. All rights reserved.         *
*      Licensed under CC BY 4.0 for academic use.                    *
*                                                                    *
*      Principal Developer:  Xujian Wang                             *
*                                                                    *
**********************************************************************


Parsing # commands...
Global parameter: model = uma
Task set to 'md'
Global parameter: device = cuda
Parsed configuration:
----------------------------------------
Task: md
model          : uma
ensemble       : nvt
timestep       : 0.5
steps          : 200000
temperature    : 300.0
traj_every     : 1000
log_every      : 1000
init_velocities: True
remove_com     : True
random_seed    : None
thermostat     : langevin
friction       : 0.001
tau_t          : 100.0
barostat       : c-rescale
pressure       : 1.0
tau_p          : 2000.0
compressibility: 4.5e-05
device         : cuda

                             Coordinates                              
**********************************************************************

Group 1 (inline)
--------------------
1    O             -0.882300            -0.132900             1.065700
2    O              3.327700             1.456900            -0.939300
3    O             -3.660000            -0.242800            -1.799500
4    O              5.180100            -1.838600             0.343300
5    O             -7.223000             0.405100             1.228800
6    O             -8.170700            -1.450600             0.349900
7    N              1.709400             0.297600             0.252200
8    N             -1.617700             1.215000            -0.673700
9    N              5.244200             0.444100             0.753100
10   N             -4.858900            -0.027100             0.175000
11   N              7.933500            -1.862000             0.188500
12   C              0.656800             0.403200            -0.731500
13   C             -2.959500             1.422600            -0.180300
14   C              3.893100             0.572300             1.247900
15   C             -0.679200             0.444500            -0.000400
16   C              2.973200             0.840400             0.063500
17   C              0.702200            -0.786600            -1.682000
18   C             -3.844000             0.302500            -0.713300
19   C             -3.486700             2.776100            -0.640200
20   C              3.806000             1.713600             2.253400
21   C             -5.825000            -1.067700            -0.090900
22   C              7.226800            -0.622200            -0.123300
23   C              5.781700            -0.766500             0.336800
24   C             -5.324700            -2.407400             0.427900
25   C              7.279500            -0.347800            -1.620900
26   C             -7.182600            -0.741800             0.509100
27   H              0.800600             1.331000            -1.297300
28   H             -2.935500             1.387700             0.915000
29   H              3.610500            -0.369600             1.732100
30   H              1.512500            -0.210500             1.110000
31   H             -1.383000             1.589700            -1.588600
32   H             -0.094500            -0.719800            -2.430400
33   H              1.662000            -0.834300            -2.207300
34   H              0.570600            -1.731500            -1.142200
35   H              5.792000             1.292300             0.637700
36   H             -3.529300             2.837400            -1.733800
37   H             -4.498900             2.950600            -0.260200
38   H             -2.842000             3.587100            -0.285100
39   H              2.788400             1.811300             2.646100
40   H              4.484500             1.543900             3.096200
41   H              4.076300             2.671600             1.794400
42   H             -5.966800            -1.123400            -1.176700
43   H             -4.928300             0.471700             1.057400
44   H              7.709500             0.200000             0.417100
45   H             -5.184300            -2.381700             1.514700
46   H             -6.037200            -3.208600             0.205200
47   H             -4.363300            -2.672000            -0.025400
48   H              6.802300            -1.151400            -2.193800
49   H              8.313200            -0.246700            -1.968900
50   H              6.750800             0.581000            -1.862700
51   H              8.902000            -1.791800            -0.121600
52   H              7.967800            -1.991200             1.199100
53   H             -8.117400             0.578800             1.592300

*** WARNING: 'tau_t' parameter was specified but thermostat is 'langevin'.
    The tau_t parameter is only used by the V-rescale thermostat.


================================================================================
                               NVT MD PARAMETERS                                
================================================================================
Ensemble:           NVT (canonical)
Thermostat:         langevin
Timestep:           0.500 fs
Total steps:        200000
Temperature:        300.00 K
Friction (γ):       0.0010 1/fs

Output frequencies:
  Log every:        1000 steps
  Traj every:       1000 steps

Velocity init:      True
Remove COM motion:  True
================================================================================

Initializing velocities at 300.00 K...
Initial temperature: 300.00 K

================================================================================
                                 MD SIMULATION                                  
================================================================================
Ensemble:        NVT
Timestep:        0.500 fs
Total steps:     200000
Simulation time: 100000.00 fs
Target temp:     300.00 K

System:
  Atoms:         53
  Formula:       C15H27N5O6
  Charge:        0
  Multiplicity:  1

================================================================================

       Step    Time(fs)  Progress      T(K)      E_total(Ha)  Speed(ns/day)         ETA
  ---------  ----------  --------  --------  ---------------  -------------  ----------

Starting NVT simulation (langevin)...

  Step     1000      500.00 fs  T  314.82 K  E   -1313.030665 Ha
  Step     2000     1000.00 fs  T  286.54 K  E   -1313.036513 Ha
  Step     3000     1500.00 fs  T  314.77 K  E   -1313.031188 Ha
  Step     4000     2000.00 fs  T  312.86 K  E   -1313.031791 Ha
  Step     5000     2500.00 fs  T  357.31 K  E   -1313.023911 Ha
  Step     6000     3000.00 fs  T  244.59 K  E   -1313.049484 Ha
  Step     7000     3500.00 fs  T  343.85 K  E   -1313.029039 Ha
  Step     8000     4000.00 fs  T  349.61 K  E   -1313.022969 Ha
  Step     9000     4500.00 fs  T  272.01 K  E   -1313.045294 Ha
  Step    10000     5000.00 fs  T  349.68 K  E   -1313.023955 Ha
  Step    11000     5500.00 fs  T  314.78 K  E   -1313.032652 Ha
  Step    12000     6000.00 fs  T  273.78 K  E   -1313.040803 Ha
  Step    13000     6500.00 fs  T  262.30 K  E   -1313.045277 Ha
  Step    14000     7000.00 fs  T  280.14 K  E   -1313.043667 Ha
  Step    15000     7500.00 fs  T  259.98 K  E   -1313.048500 Ha
  Step    16000     8000.00 fs  T  365.50 K  E   -1313.022624 Ha
  Step    17000     8500.00 fs  T  295.97 K  E   -1313.042326 Ha
  Step    18000     9000.00 fs  T  341.59 K  E   -1313.031129 Ha
  Step    19000     9500.00 fs  T  312.52 K  E   -1313.038309 Ha
  Step    20000    10000.00 fs  T  301.52 K  E   -1313.044315 Ha
  Step    21000    10500.00 fs  T  272.68 K  E   -1313.050316 Ha
  Step    22000    11000.00 fs  T  310.47 K  E   -1313.039575 Ha
  Step    23000    11500.00 fs  T  321.22 K  E   -1313.038881 Ha
  Step    24000    12000.00 fs  T  343.88 K  E   -1313.032964 Ha
  Step    25000    12500.00 fs  T  344.75 K  E   -1313.032092 Ha
  Step    26000    13000.00 fs  T  307.48 K  E   -1313.039711 Ha
  Step    27000    13500.00 fs  T  253.53 K  E   -1313.053612 Ha
  Step    28000    14000.00 fs  T  327.82 K  E   -1313.038123 Ha
  Step    29000    14500.00 fs  T  289.10 K  E   -1313.047774 Ha
  Step    30000    15000.00 fs  T  326.48 K  E   -1313.039335 Ha
  Step    31000    15500.00 fs  T  332.24 K  E   -1313.035379 Ha
  Step    32000    16000.00 fs  T  318.46 K  E   -1313.036113 Ha
  Step    33000    16500.00 fs  T  348.63 K  E   -1313.035134 Ha
  Step    34000    17000.00 fs  T  303.28 K  E   -1313.043687 Ha
  Step    35000    17500.00 fs  T  283.71 K  E   -1313.049714 Ha
  Step    36000    18000.00 fs  T  353.69 K  E   -1313.026515 Ha
  Step    37000    18500.00 fs  T  297.23 K  E   -1313.040065 Ha
  Step    38000    19000.00 fs  T  271.76 K  E   -1313.048259 Ha
  Step    39000    19500.00 fs  T  269.28 K  E   -1313.048900 Ha
  Step    40000    20000.00 fs  T  291.34 K  E   -1313.046340 Ha
  Step    41000    20500.00 fs  T  301.00 K  E   -1313.041093 Ha
  Step    42000    21000.00 fs  T  351.10 K  E   -1313.033785 Ha
  Step    43000    21500.00 fs  T  334.64 K  E   -1313.034996 Ha
  Step    44000    22000.00 fs  T  297.00 K  E   -1313.040347 Ha
  Step    45000    22500.00 fs  T  317.75 K  E   -1313.039672 Ha
  Step    46000    23000.00 fs  T  320.94 K  E   -1313.035709 Ha
  Step    47000    23500.00 fs  T  270.89 K  E   -1313.050909 Ha
  Step    48000    24000.00 fs  T  322.14 K  E   -1313.039403 Ha
  Step    49000    24500.00 fs  T  277.56 K  E   -1313.048783 Ha
  Step    50000    25000.00 fs  T  284.12 K  E   -1313.045374 Ha
  Step    51000    25500.00 fs  T  317.59 K  E   -1313.039554 Ha
  Step    52000    26000.00 fs  T  277.87 K  E   -1313.049567 Ha
  Step    53000    26500.00 fs  T  364.92 K  E   -1313.027176 Ha
  Step    54000    27000.00 fs  T  319.86 K  E   -1313.041700 Ha
  Step    55000    27500.00 fs  T  301.49 K  E   -1313.044000 Ha
  Step    56000    28000.00 fs  T  308.28 K  E   -1313.044417 Ha
  Step    57000    28500.00 fs  T  322.69 K  E   -1313.038201 Ha
  Step    58000    29000.00 fs  T  318.80 K  E   -1313.038685 Ha
  Step    59000    29500.00 fs  T  300.87 K  E   -1313.043334 Ha
  Step    60000    30000.00 fs  T  374.99 K  E   -1313.027077 Ha
  Step    61000    30500.00 fs  T  299.31 K  E   -1313.047642 Ha
  Step    62000    31000.00 fs  T  325.94 K  E   -1313.036534 Ha
  Step    63000    31500.00 fs  T  325.00 K  E   -1313.035811 Ha
  Step    64000    32000.00 fs  T  295.75 K  E   -1313.047438 Ha
  Step    65000    32500.00 fs  T  287.44 K  E   -1313.045464 Ha
  Step    66000    33000.00 fs  T  305.29 K  E   -1313.043297 Ha
  Step    67000    33500.00 fs  T  353.49 K  E   -1313.029757 Ha
  Step    68000    34000.00 fs  T  352.54 K  E   -1313.026332 Ha
  Step    69000    34500.00 fs  T  351.35 K  E   -1313.030750 Ha
  Step    70000    35000.00 fs  T  335.04 K  E   -1313.033545 Ha
  Step    71000    35500.00 fs  T  301.10 K  E   -1313.043975 Ha
  Step    72000    36000.00 fs  T  333.83 K  E   -1313.036284 Ha
  Step    73000    36500.00 fs  T  277.83 K  E   -1313.049019 Ha
  Step    74000    37000.00 fs  T  321.76 K  E   -1313.037027 Ha
  Step    75000    37500.00 fs  T  326.72 K  E   -1313.038028 Ha
  Step    76000    38000.00 fs  T  297.43 K  E   -1313.045650 Ha
  Step    77000    38500.00 fs  T  269.93 K  E   -1313.050807 Ha
  Step    78000    39000.00 fs  T  345.32 K  E   -1313.027955 Ha
  Step    79000    39500.00 fs  T  237.37 K  E   -1313.059674 Ha
  Step    80000    40000.00 fs  T  303.81 K  E   -1313.043175 Ha
  Step    81000    40500.00 fs  T  336.36 K  E   -1313.037015 Ha
  Step    82000    41000.00 fs  T  324.34 K  E   -1313.036592 Ha
  Step    83000    41500.00 fs  T  338.45 K  E   -1313.032335 Ha
  Step    84000    42000.00 fs  T  305.69 K  E   -1313.042232 Ha
  Step    85000    42500.00 fs  T  331.62 K  E   -1313.033798 Ha
  Step    86000    43000.00 fs  T  295.04 K  E   -1313.046588 Ha
  Step    87000    43500.00 fs  T  276.88 K  E   -1313.047333 Ha
  Step    88000    44000.00 fs  T  331.08 K  E   -1313.032660 Ha
  Step    89000    44500.00 fs  T  275.32 K  E   -1313.047149 Ha
  Step    90000    45000.00 fs  T  252.93 K  E   -1313.055498 Ha
  Step    91000    45500.00 fs  T  277.95 K  E   -1313.050374 Ha
  Step    92000    46000.00 fs  T  327.31 K  E   -1313.036775 Ha
  Step    93000    46500.00 fs  T  298.64 K  E   -1313.044337 Ha
  Step    94000    47000.00 fs  T  285.25 K  E   -1313.045818 Ha
  Step    95000    47500.00 fs  T  302.75 K  E   -1313.040910 Ha
  Step    96000    48000.00 fs  T  348.77 K  E   -1313.030508 Ha
  Step    97000    48500.00 fs  T  332.53 K  E   -1313.036800 Ha
  Step    98000    49000.00 fs  T  295.80 K  E   -1313.045265 Ha
  Step    99000    49500.00 fs  T  291.94 K  E   -1313.044603 Ha
  Step   100000    50000.00 fs  T  334.72 K  E   -1313.033498 Ha
  Step   101000    50500.00 fs  T  353.78 K  E   -1313.033599 Ha
  Step   102000    51000.00 fs  T  303.30 K  E   -1313.045106 Ha
  Step   103000    51500.00 fs  T  292.27 K  E   -1313.045198 Ha
  Step   104000    52000.00 fs  T  287.59 K  E   -1313.045941 Ha
  Step   105000    52500.00 fs  T  265.36 K  E   -1313.051586 Ha
  Step   106000    53000.00 fs  T  226.60 K  E   -1313.061428 Ha
  Step   107000    53500.00 fs  T  312.12 K  E   -1313.040380 Ha
  Step   108000    54000.00 fs  T  272.51 K  E   -1313.047426 Ha
  Step   109000    54500.00 fs  T  383.51 K  E   -1313.023825 Ha
  Step   110000    55000.00 fs  T  368.44 K  E   -1313.029014 Ha
  Step   111000    55500.00 fs  T  300.98 K  E   -1313.045710 Ha
  Step   112000    56000.00 fs  T  266.33 K  E   -1313.048905 Ha
  Step   113000    56500.00 fs  T  312.61 K  E   -1313.041746 Ha
  Step   114000    57000.00 fs  T  300.72 K  E   -1313.044269 Ha
  Step   115000    57500.00 fs  T  264.56 K  E   -1313.053767 Ha
  Step   116000    58000.00 fs  T  331.60 K  E   -1313.038624 Ha
  Step   117000    58500.00 fs  T  329.29 K  E   -1313.036458 Ha
  Step   118000    59000.00 fs  T  339.58 K  E   -1313.030706 Ha
  Step   119000    59500.00 fs  T  287.54 K  E   -1313.045526 Ha
  Step   120000    60000.00 fs  T  299.62 K  E   -1313.044728 Ha
  Step   121000    60500.00 fs  T  301.95 K  E   -1313.044287 Ha
  Step   122000    61000.00 fs  T  344.44 K  E   -1313.032108 Ha
