
**********************************************************************
*                                                                    *
*                        M   A   P   L   E                           *
*                                                                    *
*      MAchine-learning Potential for Landscape Exploration          *
*                                                                    *
*                                                                    *
*      © 2025 University of Pittsburgh. All rights reserved.         *
*      Licensed under CC BY 4.0 for academic use.                    *
*                                                                    *
*      Principal Developer:  Xujian Wang                             *
*                                                                    *
**********************************************************************


Parsing # commands...
Global parameter: model = aimnet2nse
Task set to 'ts'
Global parameter: device = gpu0
Parsed configuration:
----------------------------------------
Task: ts
model          : aimnet2nse
method         : autoneb
device         : gpu0

                             Coordinates                              
**********************************************************************

======================================================================
AutoNEB Parameters
======================================================================
n_images:         20
ang_max:          0.3 Angstrom
ang_iter:         20
path_iter:        50
min_e_drop:       0.001 Eh
ep_iter:          30
ep_e_drop:        0.0005 Eh
autoneb_f_max_th: 0.0095
autoneb_f_rms_th: 0.005
max_depth:        5
max_paths:        10
======================================================================


======================================================================
Starting AutoNEB Optimization
======================================================================

Initialized root path with 22 images.
Energy range: -421.869360 to -421.512915 Eh

----------------------------------------------------------------------
Optimizing path: root (depth=0, images=22)
----------------------------------------------------------------------
  Iter   10  HEI=12  dE=0.155305  max|Fp|=0.220287  RMS(Fp)=0.049423
  Iter   20  HEI=15  dE=0.070242  max|Fp|=0.141251  RMS(Fp)=0.029520

[Path root] Adaptive insertion: adding 30 image(s)
  Iter   30  HEI=39  dE=0.050672  max|Fp|=0.174582  RMS(Fp)=0.032047

[Path root] Updated start point to index 2, energy: -421.879672 Eh

[Path root] Updated end point to index 48, energy: -421.833651 Eh
  Iter   40  HEI=37  dE=0.043555  max|Fp|=0.100590  RMS(Fp)=0.017380

[Path root] Adaptive insertion: adding 5 image(s)
  Iter   50  HEI=40  dE=0.044203  max|Fp|=0.174409  RMS(Fp)=0.027763

======================================================================
Path Split: root at index 5
======================================================================
Intermediate energy: -421.901678 Eh
Created paths: root_L (6 images), root_R (49 images)

----------------------------------------------------------------------
Optimizing path: root_L (depth=1, images=6)
----------------------------------------------------------------------
  Iter   10  HEI=3  dE=0.002050  max|Fp|=0.023035  RMS(Fp)=0.005088
  Iter   20  HEI=4  dE=-0.016963  max|Fp|=0.035115  RMS(Fp)=0.007687

[Path root_L] Adaptive insertion: adding 6 image(s)
  Iter   30  HEI=6  dE=-0.004326  max|Fp|=0.025782  RMS(Fp)=0.004558

[Path root_L] Updated start point to index 5, energy: -421.908405 Eh
  Iter   40  HEI=1  dE=0.023934  max|Fp|=0.058175  RMS(Fp)=0.012571

[Path root_L] Adaptive insertion: adding 3 image(s)
  Iter   50  HEI=2  dE=0.022517  max|Fp|=0.026214  RMS(Fp)=0.005659

======================================================================
Path Split: root_L at index 4
======================================================================
Intermediate energy: -421.893047 Eh
Created paths: root_L_L (5 images), root_L_R (6 images)

----------------------------------------------------------------------
Optimizing path: root_L_L (depth=2, images=5)
----------------------------------------------------------------------

[Path root_L_L] Converged after 5 iterations.

[Path root_L_L] Summary:
  Images: 5, Iterations: 5
  HEI index: 2
  Forward barrier: 13.59 kcal/mol
  Reaction energy: 9.64 kcal/mol

----------------------------------------------------------------------
Optimizing path: root_L_R (depth=2, images=6)
----------------------------------------------------------------------
  Iter   10  HEI=4  dE=-0.005150  max|Fp|=0.077627  RMS(Fp)=0.018157
  Iter   20  HEI=1  dE=-0.019089  max|Fp|=0.035516  RMS(Fp)=0.006604

[Path root_L_R] Adaptive insertion: adding 5 image(s)
  Iter   30  HEI=9  dE=0.000125  max|Fp|=0.079415  RMS(Fp)=0.013112

[Path root_L_R] Updated start point to index 4, energy: -421.918312 Eh
[Path root_L_L] Marked for re-optimization (shared endpoint updated)

----------------------------------------------------------------------
Optimizing path: root_L_L (depth=2, images=5)
----------------------------------------------------------------------

[Path root_L_L] Converged after 5 iterations.

[Path root_L_L] Summary:
  Images: 5, Iterations: 5
  HEI index: 2
  Forward barrier: 13.59 kcal/mol
  Reaction energy: -6.22 kcal/mol
  Iter   40  HEI=5  dE=0.026465  max|Fp|=0.029036  RMS(Fp)=0.005784
  Iter   50  HEI=5  dE=0.022457  max|Fp|=0.014553  RMS(Fp)=0.003193

======================================================================
Path Split: root_L_R at index 2
======================================================================
Intermediate energy: -421.949598 Eh
Created paths: root_L_R_L (3 images), root_L_R_R (5 images)

----------------------------------------------------------------------
Optimizing path: root_L_R_L (depth=3, images=3)
----------------------------------------------------------------------

[Path root_L_R_L] Converged after 7 iterations.

[Path root_L_R_L] Summary:
  Images: 3, Iterations: 7
  HEI index: 1
  Forward barrier: -22.85 kcal/mol
  Reaction energy: -19.63 kcal/mol

----------------------------------------------------------------------
Optimizing path: root_L_R_R (depth=3, images=5)
----------------------------------------------------------------------

[Path root_L_R_R] Converged after 4 iterations.

[Path root_L_R_R] Summary:
  Images: 5, Iterations: 4
  HEI index: 3
  Forward barrier: 33.46 kcal/mol
  Reaction energy: 30.07 kcal/mol

----------------------------------------------------------------------
Optimizing path: root_R (depth=1, images=49)
----------------------------------------------------------------------
  Iter   10  HEI=35  dE=0.054022  max|Fp|=0.087337  RMS(Fp)=0.013348
  Iter   20  HEI=47  dE=0.044738  max|Fp|=0.044551  RMS(Fp)=0.005925

[Path root_R] Adaptive insertion: adding 7 image(s)
  Iter   30  HEI=54  dE=0.059348  max|Fp|=0.087137  RMS(Fp)=0.011101

[Path root_R] Updated start point to index 16, energy: -421.948836 Eh
[Path root_L] Marked for re-optimization (shared endpoint updated)

----------------------------------------------------------------------
Optimizing path: root_L (depth=1, images=10)
----------------------------------------------------------------------
  Iter   60  HEI=2  dE=0.022225  max|Fp|=0.069554  RMS(Fp)=0.012348

[Path root_L] Adaptive insertion: adding 5 image(s)

[Path root_L] Updated start point to index 2, energy: -421.911226 Eh
  Iter   70  HEI=1  dE=0.022663  max|Fp|=0.042899  RMS(Fp)=0.008905
  Iter   80  HEI=1  dE=0.019939  max|Fp|=0.030814  RMS(Fp)=0.005476

[Path root_L] Adaptive insertion: adding 3 image(s)
  Iter   90  HEI=1  dE=0.022318  max|Fp|=0.040446  RMS(Fp)=0.005420

[Path root_L] Updated end point to index 13, energy: -421.954550 Eh
[Path root_R] Marked for re-optimization (shared endpoint updated)
  Iter  100  HEI=1  dE=0.021974  max|Fp|=0.031682  RMS(Fp)=0.005977
  Iter  110  HEI=1  dE=0.021494  max|Fp|=0.017377  RMS(Fp)=0.002535
  Iter  120  HEI=1  dE=0.019070  max|Fp|=0.024583  RMS(Fp)=0.003140

[Path root_L] Adaptive insertion: adding 9 image(s)

[Path root_L] Updated end point to index 21, energy: -421.956099 Eh
[Path root_R] Marked for re-optimization (shared endpoint updated)
  Iter  130  HEI=2  dE=0.021135  max|Fp|=0.031349  RMS(Fp)=0.004339
  Iter  140  HEI=1  dE=0.022507  max|Fp|=0.038270  RMS(Fp)=0.003798
  Iter  150  HEI=1  dE=0.021006  max|Fp|=0.035226  RMS(Fp)=0.003794

======================================================================
Path Split: root_L at index 5
======================================================================
Intermediate energy: -421.938540 Eh
Created paths: root_L_L (6 images), root_L_R (17 images)

----------------------------------------------------------------------
Optimizing path: root_L_L (depth=2, images=6)
----------------------------------------------------------------------
  Iter   10  HEI=1  dE=0.019486  max|Fp|=0.018203  RMS(Fp)=0.003084
  Iter   20  HEI=1  dE=0.018077  max|Fp|=0.029931  RMS(Fp)=0.005282

[Path root_L_L] Adaptive insertion: adding 5 image(s)
  Iter   30  HEI=1  dE=0.022475  max|Fp|=0.022143  RMS(Fp)=0.002771
  Iter   40  HEI=1  dE=0.022122  max|Fp|=0.014883  RMS(Fp)=0.002395

[Path root_L_L] Adaptive insertion: adding 1 image(s)
  Iter   50  HEI=1  dE=0.022653  max|Fp|=0.014905  RMS(Fp)=0.002184

======================================================================
Path Split: root_L_L at index 6
======================================================================
Intermediate energy: -421.933609 Eh
Created paths: root_L_L_L (7 images), root_L_L_R (6 images)

----------------------------------------------------------------------
Optimizing path: root_L_L_L (depth=3, images=7)
----------------------------------------------------------------------

[Path root_L_L_L] Converged after 2 iterations.

[Path root_L_L_L] Summary:
  Images: 7, Iterations: 2
  HEI index: 1
  Forward barrier: 13.99 kcal/mol
  Reaction energy: -14.05 kcal/mol

----------------------------------------------------------------------
Optimizing path: root_L_L_R (depth=3, images=6)
----------------------------------------------------------------------
  Iter    0  HEI=1  dE=0.016076  max|Fp|=0.008750  RMS(Fp)=0.001820

[Path root_L_L_R] Converged after 0 iterations.

[Path root_L_L_R] Summary:
  Images: 6, Iterations: 0
  HEI index: 1
  Forward barrier: 10.09 kcal/mol
  Reaction energy: -3.09 kcal/mol

----------------------------------------------------------------------
Optimizing path: root_L_R (depth=2, images=17)
----------------------------------------------------------------------

[Path root_L_R] Converged after 5 iterations.

[Path root_L_R] Summary:
  Images: 17, Iterations: 5
  HEI index: 1
  Forward barrier: 9.53 kcal/mol
  Reaction energy: -11.02 kcal/mol

----------------------------------------------------------------------
Optimizing path: root_R (depth=1, images=40)
----------------------------------------------------------------------
  Iter   40  HEI=24  dE=0.089956  max|Fp|=0.057322  RMS(Fp)=0.009944

[Path root_R] Adaptive insertion: adding 6 image(s)
  Iter   50  HEI=44  dE=0.084595  max|Fp|=0.042683  RMS(Fp)=0.007500

======================================================================
Path Split: root_R at index 10
======================================================================
Intermediate energy: -421.928132 Eh
Created paths: root_R_L (11 images), root_R_R (36 images)

----------------------------------------------------------------------
Optimizing path: root_R_L (depth=2, images=11)
----------------------------------------------------------------------
  Iter   10  HEI=5  dE=0.044549  max|Fp|=0.013694  RMS(Fp)=0.002014

[Path root_R_L] Converged after 19 iterations.

[Path root_R_L] Summary:
  Images: 11, Iterations: 19
  HEI index: 9
  Forward barrier: 15.60 kcal/mol
  Reaction energy: 17.55 kcal/mol

----------------------------------------------------------------------
Optimizing path: root_R_R (depth=2, images=36)
----------------------------------------------------------------------
  Iter   10  HEI=34  dE=0.055779  max|Fp|=0.029733  RMS(Fp)=0.007024
  Iter   20  HEI=34  dE=0.052671  max|Fp|=0.025217  RMS(Fp)=0.005133

[Path root_R_R] Adaptive insertion: adding 5 image(s)
  Iter   30  HEI=39  dE=0.053568  max|Fp|=0.024641  RMS(Fp)=0.004515

[Path root_R_R] Updated start point to index 1, energy: -421.928963 Eh
[Path root_R_L] Marked for re-optimization (shared endpoint updated)

----------------------------------------------------------------------
Optimizing path: root_R_L (depth=2, images=11)
----------------------------------------------------------------------

[Path root_R_L] Converged after 19 iterations.

[Path root_R_L] Summary:
  Images: 11, Iterations: 19
  HEI index: 9
  Forward barrier: 15.60 kcal/mol
  Reaction energy: 17.03 kcal/mol
  Iter   40  HEI=38  dE=0.055455  max|Fp|=0.024475  RMS(Fp)=0.003417

[Path root_R_R] Adaptive insertion: adding 4 image(s)
  Iter   50  HEI=42  dE=0.057202  max|Fp|=0.021349  RMS(Fp)=0.003690

[Path root_R_R] Max paths reached, skipping split.
  Iter   60  HEI=42  dE=0.050448  max|Fp|=0.019129  RMS(Fp)=0.002275

[Path root_R_R] Adaptive insertion: adding 2 image(s)

[Path root_R_R] Updated start point to index 2, energy: -421.930530 Eh
[Path root_R_L] Marked for re-optimization (shared endpoint updated)

----------------------------------------------------------------------
Optimizing path: root_R_L (depth=2, images=11)
----------------------------------------------------------------------

[Path root_R_L] Converged after 19 iterations.

[Path root_R_L] Summary:
  Images: 11, Iterations: 19
  HEI index: 9
  Forward barrier: 15.60 kcal/mol
  Reaction energy: 16.04 kcal/mol
  Iter   70  HEI=42  dE=0.057421  max|Fp|=0.086046  RMS(Fp)=0.004209
  Iter   80  HEI=42  dE=0.057717  max|Fp|=0.021225  RMS(Fp)=0.002049

[Path root_R_R] Adaptive insertion: adding 5 image(s)
  Iter   90  HEI=47  dE=0.061579  max|Fp|=0.051923  RMS(Fp)=0.003258

[Path root_R_R] Updated start point to index 2, energy: -421.931533 Eh
[Path root_R_L] Marked for re-optimization (shared endpoint updated)

----------------------------------------------------------------------
Optimizing path: root_R_L (depth=2, images=11)
----------------------------------------------------------------------
  Iter   20  HEI=9  dE=0.024776  max|Fp|=0.010535  RMS(Fp)=0.002585

[Path root_R_L] Adaptive insertion: adding 3 image(s)

[Path root_R_L] Converged after 22 iterations.

[Path root_R_L] Summary:
  Images: 14, Iterations: 22
  HEI index: 12
  Forward barrier: 15.48 kcal/mol
  Reaction energy: 15.42 kcal/mol

[Path root_R_R] Converged after 97 iterations.

[Path root_R_R] Summary:
  Images: 47, Iterations: 97
  HEI index: 45
  Forward barrier: 37.56 kcal/mol
  Reaction energy: 61.42 kcal/mol

All paths converged!

======================================================================
AutoNEB Optimization Complete
======================================================================
Total global iterations: 505
Total paths: 11
Intermediates found: 6

Wrote global MEP to: /home/user/software/MAPLE/example/ts/autoneb/aldol/inp1_autoneb_global_mep.xyz
Wrote intermediates to: /home/user/software/MAPLE/example/ts/autoneb/aldol/inp1_autoneb_intermediates.xyz
Wrote transition states to: /home/user/software/MAPLE/example/ts/autoneb/aldol/inp1_autoneb_ts_list.xyz
Wrote path tree to: /home/user/software/MAPLE/example/ts/autoneb/aldol/inp1_autoneb_tree.json

Global MEP Summary:
  Total images: 87
  Energy range: -421.956099 to -421.833651 Eh
  Overall barrier: 48.68 kcal/mol



Program started: 2026-01-16 14:05:30

======================================================================
                      TIMING SUMMARY
======================================================================
Input Reading.......................................   0.126 s  (   0.0 %)
  Settings Parsing....................................   0.125 s  (  99.2 %)
  Coordinate Section Parsing..........................   0.000 s  (   0.4 %)
  Post-Processing Expansion...........................   0.000 s  (   0.0 %)
MLP Initialization..................................   0.156 s  (   0.0 %)
Job Dispatching..................................... 332.552 s  (  99.9 %)
  Transition State Optimization....................... 332.551 s  ( 100.0 %)
======================================================================
Total wall time: 332.834 s
Total CPU time: 332.596 s
======================================================================

Program ended: 2026-01-16 14:11:03
TOTAL RUN TIME: 0 days 0 hours 5 minutes 32 seconds 834 msec
