
**********************************************************************
*                                                                    *
*                        M   A   P   L   E                           *
*                                                                    *
*      MAchine-learning Potential for Landscape Exploration          *
*                                                                    *
*                                                                    *
*      © 2025 University of Pittsburgh. All rights reserved.         *
*      Licensed under CC BY 4.0 for academic use.                    *
*                                                                    *
*      Principal Developer:  Xujian Wang                             *
*                                                                    *
**********************************************************************


Parsing # commands...
Global parameter: model = aimnet2nse
Task set to 'ts'
Global parameter: device = gpu0
Parsed configuration:
----------------------------------------
Task: ts
model          : aimnet2nse
method         : autoneb
device         : gpu0

                             Coordinates                              
**********************************************************************

======================================================================
AutoNEB Parameters
======================================================================
n_images:         20
ang_max:          0.3 Angstrom
ang_iter:         20
path_iter:        50
min_e_drop:       0.001 Eh
ep_iter:          30
ep_e_drop:        0.0005 Eh
autoneb_f_max_th: 0.0095
autoneb_f_rms_th: 0.005
max_depth:        5
max_paths:        10
======================================================================


======================================================================
Starting AutoNEB Optimization
======================================================================

Initialized root path with 22 images.
Energy range: -421.867453 to -421.500186 Eh

----------------------------------------------------------------------
Optimizing path: root (depth=0, images=22)
----------------------------------------------------------------------
  Iter   10  HEI=8  dE=0.165954  max|Fp|=0.216378  RMS(Fp)=0.047817
  Iter   20  HEI=7  dE=0.062837  max|Fp|=0.110181  RMS(Fp)=0.024818

[Path root] Adaptive insertion: adding 25 image(s)
  Iter   30  HEI=45  dE=0.036168  max|Fp|=0.078941  RMS(Fp)=0.013932

[Path root] Updated start point to index 2, energy: -421.883347 Eh
  Iter   40  HEI=43  dE=0.048950  max|Fp|=0.088082  RMS(Fp)=0.008668

[Path root] Adaptive insertion: adding 7 image(s)
  Iter   50  HEI=50  dE=0.060925  max|Fp|=0.111189  RMS(Fp)=0.010969

======================================================================
Path Split: root at index 16
======================================================================
Intermediate energy: -421.897962 Eh
Created paths: root_L (17 images), root_R (36 images)

----------------------------------------------------------------------
Optimizing path: root_L (depth=1, images=17)
----------------------------------------------------------------------
  Iter   10  HEI=2  dE=0.003924  max|Fp|=0.035017  RMS(Fp)=0.005342
  Iter   20  HEI=1  dE=0.003369  max|Fp|=0.031899  RMS(Fp)=0.004076

[Path root_L] Adaptive insertion: adding 2 image(s)
  Iter   30  HEI=1  dE=0.005072  max|Fp|=0.044872  RMS(Fp)=0.006783

[Path root_L] Updated end point to index 16, energy: -421.918061 Eh
[Path root_R] Marked for re-optimization (shared endpoint updated)
  Iter   40  HEI=1  dE=0.004731  max|Fp|=0.039922  RMS(Fp)=0.006625

[Path root_L] Adaptive insertion: adding 3 image(s)
  Iter   50  HEI=2  dE=0.004488  max|Fp|=0.038083  RMS(Fp)=0.004909
  Iter   60  HEI=1  dE=0.004075  max|Fp|=0.017256  RMS(Fp)=0.003001

[Path root_L] Adaptive insertion: adding 8 image(s)

[Path root_L] Updated start point to index 1, energy: -421.887428 Eh

[Path root_L] Updated end point to index 26, energy: -421.918061 Eh
[Path root_R] Marked for re-optimization (shared endpoint updated)
  Iter   70  HEI=2  dE=0.008735  max|Fp|=0.017482  RMS(Fp)=0.002541
  Iter   80  HEI=7  dE=-0.000702  max|Fp|=0.021587  RMS(Fp)=0.002809

[Path root_L] Adaptive insertion: adding 2 image(s)
  Iter   90  HEI=2  dE=0.008458  max|Fp|=0.019407  RMS(Fp)=0.002979

[Path root_L] Updated end point to index 17, energy: -421.939024 Eh
[Path root_R] Marked for re-optimization (shared endpoint updated)
  Iter  100  HEI=1  dE=-0.017899  max|Fp|=0.025044  RMS(Fp)=0.003423

[Path root_L] Adaptive insertion: adding 1 image(s)

======================================================================
Path Split: root_L at index 6
======================================================================
Intermediate energy: -421.888537 Eh
Created paths: root_L_L (7 images), root_L_R (13 images)

----------------------------------------------------------------------
Optimizing path: root_L_L (depth=2, images=7)
----------------------------------------------------------------------
  Iter   10  HEI=1  dE=0.007853  max|Fp|=0.021446  RMS(Fp)=0.003336

[Path root_L_L] Converged after 18 iterations.

[Path root_L_L] Summary:
  Images: 7, Iterations: 18
  HEI index: 1
  Forward barrier: 5.07 kcal/mol
  Reaction energy: -0.70 kcal/mol

----------------------------------------------------------------------
Optimizing path: root_L_R (depth=2, images=13)
----------------------------------------------------------------------
  Iter   10  HEI=1  dE=0.001818  max|Fp|=0.015991  RMS(Fp)=0.003183

[Path root_L_R] Converged after 17 iterations.

[Path root_L_R] Summary:
  Images: 13, Iterations: 17
  HEI index: 2
  Forward barrier: -1.21 kcal/mol
  Reaction energy: -31.68 kcal/mol

----------------------------------------------------------------------
Optimizing path: root_R (depth=1, images=36)
----------------------------------------------------------------------
  Iter   10  HEI=19  dE=0.085210  max|Fp|=0.081754  RMS(Fp)=0.007948
  Iter   20  HEI=19  dE=0.082220  max|Fp|=0.076568  RMS(Fp)=0.007787

[Path root_R] Adaptive insertion: adding 8 image(s)
  Iter   30  HEI=27  dE=0.078965  max|Fp|=0.045312  RMS(Fp)=0.009420

[Path root_R] Updated end point to index 37, energy: -421.917563 Eh
  Iter   40  HEI=27  dE=0.069091  max|Fp|=0.040247  RMS(Fp)=0.009668

[Path root_R] Adaptive insertion: adding 4 image(s)
  Iter   50  HEI=31  dE=0.058125  max|Fp|=0.036901  RMS(Fp)=0.008460

======================================================================
Path Split: root_R at index 2
======================================================================
Intermediate energy: -421.937775 Eh
Created paths: root_R_L (3 images), root_R_R (40 images)

----------------------------------------------------------------------
Optimizing path: root_R_L (depth=2, images=3)
----------------------------------------------------------------------

[Path root_R_L] Converged after 2 iterations.

[Path root_R_L] Summary:
  Images: 3, Iterations: 2
  HEI index: 1
  Forward barrier: 9.78 kcal/mol
  Reaction energy: 0.78 kcal/mol

----------------------------------------------------------------------
Optimizing path: root_R_R (depth=2, images=40)
----------------------------------------------------------------------
  Iter   10  HEI=30  dE=0.046374  max|Fp|=0.039688  RMS(Fp)=0.008258
  Iter   20  HEI=31  dE=0.038296  max|Fp|=0.015399  RMS(Fp)=0.003830

[Path root_R_R] Adaptive insertion: adding 4 image(s)
  Iter   30  HEI=33  dE=0.034766  max|Fp|=0.042831  RMS(Fp)=0.004757

[Path root_R_R] Updated end point to index 39, energy: -421.930950 Eh
  Iter   40  HEI=33  dE=0.030467  max|Fp|=0.026198  RMS(Fp)=0.003404

[Path root_R_R] Adaptive insertion: adding 2 image(s)
  Iter   50  HEI=34  dE=0.029549  max|Fp|=0.040210  RMS(Fp)=0.003136
  Iter   60  HEI=34  dE=0.026986  max|Fp|=0.015071  RMS(Fp)=0.002161

[Path root_R_R] Adaptive insertion: adding 4 image(s)
  Iter   70  HEI=37  dE=0.025384  max|Fp|=0.053334  RMS(Fp)=0.003284
  Iter   80  HEI=38  dE=0.023452  max|Fp|=0.020289  RMS(Fp)=0.002227

[Path root_R_R] Adaptive insertion: adding 10 image(s)
  Iter   90  HEI=46  dE=0.023490  max|Fp|=0.020315  RMS(Fp)=0.001589

[Path root_R_R] Updated start point to index 34, energy: -421.939135 Eh
[Path root_R_L] Marked for re-optimization (shared endpoint updated)

----------------------------------------------------------------------
Optimizing path: root_R_L (depth=2, images=3)
----------------------------------------------------------------------
  Iter   10  HEI=1  dE=0.025021  max|Fp|=0.234405  RMS(Fp)=0.085712
  Iter   20  HEI=1  dE=0.021132  max|Fp|=0.182550  RMS(Fp)=0.068353

[Path root_R_L] Adaptive insertion: adding 18 image(s)
  Iter   30  HEI=12  dE=0.026008  max|Fp|=0.086254  RMS(Fp)=0.011542
  Iter   40  HEI=1  dE=0.015714  max|Fp|=0.041651  RMS(Fp)=0.003729

[Path root_R_L] Adaptive insertion: adding 13 image(s)

[Path root_R_L] Converged after 42 iterations.

[Path root_R_L] Summary:
  Images: 34, Iterations: 42
  HEI index: 17
  Forward barrier: 9.36 kcal/mol
  Reaction energy: -0.07 kcal/mol

[Path root_R_R] Converged after 92 iterations.

[Path root_R_R] Summary:
  Images: 22, Iterations: 92
  HEI index: 12
  Forward barrier: 15.56 kcal/mol
  Reaction energy: 5.14 kcal/mol

All paths converged!

======================================================================
AutoNEB Optimization Complete
======================================================================
Total global iterations: 375
Total paths: 7
Intermediates found: 3

Wrote global MEP to: /home/user/software/MAPLE/example/ts/autoneb/aldol/inp2_autoneb_global_mep.xyz
Wrote intermediates to: /home/user/software/MAPLE/example/ts/autoneb/aldol/inp2_autoneb_intermediates.xyz
Wrote transition states to: /home/user/software/MAPLE/example/ts/autoneb/aldol/inp2_autoneb_ts_list.xyz
Wrote path tree to: /home/user/software/MAPLE/example/ts/autoneb/aldol/inp2_autoneb_tree.json

Global MEP Summary:
  Total images: 73
  Energy range: -421.939257 to -421.879343 Eh
  Overall barrier: 5.07 kcal/mol



Program started: 2026-01-16 14:14:12

======================================================================
                      TIMING SUMMARY
======================================================================
Input Reading.......................................   0.126 s  (   0.0 %)
  Settings Parsing....................................   0.125 s  (  99.3 %)
  Coordinate Section Parsing..........................   0.000 s  (   0.3 %)
  Post-Processing Expansion...........................   0.000 s  (   0.0 %)
MLP Initialization..................................   0.159 s  (   0.1 %)
Job Dispatching..................................... 308.372 s  (  99.9 %)
  Transition State Optimization....................... 308.372 s  ( 100.0 %)
======================================================================
Total wall time: 308.657 s
Total CPU time: 308.434 s
======================================================================

Program ended: 2026-01-16 14:19:21
TOTAL RUN TIME: 0 days 0 hours 5 minutes 8 seconds 656 msec
