
**********************************************************************
*                                                                    *
*                        M   A   P   L   E                           *
*                                                                    *
*      MAchine-learning Potential for Landscape Exploration          *
*                                                                    *
*                                                                    *
*      © 2025 University of Pittsburgh. All rights reserved.         *
*      Licensed under CC BY 4.0 for academic use.                    *
*                                                                    *
*      Principal Developer:  Xujian Wang                             *
*                                                                    *
**********************************************************************


Parsing # commands...
Global parameter: model = uma
Task set to 'opt'
Global parameter: device = cuda
Parsed configuration:
----------------------------------------
Task: opt
model          : uma
device         : cuda

                             Coordinates                              
**********************************************************************

Group 1 (inline)
--------------------
1    C             -5.924210             3.131160             0.154800
2    C             -6.999420             2.357960            -0.029720
3    C             -7.044460             0.914210             0.015850
4    C             -5.999420             0.082140             0.089650
5    H             -6.009900             4.212220             0.104240
6    H             -4.940250             2.726710             0.361110
7    H             -7.956600             2.841890            -0.220190
8    H             -8.043880             0.483570            -0.032790
9    H             -4.975380             0.432570             0.137600
10   H             -6.152460            -0.992450             0.107300
11   C             -1.957860             2.081680            -0.138790
12   C             -1.925810             0.747280            -0.089360
13   H             -1.296210             2.681350             0.478220
14   H             -2.646020             2.600670            -0.798890
15   H             -1.237410             0.227110             0.569050
16   H             -2.586780             0.148380            -0.708090

======================================================================
LBFGS Parameters
======================================================================
memory:     5
curvature:  70.0
max_step:   0.2
max_iter:   256
write_traj: False
traj_every: 1
verbose:    1
======================================================================


----------------------------------------------------------------------
                             Iteration: 1                             


                             Coordinates                              
----------------------------------------------------------------------
0    C               -5.9240               3.1312               0.1548
1    C               -6.9996               2.3574              -0.0298
2    C               -7.0446               0.9148               0.0159
3    C               -5.9992               0.0821               0.0897
4    H               -6.0099               4.2123               0.1042
5    H               -4.9402               2.7267               0.3611
6    H               -7.9567               2.8419              -0.2202
7    H               -8.0440               0.4836              -0.0328
8    H               -4.9754               0.4325               0.1376
9    H               -6.1525              -0.9925               0.1073
10   C               -1.9579               2.0821              -0.1388
11   C               -1.9258               0.7469              -0.0894
12   H               -1.2962               2.6814               0.4783
13   H               -2.6461               2.6007              -0.7989
14   H               -1.2374               0.2271               0.5691
15   H               -2.5868               0.1484              -0.7081


Energy:                 -234.524775 Convergence criteria  Is converged 
Maximum Force:             0.044720     0.002850  No
RMS Force:                 0.020019     0.001900  No
Maximum Displacement:      0.000605     0.003150  Yes
RMS Displacement:          0.000270     0.002100  Yes

----------------------------------------------------------------------
                             Iteration: 2                             


                             Coordinates                              
----------------------------------------------------------------------
0    C               -5.9269               3.1326               0.1540
1    C               -6.9975               2.3691              -0.0288
2    C               -7.0430               0.9026               0.0153
3    C               -6.0026               0.0813               0.0898
4    H               -6.0094               4.2102               0.1041
5    H               -4.9418               2.7262               0.3615
6    H               -7.9545               2.8427              -0.2200
7    H               -8.0418               0.4827              -0.0326
8    H               -4.9767               0.4331               0.1371
9    H               -6.1519              -0.9904               0.1077
10   C               -1.9579               2.0756              -0.1385
11   C               -1.9261               0.7534              -0.0894
12   H               -1.2981               2.6807               0.4765
13   H               -2.6440               2.6002              -0.7974
14   H               -1.2393               0.2276               0.5673
15   H               -2.5848               0.1490              -0.7066


Energy:                 -234.525636 Convergence criteria  Is converged 
Maximum Force:             0.003923     0.002850  No
RMS Force:                 0.003468     0.001900  No
Maximum Displacement:      0.012233     0.003150  No
RMS Displacement:          0.005334     0.002100  No

----------------------------------------------------------------------
                             Iteration: 3                             


                             Coordinates                              
----------------------------------------------------------------------
0    C               -5.9266               3.1335               0.1540
1    C               -6.9975               2.3701              -0.0284
2    C               -7.0429               0.9015               0.0149
3    C               -6.0024               0.0803               0.0899
4    H               -6.0090               4.2101               0.1040
5    H               -4.9428               2.7260               0.3617
6    H               -7.9540               2.8436              -0.2200
7    H               -8.0414               0.4817              -0.0326
8    H               -4.9776               0.4334               0.1369
9    H               -6.1516              -0.9902               0.1080
10   C               -1.9580               2.0755              -0.1385
11   C               -1.9262               0.7535              -0.0894
12   H               -1.2990               2.6802               0.4757
13   H               -2.6431               2.6000              -0.7967
14   H               -1.2402               0.2279               0.5665
15   H               -2.5838               0.1493              -0.7060


Energy:                 -234.525678 Convergence criteria  Is converged 
Maximum Force:             0.003807     0.002850  No
RMS Force:                 0.002640     0.001900  No
Maximum Displacement:      0.001113     0.003150  Yes
RMS Displacement:          0.000990     0.002100  Yes

----------------------------------------------------------------------
                             Iteration: 4                             


                             Coordinates                              
----------------------------------------------------------------------
0    C               -5.9265               3.1357               0.1540
1    C               -6.9967               2.3710              -0.0270
2    C               -7.0420               0.9004               0.0136
3    C               -6.0025               0.0783               0.0903
4    H               -6.0075               4.2117               0.1035
5    H               -4.9463               2.7248               0.3627
6    H               -7.9525               2.8481              -0.2202
7    H               -8.0405               0.4770              -0.0326
8    H               -4.9807               0.4347               0.1358
9    H               -6.1504              -0.9916               0.1092
10   C               -1.9584               2.0743              -0.1383
11   C               -1.9266               0.7548              -0.0893
12   H               -1.3018               2.6794               0.4732
13   H               -2.6401               2.5995              -0.7949
14   H               -1.2431               0.2284               0.5641
15   H               -2.5806               0.1500              -0.7041


Energy:                 -234.525746 Convergence criteria  Is converged 
Maximum Force:             0.003656     0.002850  No
RMS Force:                 0.002114     0.001900  No
Maximum Displacement:      0.004711     0.003150  No
RMS Displacement:          0.003137     0.002100  No

----------------------------------------------------------------------
                             Iteration: 5                             


                             Coordinates                              
----------------------------------------------------------------------
0    C               -5.9275               3.1368               0.1541
1    C               -6.9978               2.3723              -0.0267
2    C               -7.0434               0.8993               0.0128
3    C               -6.0033               0.0772               0.0902
4    H               -6.0058               4.2141               0.1029
5    H               -4.9481               2.7233               0.3642
6    H               -7.9498               2.8521              -0.2201
7    H               -8.0381               0.4728              -0.0326
8    H               -4.9821               0.4363               0.1348
9    H               -6.1491              -0.9940               0.1106
10   C               -1.9589               2.0761              -0.1383
11   C               -1.9269               0.7530              -0.0890
12   H               -1.3030               2.6798               0.4724
13   H               -2.6388               2.6001              -0.7949
14   H               -1.2443               0.2279               0.5634
15   H               -2.5791               0.1494              -0.7039


Energy:                 -234.525765 Convergence criteria  Is converged 
Maximum Force:             0.006836     0.002850  No
RMS Force:                 0.003367     0.001900  No
Maximum Displacement:      0.004166     0.003150  No
RMS Displacement:          0.002568     0.002100  No

----------------------------------------------------------------------
                             Iteration: 6                             


                             Coordinates                              
----------------------------------------------------------------------
0    C               -5.9274               3.1372               0.1543
1    C               -6.9981               2.3716              -0.0267
2    C               -7.0435               0.8999               0.0127
3    C               -6.0033               0.0769               0.0901
4    H               -6.0053               4.2146               0.1028
5    H               -4.9486               2.7229               0.3647
6    H               -7.9496               2.8533              -0.2201
7    H               -8.0380               0.4716              -0.0327
8    H               -4.9825               0.4367               0.1346
9    H               -6.1487              -0.9945               0.1110
10   C               -1.9589               2.0752              -0.1383
11   C               -1.9270               0.7539              -0.0891
12   H               -1.3030               2.6802               0.4726
13   H               -2.6388               2.6005              -0.7953
14   H               -1.2442               0.2275               0.5636
15   H               -2.5791               0.1489              -0.7043


Energy:                 -234.525787 Convergence criteria  Is converged 
Maximum Force:             0.001712     0.002850  Yes
RMS Force:                 0.001542     0.001900  Yes
Maximum Displacement:      0.001243     0.003150  Yes
RMS Displacement:          0.000760     0.002100  Yes

----------------------------------------------------------------------
                             Iteration: 6                             


                             Coordinates                              
----------------------------------------------------------------------
0    C               -5.9274               3.1372               0.1543
1    C               -6.9981               2.3716              -0.0267
2    C               -7.0435               0.8999               0.0127
3    C               -6.0033               0.0769               0.0901
4    H               -6.0053               4.2146               0.1028
5    H               -4.9486               2.7229               0.3647
6    H               -7.9496               2.8533              -0.2201
7    H               -8.0380               0.4716              -0.0327
8    H               -4.9825               0.4367               0.1346
9    H               -6.1487              -0.9945               0.1110
10   C               -1.9589               2.0752              -0.1383
11   C               -1.9270               0.7539              -0.0891
12   H               -1.3030               2.6802               0.4726
13   H               -2.6388               2.6005              -0.7953
14   H               -1.2442               0.2275               0.5636
15   H               -2.5791               0.1489              -0.7043


Energy:                 -234.525787 Convergence criteria  Is converged 
Maximum Force:             0.001712     0.002850  Yes
RMS Force:                 0.001542     0.001900  Yes
Maximum Displacement:      0.001243     0.003150  Yes
RMS Displacement:          0.000760     0.002100  Yes

LBFGS converged at iteration 6. Final frame written to /home/axie/MAPLE/MAPLE-fork/example/md/nve/DA/da_opt.xyz
Complete trajectory written to /home/axie/MAPLE/MAPLE-fork/example/md/nve/DA/da_traj.xyz



Program started: 2026-03-21 11:45:17

======================================================================
                      TIMING SUMMARY
======================================================================
Input Reading.......................................   0.085 s  (   0.6 %)
  Settings Parsing....................................   0.083 s  (  98.3 %)
  Coordinate Section Parsing..........................   0.001 s  (   0.6 %)
  Post-Processing Expansion...........................   0.000 s  (   0.0 %)
MLP Initialization..................................  11.221 s  (  84.4 %)
Job Dispatching.....................................   1.994 s  (  15.0 %)
  Optimization........................................   1.987 s  (  99.6 %)
======================================================================
Total wall time: 13.300 s
Total CPU time: 20.326 s
======================================================================

Program ended: 2026-03-21 11:45:31
TOTAL RUN TIME: 0 days 0 hours 0 minutes 13 seconds 299 msec
