
**********************************************************************
*                                                                    *
*                        M   A   P   L   E                           *
*                                                                    *
*      MAchine-learning Potential for Landscape Exploration          *
*                                                                    *
*                                                                    *
*      © 2025 University of Pittsburgh. All rights reserved.         *
*      Licensed under CC BY 4.0 for academic use.                    *
*                                                                    *
*      Principal Developer:  Xujian Wang                             *
*                                                                    *
**********************************************************************


Parsing # commands...
Global parameter: model = uma
Task set to 'md'
Global parameter: device = cuda
Parsed configuration:
----------------------------------------
Task: md
model          : uma
ensemble       : nve
timestep       : 0.25
steps          : 4000000
temperature    : 300.0
traj_every     : 100
log_every      : 100
init_velocities: True
init_from      : None
remove_com     : True
random_seed    : 123
thermostat     : langevin
friction       : 0.001
tau_t          : 100.0
barostat       : c-rescale
pressure       : 1.0
tau_p          : 2000.0
compressibility: 4.5e-05
resume         : True
remove_rotation: True
device         : cuda

                             Coordinates                              
**********************************************************************

Group 1 (inline)
--------------------
1    O             -0.126069             2.843330            -0.703986
2    O             -2.026210            -0.939631             1.250591
3    O              1.502432             2.802096             0.852027
4    O              3.355561            -1.765447             0.939072
5    N             -0.943123             0.413539            -0.207068
6    N             -3.510207            -2.159226            -0.772220
7    N              3.776627            -1.683264            -1.266782
8    C              0.032812             0.889933             0.720323
9    C              1.173981            -0.105823             0.855401
10   C              2.054657            -0.200001            -0.374581
11   C             -2.935542            -0.832501            -0.970557
12   C             -1.931227            -0.476911             0.135252
13   C              0.567990             2.269502             0.315544
14   C             -4.059271             0.210691            -0.851725
15   C              3.120516            -1.269257            -0.142500
16   H             -0.447163             1.011190             1.702690
17   H              0.750803            -1.104266             1.043285
18   H              1.804000             0.113472             1.722531
19   H              1.493143            -0.408325            -1.261061
20   H              2.635901             0.713112            -0.541650
21   H             -0.881380             0.691726            -1.169355
22   H             -2.491651            -0.779905            -1.975283
23   H             -3.699311             1.207863            -1.005248
24   H             -4.505916             0.205585             0.159113
25   H             -4.897005             0.049233            -1.533026
26   H             -3.701457            -2.245390             0.219373
27   H             -2.817273            -2.895501            -0.918999
28   H              0.258163             3.714886            -0.845792
29   H              4.627632            -2.187372            -1.099505
30   H              3.712651            -1.149762            -2.113518

================================================================================
                               NVE MD PARAMETERS                                
================================================================================
Ensemble:           NVE (microcanonical)
Timestep:           0.250 fs
Total steps:        4000000
Initial temp:       300.00 K

Output frequencies:
  Log every:        100 steps
  Traj every:       100 steps

Velocity init:      True
Remove COM motion:  True
Remove COM every:   every 100 steps
Random seed:        123
================================================================================

================================================================================
                             MD RESUME SANITY CHECK                             
================================================================================
  Trajectory file:             agnve_md_traj.xyz  [FOUND]           [PASS]
  Atom count:                  30 == 30                             [PASS]
  Chemical symbols:            match                                [PASS]
  Velocity columns:            present                              [PASS]
  Coordinates finite:          yes                                  [PASS]
  Velocities finite:           yes                                  [PASS]
  Velocities non-zero:         yes                                  [PASS]
  Timestep match:              0.250 fs == 0.250 fs                 [PASS]
  Ensemble match:              NVE == NVE                           [PASS]
  Steps remaining:             3850600 / 4000000                    [PASS]
  RNG state:                   absent (new seed; NVE or pre-RNG traj) [WARN]
--------------------------------------------------------------------------------
Resuming from step 149400 (37.350 ps), 3850600 steps remaining.
================================================================================

================================================================================
                                 MD SIMULATION                                  
================================================================================
Ensemble:        NVE
Timestep:        0.250 fs
Total steps:     4000000
Simulation time: 1000000.00 fs
Resuming from:   step 149400 (37.350 ps)
Steps remaining: 3850600

System:
  Atoms:         30
  Formula:       C8H15N3O4
  Charge:        0
  Multiplicity:  1

================================================================================

       Step         Time(ps)  Progress      T(K)      E_total(Ha)  Speed(ns/day)         ETA
  ---------  ---------------  --------  --------  ---------------  -------------  ----------

Starting NVE simulation...

  Step   149500    37375.00 fs  T  382.63 K  E    -779.083135 Ha
  Step   149600    37400.00 fs  T  474.81 K  E    -779.074015 Ha
  Step   149700    37425.00 fs  T  410.15 K  E    -779.080438 Ha
  Step   149800    37450.00 fs  T  375.64 K  E    -779.083834 Ha
  Step   149900    37475.00 fs  T  390.03 K  E    -779.082394 Ha
  Step   150000    37500.00 fs  T  394.63 K  E    -779.081950 Ha
  Step   150100    37525.00 fs  T  365.10 K  E    -779.084874 Ha
  Step   150200    37550.00 fs  T  344.01 K  E    -779.086970 Ha
  Step   150300    37575.00 fs  T  468.99 K  E    -779.074601 Ha
  Step   150400    37600.00 fs  T  405.53 K  E    -779.080872 Ha
  Step   150500    37625.00 fs  T  364.96 K  E    -779.084877 Ha
  Step   150600    37650.00 fs  T  468.10 K  E    -779.074676 Ha
  Step   150700    37675.00 fs  T  422.08 K  E    -779.079227 Ha
  Step   150800    37700.00 fs  T  361.56 K  E    -779.085217 Ha
  Step   150900    37725.00 fs  T  419.64 K  E    -779.079491 Ha
  Step   151000    37750.00 fs  T  432.84 K  E    -779.078165 Ha
  Step   151100    37775.00 fs  T  317.36 K  E    -779.089613 Ha
  Step   151200    37800.00 fs  T  400.55 K  E    -779.081391 Ha
  Step   151300    37825.00 fs  T  407.28 K  E    -779.080689 Ha
  Step   151400    37850.00 fs  T  367.47 K  E    -779.084627 Ha
  Step   151500    37875.00 fs  T  331.32 K  E    -779.088238 Ha
  Step   151600    37900.00 fs  T  360.42 K  E    -779.085347 Ha
  Step   151700    37925.00 fs  T  451.48 K  E    -779.076321 Ha
  Step   151800    37950.00 fs  T  441.30 K  E    -779.077354 Ha
  Step   151900    37975.00 fs  T  356.06 K  E    -779.085763 Ha
  Step   152000    38000.00 fs  T  412.69 K  E    -779.080145 Ha
  Step   152100    38025.00 fs  T  410.89 K  E    -779.080357 Ha
  Step   152200    38050.00 fs  T  412.40 K  E    -779.080187 Ha
  Step   152300    38075.00 fs  T  414.07 K  E    -779.080025 Ha
  Step   152400    38100.00 fs  T  438.87 K  E    -779.077582 Ha
  Step   152500    38125.00 fs  T  372.74 K  E    -779.084114 Ha
  Step   152600    38150.00 fs  T  438.12 K  E    -779.077635 Ha
  Step   152700    38175.00 fs  T  475.57 K  E    -779.073949 Ha
  Step   152800    38200.00 fs  T  327.61 K  E    -779.088582 Ha
  Step   152900    38225.00 fs  T  400.86 K  E    -779.081340 Ha
  Step   153000    38250.00 fs  T  471.20 K  E    -779.074389 Ha
  Step   153100    38275.00 fs  T  394.34 K  E    -779.081972 Ha
  Step   153200    38300.00 fs  T  445.47 K  E    -779.076903 Ha
  Step   153300    38325.00 fs  T  459.19 K  E    -779.075565 Ha
  Step   153400    38350.00 fs  T  371.20 K  E    -779.084254 Ha
  Step   153500    38375.00 fs  T  398.30 K  E    -779.081601 Ha
  Step   153600    38400.00 fs  T  324.70 K  E    -779.088920 Ha
  Step   153700    38425.00 fs  T  347.50 K  E    -779.086616 Ha
  Step   153800    38450.00 fs  T  404.54 K  E    -779.080972 Ha
  Step   153900    38475.00 fs  T  267.10 K  E    -779.094588 Ha
  Step   154000    38500.00 fs  T  373.72 K  E    -779.084004 Ha
  Step   154100    38525.00 fs  T  439.11 K  E    -779.077555 Ha
  Step   154200    38550.00 fs  T  470.16 K  E    -779.074486 Ha
  Step   154300    38575.00 fs  T  418.42 K  E    -779.079587 Ha
  Step   154400    38600.00 fs  T  455.25 K  E    -779.075957 Ha
  Step   154500    38625.00 fs  T  470.44 K  E    -779.074447 Ha
  Step   154600    38650.00 fs  T  413.96 K  E    -779.080022 Ha
  Step   154700    38675.00 fs  T  345.86 K  E    -779.086796 Ha
  Step   154800    38700.00 fs  T  428.82 K  E    -779.078569 Ha
  Step   154900    38725.00 fs  T  395.00 K  E    -779.081917 Ha
  Step   155000    38750.00 fs  T  459.99 K  E    -779.075486 Ha
  Step   155100    38775.00 fs  T  430.83 K  E    -779.078373 Ha
  Step   155200    38800.00 fs  T  355.40 K  E    -779.085840 Ha
  Step   155300    38825.00 fs  T  356.17 K  E    -779.085768 Ha
  Step   155400    38850.00 fs  T  393.29 K  E    -779.082085 Ha
  Step   155500    38875.00 fs  T  378.59 K  E    -779.083533 Ha
  Step   155600    38900.00 fs  T  435.04 K  E    -779.077968 Ha
  Step   155700    38925.00 fs  T  476.96 K  E    -779.073801 Ha
  Step   155800    38950.00 fs  T  435.95 K  E    -779.077852 Ha
  Step   155900    38975.00 fs  T  376.14 K  E    -779.083789 Ha
  Step   156000    39000.00 fs  T  425.38 K  E    -779.078907 Ha
  Step   156100    39025.00 fs  T  366.14 K  E    -779.084772 Ha
  Step   156200    39050.00 fs  T  371.99 K  E    -779.084207 Ha
  Step   156300    39075.00 fs  T  397.62 K  E    -779.081673 Ha
  Step   156400    39100.00 fs  T  431.49 K  E    -779.078312 Ha
  Step   156500    39125.00 fs  T  323.95 K  E    -779.088968 Ha
  Step   156600    39150.00 fs  T  393.14 K  E    -779.082110 Ha
  Step   156700    39175.00 fs  T  379.51 K  E    -779.083448 Ha
  Step   156800    39200.00 fs  T  379.07 K  E    -779.083507 Ha
  Step   156900    39225.00 fs  T  411.49 K  E    -779.080301 Ha
  Step   157000    39250.00 fs  T  450.06 K  E    -779.076463 Ha
  Step   157100    39275.00 fs  T  399.77 K  E    -779.081439 Ha
  Step   157200    39300.00 fs  T  454.64 K  E    -779.076015 Ha
  Step   157300    39325.00 fs  T  370.25 K  E    -779.084358 Ha
  Step   157400    39350.00 fs  T  420.46 K  E    -779.079384 Ha
  Step   157500    39375.00 fs  T  482.78 K  E    -779.073248 Ha
  Step   157600    39400.00 fs  T  481.22 K  E    -779.073385 Ha
  Step   157700    39425.00 fs  T  456.46 K  E    -779.075830 Ha
  Step   157800    39450.00 fs  T  452.03 K  E    -779.076278 Ha
  Step   157900    39475.00 fs  T  360.47 K  E    -779.085327 Ha
  Step   158000    39500.00 fs  T  409.82 K  E    -779.080440 Ha
  Step   158100    39525.00 fs  T  419.09 K  E    -779.079545 Ha
  Step   158200    39550.00 fs  T  459.61 K  E    -779.075514 Ha
  Step   158300    39575.00 fs  T  364.88 K  E    -779.084907 Ha
  Step   158400    39600.00 fs  T  402.83 K  E    -779.081156 Ha
  Step   158500    39625.00 fs  T  321.60 K  E    -779.089174 Ha
  Step   158600    39650.00 fs  T  358.14 K  E    -779.085559 Ha
  Step   158700    39675.00 fs  T  379.74 K  E    -779.083458 Ha
  Step   158800    39700.00 fs  T  391.52 K  E    -779.082256 Ha
  Step   158900    39725.00 fs  T  404.06 K  E    -779.081036 Ha
  Step   159000    39750.00 fs  T  464.61 K  E    -779.075038 Ha
  Step   159100    39775.00 fs  T  364.03 K  E    -779.084955 Ha
  Step   159200    39800.00 fs  T  418.29 K  E    -779.079608 Ha
  Step   159300    39825.00 fs  T  457.43 K  E    -779.075740 Ha
  Step   159400    39850.00 fs  T  432.79 K  E    -779.078166 Ha
  Step   159500    39875.00 fs  T  422.75 K  E    -779.079183 Ha
  Step   159600    39900.00 fs  T  352.31 K  E    -779.086157 Ha
  Step   159700    39925.00 fs  T  328.71 K  E    -779.088464 Ha
  Step   159800    39950.00 fs  T  452.18 K  E    -779.076259 Ha
  Step   159900    39975.00 fs  T  441.21 K  E    -779.077343 Ha
  Step   160000    40000.00 fs  T  402.07 K  E    -779.081204 Ha
  Step   160100    40025.00 fs  T  422.56 K  E    -779.079200 Ha
  Step   160200    40050.00 fs  T  403.56 K  E    -779.081095 Ha
  Step   160300    40075.00 fs  T  370.47 K  E    -779.084332 Ha
  Step   160400    40100.00 fs  T  405.86 K  E    -779.080850 Ha
  Step   160500    40125.00 fs  T  482.71 K  E    -779.073234 Ha
  Step   160600    40150.00 fs  T  361.11 K  E    -779.085273 Ha
  Step   160700    40175.00 fs  T  369.82 K  E    -779.084430 Ha
  Step   160800    40200.00 fs  T  421.43 K  E    -779.079314 Ha
  Step   160900    40225.00 fs  T  390.62 K  E    -779.082345 Ha
  Step   161000    40250.00 fs  T  486.63 K  E    -779.072856 Ha
  Step   161100    40275.00 fs  T  476.26 K  E    -779.073876 Ha
  Step   161200    40300.00 fs  T  320.97 K  E    -779.089242 Ha
  Step   161300    40325.00 fs  T  422.90 K  E    -779.079174 Ha
  Step   161400    40350.00 fs  T  461.78 K  E    -779.075316 Ha
  Step   161500    40375.00 fs  T  360.75 K  E    -779.085300 Ha
  Step   161600    40400.00 fs  T  430.94 K  E    -779.078352 Ha
  Step   161700    40425.00 fs  T  439.69 K  E    -779.077488 Ha
  Step   161800    40450.00 fs  T  397.85 K  E    -779.081626 Ha
  Step   161900    40475.00 fs  T  469.67 K  E    -779.074533 Ha
  Step   162000    40500.00 fs  T  379.61 K  E    -779.083440 Ha
  Step   162100    40525.00 fs  T  416.43 K  E    -779.079797 Ha
  Step   162200    40550.00 fs  T  477.06 K  E    -779.073805 Ha
  Step   162300    40575.00 fs  T  371.85 K  E    -779.084206 Ha
  Step   162400    40600.00 fs  T  355.37 K  E    -779.085829 Ha
  Step   162500    40625.00 fs  T  423.73 K  E    -779.079076 Ha
  Step   162600    40650.00 fs  T  412.62 K  E    -779.080181 Ha
  Step   162700    40675.00 fs  T  437.23 K  E    -779.077733 Ha
  Step   162800    40700.00 fs  T  446.85 K  E    -779.076791 Ha
  Step   162900    40725.00 fs  T  455.21 K  E    -779.075966 Ha
  Step   163000    40750.00 fs  T  433.04 K  E    -779.078153 Ha
  Step   163100    40775.00 fs  T  431.05 K  E    -779.078359 Ha
  Step   163200    40800.00 fs  T  380.75 K  E    -779.083338 Ha
  Step   163300    40825.00 fs  T  467.81 K  E    -779.074696 Ha
  Step   163400    40850.00 fs  T  452.26 K  E    -779.076251 Ha
  Step   163500    40875.00 fs  T  353.89 K  E    -779.085991 Ha
  Step   163600    40900.00 fs  T  432.54 K  E    -779.078188 Ha
  Step   163700    40925.00 fs  T  410.00 K  E    -779.080433 Ha
  Step   163800    40950.00 fs  T  389.89 K  E    -779.082424 Ha
  Step   163900    40975.00 fs  T  387.03 K  E    -779.082704 Ha
  Step   164000    41000.00 fs  T  424.75 K  E    -779.078993 Ha
  Step   164100    41025.00 fs  T  418.24 K  E    -779.079629 Ha
  Step   164200    41050.00 fs  T  357.46 K  E    -779.085625 Ha
  Step   164300    41075.00 fs  T  372.93 K  E    -779.084110 Ha
  Step   164400    41100.00 fs  T  410.25 K  E    -779.080404 Ha
  Step   164500    41125.00 fs  T  328.21 K  E    -779.088527 Ha
  Step   164600    41150.00 fs  T  395.76 K  E    -779.081843 Ha
  Step   164700    41175.00 fs  T  395.40 K  E    -779.081882 Ha
  Step   164800    41200.00 fs  T  394.35 K  E    -779.081978 Ha
  Step   164900    41225.00 fs  T  380.53 K  E    -779.083357 Ha
  Step   165000    41250.00 fs  T  365.79 K  E    -779.084816 Ha
  Step   165100    41275.00 fs  T  425.22 K  E    -779.078928 Ha
  Step   165200    41300.00 fs  T  429.18 K  E    -779.078542 Ha
  Step   165300    41325.00 fs  T  371.78 K  E    -779.084225 Ha
  Step   165400    41350.00 fs  T  374.96 K  E    -779.083888 Ha
  Step   165500    41375.00 fs  T  371.00 K  E    -779.084300 Ha
  Step   165600    41400.00 fs  T  404.63 K  E    -779.080956 Ha
  Step   165700    41425.00 fs  T  397.97 K  E    -779.081619 Ha
  Step   165800    41450.00 fs  T  411.35 K  E    -779.080308 Ha
  Step   165900    41475.00 fs  T  402.62 K  E    -779.081183 Ha
  Step   166000    41500.00 fs  T  417.81 K  E    -779.079642 Ha
  Step   166100    41525.00 fs  T  446.71 K  E    -779.076790 Ha
  Step   166200    41550.00 fs  T  353.77 K  E    -779.086007 Ha
  Step   166300    41575.00 fs  T  399.72 K  E    -779.081437 Ha
  Step   166400    41600.00 fs  T  430.08 K  E    -779.078441 Ha
  Step   166500    41625.00 fs  T  407.98 K  E    -779.080625 Ha
  Step   166600    41650.00 fs  T  428.24 K  E    -779.078605 Ha
  Step   166700    41675.00 fs  T  407.62 K  E    -779.080671 Ha
  Step   166800    41700.00 fs  T  423.41 K  E    -779.079111 Ha
  Step   166900    41725.00 fs  T  379.14 K  E    -779.083478 Ha
  Step   167000    41750.00 fs  T  472.99 K  E    -779.074202 Ha
  Step   167100    41775.00 fs  T  465.83 K  E    -779.074906 Ha
  Step   167200    41800.00 fs  T  388.19 K  E    -779.082590 Ha
  Step   167300    41825.00 fs  T  361.41 K  E    -779.085242 Ha
  Step   167400    41850.00 fs  T  315.56 K  E    -779.089783 Ha
  Step   167500    41875.00 fs  T  363.54 K  E    -779.085019 Ha
  Step   167600    41900.00 fs  T  358.45 K  E    -779.085547 Ha
  Step   167700    41925.00 fs  T  353.92 K  E    -779.085993 Ha
  Step   167800    41950.00 fs  T  358.68 K  E    -779.085528 Ha
  Step   167900    41975.00 fs  T  386.52 K  E    -779.082785 Ha
  Step   168000    42000.00 fs  T  343.07 K  E    -779.087059 Ha
  Step   168100    42025.00 fs  T  379.93 K  E    -779.083392 Ha
  Step   168200    42050.00 fs  T  354.61 K  E    -779.085916 Ha
  Step   168300    42075.00 fs  T  418.42 K  E    -779.079589 Ha
  Step   168400    42100.00 fs  T  333.25 K  E    -779.088022 Ha
  Step   168500    42125.00 fs  T  413.10 K  E    -779.080140 Ha
  Step   168600    42150.00 fs  T  443.08 K  E    -779.077156 Ha
  Step   168700    42175.00 fs  T  426.18 K  E    -779.078820 Ha
  Step   168800    42200.00 fs  T  437.86 K  E    -779.077687 Ha
  Step   168900    42225.00 fs  T  420.21 K  E    -779.079432 Ha
  Step   169000    42250.00 fs  T  417.48 K  E    -779.079684 Ha
  Step   169100    42275.00 fs  T  432.37 K  E    -779.078231 Ha
  Step   169200    42300.00 fs  T  411.45 K  E    -779.080279 Ha
  Step   169300    42325.00 fs  T  379.22 K  E    -779.083455 Ha
  Step   169400    42350.00 fs  T  433.79 K  E    -779.078067 Ha
  Step   169500    42375.00 fs  T  459.21 K  E    -779.075539 Ha
  Step   169600    42400.00 fs  T  455.71 K  E    -779.075890 Ha
  Step   169700    42425.00 fs  T  459.54 K  E    -779.075538 Ha
  Step   169800    42450.00 fs  T  483.43 K  E    -779.073167 Ha
  Step   169900    42475.00 fs  T  440.63 K  E    -779.077387 Ha
  Step   170000    42500.00 fs  T  398.06 K  E    -779.081621 Ha
  Step   170100    42525.00 fs  T  412.00 K  E    -779.080216 Ha
  Step   170200    42550.00 fs  T  345.79 K  E    -779.086776 Ha
  Step   170300    42575.00 fs  T  404.94 K  E    -779.080939 Ha
  Step   170400    42600.00 fs  T  464.79 K  E    -779.075006 Ha
  Step   170500    42625.00 fs  T  424.68 K  E    -779.078973 Ha
  Step   170600    42650.00 fs  T  504.58 K  E    -779.071077 Ha
  Step   170700    42675.00 fs  T  406.05 K  E    -779.080819 Ha
  Step   170800    42700.00 fs  T  484.84 K  E    -779.072999 Ha
  Step   170900    42725.00 fs  T  451.64 K  E    -779.076328 Ha
  Step   171000    42750.00 fs  T  431.06 K  E    -779.078349 Ha
  Step   171100    42775.00 fs  T  390.38 K  E    -779.082363 Ha
  Step   171200    42800.00 fs  T  328.95 K  E    -779.088474 Ha
  Step   171300    42825.00 fs  T  299.15 K  E    -779.091416 Ha
  Step   171400    42850.00 fs  T  349.81 K  E    -779.086384 Ha
  Step   171500    42875.00 fs  T  329.93 K  E    -779.088368 Ha
  Step   171600    42900.00 fs  T  316.95 K  E    -779.089642 Ha
  Step   171700    42925.00 fs  T  383.43 K  E    -779.083063 Ha
  Step   171800    42950.00 fs  T  548.42 K  E    -779.066731 Ha
  Step   171900    42975.00 fs  T  455.00 K  E    -779.075973 Ha
  Step   172000    43000.00 fs  T  423.30 K  E    -779.079101 Ha
  Step   172100    43025.00 fs  T  396.54 K  E    -779.081766 Ha
  Step   172200    43050.00 fs  T  483.42 K  E    -779.073141 Ha
  Step   172300    43075.00 fs  T  324.76 K  E    -779.088870 Ha
  Step   172400    43100.00 fs  T  433.48 K  E    -779.078113 Ha
  Step   172500    43125.00 fs  T  427.75 K  E    -779.078674 Ha
  Step   172600    43150.00 fs  T  390.87 K  E    -779.082321 Ha
  Step   172700    43175.00 fs  T  280.45 K  E    -779.093277 Ha
  Step   172800    43200.00 fs  T  447.95 K  E    -779.076670 Ha
  Step   172900    43225.00 fs  T  460.53 K  E    -779.075429 Ha
  Step   173000    43250.00 fs  T  456.85 K  E    -779.075807 Ha
  Step   173100    43275.00 fs  T  360.96 K  E    -779.085289 Ha
  Step   173200    43300.00 fs  T  428.46 K  E    -779.078583 Ha
  Step   173300    43325.00 fs  T  425.92 K  E    -779.078843 Ha
  Step   173400    43350.00 fs  T  314.51 K  E    -779.089866 Ha
  Step   173500    43375.00 fs  T  339.09 K  E    -779.087446 Ha
  Step   173600    43400.00 fs  T  460.22 K  E    -779.075481 Ha
  Step   173700    43425.00 fs  T  417.82 K  E    -779.079662 Ha
  Step   173800    43450.00 fs  T  424.51 K  E    -779.078985 Ha
  Step   173900    43475.00 fs  T  446.88 K  E    -779.076797 Ha
  Step   174000    43500.00 fs  T  449.42 K  E    -779.076528 Ha
  Step   174100    43525.00 fs  T  370.63 K  E    -779.084314 Ha
  Step   174200    43550.00 fs  T  421.56 K  E    -779.079280 Ha
  Step   174300    43575.00 fs  T  391.57 K  E    -779.082241 Ha
  Step   174400    43600.00 fs  T  402.34 K  E    -779.081188 Ha
  Step   174500    43625.00 fs  T  423.89 K  E    -779.079079 Ha
  Step   174600    43650.00 fs  T  431.45 K  E    -779.078309 Ha
  Step   174700    43675.00 fs  T  344.78 K  E    -779.086887 Ha
  Step   174800    43700.00 fs  T  336.29 K  E    -779.087760 Ha
  Step   174900    43725.00 fs  T  353.11 K  E    -779.086067 Ha
  Step   175000    43750.00 fs  T  356.99 K  E    -779.085665 Ha
  Step   175100    43775.00 fs  T  407.48 K  E    -779.080694 Ha
  Step   175200    43800.00 fs  T  363.59 K  E    -779.085021 Ha
  Step   175300    43825.00 fs  T  337.77 K  E    -779.087568 Ha
  Step   175400    43850.00 fs  T  431.14 K  E    -779.078353 Ha
  Step   175500    43875.00 fs  T  438.74 K  E    -779.077579 Ha
  Step   175600    43900.00 fs  T  445.80 K  E    -779.076883 Ha
  Step   175700    43925.00 fs  T  406.70 K  E    -779.080792 Ha
  Step   175800    43950.00 fs  T  373.21 K  E    -779.084071 Ha
  Step   175900    43975.00 fs  T  390.49 K  E    -779.082350 Ha
  Step   176000    44000.00 fs  T  408.86 K  E    -779.080560 Ha
  Step   176100    44025.00 fs  T  291.40 K  E    -779.092175 Ha
  Step   176200    44050.00 fs  T  370.30 K  E    -779.084347 Ha
  Step   176300    44075.00 fs  T  436.62 K  E    -779.077817 Ha
  Step   176400    44100.00 fs  T  449.65 K  E    -779.076509 Ha
  Step   176500    44125.00 fs  T  404.48 K  E    -779.080965 Ha
  Step   176600    44150.00 fs  T  393.25 K  E    -779.082105 Ha
  Step   176700    44175.00 fs  T  426.87 K  E    -779.078745 Ha
  Step   176800    44200.00 fs  T  373.55 K  E    -779.084035 Ha
  Step   176900    44225.00 fs  T  483.02 K  E    -779.073211 Ha
  Step   177000    44250.00 fs  T  336.85 K  E    -779.087671 Ha
  Step   177100    44275.00 fs  T  382.54 K  E    -779.083138 Ha
  Step   177200    44300.00 fs  T  416.49 K  E    -779.079794 Ha
  Step   177300    44325.00 fs  T  395.20 K  E    -779.081889 Ha
  Step   177400    44350.00 fs  T  352.11 K  E    -779.086165 Ha
  Step   177500    44375.00 fs  T  432.70 K  E    -779.078203 Ha
  Step   177600    44400.00 fs  T  400.26 K  E    -779.081403 Ha
  Step   177700    44425.00 fs  T  434.25 K  E    -779.078021 Ha
  Step   177800    44450.00 fs  T  408.69 K  E    -779.080569 Ha
  Step   177900    44475.00 fs  T  360.46 K  E    -779.085336 Ha
  Step   178000    44500.00 fs  T  388.73 K  E    -779.082519 Ha
  Step   178100    44525.00 fs  T  394.02 K  E    -779.082025 Ha
  Step   178200    44550.00 fs  T  503.88 K  E    -779.071131 Ha
  Step   178300    44575.00 fs  T  379.29 K  E    -779.083474 Ha
  Step   178400    44600.00 fs  T  466.45 K  E    -779.074842 Ha
  Step   178500    44625.00 fs  T  459.51 K  E    -779.075515 Ha
  Step   178600    44650.00 fs  T  352.14 K  E    -779.086151 Ha
  Step   178700    44675.00 fs  T  434.61 K  E    -779.078005 Ha
  Step   178800    44700.00 fs  T  452.09 K  E    -779.076275 Ha
  Step   178900    44725.00 fs  T  404.06 K  E    -779.081024 Ha
  Step   179000    44750.00 fs  T  387.84 K  E    -779.082636 Ha
  Step   179100    44775.00 fs  T  391.86 K  E    -779.082218 Ha
  Step   179200    44800.00 fs  T  374.85 K  E    -779.083900 Ha
  Step   179300    44825.00 fs  T  407.05 K  E    -779.080723 Ha
  Step   179400    44850.00 fs  T  417.44 K  E    -779.079700 Ha
  Step   179500    44875.00 fs  T  408.47 K  E    -779.080571 Ha
  Step   179600    44900.00 fs  T  411.53 K  E    -779.080286 Ha
  Step   179700    44925.00 fs  T  429.25 K  E    -779.078538 Ha
  Step   179800    44950.00 fs  T  406.81 K  E    -779.080748 Ha
  Step   179900    44975.00 fs  T  454.64 K  E    -779.076009 Ha
  Step   180000    45000.00 fs  T  340.87 K  E    -779.087282 Ha
  Step   180100    45025.00 fs  T  408.71 K  E    -779.080548 Ha
  Step   180200    45050.00 fs  T  412.34 K  E    -779.080209 Ha
  Step   180300    45075.00 fs  T  385.27 K  E    -779.082890 Ha
  Step   180400    45100.00 fs  T  389.20 K  E    -779.082487 Ha
  Step   180500    45125.00 fs  T  416.13 K  E    -779.079833 Ha
  Step   180600    45150.00 fs  T  369.58 K  E    -779.084431 Ha
  Step   180700    45175.00 fs  T  399.71 K  E    -779.081432 Ha
  Step   180800    45200.00 fs  T  398.32 K  E    -779.081602 Ha
  Step   180900    45225.00 fs  T  457.49 K  E    -779.075741 Ha
  Step   181000    45250.00 fs  T  360.68 K  E    -779.085318 Ha
  Step   181100    45275.00 fs  T  417.42 K  E    -779.079706 Ha
  Step   181200    45300.00 fs  T  363.37 K  E    -779.085054 Ha
  Step   181300    45325.00 fs  T  432.53 K  E    -779.078174 Ha
  Step   181400    45350.00 fs  T  330.97 K  E    -779.088271 Ha
  Step   181500    45375.00 fs  T  466.86 K  E    -779.074810 Ha
  Step   181600    45400.00 fs  T  420.74 K  E    -779.079369 Ha
  Step   181700    45425.00 fs  T  392.95 K  E    -779.082135 Ha
  Step   181800    45450.00 fs  T  325.46 K  E    -779.088797 Ha
  Step   181900    45475.00 fs  T  391.52 K  E    -779.082234 Ha
  Step   182000    45500.00 fs  T  394.00 K  E    -779.082025 Ha
  Step   182100    45525.00 fs  T  428.24 K  E    -779.078625 Ha
  Step   182200    45550.00 fs  T  447.09 K  E    -779.076750 Ha
  Step   182300    45575.00 fs  T  473.65 K  E    -779.074146 Ha
  Step   182400    45600.00 fs  T  424.50 K  E    -779.078983 Ha
  Step   182500    45625.00 fs  T  402.41 K  E    -779.081162 Ha
  Step   182600    45650.00 fs  T  433.07 K  E    -779.078156 Ha
  Step   182700    45675.00 fs  T  394.44 K  E    -779.081967 Ha
  Step   182800    45700.00 fs  T  350.76 K  E    -779.086296 Ha
  Step   182900    45725.00 fs  T  461.92 K  E    -779.075312 Ha
  Step   183000    45750.00 fs  T  385.80 K  E    -779.082829 Ha
  Step   183100    45775.00 fs  T  437.17 K  E    -779.077723 Ha
  Step   183200    45800.00 fs  T  361.42 K  E    -779.085259 Ha
  Step   183300    45825.00 fs  T  363.14 K  E    -779.085061 Ha
  Step   183400    45850.00 fs  T  357.57 K  E    -779.085611 Ha
  Step   183500    45875.00 fs  T  513.37 K  E    -779.070213 Ha
  Step   183600    45900.00 fs  T  434.06 K  E    -779.078052 Ha
  Step   183700    45925.00 fs  T  429.42 K  E    -779.078495 Ha
  Step   183800    45950.00 fs  T  422.18 K  E    -779.079237 Ha
  Step   183900    45975.00 fs  T  374.61 K  E    -779.083930 Ha
  Step   184000    46000.00 fs  T  438.41 K  E    -779.077604 Ha
  Step   184100    46025.00 fs  T  357.68 K  E    -779.085631 Ha
  Step   184200    46050.00 fs  T  378.91 K  E    -779.083506 Ha
  Step   184300    46075.00 fs  T  406.59 K  E    -779.080768 Ha
  Step   184400    46100.00 fs  T  438.27 K  E    -779.077646 Ha
  Step   184500    46125.00 fs  T  395.08 K  E    -779.081888 Ha
  Step   184600    46150.00 fs  T  398.70 K  E    -779.081536 Ha
  Step   184700    46175.00 fs  T  421.63 K  E    -779.079277 Ha
  Step   184800    46200.00 fs  T  413.40 K  E    -779.080086 Ha
  Step   184900    46225.00 fs  T  344.17 K  E    -779.086969 Ha
  Step   185000    46250.00 fs  T  448.08 K  E    -779.076679 Ha
  Step   185100    46275.00 fs  T  369.61 K  E    -779.084422 Ha
  Step   185200    46300.00 fs  T  356.82 K  E    -779.085693 Ha
  Step   185300    46325.00 fs  T  381.28 K  E    -779.083289 Ha
  Step   185400    46350.00 fs  T  378.18 K  E    -779.083569 Ha
  Step   185500    46375.00 fs  T  405.96 K  E    -779.080825 Ha
  Step   185600    46400.00 fs  T  441.30 K  E    -779.077350 Ha
  Step   185700    46425.00 fs  T  337.66 K  E    -779.087596 Ha
  Step   185800    46450.00 fs  T  396.45 K  E    -779.081762 Ha
  Step   185900    46475.00 fs  T  464.55 K  E    -779.075027 Ha
  Step   186000    46500.00 fs  T  373.73 K  E    -779.084007 Ha
  Step   186100    46525.00 fs  T  371.87 K  E    -779.084202 Ha
  Step   186200    46550.00 fs  T  516.89 K  E    -779.069857 Ha
  Step   186300    46575.00 fs  T  434.03 K  E    -779.078059 Ha
  Step   186400    46600.00 fs  T  411.57 K  E    -779.080262 Ha
  Step   186500    46625.00 fs  T  389.90 K  E    -779.082421 Ha
  Step   186600    46650.00 fs  T  400.51 K  E    -779.081370 Ha
  Step   186700    46675.00 fs  T  391.70 K  E    -779.082233 Ha
  Step   186800    46700.00 fs  T  406.42 K  E    -779.080787 Ha
  Step   186900    46725.00 fs  T  406.02 K  E    -779.080826 Ha
  Step   187000    46750.00 fs  T  427.05 K  E    -779.078740 Ha
  Step   187100    46775.00 fs  T  404.69 K  E    -779.080978 Ha
  Step   187200    46800.00 fs  T  359.95 K  E    -779.085389 Ha
  Step   187300    46825.00 fs  T  390.81 K  E    -779.082308 Ha
  Step   187400    46850.00 fs  T  384.47 K  E    -779.082963 Ha
  Step   187500    46875.00 fs  T  430.94 K  E    -779.078358 Ha
  Step   187600    46900.00 fs  T  413.28 K  E    -779.080106 Ha
  Step   187700    46925.00 fs  T  474.25 K  E    -779.074090 Ha
  Step   187800    46950.00 fs  T  418.97 K  E    -779.079549 Ha
  Step   187900    46975.00 fs  T  307.29 K  E    -779.090598 Ha
  Step   188000    47000.00 fs  T  427.33 K  E    -779.078708 Ha
  Step   188100    47025.00 fs  T  368.58 K  E    -779.084528 Ha
  Step   188200    47050.00 fs  T  463.21 K  E    -779.075150 Ha
  Step   188300    47075.00 fs  T  444.24 K  E    -779.077055 Ha
  Step   188400    47100.00 fs  T  403.61 K  E    -779.081079 Ha
  Step   188500    47125.00 fs  T  440.96 K  E    -779.077350 Ha
  Step   188600    47150.00 fs  T  479.12 K  E    -779.073584 Ha
  Step   188700    47175.00 fs  T  384.93 K  E    -779.082913 Ha
  Step   188800    47200.00 fs  T  365.85 K  E    -779.084791 Ha
  Step   188900    47225.00 fs  T  432.91 K  E    -779.078174 Ha
  Step   189000    47250.00 fs  T  479.51 K  E    -779.073560 Ha
  Step   189100    47275.00 fs  T  370.90 K  E    -779.084310 Ha
  Step   189200    47300.00 fs  T  450.38 K  E    -779.076436 Ha
  Step   189300    47325.00 fs  T  376.03 K  E    -779.083791 Ha
  Step   189400    47350.00 fs  T  386.03 K  E    -779.082785 Ha
  Step   189500    47375.00 fs  T  471.99 K  E    -779.074295 Ha
  Step   189600    47400.00 fs  T  463.04 K  E    -779.075182 Ha
  Step   189700    47425.00 fs  T  454.92 K  E    -779.075975 Ha
  Step   189800    47450.00 fs  T  362.63 K  E    -779.085134 Ha
  Step   189900    47475.00 fs  T  414.12 K  E    -779.080028 Ha
  Step   190000    47500.00 fs  T  431.38 K  E    -779.078299 Ha
  Step   190100    47525.00 fs  T  371.94 K  E    -779.084210 Ha
  Step   190200    47550.00 fs  T  422.39 K  E    -779.079211 Ha
  Step   190300    47575.00 fs  T  431.08 K  E    -779.078340 Ha
  Step   190400    47600.00 fs  T  416.37 K  E    -779.079823 Ha
  Step   190500    47625.00 fs  T  430.44 K  E    -779.078414 Ha
  Step   190600    47650.00 fs  T  372.59 K  E    -779.084115 Ha
  Step   190700    47675.00 fs  T  426.20 K  E    -779.078838 Ha
  Step   190800    47700.00 fs  T  356.45 K  E    -779.085737 Ha
  Step   190900    47725.00 fs  T  409.03 K  E    -779.080506 Ha
  Step   191000    47750.00 fs  T  381.87 K  E    -779.083246 Ha
  Step   191100    47775.00 fs  T  442.09 K  E    -779.077264 Ha
  Step   191200    47800.00 fs  T  481.63 K  E    -779.073321 Ha
  Step   191300    47825.00 fs  T  378.69 K  E    -779.083549 Ha
  Step   191400    47850.00 fs  T  444.65 K  E    -779.076986 Ha
  Step   191500    47875.00 fs  T  345.03 K  E    -779.086850 Ha
  Step   191600    47900.00 fs  T  482.05 K  E    -779.073317 Ha
  Step   191700    47925.00 fs  T  378.98 K  E    -779.083525 Ha
  Step   191800    47950.00 fs  T  398.80 K  E    -779.081535 Ha
  Step   191900    47975.00 fs  T  474.87 K  E    -779.074019 Ha
  Step   192000    48000.00 fs  T  403.59 K  E    -779.081062 Ha
  Step   192100    48025.00 fs  T  319.88 K  E    -779.089353 Ha
  Step   192200    48050.00 fs  T  402.83 K  E    -779.081157 Ha
  Step   192300    48075.00 fs  T  444.19 K  E    -779.077042 Ha
  Step   192400    48100.00 fs  T  348.11 K  E    -779.086553 Ha
  Step   192500    48125.00 fs  T  379.43 K  E    -779.083488 Ha
  Step   192600    48150.00 fs  T  411.79 K  E    -779.080271 Ha
  Step   192700    48175.00 fs  T  397.09 K  E    -779.081695 Ha
  Step   192800    48200.00 fs  T  477.48 K  E    -779.073754 Ha
  Step   192900    48225.00 fs  T  352.74 K  E    -779.086115 Ha
  Step   193000    48250.00 fs  T  328.82 K  E    -779.088480 Ha
  Step   193100    48275.00 fs  T  416.44 K  E    -779.079806 Ha
  Step   193200    48300.00 fs  T  399.10 K  E    -779.081532 Ha
  Step   193300    48325.00 fs  T  410.84 K  E    -779.080328 Ha
  Step   193400    48350.00 fs  T  410.31 K  E    -779.080396 Ha
  Step   193500    48375.00 fs  T  379.23 K  E    -779.083486 Ha
  Step   193600    48400.00 fs  T  340.04 K  E    -779.087355 Ha
  Step   193700    48425.00 fs  T  420.32 K  E    -779.079424 Ha
  Step   193800    48450.00 fs  T  394.17 K  E    -779.082018 Ha
  Step   193900    48475.00 fs  T  365.34 K  E    -779.084846 Ha
  Step   194000    48500.00 fs  T  394.07 K  E    -779.082009 Ha
  Step   194100    48525.00 fs  T  459.55 K  E    -779.075527 Ha
  Step   194200    48550.00 fs  T  430.75 K  E    -779.078357 Ha
  Step   194300    48575.00 fs  T  420.65 K  E    -779.079391 Ha
  Step   194400    48600.00 fs  T  395.03 K  E    -779.081933 Ha
  Step   194500    48625.00 fs  T  451.28 K  E    -779.076334 Ha
  Step   194600    48650.00 fs  T  392.50 K  E    -779.082159 Ha
  Step   194700    48675.00 fs  T  468.31 K  E    -779.074655 Ha
  Step   194800    48700.00 fs  T  365.05 K  E    -779.084884 Ha
  Step   194900    48725.00 fs  T  397.75 K  E    -779.081644 Ha
  Step   195000    48750.00 fs  T  345.18 K  E    -779.086865 Ha
  Step   195100    48775.00 fs  T  444.68 K  E    -779.076995 Ha
  Step   195200    48800.00 fs  T  396.20 K  E    -779.081792 Ha
  Step   195300    48825.00 fs  T  385.61 K  E    -779.082850 Ha
  Step   195400    48850.00 fs  T  301.52 K  E    -779.091174 Ha
  Step   195500    48875.00 fs  T  363.61 K  E    -779.085025 Ha
  Step   195600    48900.00 fs  T  378.15 K  E    -779.083601 Ha
  Step   195700    48925.00 fs  T  391.70 K  E    -779.082256 Ha
  Step   195800    48950.00 fs  T  437.52 K  E    -779.077704 Ha
  Step   195900    48975.00 fs  T  385.13 K  E    -779.082903 Ha
  Step   196000    49000.00 fs  T  387.93 K  E    -779.082613 Ha
  Step   196100    49025.00 fs  T  354.91 K  E    -779.085884 Ha
  Step   196200    49050.00 fs  T  528.75 K  E    -779.068673 Ha
  Step   196300    49075.00 fs  T  445.38 K  E    -779.076931 Ha
  Step   196400    49100.00 fs  T  440.96 K  E    -779.077361 Ha
  Step   196500    49125.00 fs  T  473.25 K  E    -779.074168 Ha
  Step   196600    49150.00 fs  T  432.63 K  E    -779.078188 Ha
  Step   196700    49175.00 fs  T  420.67 K  E    -779.079366 Ha
  Step   196800    49200.00 fs  T  321.39 K  E    -779.089228 Ha
  Step   196900    49225.00 fs  T  377.73 K  E    -779.083631 Ha
  Step   197000    49250.00 fs  T  452.89 K  E    -779.076184 Ha
  Step   197100    49275.00 fs  T  418.07 K  E    -779.079647 Ha
  Step   197200    49300.00 fs  T  442.34 K  E    -779.077222 Ha
  Step   197300    49325.00 fs  T  321.89 K  E    -779.089143 Ha
  Step   197400    49350.00 fs  T  431.83 K  E    -779.078279 Ha
  Step   197500    49375.00 fs  T  362.83 K  E    -779.085112 Ha
  Step   197600    49400.00 fs  T  418.26 K  E    -779.079608 Ha
  Step   197700    49425.00 fs  T  422.95 K  E    -779.079172 Ha
  Step   197800    49450.00 fs  T  366.55 K  E    -779.084736 Ha
  Step   197900    49475.00 fs  T  375.55 K  E    -779.083826 Ha
  Step   198000    49500.00 fs  T  414.55 K  E    -779.079993 Ha
  Step   198100    49525.00 fs  T  446.95 K  E    -779.076761 Ha
  Step   198200    49550.00 fs  T  315.92 K  E    -779.089740 Ha
  Step   198300    49575.00 fs  T  498.01 K  E    -779.071730 Ha
  Step   198400    49600.00 fs  T  442.01 K  E    -779.077256 Ha
  Step   198500    49625.00 fs  T  377.14 K  E    -779.083671 Ha
  Step   198600    49650.00 fs  T  398.24 K  E    -779.081607 Ha
  Step   198700    49675.00 fs  T  330.66 K  E    -779.088280 Ha
  Step   198800    49700.00 fs  T  409.60 K  E    -779.080449 Ha
  Step   198900    49725.00 fs  T  471.94 K  E    -779.074312 Ha
  Step   199000    49750.00 fs  T  414.40 K  E    -779.079997 Ha
  Step   199100    49775.00 fs  T  337.61 K  E    -779.087592 Ha
  Step   199200    49800.00 fs  T  365.65 K  E    -779.084832 Ha
  Step   199300    49825.00 fs  T  406.15 K  E    -779.080801 Ha
  Step   199400    49850.00 fs  T  390.48 K  E    -779.082352 Ha
  Step   199500    49875.00 fs  T  429.93 K  E    -779.078469 Ha
  Step   199600    49900.00 fs  T  408.48 K  E    -779.080591 Ha
  Step   199700    49925.00 fs  T  407.30 K  E    -779.080689 Ha
  Step   199800    49950.00 fs  T  414.67 K  E    -779.079975 Ha
  Step   199900    49975.00 fs  T  327.53 K  E    -779.088589 Ha
  Step   200000    50000.00 fs  T  413.80 K  E    -779.080027 Ha
  Step   200100    50025.00 fs  T  422.05 K  E    -779.079247 Ha
  Step   200200    50050.00 fs  T  397.87 K  E    -779.081645 Ha
  Step   200300    50075.00 fs  T  496.40 K  E    -779.071870 Ha
  Step   200400    50100.00 fs  T  370.95 K  E    -779.084303 Ha
  Step   200500    50125.00 fs  T  408.76 K  E    -779.080537 Ha
  Step   200600    50150.00 fs  T  407.44 K  E    -779.080670 Ha
  Step   200700    50175.00 fs  T  433.16 K  E    -779.078132 Ha
  Step   200800    50200.00 fs  T  419.13 K  E    -779.079532 Ha
  Step   200900    50225.00 fs  T  373.10 K  E    -779.084079 Ha
  Step   201000    50250.00 fs  T  438.17 K  E    -779.077646 Ha
  Step   201100    50275.00 fs  T  503.70 K  E    -779.071152 Ha
  Step   201200    50300.00 fs  T  353.34 K  E    -779.086029 Ha
  Step   201300    50325.00 fs  T  344.86 K  E    -779.086887 Ha
  Step   201400    50350.00 fs  T  386.58 K  E    -779.082752 Ha
  Step   201500    50375.00 fs  T  346.56 K  E    -779.086694 Ha
  Step   201600    50400.00 fs  T  369.18 K  E    -779.084485 Ha
  Step   201700    50425.00 fs  T  433.04 K  E    -779.078164 Ha
  Step   201800    50450.00 fs  T  359.85 K  E    -779.085376 Ha
  Step   201900    50475.00 fs  T  373.01 K  E    -779.084090 Ha
  Step   202000    50500.00 fs  T  442.35 K  E    -779.077228 Ha
  Step   202100    50525.00 fs  T  405.46 K  E    -779.080870 Ha
  Step   202200    50550.00 fs  T  402.14 K  E    -779.081214 Ha
  Step   202300    50575.00 fs  T  451.93 K  E    -779.076289 Ha
  Step   202400    50600.00 fs  T  295.37 K  E    -779.091779 Ha
  Step   202500    50625.00 fs  T  441.65 K  E    -779.077281 Ha
  Step   202600    50650.00 fs  T  459.68 K  E    -779.075512 Ha
  Step   202700    50675.00 fs  T  399.27 K  E    -779.081477 Ha
  Step   202800    50700.00 fs  T  357.04 K  E    -779.085672 Ha
  Step   202900    50725.00 fs  T  421.25 K  E    -779.079343 Ha
  Step   203000    50750.00 fs  T  363.98 K  E    -779.084996 Ha
  Step   203100    50775.00 fs  T  411.81 K  E    -779.080243 Ha
  Step   203200    50800.00 fs  T  386.36 K  E    -779.082780 Ha
  Step   203300    50825.00 fs  T  411.25 K  E    -779.080281 Ha
  Step   203400    50850.00 fs  T  298.88 K  E    -779.091429 Ha
  Step   203500    50875.00 fs  T  371.02 K  E    -779.084308 Ha
  Step   203600    50900.00 fs  T  473.26 K  E    -779.074162 Ha
  Step   203700    50925.00 fs  T  360.83 K  E    -779.085315 Ha
  Step   203800    50950.00 fs  T  423.54 K  E    -779.079108 Ha
  Step   203900    50975.00 fs  T  346.02 K  E    -779.086752 Ha
  Step   204000    51000.00 fs  T  332.05 K  E    -779.088136 Ha
  Step   204100    51025.00 fs  T  405.24 K  E    -779.080906 Ha
  Step   204200    51050.00 fs  T  281.99 K  E    -779.093104 Ha
  Step   204300    51075.00 fs  T  351.49 K  E    -779.086240 Ha
  Step   204400    51100.00 fs  T  388.23 K  E    -779.082608 Ha
  Step   204500    51125.00 fs  T  408.28 K  E    -779.080604 Ha
  Step   204600    51150.00 fs  T  424.90 K  E    -779.078963 Ha
  Step   204700    51175.00 fs  T  440.59 K  E    -779.077402 Ha
  Step   204800    51200.00 fs  T  383.21 K  E    -779.083058 Ha
  Step   204900    51225.00 fs  T  430.36 K  E    -779.078409 Ha
  Step   205000    51250.00 fs  T  409.16 K  E    -779.080534 Ha
  Step   205100    51275.00 fs  T  486.10 K  E    -779.072896 Ha
  Step   205200    51300.00 fs  T  350.98 K  E    -779.086289 Ha
  Step   205300    51325.00 fs  T  375.80 K  E    -779.083828 Ha
  Step   205400    51350.00 fs  T  389.46 K  E    -779.082446 Ha
  Step   205500    51375.00 fs  T  405.60 K  E    -779.080859 Ha
  Step   205600    51400.00 fs  T  426.61 K  E    -779.078794 Ha
  Step   205700    51425.00 fs  T  426.50 K  E    -779.078783 Ha
  Step   205800    51450.00 fs  T  367.90 K  E    -779.084604 Ha
  Step   205900    51475.00 fs  T  463.81 K  E    -779.075123 Ha
  Step   206000    51500.00 fs  T  455.52 K  E    -779.075912 Ha
  Step   206100    51525.00 fs  T  457.80 K  E    -779.075695 Ha
  Step   206200    51550.00 fs  T  398.59 K  E    -779.081572 Ha
  Step   206300    51575.00 fs  T  386.53 K  E    -779.082746 Ha
  Step   206400    51600.00 fs  T  408.55 K  E    -779.080586 Ha
  Step   206500    51625.00 fs  T  439.14 K  E    -779.077558 Ha
  Step   206600    51650.00 fs  T  410.93 K  E    -779.080325 Ha
  Step   206700    51675.00 fs  T  375.96 K  E    -779.083797 Ha
  Step   206800    51700.00 fs  T  378.43 K  E    -779.083559 Ha
  Step   206900    51725.00 fs  T  370.52 K  E    -779.084327 Ha
  Step   207000    51750.00 fs  T  417.39 K  E    -779.079702 Ha
  Step   207100    51775.00 fs  T  509.98 K  E    -779.070547 Ha
  Step   207200    51800.00 fs  T  384.11 K  E    -779.082995 Ha
  Step   207300    51825.00 fs  T  471.97 K  E    -779.074278 Ha
  Step   207400    51850.00 fs  T  368.23 K  E    -779.084573 Ha
  Step   207500    51875.00 fs  T  440.04 K  E    -779.077446 Ha
  Step   207600    51900.00 fs  T  402.62 K  E    -779.081170 Ha
  Step   207700    51925.00 fs  T  354.20 K  E    -779.085970 Ha
  Step   207800    51950.00 fs  T  395.90 K  E    -779.081819 Ha
  Step   207900    51975.00 fs  T  363.61 K  E    -779.085039 Ha
  Step   208000    52000.00 fs  T  445.81 K  E    -779.076897 Ha
  Step   208100    52025.00 fs  T  350.95 K  E    -779.086270 Ha
  Step   208200    52050.00 fs  T  322.22 K  E    -779.089118 Ha
  Step   208300    52075.00 fs  T  345.87 K  E    -779.086789 Ha
  Step   208400    52100.00 fs  T  337.29 K  E    -779.087643 Ha
  Step   208500    52125.00 fs  T  396.93 K  E    -779.081744 Ha
  Step   208600    52150.00 fs  T  390.02 K  E    -779.082421 Ha
  Step   208700    52175.00 fs  T  462.23 K  E    -779.075246 Ha
  Step   208800    52200.00 fs  T  418.36 K  E    -779.079591 Ha
  Step   208900    52225.00 fs  T  374.51 K  E    -779.083950 Ha
  Step   209000    52250.00 fs  T  468.38 K  E    -779.074644 Ha
  Step   209100    52275.00 fs  T  400.69 K  E    -779.081357 Ha
  Step   209200    52300.00 fs  T  470.18 K  E    -779.074473 Ha
  Step   209300    52325.00 fs  T  409.98 K  E    -779.080431 Ha
  Step   209400    52350.00 fs  T  353.69 K  E    -779.086012 Ha
  Step   209500    52375.00 fs  T  404.45 K  E    -779.080981 Ha
  Step   209600    52400.00 fs  T  323.39 K  E    -779.088997 Ha
  Step   209700    52425.00 fs  T  366.13 K  E    -779.084770 Ha
  Step   209800    52450.00 fs  T  442.34 K  E    -779.077238 Ha
  Step   209900    52475.00 fs  T  360.78 K  E    -779.085302 Ha
  Step   210000    52500.00 fs  T  388.82 K  E    -779.082528 Ha
  Step   210100    52525.00 fs  T  426.72 K  E    -779.078772 Ha
  Step   210200    52550.00 fs  T  450.66 K  E    -779.076398 Ha
  Step   210300    52575.00 fs  T  418.48 K  E    -779.079594 Ha
  Step   210400    52600.00 fs  T  438.25 K  E    -779.077637 Ha
  Step   210500    52625.00 fs  T  452.85 K  E    -779.076184 Ha
  Step   210600    52650.00 fs  T  426.15 K  E    -779.078833 Ha
  Step   210700    52675.00 fs  T  326.70 K  E    -779.088677 Ha
  Step   210800    52700.00 fs  T  425.79 K  E    -779.078854 Ha
  Step   210900    52725.00 fs  T  395.88 K  E    -779.081835 Ha
  Step   211000    52750.00 fs  T  469.67 K  E    -779.074524 Ha
  Step   211100    52775.00 fs  T  479.41 K  E    -779.073556 Ha
  Step   211200    52800.00 fs  T  420.97 K  E    -779.079347 Ha
  Step   211300    52825.00 fs  T  415.09 K  E    -779.079924 Ha
  Step   211400    52850.00 fs  T  435.44 K  E    -779.077887 Ha
  Step   211500    52875.00 fs  T  357.80 K  E    -779.085605 Ha
  Step   211600    52900.00 fs  T  403.26 K  E    -779.081105 Ha
  Step   211700    52925.00 fs  T  372.09 K  E    -779.084185 Ha
  Step   211800    52950.00 fs  T  449.25 K  E    -779.076554 Ha
  Step   211900    52975.00 fs  T  370.17 K  E    -779.084382 Ha
  Step   212000    53000.00 fs  T  419.69 K  E    -779.079455 Ha
  Step   212100    53025.00 fs  T  425.91 K  E    -779.078842 Ha
  Step   212200    53050.00 fs  T  498.55 K  E    -779.071672 Ha
  Step   212300    53075.00 fs  T  489.07 K  E    -779.072605 Ha
  Step   212400    53100.00 fs  T  392.72 K  E    -779.082156 Ha
  Step   212500    53125.00 fs  T  413.47 K  E    -779.080105 Ha
  Step   212600    53150.00 fs  T  444.00 K  E    -779.077058 Ha
  Step   212700    53175.00 fs  T  337.38 K  E    -779.087630 Ha
  Step   212800    53200.00 fs  T  395.15 K  E    -779.081916 Ha
  Step   212900    53225.00 fs  T  320.78 K  E    -779.089252 Ha
  Step   213000    53250.00 fs  T  388.29 K  E    -779.082584 Ha
  Step   213100    53275.00 fs  T  395.84 K  E    -779.081850 Ha
  Step   213200    53300.00 fs  T  382.16 K  E    -779.083185 Ha
  Step   213300    53325.00 fs  T  475.76 K  E    -779.073910 Ha
  Step   213400    53350.00 fs  T  337.57 K  E    -779.087608 Ha
  Step   213500    53375.00 fs  T  398.32 K  E    -779.081572 Ha
  Step   213600    53400.00 fs  T  466.22 K  E    -779.074857 Ha
  Step   213700    53425.00 fs  T  444.13 K  E    -779.077070 Ha
  Step   213800    53450.00 fs  T  493.78 K  E    -779.072128 Ha
  Step   213900    53475.00 fs  T  368.51 K  E    -779.084535 Ha
  Step   214000    53500.00 fs  T  467.36 K  E    -779.074768 Ha
  Step   214100    53525.00 fs  T  377.70 K  E    -779.083638 Ha
  Step   214200    53550.00 fs  T  367.44 K  E    -779.084634 Ha
  Step   214300    53575.00 fs  T  370.33 K  E    -779.084365 Ha
  Step   214400    53600.00 fs  T  360.25 K  E    -779.085361 Ha
  Step   214500    53625.00 fs  T  422.43 K  E    -779.079210 Ha
  Step   214600    53650.00 fs  T  424.32 K  E    -779.079029 Ha
  Step   214700    53675.00 fs  T  425.15 K  E    -779.078915 Ha
  Step   214800    53700.00 fs  T  362.45 K  E    -779.085124 Ha
  Step   214900    53725.00 fs  T  367.47 K  E    -779.084667 Ha
  Step   215000    53750.00 fs  T  395.39 K  E    -779.081889 Ha
  Step   215100    53775.00 fs  T  398.67 K  E    -779.081547 Ha
  Step   215200    53800.00 fs  T  461.04 K  E    -779.075389 Ha
  Step   215300    53825.00 fs  T  388.87 K  E    -779.082529 Ha
  Step   215400    53850.00 fs  T  386.84 K  E    -779.082710 Ha
  Step   215500    53875.00 fs  T  380.42 K  E    -779.083361 Ha
  Step   215600    53900.00 fs  T  422.47 K  E    -779.079194 Ha
  Step   215700    53925.00 fs  T  386.79 K  E    -779.082734 Ha
  Step   215800    53950.00 fs  T  444.92 K  E    -779.076995 Ha
  Step   215900    53975.00 fs  T  430.83 K  E    -779.078370 Ha
  Step   216000    54000.00 fs  T  386.17 K  E    -779.082794 Ha
  Step   216100    54025.00 fs  T  461.27 K  E    -779.075376 Ha
  Step   216200    54050.00 fs  T  393.51 K  E    -779.082062 Ha
  Step   216300    54075.00 fs  T  339.44 K  E    -779.087406 Ha
  Step   216400    54100.00 fs  T  448.45 K  E    -779.076639 Ha
  Step   216500    54125.00 fs  T  324.30 K  E    -779.088934 Ha
  Step   216600    54150.00 fs  T  394.00 K  E    -779.082006 Ha
  Step   216700    54175.00 fs  T  393.94 K  E    -779.082029 Ha
  Step   216800    54200.00 fs  T  366.86 K  E    -779.084710 Ha
  Step   216900    54225.00 fs  T  452.88 K  E    -779.076185 Ha
  Step   217000    54250.00 fs  T  366.59 K  E    -779.084753 Ha
  Step   217100    54275.00 fs  T  426.75 K  E    -779.078771 Ha
  Step   217200    54300.00 fs  T  406.28 K  E    -779.080800 Ha
  Step   217300    54325.00 fs  T  387.59 K  E    -779.082681 Ha
  Step   217400    54350.00 fs  T  379.55 K  E    -779.083462 Ha
  Step   217500    54375.00 fs  T  371.83 K  E    -779.084201 Ha
  Step   217600    54400.00 fs  T  467.62 K  E    -779.074730 Ha
  Step   217700    54425.00 fs  T  375.19 K  E    -779.083884 Ha
  Step   217800    54450.00 fs  T  420.09 K  E    -779.079413 Ha
  Step   217900    54475.00 fs  T  439.05 K  E    -779.077566 Ha
  Step   218000    54500.00 fs  T  448.71 K  E    -779.076615 Ha
  Step   218100    54525.00 fs  T  437.45 K  E    -779.077720 Ha
  Step   218200    54550.00 fs  T  359.09 K  E    -779.085476 Ha
  Step   218300    54575.00 fs  T  319.90 K  E    -779.089353 Ha
  Step   218400    54600.00 fs  T  471.43 K  E    -779.074341 Ha
  Step   218500    54625.00 fs  T  423.58 K  E    -779.079103 Ha
  Step   218600    54650.00 fs  T  461.86 K  E    -779.075307 Ha
  Step   218700    54675.00 fs  T  438.04 K  E    -779.077634 Ha
  Step   218800    54700.00 fs  T  469.24 K  E    -779.074563 Ha
  Step   218900    54725.00 fs  T  414.06 K  E    -779.080033 Ha
  Step   219000    54750.00 fs  T  379.77 K  E    -779.083410 Ha
  Step   219100    54775.00 fs  T  451.70 K  E    -779.076301 Ha
  Step   219200    54800.00 fs  T  371.12 K  E    -779.084304 Ha
  Step   219300    54825.00 fs  T  327.54 K  E    -779.088612 Ha
  Step   219400    54850.00 fs  T  434.83 K  E    -779.077994 Ha
  Step   219500    54875.00 fs  T  330.56 K  E    -779.088297 Ha
  Step   219600    54900.00 fs  T  397.33 K  E    -779.081663 Ha
  Step   219700    54925.00 fs  T  450.78 K  E    -779.076402 Ha
  Step   219800    54950.00 fs  T  437.28 K  E    -779.077737 Ha
  Step   219900    54975.00 fs  T  334.25 K  E    -779.087929 Ha
  Step   220000    55000.00 fs  T  287.06 K  E    -779.092624 Ha
  Step   220100    55025.00 fs  T  414.37 K  E    -779.080013 Ha
  Step   220200    55050.00 fs  T  390.65 K  E    -779.082336 Ha
  Step   220300    55075.00 fs  T  373.02 K  E    -779.084092 Ha
  Step   220400    55100.00 fs  T  459.92 K  E    -779.075497 Ha
  Step   220500    55125.00 fs  T  412.89 K  E    -779.080158 Ha
  Step   220600    55150.00 fs  T  466.67 K  E    -779.074829 Ha
  Step   220700    55175.00 fs  T  407.87 K  E    -779.080644 Ha
  Step   220800    55200.00 fs  T  335.80 K  E    -779.087770 Ha
  Step   220900    55225.00 fs  T  431.58 K  E    -779.078292 Ha
  Step   221000    55250.00 fs  T  432.91 K  E    -779.078183 Ha
  Step   221100    55275.00 fs  T  314.57 K  E    -779.089888 Ha
  Step   221200    55300.00 fs  T  343.30 K  E    -779.087047 Ha
  Step   221300    55325.00 fs  T  448.04 K  E    -779.076683 Ha
  Step   221400    55350.00 fs  T  436.62 K  E    -779.077779 Ha
  Step   221500    55375.00 fs  T  399.90 K  E    -779.081413 Ha
  Step   221600    55400.00 fs  T  378.81 K  E    -779.083515 Ha
  Step   221700    55425.00 fs  T  379.54 K  E    -779.083453 Ha
  Step   221800    55450.00 fs  T  402.30 K  E    -779.081215 Ha
  Step   221900    55475.00 fs  T  334.27 K  E    -779.087955 Ha
  Step   222000    55500.00 fs  T  403.50 K  E    -779.081064 Ha
  Step   222100    55525.00 fs  T  365.07 K  E    -779.084882 Ha
  Step   222200    55550.00 fs  T  336.77 K  E    -779.087692 Ha
  Step   222300    55575.00 fs  T  386.17 K  E    -779.082770 Ha
  Step   222400    55600.00 fs  T  366.01 K  E    -779.084779 Ha
  Step   222500    55625.00 fs  T  478.60 K  E    -779.073664 Ha
  Step   222600    55650.00 fs  T  345.58 K  E    -779.086828 Ha
  Step   222700    55675.00 fs  T  321.48 K  E    -779.089192 Ha
  Step   222800    55700.00 fs  T  395.64 K  E    -779.081852 Ha
  Step   222900    55725.00 fs  T  377.95 K  E    -779.083599 Ha
  Step   223000    55750.00 fs  T  313.16 K  E    -779.090019 Ha
  Step   223100    55775.00 fs  T  381.14 K  E    -779.083300 Ha
  Step   223200    55800.00 fs  T  463.21 K  E    -779.075154 Ha
  Step   223300    55825.00 fs  T  503.28 K  E    -779.071195 Ha
  Step   223400    55850.00 fs  T  372.29 K  E    -779.084182 Ha
  Step   223500    55875.00 fs  T  444.44 K  E    -779.076999 Ha
  Step   223600    55900.00 fs  T  441.24 K  E    -779.077319 Ha
  Step   223700    55925.00 fs  T  332.55 K  E    -779.088116 Ha
  Step   223800    55950.00 fs  T  311.88 K  E    -779.090153 Ha
  Step   223900    55975.00 fs  T  410.66 K  E    -779.080371 Ha
  Step   224000    56000.00 fs  T  332.09 K  E    -779.088172 Ha
  Step   224100    56025.00 fs  T  407.98 K  E    -779.080629 Ha
  Step   224200    56050.00 fs  T  426.21 K  E    -779.078808 Ha
  Step   224300    56075.00 fs  T  499.53 K  E    -779.071564 Ha
  Step   224400    56100.00 fs  T  415.50 K  E    -779.079889 Ha
  Step   224500    56125.00 fs  T  418.38 K  E    -779.079596 Ha
  Step   224600    56150.00 fs  T  363.74 K  E    -779.085010 Ha
  Step   224700    56175.00 fs  T  349.81 K  E    -779.086406 Ha
  Step   224800    56200.00 fs  T  371.79 K  E    -779.084213 Ha
  Step   224900    56225.00 fs  T  381.31 K  E    -779.083269 Ha
  Step   225000    56250.00 fs  T  398.49 K  E    -779.081574 Ha
  Step   225100    56275.00 fs  T  367.24 K  E    -779.084672 Ha
  Step   225200    56300.00 fs  T  374.21 K  E    -779.083983 Ha
  Step   225300    56325.00 fs  T  387.51 K  E    -779.082666 Ha
  Step   225400    56350.00 fs  T  366.68 K  E    -779.084699 Ha
  Step   225500    56375.00 fs  T  463.84 K  E    -779.075099 Ha
  Step   225600    56400.00 fs  T  380.68 K  E    -779.083350 Ha
  Step   225700    56425.00 fs  T  314.48 K  E    -779.089893 Ha
  Step   225800    56450.00 fs  T  315.57 K  E    -779.089781 Ha
  Step   225900    56475.00 fs  T  469.08 K  E    -779.074584 Ha
  Step   226000    56500.00 fs  T  435.89 K  E    -779.077860 Ha
  Step   226100    56525.00 fs  T  389.32 K  E    -779.082465 Ha
  Step   226200    56550.00 fs  T  347.93 K  E    -779.086574 Ha
  Step   226300    56575.00 fs  T  433.51 K  E    -779.078107 Ha
  Step   226400    56600.00 fs  T  269.91 K  E    -779.094327 Ha
  Step   226500    56625.00 fs  T  387.44 K  E    -779.082677 Ha
  Step   226600    56650.00 fs  T  456.26 K  E    -779.075830 Ha
  Step   226700    56675.00 fs  T  526.78 K  E    -779.068860 Ha
  Step   226800    56700.00 fs  T  422.78 K  E    -779.079165 Ha
  Step   226900    56725.00 fs  T  372.70 K  E    -779.084105 Ha
  Step   227000    56750.00 fs  T  365.68 K  E    -779.084813 Ha
  Step   227100    56775.00 fs  T  394.30 K  E    -779.082014 Ha
  Step   227200    56800.00 fs  T  353.90 K  E    -779.085997 Ha
  Step   227300    56825.00 fs  T  393.25 K  E    -779.082087 Ha
  Step   227400    56850.00 fs  T  362.47 K  E    -779.085145 Ha
  Step   227500    56875.00 fs  T  357.20 K  E    -779.085660 Ha
  Step   227600    56900.00 fs  T  360.24 K  E    -779.085345 Ha
  Step   227700    56925.00 fs  T  436.37 K  E    -779.077821 Ha
  Step   227800    56950.00 fs  T  381.03 K  E    -779.083317 Ha
  Step   227900    56975.00 fs  T  418.95 K  E    -779.079538 Ha
  Step   228000    57000.00 fs  T  401.57 K  E    -779.081283 Ha
  Step   228100    57025.00 fs  T  371.37 K  E    -779.084262 Ha
  Step   228200    57050.00 fs  T  436.39 K  E    -779.077813 Ha
  Step   228300    57075.00 fs  T  330.00 K  E    -779.088364 Ha
  Step   228400    57100.00 fs  T  369.88 K  E    -779.084398 Ha
  Step   228500    57125.00 fs  T  442.16 K  E    -779.077249 Ha
  Step   228600    57150.00 fs  T  432.72 K  E    -779.078215 Ha
  Step   228700    57175.00 fs  T  438.85 K  E    -779.077559 Ha
  Step   228800    57200.00 fs  T  415.81 K  E    -779.079842 Ha
  Step   228900    57225.00 fs  T  457.43 K  E    -779.075741 Ha
  Step   229000    57250.00 fs  T  396.74 K  E    -779.081742 Ha
  Step   229100    57275.00 fs  T  296.76 K  E    -779.091638 Ha
  Step   229200    57300.00 fs  T  450.74 K  E    -779.076409 Ha
  Step   229300    57325.00 fs  T  411.19 K  E    -779.080327 Ha
  Step   229400    57350.00 fs  T  388.98 K  E    -779.082510 Ha
  Step   229500    57375.00 fs  T  350.59 K  E    -779.086319 Ha
  Step   229600    57400.00 fs  T  387.55 K  E    -779.082660 Ha
  Step   229700    57425.00 fs  T  444.35 K  E    -779.077017 Ha
  Step   229800    57450.00 fs  T  353.71 K  E    -779.086012 Ha
  Step   229900    57475.00 fs  T  393.75 K  E    -779.082044 Ha
  Step   230000    57500.00 fs  T  417.87 K  E    -779.079655 Ha
  Step   230100    57525.00 fs  T  389.38 K  E    -779.082490 Ha
  Step   230200    57550.00 fs  T  393.66 K  E    -779.082048 Ha
  Step   230300    57575.00 fs  T  360.10 K  E    -779.085374 Ha
  Step   230400    57600.00 fs  T  461.17 K  E    -779.075380 Ha
  Step   230500    57625.00 fs  T  364.55 K  E    -779.084944 Ha
  Step   230600    57650.00 fs  T  383.06 K  E    -779.083094 Ha
  Step   230700    57675.00 fs  T  380.61 K  E    -779.083344 Ha
  Step   230800    57700.00 fs  T  392.92 K  E    -779.082129 Ha
  Step   230900    57725.00 fs  T  473.79 K  E    -779.074101 Ha
  Step   231000    57750.00 fs  T  369.46 K  E    -779.084462 Ha
  Step   231100    57775.00 fs  T  411.82 K  E    -779.080266 Ha
  Step   231200    57800.00 fs  T  415.77 K  E    -779.079860 Ha
  Step   231300    57825.00 fs  T  391.76 K  E    -779.082259 Ha
  Step   231400    57850.00 fs  T  419.63 K  E    -779.079493 Ha
  Step   231500    57875.00 fs  T  408.85 K  E    -779.080532 Ha
  Step   231600    57900.00 fs  T  486.04 K  E    -779.072887 Ha
  Step   231700    57925.00 fs  T  395.44 K  E    -779.081863 Ha
  Step   231800    57950.00 fs  T  418.37 K  E    -779.079595 Ha
  Step   231900    57975.00 fs  T  425.44 K  E    -779.078915 Ha
  Step   232000    58000.00 fs  T  432.93 K  E    -779.078153 Ha
  Step   232100    58025.00 fs  T  363.88 K  E    -779.085000 Ha
  Step   232200    58050.00 fs  T  389.75 K  E    -779.082454 Ha
  Step   232300    58075.00 fs  T  412.22 K  E    -779.080217 Ha
  Step   232400    58100.00 fs  T  350.51 K  E    -779.086313 Ha
  Step   232500    58125.00 fs  T  422.17 K  E    -779.079232 Ha
  Step   232600    58150.00 fs  T  485.20 K  E    -779.072997 Ha
  Step   232700    58175.00 fs  T  365.88 K  E    -779.084788 Ha
  Step   232800    58200.00 fs  T  340.53 K  E    -779.087304 Ha
  Step   232900    58225.00 fs  T  398.40 K  E    -779.081596 Ha
  Step   233000    58250.00 fs  T  339.66 K  E    -779.087412 Ha
  Step   233100    58275.00 fs  T  358.92 K  E    -779.085499 Ha
  Step   233200    58300.00 fs  T  420.30 K  E    -779.079420 Ha
  Step   233300    58325.00 fs  T  470.24 K  E    -779.074459 Ha
  Step   233400    58350.00 fs  T  374.33 K  E    -779.083962 Ha
  Step   233500    58375.00 fs  T  452.52 K  E    -779.076221 Ha
  Step   233600    58400.00 fs  T  425.37 K  E    -779.078906 Ha
  Step   233700    58425.00 fs  T  352.54 K  E    -779.086120 Ha
  Step   233800    58450.00 fs  T  475.86 K  E    -779.073902 Ha
  Step   233900    58475.00 fs  T  433.23 K  E    -779.078117 Ha
  Step   234000    58500.00 fs  T  377.54 K  E    -779.083648 Ha
  Step   234100    58525.00 fs  T  412.75 K  E    -779.080172 Ha
  Step   234200    58550.00 fs  T  366.36 K  E    -779.084749 Ha
  Step   234300    58575.00 fs  T  375.86 K  E    -779.083819 Ha
  Step   234400    58600.00 fs  T  410.57 K  E    -779.080392 Ha
  Step   234500    58625.00 fs  T  400.11 K  E    -779.081408 Ha
  Step   234600    58650.00 fs  T  328.19 K  E    -779.088528 Ha
  Step   234700    58675.00 fs  T  391.64 K  E    -779.082247 Ha
  Step   234800    58700.00 fs  T  444.10 K  E    -779.077047 Ha
  Step   234900    58725.00 fs  T  432.99 K  E    -779.078146 Ha
  Step   235000    58750.00 fs  T  378.96 K  E    -779.083513 Ha
  Step   235100    58775.00 fs  T  420.61 K  E    -779.079383 Ha
  Step   235200    58800.00 fs  T  405.01 K  E    -779.080933 Ha
  Step   235300    58825.00 fs  T  401.63 K  E    -779.081267 Ha
  Step   235400    58850.00 fs  T  405.73 K  E    -779.080840 Ha
  Step   235500    58875.00 fs  T  402.11 K  E    -779.081221 Ha
  Step   235600    58900.00 fs  T  325.68 K  E    -779.088801 Ha
  Step   235700    58925.00 fs  T  388.13 K  E    -779.082584 Ha
  Step   235800    58950.00 fs  T  353.46 K  E    -779.086017 Ha
  Step   235900    58975.00 fs  T  345.88 K  E    -779.086780 Ha
  Step   236000    59000.00 fs  T  372.70 K  E    -779.084122 Ha
  Step   236100    59025.00 fs  T  372.62 K  E    -779.084118 Ha
  Step   236200    59050.00 fs  T  409.74 K  E    -779.080470 Ha
  Step   236300    59075.00 fs  T  373.32 K  E    -779.084072 Ha
  Step   236400    59100.00 fs  T  434.88 K  E    -779.077966 Ha
  Step   236500    59125.00 fs  T  435.31 K  E    -779.077938 Ha
  Step   236600    59150.00 fs  T  494.27 K  E    -779.072076 Ha
  Step   236700    59175.00 fs  T  373.76 K  E    -779.084007 Ha
  Step   236800    59200.00 fs  T  378.92 K  E    -779.083506 Ha
  Step   236900    59225.00 fs  T  294.09 K  E    -779.091906 Ha
  Step   237000    59250.00 fs  T  320.57 K  E    -779.089285 Ha
  Step   237100    59275.00 fs  T  481.91 K  E    -779.073306 Ha
  Step   237200    59300.00 fs  T  405.59 K  E    -779.080868 Ha
  Step   237300    59325.00 fs  T  399.44 K  E    -779.081473 Ha
  Step   237400    59350.00 fs  T  461.05 K  E    -779.075385 Ha
  Step   237500    59375.00 fs  T  453.43 K  E    -779.076123 Ha
  Step   237600    59400.00 fs  T  439.78 K  E    -779.077479 Ha
  Step   237700    59425.00 fs  T  432.03 K  E    -779.078256 Ha
  Step   237800    59450.00 fs  T  360.65 K  E    -779.085311 Ha
  Step   237900    59475.00 fs  T  419.90 K  E    -779.079439 Ha
  Step   238000    59500.00 fs  T  395.22 K  E    -779.081895 Ha
  Step   238100    59525.00 fs  T  341.41 K  E    -779.087215 Ha
  Step   238200    59550.00 fs  T  441.38 K  E    -779.077314 Ha
  Step   238300    59575.00 fs  T  385.01 K  E    -779.082924 Ha
  Step   238400    59600.00 fs  T  441.43 K  E    -779.077319 Ha
  Step   238500    59625.00 fs  T  441.31 K  E    -779.077323 Ha
  Step   238600    59650.00 fs  T  439.95 K  E    -779.077473 Ha
  Step   238700    59675.00 fs  T  399.19 K  E    -779.081497 Ha
  Step   238800    59700.00 fs  T  413.70 K  E    -779.080059 Ha
  Step   238900    59725.00 fs  T  387.38 K  E    -779.082681 Ha
  Step   239000    59750.00 fs  T  318.35 K  E    -779.089498 Ha
  Step   239100    59775.00 fs  T  391.63 K  E    -779.082237 Ha
  Step   239200    59800.00 fs  T  323.43 K  E    -779.089025 Ha
  Step   239300    59825.00 fs  T  478.40 K  E    -779.073648 Ha
  Step   239400    59850.00 fs  T  466.75 K  E    -779.074799 Ha
  Step   239500    59875.00 fs  T  403.94 K  E    -779.081045 Ha
  Step   239600    59900.00 fs  T  387.85 K  E    -779.082624 Ha
  Step   239700    59925.00 fs  T  385.17 K  E    -779.082882 Ha
  Step   239800    59950.00 fs  T  444.18 K  E    -779.077062 Ha
  Step   239900    59975.00 fs  T  379.84 K  E    -779.083416 Ha
  Step   240000    60000.00 fs  T  345.93 K  E    -779.086753 Ha
  Step   240100    60025.00 fs  T  419.48 K  E    -779.079497 Ha
  Step   240200    60050.00 fs  T  393.74 K  E    -779.082039 Ha
  Step   240300    60075.00 fs  T  378.85 K  E    -779.083504 Ha
  Step   240400    60100.00 fs  T  390.78 K  E    -779.082337 Ha
  Step   240500    60125.00 fs  T  396.73 K  E    -779.081748 Ha
  Step   240600    60150.00 fs  T  339.14 K  E    -779.087453 Ha
  Step   240700    60175.00 fs  T  445.29 K  E    -779.076942 Ha
  Step   240800    60200.00 fs  T  379.11 K  E    -779.083498 Ha
  Step   240900    60225.00 fs  T  406.22 K  E    -779.080797 Ha
  Step   241000    60250.00 fs  T  381.45 K  E    -779.083269 Ha
  Step   241100    60275.00 fs  T  391.20 K  E    -779.082303 Ha
  Step   241200    60300.00 fs  T  368.84 K  E    -779.084490 Ha
  Step   241300    60325.00 fs  T  455.19 K  E    -779.075944 Ha
  Step   241400    60350.00 fs  T  396.95 K  E    -779.081720 Ha
  Step   241500    60375.00 fs  T  426.96 K  E    -779.078746 Ha
  Step   241600    60400.00 fs  T  405.28 K  E    -779.080899 Ha
  Step   241700    60425.00 fs  T  430.93 K  E    -779.078369 Ha
  Step   241800    60450.00 fs  T  374.44 K  E    -779.083957 Ha
  Step   241900    60475.00 fs  T  389.37 K  E    -779.082478 Ha
  Step   242000    60500.00 fs  T  434.26 K  E    -779.078034 Ha
  Step   242100    60525.00 fs  T  396.23 K  E    -779.081773 Ha
  Step   242200    60550.00 fs  T  437.33 K  E    -779.077717 Ha
  Step   242300    60575.00 fs  T  470.88 K  E    -779.074411 Ha
  Step   242400    60600.00 fs  T  402.11 K  E    -779.081209 Ha
  Step   242500    60625.00 fs  T  399.51 K  E    -779.081476 Ha
  Step   242600    60650.00 fs  T  361.80 K  E    -779.085215 Ha
  Step   242700    60675.00 fs  T  357.63 K  E    -779.085606 Ha
  Step   242800    60700.00 fs  T  385.15 K  E    -779.082887 Ha
  Step   242900    60725.00 fs  T  409.05 K  E    -779.080526 Ha
  Step   243000    60750.00 fs  T  411.45 K  E    -779.080272 Ha
  Step   243100    60775.00 fs  T  409.74 K  E    -779.080454 Ha
  Step   243200    60800.00 fs  T  474.03 K  E    -779.074098 Ha
  Step   243300    60825.00 fs  T  383.96 K  E    -779.083009 Ha
  Step   243400    60850.00 fs  T  399.11 K  E    -779.081508 Ha
  Step   243500    60875.00 fs  T  404.01 K  E    -779.081032 Ha
  Step   243600    60900.00 fs  T  371.30 K  E    -779.084247 Ha
  Step   243700    60925.00 fs  T  333.77 K  E    -779.087972 Ha
  Step   243800    60950.00 fs  T  463.62 K  E    -779.075122 Ha
  Step   243900    60975.00 fs  T  367.05 K  E    -779.084677 Ha
  Step   244000    61000.00 fs  T  407.24 K  E    -779.080699 Ha
  Step   244100    61025.00 fs  T  336.57 K  E    -779.087717 Ha
  Step   244200    61050.00 fs  T  406.39 K  E    -779.080783 Ha
  Step   244300    61075.00 fs  T  376.93 K  E    -779.083714 Ha
  Step   244400    61100.00 fs  T  367.96 K  E    -779.084605 Ha
  Step   244500    61125.00 fs  T  377.14 K  E    -779.083682 Ha
  Step   244600    61150.00 fs  T  312.85 K  E    -779.090051 Ha
  Step   244700    61175.00 fs  T  476.07 K  E    -779.073889 Ha
  Step   244800    61200.00 fs  T  452.20 K  E    -779.076248 Ha
  Step   244900    61225.00 fs  T  412.77 K  E    -779.080147 Ha
  Step   245000    61250.00 fs  T  437.58 K  E    -779.077705 Ha
  Step   245100    61275.00 fs  T  384.84 K  E    -779.082915 Ha
  Step   245200    61300.00 fs  T  443.68 K  E    -779.077096 Ha
  Step   245300    61325.00 fs  T  420.07 K  E    -779.079459 Ha
  Step   245400    61350.00 fs  T  460.31 K  E    -779.075437 Ha
  Step   245500    61375.00 fs  T  369.03 K  E    -779.084470 Ha
  Step   245600    61400.00 fs  T  439.10 K  E    -779.077553 Ha
  Step   245700    61425.00 fs  T  398.58 K  E    -779.081570 Ha
  Step   245800    61450.00 fs  T  363.75 K  E    -779.085002 Ha
  Step   245900    61475.00 fs  T  422.01 K  E    -779.079252 Ha
  Step   246000    61500.00 fs  T  374.03 K  E    -779.084008 Ha
  Step   246100    61525.00 fs  T  408.29 K  E    -779.080591 Ha
  Step   246200    61550.00 fs  T  425.56 K  E    -779.078898 Ha
  Step   246300    61575.00 fs  T  397.68 K  E    -779.081645 Ha
  Step   246400    61600.00 fs  T  416.23 K  E    -779.079807 Ha
  Step   246500    61625.00 fs  T  413.19 K  E    -779.080115 Ha
  Step   246600    61650.00 fs  T  422.31 K  E    -779.079206 Ha
  Step   246700    61675.00 fs  T  394.69 K  E    -779.081944 Ha
  Step   246800    61700.00 fs  T  410.34 K  E    -779.080406 Ha
  Step   246900    61725.00 fs  T  397.86 K  E    -779.081633 Ha
  Step   247000    61750.00 fs  T  319.12 K  E    -779.089411 Ha
  Step   247100    61775.00 fs  T  331.94 K  E    -779.088164 Ha
  Step   247200    61800.00 fs  T  416.01 K  E    -779.079838 Ha
  Step   247300    61825.00 fs  T  389.14 K  E    -779.082482 Ha
  Step   247400    61850.00 fs  T  415.75 K  E    -779.079861 Ha
  Step   247500    61875.00 fs  T  379.91 K  E    -779.083435 Ha
  Step   247600    61900.00 fs  T  374.79 K  E    -779.083934 Ha
  Step   247700    61925.00 fs  T  411.88 K  E    -779.080245 Ha
  Step   247800    61950.00 fs  T  415.58 K  E    -779.079879 Ha
  Step   247900    61975.00 fs  T  371.26 K  E    -779.084263 Ha
  Step   248000    62000.00 fs  T  315.29 K  E    -779.089830 Ha
  Step   248100    62025.00 fs  T  380.83 K  E    -779.083322 Ha
  Step   248200    62050.00 fs  T  352.69 K  E    -779.086109 Ha
  Step   248300    62075.00 fs  T  437.24 K  E    -779.077749 Ha
  Step   248400    62100.00 fs  T  391.82 K  E    -779.082236 Ha
  Step   248500    62125.00 fs  T  286.99 K  E    -779.092605 Ha
  Step   248600    62150.00 fs  T  415.02 K  E    -779.079932 Ha
  Step   248700    62175.00 fs  T  461.17 K  E    -779.075375 Ha
  Step   248800    62200.00 fs  T  399.79 K  E    -779.081432 Ha
  Step   248900    62225.00 fs  T  378.47 K  E    -779.083562 Ha
  Step   249000    62250.00 fs  T  401.40 K  E    -779.081306 Ha
  Step   249100    62275.00 fs  T  375.59 K  E    -779.083843 Ha
  Step   249200    62300.00 fs  T  487.11 K  E    -779.072786 Ha
  Step   249300    62325.00 fs  T  405.70 K  E    -779.080856 Ha
  Step   249400    62350.00 fs  T  350.82 K  E    -779.086293 Ha
  Step   249500    62375.00 fs  T  433.33 K  E    -779.078130 Ha
  Step   249600    62400.00 fs  T  462.11 K  E    -779.075285 Ha
  Step   249700    62425.00 fs  T  445.57 K  E    -779.076912 Ha
  Step   249800    62450.00 fs  T  457.78 K  E    -779.075707 Ha
  Step   249900    62475.00 fs  T  521.71 K  E    -779.069378 Ha
  Step   250000    62500.00 fs  T  405.08 K  E    -779.080905 Ha
  Step   250100    62525.00 fs  T  403.37 K  E    -779.081091 Ha
  Step   250200    62550.00 fs  T  370.57 K  E    -779.084353 Ha
  Step   250300    62575.00 fs  T  439.23 K  E    -779.077541 Ha
  Step   250400    62600.00 fs  T  467.73 K  E    -779.074714 Ha
  Step   250500    62625.00 fs  T  443.30 K  E    -779.077146 Ha
  Step   250600    62650.00 fs  T  405.07 K  E    -779.080913 Ha
  Step   250700    62675.00 fs  T  376.59 K  E    -779.083724 Ha
  Step   250800    62700.00 fs  T  464.59 K  E    -779.075019 Ha
  Step   250900    62725.00 fs  T  429.84 K  E    -779.078470 Ha
  Step   251000    62750.00 fs  T  394.35 K  E    -779.081991 Ha
  Step   251100    62775.00 fs  T  353.25 K  E    -779.086053 Ha
  Step   251200    62800.00 fs  T  386.34 K  E    -779.082769 Ha
  Step   251300    62825.00 fs  T  457.96 K  E    -779.075690 Ha
  Step   251400    62850.00 fs  T  448.84 K  E    -779.076605 Ha
  Step   251500    62875.00 fs  T  473.58 K  E    -779.074121 Ha
  Step   251600    62900.00 fs  T  437.70 K  E    -779.077678 Ha
  Step   251700    62925.00 fs  T  493.86 K  E    -779.072150 Ha
  Step   251800    62950.00 fs  T  398.10 K  E    -779.081623 Ha
  Step   251900    62975.00 fs  T  442.15 K  E    -779.077235 Ha
  Step   252000    63000.00 fs  T  388.50 K  E    -779.082577 Ha
  Step   252100    63025.00 fs  T  393.46 K  E    -779.082077 Ha
  Step   252200    63050.00 fs  T  473.58 K  E    -779.074137 Ha
  Step   252300    63075.00 fs  T  448.50 K  E    -779.076619 Ha
  Step   252400    63100.00 fs  T  441.29 K  E    -779.077338 Ha
  Step   252500    63125.00 fs  T  432.19 K  E    -779.078249 Ha
  Step   252600    63150.00 fs  T  414.99 K  E    -779.079944 Ha
  Step   252700    63175.00 fs  T  335.18 K  E    -779.087832 Ha
  Step   252800    63200.00 fs  T  404.64 K  E    -779.080959 Ha
  Step   252900    63225.00 fs  T  439.57 K  E    -779.077513 Ha
  Step   253000    63250.00 fs  T  444.20 K  E    -779.077041 Ha
  Step   253100    63275.00 fs  T  340.62 K  E    -779.087309 Ha
  Step   253200    63300.00 fs  T  429.49 K  E    -779.078530 Ha
  Step   253300    63325.00 fs  T  408.01 K  E    -779.080631 Ha
  Step   253400    63350.00 fs  T  359.17 K  E    -779.085442 Ha
  Step   253500    63375.00 fs  T  369.37 K  E    -779.084469 Ha
  Step   253600    63400.00 fs  T  427.09 K  E    -779.078740 Ha
  Step   253700    63425.00 fs  T  394.86 K  E    -779.081917 Ha
  Step   253800    63450.00 fs  T  454.69 K  E    -779.076008 Ha
  Step   253900    63475.00 fs  T  445.44 K  E    -779.076938 Ha
  Step   254000    63500.00 fs  T  427.83 K  E    -779.078667 Ha
  Step   254100    63525.00 fs  T  417.83 K  E    -779.079652 Ha
  Step   254200    63550.00 fs  T  439.88 K  E    -779.077472 Ha
  Step   254300    63575.00 fs  T  391.88 K  E    -779.082232 Ha
  Step   254400    63600.00 fs  T  463.22 K  E    -779.075171 Ha
  Step   254500    63625.00 fs  T  473.34 K  E    -779.074155 Ha
  Step   254600    63650.00 fs  T  402.67 K  E    -779.081151 Ha
  Step   254700    63675.00 fs  T  453.57 K  E    -779.076126 Ha
  Step   254800    63700.00 fs  T  467.98 K  E    -779.074694 Ha
  Step   254900    63725.00 fs  T  319.25 K  E    -779.089398 Ha
  Step   255000    63750.00 fs  T  359.16 K  E    -779.085476 Ha
  Step   255100    63775.00 fs  T  324.61 K  E    -779.088913 Ha
  Step   255200    63800.00 fs  T  393.38 K  E    -779.082075 Ha
  Step   255300    63825.00 fs  T  366.00 K  E    -779.084781 Ha
  Step   255400    63850.00 fs  T  384.63 K  E    -779.082971 Ha
  Step   255500    63875.00 fs  T  392.90 K  E    -779.082125 Ha
  Step   255600    63900.00 fs  T  353.70 K  E    -779.085992 Ha
  Step   255700    63925.00 fs  T  428.10 K  E    -779.078650 Ha
  Step   255800    63950.00 fs  T  341.15 K  E    -779.087267 Ha
  Step   255900    63975.00 fs  T  421.41 K  E    -779.079300 Ha
  Step   256000    64000.00 fs  T  383.96 K  E    -779.083018 Ha
  Step   256100    64025.00 fs  T  349.84 K  E    -779.086407 Ha
  Step   256200    64050.00 fs  T  457.01 K  E    -779.075775 Ha
  Step   256300    64075.00 fs  T  491.22 K  E    -779.072405 Ha
  Step   256400    64100.00 fs  T  438.15 K  E    -779.077637 Ha
  Step   256500    64125.00 fs  T  462.18 K  E    -779.075260 Ha
  Step   256600    64150.00 fs  T  510.57 K  E    -779.070491 Ha
  Step   256700    64175.00 fs  T  318.45 K  E    -779.089492 Ha
  Step   256800    64200.00 fs  T  369.57 K  E    -779.084416 Ha
  Step   256900    64225.00 fs  T  491.96 K  E    -779.072319 Ha
  Step   257000    64250.00 fs  T  406.21 K  E    -779.080807 Ha
  Step   257100    64275.00 fs  T  322.95 K  E    -779.089043 Ha
  Step   257200    64300.00 fs  T  401.51 K  E    -779.081297 Ha
  Step   257300    64325.00 fs  T  425.82 K  E    -779.078872 Ha
  Step   257400    64350.00 fs  T  416.83 K  E    -779.079737 Ha
  Step   257500    64375.00 fs  T  386.78 K  E    -779.082747 Ha
  Step   257600    64400.00 fs  T  396.41 K  E    -779.081785 Ha
  Step   257700    64425.00 fs  T  361.52 K  E    -779.085229 Ha
  Step   257800    64450.00 fs  T  481.27 K  E    -779.073387 Ha
  Step   257900    64475.00 fs  T  435.22 K  E    -779.077946 Ha
  Step   258000    64500.00 fs  T  384.13 K  E    -779.082990 Ha
  Step   258100    64525.00 fs  T  507.86 K  E    -779.070759 Ha
  Step   258200    64550.00 fs  T  460.15 K  E    -779.075473 Ha
  Step   258300    64575.00 fs  T  304.76 K  E    -779.090836 Ha
  Step   258400    64600.00 fs  T  351.85 K  E    -779.086197 Ha
  Step   258500    64625.00 fs  T  346.05 K  E    -779.086788 Ha
  Step   258600    64650.00 fs  T  408.44 K  E    -779.080578 Ha
  Step   258700    64675.00 fs  T  377.00 K  E    -779.083703 Ha
  Step   258800    64700.00 fs  T  404.84 K  E    -779.080957 Ha
  Step   258900    64725.00 fs  T  356.84 K  E    -779.085687 Ha
  Step   259000    64750.00 fs  T  442.71 K  E    -779.077183 Ha
  Step   259100    64775.00 fs  T  438.28 K  E    -779.077643 Ha
  Step   259200    64800.00 fs  T  416.08 K  E    -779.079820 Ha
  Step   259300    64825.00 fs  T  417.41 K  E    -779.079706 Ha
  Step   259400    64850.00 fs  T  410.29 K  E    -779.080429 Ha
  Step   259500    64875.00 fs  T  324.93 K  E    -779.088857 Ha
  Step   259600    64900.00 fs  T  405.15 K  E    -779.080925 Ha
  Step   259700    64925.00 fs  T  395.77 K  E    -779.081866 Ha
  Step   259800    64950.00 fs  T  426.51 K  E    -779.078788 Ha
  Step   259900    64975.00 fs  T  431.55 K  E    -779.078288 Ha
  Step   260000    65000.00 fs  T  449.59 K  E    -779.076514 Ha
  Step   260100    65025.00 fs  T  411.60 K  E    -779.080262 Ha
  Step   260200    65050.00 fs  T  409.55 K  E    -779.080461 Ha
  Step   260300    65075.00 fs  T  379.39 K  E    -779.083475 Ha
  Step   260400    65100.00 fs  T  335.00 K  E    -779.087854 Ha
  Step   260500    65125.00 fs  T  298.61 K  E    -779.091464 Ha
  Step   260600    65150.00 fs  T  394.75 K  E    -779.081963 Ha
  Step   260700    65175.00 fs  T  421.59 K  E    -779.079283 Ha
  Step   260800    65200.00 fs  T  313.47 K  E    -779.089999 Ha
  Step   260900    65225.00 fs  T  416.31 K  E    -779.079824 Ha
  Step   261000    65250.00 fs  T  457.57 K  E    -779.075710 Ha
  Step   261100    65275.00 fs  T  425.20 K  E    -779.078917 Ha
  Step   261200    65300.00 fs  T  475.55 K  E    -779.073963 Ha
  Step   261300    65325.00 fs  T  370.24 K  E    -779.084374 Ha
  Step   261400    65350.00 fs  T  416.29 K  E    -779.079790 Ha
  Step   261500    65375.00 fs  T  407.05 K  E    -779.080745 Ha
  Step   261600    65400.00 fs  T  376.54 K  E    -779.083747 Ha
  Step   261700    65425.00 fs  T  439.19 K  E    -779.077526 Ha
  Step   261800    65450.00 fs  T  435.09 K  E    -779.077962 Ha
  Step   261900    65475.00 fs  T  467.20 K  E    -779.074769 Ha
  Step   262000    65500.00 fs  T  355.55 K  E    -779.085821 Ha
  Step   262100    65525.00 fs  T  410.00 K  E    -779.080453 Ha
  Step   262200    65550.00 fs  T  423.81 K  E    -779.079051 Ha
  Step   262300    65575.00 fs  T  376.88 K  E    -779.083690 Ha
  Step   262400    65600.00 fs  T  465.70 K  E    -779.074935 Ha
  Step   262500    65625.00 fs  T  395.74 K  E    -779.081843 Ha
  Step   262600    65650.00 fs  T  437.48 K  E    -779.077693 Ha
  Step   262700    65675.00 fs  T  483.68 K  E    -779.073169 Ha
  Step   262800    65700.00 fs  T  396.20 K  E    -779.081809 Ha
  Step   262900    65725.00 fs  T  454.12 K  E    -779.076045 Ha
  Step   263000    65750.00 fs  T  425.25 K  E    -779.078942 Ha
  Step   263100    65775.00 fs  T  414.79 K  E    -779.079966 Ha
  Step   263200    65800.00 fs  T  376.30 K  E    -779.083754 Ha
  Step   263300    65825.00 fs  T  392.06 K  E    -779.082225 Ha
  Step   263400    65850.00 fs  T  487.32 K  E    -779.072779 Ha
  Step   263500    65875.00 fs  T  435.90 K  E    -779.077837 Ha
  Step   263600    65900.00 fs  T  467.56 K  E    -779.074749 Ha
  Step   263700    65925.00 fs  T  398.77 K  E    -779.081537 Ha
  Step   263800    65950.00 fs  T  311.70 K  E    -779.090145 Ha
  Step   263900    65975.00 fs  T  430.74 K  E    -779.078397 Ha
  Step   264000    66000.00 fs  T  381.85 K  E    -779.083222 Ha
  Step   264100    66025.00 fs  T  365.38 K  E    -779.084844 Ha
  Step   264200    66050.00 fs  T  333.64 K  E    -779.088014 Ha
  Step   264300    66075.00 fs  T  454.16 K  E    -779.076072 Ha
  Step   264400    66100.00 fs  T  419.69 K  E    -779.079468 Ha
  Step   264500    66125.00 fs  T  402.52 K  E    -779.081180 Ha
  Step   264600    66150.00 fs  T  378.70 K  E    -779.083539 Ha
  Step   264700    66175.00 fs  T  379.89 K  E    -779.083392 Ha
  Step   264800    66200.00 fs  T  456.84 K  E    -779.075794 Ha
  Step   264900    66225.00 fs  T  468.53 K  E    -779.074659 Ha
  Step   265000    66250.00 fs  T  398.71 K  E    -779.081531 Ha
  Step   265100    66275.00 fs  T  343.19 K  E    -779.087061 Ha
  Step   265200    66300.00 fs  T  404.86 K  E    -779.080968 Ha
  Step   265300    66325.00 fs  T  430.24 K  E    -779.078416 Ha
  Step   265400    66350.00 fs  T  408.05 K  E    -779.080616 Ha
  Step   265500    66375.00 fs  T  428.09 K  E    -779.078642 Ha
  Step   265600    66400.00 fs  T  364.99 K  E    -779.084868 Ha
  Step   265700    66425.00 fs  T  364.02 K  E    -779.084989 Ha
  Step   265800    66450.00 fs  T  437.10 K  E    -779.077757 Ha
  Step   265900    66475.00 fs  T  362.34 K  E    -779.085131 Ha
  Step   266000    66500.00 fs  T  428.97 K  E    -779.078545 Ha
  Step   266100    66525.00 fs  T  484.93 K  E    -779.073025 Ha
  Step   266200    66550.00 fs  T  341.77 K  E    -779.087189 Ha
  Step   266300    66575.00 fs  T  398.57 K  E    -779.081552 Ha
  Step   266400    66600.00 fs  T  347.56 K  E    -779.086641 Ha
  Step   266500    66625.00 fs  T  372.53 K  E    -779.084147 Ha
  Step   266600    66650.00 fs  T  349.68 K  E    -779.086399 Ha
  Step   266700    66675.00 fs  T  475.02 K  E    -779.074012 Ha
  Step   266800    66700.00 fs  T  433.22 K  E    -779.078137 Ha
  Step   266900    66725.00 fs  T  406.86 K  E    -779.080743 Ha
  Step   267000    66750.00 fs  T  473.25 K  E    -779.074173 Ha
  Step   267100    66775.00 fs  T  299.95 K  E    -779.091331 Ha
  Step   267200    66800.00 fs  T  408.47 K  E    -779.080586 Ha
  Step   267300    66825.00 fs  T  366.06 K  E    -779.084798 Ha
  Step   267400    66850.00 fs  T  391.67 K  E    -779.082231 Ha
  Step   267500    66875.00 fs  T  411.78 K  E    -779.080258 Ha
  Step   267600    66900.00 fs  T  380.78 K  E    -779.083341 Ha
  Step   267700    66925.00 fs  T  373.38 K  E    -779.084054 Ha
  Step   267800    66950.00 fs  T  438.74 K  E    -779.077573 Ha
  Step   267900    66975.00 fs  T  427.43 K  E    -779.078711 Ha
  Step   268000    67000.00 fs  T  450.76 K  E    -779.076400 Ha
  Step   268100    67025.00 fs  T  355.74 K  E    -779.085812 Ha
  Step   268200    67050.00 fs  T  422.14 K  E    -779.079240 Ha
  Step   268300    67075.00 fs  T  402.21 K  E    -779.081207 Ha
  Step   268400    67100.00 fs  T  365.21 K  E    -779.084883 Ha
  Step   268500    67125.00 fs  T  482.22 K  E    -779.073290 Ha
  Step   268600    67150.00 fs  T  407.99 K  E    -779.080630 Ha
  Step   268700    67175.00 fs  T  437.99 K  E    -779.077667 Ha
  Step   268800    67200.00 fs  T  431.95 K  E    -779.078276 Ha
  Step   268900    67225.00 fs  T  356.92 K  E    -779.085690 Ha
  Step   269000    67250.00 fs  T  390.28 K  E    -779.082394 Ha
  Step   269100    67275.00 fs  T  378.86 K  E    -779.083532 Ha
  Step   269200    67300.00 fs  T  381.80 K  E    -779.083228 Ha
  Step   269300    67325.00 fs  T  417.76 K  E    -779.079673 Ha
  Step   269400    67350.00 fs  T  482.96 K  E    -779.073211 Ha
  Step   269500    67375.00 fs  T  383.98 K  E    -779.083007 Ha
  Step   269600    67400.00 fs  T  474.64 K  E    -779.074028 Ha
  Step   269700    67425.00 fs  T  426.91 K  E    -779.078766 Ha
  Step   269800    67450.00 fs  T  382.92 K  E    -779.083124 Ha
  Step   269900    67475.00 fs  T  404.48 K  E    -779.080982 Ha
  Step   270000    67500.00 fs  T  385.13 K  E    -779.082886 Ha
  Step   270100    67525.00 fs  T  418.27 K  E    -779.079611 Ha
  Step   270200    67550.00 fs  T  477.45 K  E    -779.073757 Ha
  Step   270300    67575.00 fs  T  409.98 K  E    -779.080435 Ha
  Step   270400    67600.00 fs  T  414.92 K  E    -779.079948 Ha
  Step   270500    67625.00 fs  T  405.92 K  E    -779.080847 Ha
  Step   270600    67650.00 fs  T  390.63 K  E    -779.082357 Ha
