
**********************************************************************
*                                                                    *
*                        M   A   P   L   E                           *
*                                                                    *
*      MAchine-learning Potential for Landscape Exploration          *
*                                                                    *
*                                                                    *
*      © 2025 University of Pittsburgh. All rights reserved.         *
*      Licensed under CC BY 4.0 for academic use.                    *
*                                                                    *
*      Principal Developer:  Xujian Wang                             *
*                                                                    *
**********************************************************************


Parsing # commands...
Global parameter: model = uma
Global nested parameter: md = {'ensemble': 'nve', 'timestep': 1.0, 'steps': 100, 'temperature': 300}
Global parameter: device = cpu
No task specified. Defaulting to 'sp'.
Parsed configuration:
----------------------------------------
Task: sp
model          : uma
md             : {'ensemble': 'nve', 'timestep': 1.0, 'steps': 100, 'temperature': 300}
device         : cpu

                             Coordinates                              
**********************************************************************

Energy: -11031.0841371487 Hartree



Program started: 2026-02-02 22:27:09

======================================================================
                      TIMING SUMMARY
======================================================================
Input Reading (×15).................................   0.008 s  (   0.2 %)
  Settings Parsing (×15)..............................   0.002 s  (  20.9 %)
  Coordinate Section Parsing (×15)....................   0.003 s  (  39.1 %)
  Post-Processing Expansion (×15).....................   0.000 s  (   0.4 %)
MLP Initialization (×15)............................   4.894 s  (  99.8 %)
Job Dispatching (×15)...............................  33.059 s  ( 673.9 %)
  Single Point Energy Calculation (×4)................   1.923 s  (   5.8 %)
  Frequency Calculation (×7)..........................   9.962 s  (  30.1 %)
  IRC Calculation (×4)................................  21.166 s  (  64.0 %)
======================================================================
Total wall time: 4.906 s
Total CPU time: 42.721 s
======================================================================

Program ended: 2026-02-02 22:27:14
TOTAL RUN TIME: 0 days 0 hours 0 minutes 4 seconds 905 msec
