
**********************************************************************
*                                                                    *
*                        M   A   P   L   E                           *
*                                                                    *
*      MAchine-learning Potential for Landscape Exploration          *
*                                                                    *
*                                                                    *
*      © 2025 University of Pittsburgh. All rights reserved.         *
*      Licensed under CC BY 4.0 for academic use.                    *
*                                                                    *
*      Principal Developer:  Xujian Wang                             *
*                                                                    *
**********************************************************************


Parsing # commands...
Global parameter: model = uma with options {'size': 'uma-s-1p1', 'task': 'omol'}
Task set to 'parmfit'
Global parameter: device = gpu0
Parsed configuration:
----------------------------------------
Task: parmfit
model          : uma(size=uma-s-1p1,task=omol)
method         : refinement
input          : Toluene.in
device         : gpu0

                             Coordinates                              
**********************************************************************

Group 1 (inline)
--------------------
1    C              0.000000             1.520000             0.000000
2    C              0.000000             0.000000             0.000000
3    C              1.209000            -0.697500             0.000000
4    C              1.209000            -2.092500             0.000000
5    C              0.000000            -2.790000             0.000000
6    C             -1.209000            -2.092500             0.000000
7    C             -1.209000            -0.697500             0.000000
8    H              1.026700             1.883300             0.000000
9    H             -0.513400             1.883300             0.889200
10   H             -0.513400             1.883300            -0.889200
11   H              2.147000            -0.155900             0.000000
12   H              2.147000            -2.634100             0.000000
13   H              0.000000            -3.873200             0.000000
14   H             -2.147000            -2.634100             0.000000
15   H             -2.147000            -0.155900             0.000000

[Refinement] initial parameter assignment ...

======================================================================
                       Parmfit Refinement Setup                       
======================================================================
Input mol2:        toluene_ff.mol2
Initial frcmod:    Toluene_work/Toluene_original.frcmod
Topology atoms:    15
Topology bonds:    15
Bonded refinement: mSeminario
QM reference:     disabled
QM compare:       disabled
TorsionFit:        enabled
Torsion backend:   cgbs
Torsion constraint:projected
Torsion ensemble:false
Scan grid:         10.0000 deg x 36 steps
Stage2 refine:     max_fast_cycles=3, max_iter_per_cycle=256, tol=1e-06
Torsion bonds:      auto-select non-ring torsion bonds with proper torsions

Assigned terms:
  bonds:      15 (unmatched: 0)
  angles:     24 (unmatched: 0)
  dihedrals:  30 (unmatched: 0)
  impropers:  6 (unmatched: 0)
  nonbonds:   15 (unmatched: 0)
======================================================================

[Refinement] MLIP geometry optimization ...
[Refinement] MLIP Hessian + mSeminario ...

============================================================================================================
                                       mSeminario bond/angle changes                                        
============================================================================================================
Display convention: left = before this stage | right = after this stage
Only changed force-field items are shown below.


------------------------------------------------------------------------------------------------------------
                                                   BONDS                                                    
------------------------------------------------------------------------------------------------------------
(1,2)            c3-ca             k=243.910000  r=1.515000           | 	 k=259.075775  r=1.501977          
(1,8)            c3-hc             k=345.250000  r=1.096000           | 	 k=357.882385  r=1.088549          
(1,9)            c3-hc             k=345.250000  r=1.096000           | 	 k=352.332991  r=1.090531          
(1,10)           c3-hc             k=345.250000  r=1.096000           | 	 k=352.344806  r=1.090522          
(2,3)            ca-ca             k=354.250000  r=1.399000           | 	 k=386.854150  r=1.388925          
(2,7)            ca-ca             k=354.250000  r=1.399000           | 	 k=376.396104  r=1.392698          
(3,4)            ca-ca             k=354.250000  r=1.399000           | 	 k=404.718915  r=1.387465          
(3,11)           ca-ha             k=360.690000  r=1.086000           | 	 k=375.892051  r=1.083503          
(4,5)            ca-ca             k=354.250000  r=1.399000           | 	 k=403.726912  r=1.385466          
(4,12)           ca-ha             k=360.690000  r=1.086000           | 	 k=381.009889  r=1.082172          
(5,6)            ca-ca             k=354.250000  r=1.399000           | 	 k=395.880301  r=1.388672          
(5,13)           ca-ha             k=360.690000  r=1.086000           | 	 k=384.182489  r=1.080907          
(6,7)            ca-ca             k=354.250000  r=1.399000           | 	 k=407.663146  r=1.384648          
(6,14)           ca-ha             k=360.690000  r=1.086000           | 	 k=380.521610  r=1.082381          
(7,15)           ca-ha             k=360.690000  r=1.086000           | 	 k=374.719213  r=1.083999          

------------------------------------------------------------------------------------------------------------
                                                   ANGLES                                                   
------------------------------------------------------------------------------------------------------------
(2,1,8)          ca-c3-hc                k=43.610000  theta=110.6300          | 	 k=52.555010  theta=110.8772         
(2,1,9)          ca-c3-hc                k=43.610000  theta=110.6300          | 	 k=55.292587  theta=110.9243         
(2,1,10)         ca-c3-hc                k=43.610000  theta=110.6300          | 	 k=54.361492  theta=110.9243         
(8,1,9)          hc-c3-hc                k=35.800000  theta=107.7300          | 	 k=32.741822  theta=108.1504         
(8,1,10)         hc-c3-hc                k=35.800000  theta=107.7300          | 	 k=30.021406  theta=108.1507         
(9,1,10)         hc-c3-hc                k=35.800000  theta=107.7300          | 	 k=30.288847  theta=107.6876         
(1,2,3)          c3-ca-ca                k=60.740000  theta=120.8300          | 	 k=97.186874  theta=120.8028         
(1,2,7)          c3-ca-ca                k=60.740000  theta=120.8300          | 	 k=97.364949  theta=120.5272         
(3,2,7)          ca-ca-ca                k=63.670000  theta=120.0200          | 	 k=114.059665  theta=118.6700        
(2,3,4)          ca-ca-ca                k=63.670000  theta=120.0200          | 	 k=115.409631  theta=120.8271        
(2,3,11)         ca-ca-ha                k=44.900000  theta=119.8800          | 	 k=33.416878  theta=119.1768         
(4,3,11)         ca-ca-ha                k=44.900000  theta=119.8800          | 	 k=33.916726  theta=119.9961         
(3,4,5)          ca-ca-ca                k=63.670000  theta=120.0200          | 	 k=114.217384  theta=120.0286        
(3,4,12)         ca-ca-ha                k=44.900000  theta=119.8800          | 	 k=34.318806  theta=119.8173         
(5,4,12)         ca-ca-ha                k=44.900000  theta=119.8800          | 	 k=33.717105  theta=120.1540         
(4,5,6)          ca-ca-ca                k=63.670000  theta=120.0200          | 	 k=107.979896  theta=119.6532        
(4,5,13)         ca-ca-ha                k=44.900000  theta=119.8800          | 	 k=33.023308  theta=120.1708         
(6,5,13)         ca-ca-ha                k=44.900000  theta=119.8800          | 	 k=33.044568  theta=120.1760         
(5,6,7)          ca-ca-ca                k=63.670000  theta=120.0200          | 	 k=108.636846  theta=120.0861        
(5,6,14)         ca-ca-ha                k=44.900000  theta=119.8800          | 	 k=33.369596  theta=119.9662         
(7,6,14)         ca-ca-ha                k=44.900000  theta=119.8800          | 	 k=33.362124  theta=119.9477         
(2,7,6)          ca-ca-ca                k=63.670000  theta=120.0200          | 	 k=107.419704  theta=120.7350        
(2,7,15)         ca-ca-ha                k=44.900000  theta=119.8800          | 	 k=33.561068  theta=119.3264         
(6,7,15)         ca-ca-ha                k=44.900000  theta=119.8800          | 	 k=33.618366  theta=119.9387         

[Refinement] TorsionFit ...

============================================================================================================
                                         TorsionFit torsion changes                                         
============================================================================================================
Display convention: left = before this stage | right = after this stage
Only changed force-field items are shown below.


------------------------------------------------------------------------------------------------------------
                                                 DIHEDRALS                                                  
------------------------------------------------------------------------------------------------------------
(3,2,1,8)          ca-ca-c3-hc                term=1 k=0.000000  n=1.000  phase=0.0000  |  k=0.326630  n=1.000  phase=0.0092 
(3,2,1,8)          ca-ca-c3-hc                term=2 k=NA  n=NA  phase=NA               |  k=0.339408  n=2.000  phase=-179.9940
(3,2,1,8)          ca-ca-c3-hc                term=3 k=NA  n=NA  phase=NA               |  k=0.293429  n=3.000  phase=107.5682
(3,2,1,8)          ca-ca-c3-hc                term=4 k=NA  n=NA  phase=NA               |  k=0.224347  n=4.000  phase=-0.1069
(7,2,1,8)          ca-ca-c3-hc                term=1 k=0.000000  n=1.000  phase=0.0000  |  k=0.326709  n=1.000  phase=-179.9908
(7,2,1,8)          ca-ca-c3-hc                term=2 k=NA  n=NA  phase=NA               |  k=0.339597  n=2.000  phase=-179.9940
(7,2,1,8)          ca-ca-c3-hc                term=3 k=NA  n=NA  phase=NA               |  k=0.293589  n=3.000  phase=107.8966
(7,2,1,8)          ca-ca-c3-hc                term=4 k=NA  n=NA  phase=NA               |  k=0.221851  n=4.000  phase=-0.1063
(3,2,1,9)          ca-ca-c3-hc                term=1 k=0.000000  n=1.000  phase=0.0000  |  k=0.326630  n=1.000  phase=0.0092 
(3,2,1,9)          ca-ca-c3-hc                term=2 k=NA  n=NA  phase=NA               |  k=0.339408  n=2.000  phase=-179.9940
(3,2,1,9)          ca-ca-c3-hc                term=3 k=NA  n=NA  phase=NA               |  k=0.293429  n=3.000  phase=107.5682
(3,2,1,9)          ca-ca-c3-hc                term=4 k=NA  n=NA  phase=NA               |  k=0.224347  n=4.000  phase=-0.1069
(7,2,1,9)          ca-ca-c3-hc                term=1 k=0.000000  n=1.000  phase=0.0000  |  k=0.326709  n=1.000  phase=-179.9908
(7,2,1,9)          ca-ca-c3-hc                term=2 k=NA  n=NA  phase=NA               |  k=0.339597  n=2.000  phase=-179.9940
(7,2,1,9)          ca-ca-c3-hc                term=3 k=NA  n=NA  phase=NA               |  k=0.293589  n=3.000  phase=107.8966
(7,2,1,9)          ca-ca-c3-hc                term=4 k=NA  n=NA  phase=NA               |  k=0.221851  n=4.000  phase=-0.1063
(3,2,1,10)         ca-ca-c3-hc                term=1 k=0.000000  n=1.000  phase=0.0000  |  k=0.326630  n=1.000  phase=0.0092 
(3,2,1,10)         ca-ca-c3-hc                term=2 k=NA  n=NA  phase=NA               |  k=0.339408  n=2.000  phase=-179.9940
(3,2,1,10)         ca-ca-c3-hc                term=3 k=NA  n=NA  phase=NA               |  k=0.293429  n=3.000  phase=107.5682
(3,2,1,10)         ca-ca-c3-hc                term=4 k=NA  n=NA  phase=NA               |  k=0.224347  n=4.000  phase=-0.1069
(7,2,1,10)         ca-ca-c3-hc                term=1 k=0.000000  n=1.000  phase=0.0000  |  k=0.326709  n=1.000  phase=-179.9908
(7,2,1,10)         ca-ca-c3-hc                term=2 k=NA  n=NA  phase=NA               |  k=0.339597  n=2.000  phase=-179.9940
(7,2,1,10)         ca-ca-c3-hc                term=3 k=NA  n=NA  phase=NA               |  k=0.293589  n=3.000  phase=107.8966
(7,2,1,10)         ca-ca-c3-hc                term=4 k=NA  n=NA  phase=NA               |  k=0.221851  n=4.000  phase=-0.1063

[Refinement] export GROMACS ...
[Refinement] export Amber ...

======================================================================
                      PARMFIT REFINEMENT RESULT                       
======================================================================
Status: completed
Input mol2: toluene_ff.mol2

Main products:
  Amber mol2:   Toluene_work/Toluene_maple.mol2
  Amber frcmod: Toluene_work/Toluene_maple.frcmod
  GROMACS top:  Toluene_work/Toluene_maple.top
  GROMACS gro:  Toluene_work/Toluene_maple.gro
  Amber tleap:  Toluene_work/Toluene_maple_tleap.in

Stage timing:
  TorsionFit                           16s
  Hessian + mSeminario                  7s
  geometry optimization                 2s
  initial parameter assignment          0s
  export GROMACS                        0s
  export Amber                          0s
  charge fitting                        0s

Parameter changes:
  bonded refinement:              mSeminario
  bonds changed by bonded refine:  15
  angles changed by bonded refine: 24
  dihedrals changed by TorsionFit: 6
  other changes:                   none

Torsion energy trace:
  
torsion bond (1, 2):
    scan xyz: Toluene_work/torsionfit/Toluene_torsionfit_1-2_scan_final.xyz
    angle_deg    MLIP_ref     orig_ref    stage0_ref    stage1_ref    stage2_ref
       0.0032    0.014625    0.082110    0.021947    0.019616    0.019646
      10.0032    0.015667    0.066048    0.012314    0.011281    0.010427
      20.0032    0.018853    0.040579   -0.002205   -0.000038   -0.003309
      30.0032    0.021836    0.025377   -0.004932    0.001385   -0.005184
      40.0032    0.023532    0.030268    0.010141    0.020399    0.010542
      50.0032    0.024142    0.045495    0.030983    0.043997    0.031749
      60.0032    0.024782    0.050943    0.037886    0.051927    0.038823
      70.0032    0.025233    0.036224    0.023051    0.036323    0.024124
      80.0032    0.024271    0.011250   -0.001104    0.009932    0.000146
      90.0032    0.021052   -0.003922   -0.013707   -0.005759   -0.012272
     100.0032    0.015892    0.001166   -0.005325   -0.000518   -0.003772
     110.0032    0.011112    0.017573    0.013715    0.016186    0.015308
     120.0032    0.008811    0.025864    0.023266    0.024890    0.024873
     130.0032    0.009498    0.015583    0.013133    0.015649    0.014748
     140.0032    0.011384   -0.004166   -0.007087   -0.002258   -0.005552
     150.0032    0.012555   -0.014283   -0.018186   -0.010376   -0.016934
     160.0032    0.012236   -0.004998   -0.010376    0.000188   -0.009628
     170.0032    0.011329    0.014332    0.007513    0.019877    0.007678
     180.0032    0.011065    0.023969    0.016981    0.029797    0.016730
     190.0032    0.011634    0.013309    0.008439    0.020310    0.008119
     200.0032    0.011796   -0.008324   -0.008963    0.000802   -0.009004
     210.0032    0.010237   -0.021352   -0.017525   -0.010565   -0.017114
     220.0032    0.007321   -0.015349   -0.009017   -0.004898   -0.008188
     230.0032    0.004613    0.001154    0.006817    0.008834    0.007935
     240.0032    0.004173    0.009450    0.012264    0.013592    0.013574
     250.0032    0.006009   -0.000374   -0.000211    0.002140    0.001253
     260.0032    0.008698   -0.019082   -0.019446   -0.014610   -0.017887
     270.0032    0.010210   -0.027945   -0.026440   -0.018379   -0.024928
     280.0032    0.010001   -0.017577   -0.013077   -0.001974   -0.011795
     290.0032    0.009220    0.002525    0.009667    0.022820    0.010604
     300.0032    0.009113    0.012705    0.021503    0.035218    0.022129
     310.0032    0.009795    0.002516    0.012195    0.024862    0.012653
     320.0032    0.009918   -0.018794   -0.008873    0.001353   -0.008461
     330.0032    0.008060   -0.031753   -0.022660   -0.015746   -0.022291
     340.0032    0.004577   -0.025801   -0.019008   -0.015491   -0.018767
     350.0032    0.001174   -0.009085   -0.005821   -0.004872   -0.005751
     360.0032    0.000000    0.000000    0.000000    0.000000    0.000000
    MLIP_ref vs stage2_final: MAE = 0.014590 kcal/mol, RMSE = 0.017831 kcal/mol

TorsionFit:
  state: enabled
  torsion bonds: (1, 2)
  scan files:
    (1, 2): Toluene_work/torsionfit/Toluene_torsionfit_1-2_scan_final.xyz
  stage1: completed
  stage2: enabled, max_fast_cycles=3
  fast cycles: executed=3, accepted=3, rejected=0
  final parameters: Stage2 fast cycle 3

Warnings:
  none
======================================================================

======================================================================
                              IMPORTANT                               
======================================================================
Due to the limitations of custom atom types, the exported topology
must be normalized with ParmEd before use. tleap identifies hydrogens
by the leading character of the atom type, which MAPLE types do not
carry, so it writes an empty BONDS_INC_HYDROGEN section and SHAKE
(ntc=2) would constrain nothing. ParmEd rebuilds that section from
ATOMIC_NUMBER, e.g.:
  tleap -f Toluene_maple_tleap.in
  parmed -p Toluene_maple_gas.prmtop <<< $'outparm Toluene_maple_gas_parmed.prmtop\nquit'
======================================================================



Program started: 2026-10-08 06:13:57

======================================================================
                      TIMING SUMMARY
======================================================================
Input Reading.......................................   1.145 s  (   3.1 %)
  Settings Parsing....................................   1.143 s  (  99.9 %)
  Coordinate Section Parsing..........................   0.001 s  (   0.0 %)
  Post-Processing Expansion...........................   0.000 s  (   0.0 %)
MLP Initialization..................................  10.894 s  (  29.1 %)
Job Dispatching.....................................  25.401 s  (  67.8 %)
  Parmfit optimization................................  25.400 s  ( 100.0 %)
    Parmfit refinement..................................  25.344 s  (  99.8 %)
======================================================================
Total wall time: 37.440 s
Total CPU time: 40.144 s
======================================================================

Program ended: 2026-10-08 06:14:34
TOTAL RUN TIME: 0 days 0 hours 0 minutes 37 seconds 439 msec
