
**********************************************************************
*                                                                    *
*                        M   A   P   L   E                           *
*                                                                    *
*      MAchine-learning Potential for Landscape Exploration          *
*                                                                    *
*                                                                    *
*      © 2025 University of Pittsburgh. All rights reserved.         *
*      Licensed under CC BY 4.0 for academic use.                    *
*                                                                    *
*      Principal Developer:  Xujian Wang                             *
*                                                                    *
**********************************************************************


Parsing # commands...
Global parameter: model = ani2x
Task set to 'parmfit'
Parsed configuration:
----------------------------------------
Task: parmfit
model          : ani2x
method         : correction
mol2           : demo_ff.mol2
frcmod         : demo_ff.frcmod

                             Coordinates                              
**********************************************************************

Group 1 (inline)
--------------------
1    C             -2.328700             0.171000            -0.235200
2    C             -0.996400             0.200900            -0.668600
3    C             -0.288500             1.410300            -0.674600
4    C             -0.913000             2.589900            -0.247400
5    C             -2.245300             2.560000             0.186000
6    C             -2.953200             1.350500             0.192000
7    C             -3.106600            -1.158100            -0.228600
8    C             -2.482200            -2.337700            -0.655800
9    C             -3.190100            -3.547100            -0.649800
10   C             -4.522400            -3.577000            -0.216400
11   C             -5.146900            -2.397400             0.210900
12   C             -4.439000            -1.188000             0.204800
13   H             -0.519600            -0.699800            -0.994800
14   H              0.728800             1.433100            -1.005500
15   H             -0.372500             3.513300            -0.252000
16   H             -2.722100             3.460600             0.512200
17   H             -3.970500             1.327700             0.522900
18   H             -1.464900            -2.314800            -0.986700
19   H             -2.713200            -4.447700            -0.976000
20   H             -5.062900            -4.500400            -0.211800
21   H             -6.164200            -2.420200             0.541700
22   H             -4.915800            -0.287400             0.531000

======================================================================
                      Parmfit Correction Summary                      
======================================================================
mol2:              /home/hungn/Desktop/MyRepo/MLP/MAPLE/maple/function/dispatcher/parmfit/example/demo_ff.mol2
frcmod:            /home/hungn/Desktop/MyRepo/MLP/MAPLE/maple/function/dispatcher/parmfit/example/demo_ff.frcmod
Topology atoms:    22
Topology bonds:    23
Bond terms:        23 (unmatched: 0)
Angle terms:       36 (unmatched: 0)
Dihedral terms:    52 (unmatched: 0)
Improper terms:    12 (unmatched: 0)
Nonbond terms:     22 (unmatched: 0)
Dynamic correction:applied
======================================================================

============================================================================================
                                    Torsion Fit Summary                                     
============================================================================================
torsionfit:      enabled
scan grid:       5.0000 deg x 72 steps
refinement:      200 rounds, max_iter=100, tol=0.0001
center bonds:    auto-select non-ring center bonds with proper torsions
completed fits:  1

============================================================================================
                                  Parmfit Torsion Scan Fit                                  
============================================================================================
Center bond: (1, 7)
Representative dihedral: (2, 1, 7, 8)
Scan xyz: /home/hungn/Desktop/MyRepo/MLP/MAPLE/maple/function/dispatcher/parmfit/example/corr_torsionfit_1-7_scan_final.xyz
Target proper count: 4

Target proper order:
   1. atoms=(2, 1, 7, 8) types=('ca', 'cp', 'cp', 'ca')
   2. atoms=(2, 1, 7, 12) types=('ca', 'cp', 'cp', 'ca')
   3. atoms=(6, 1, 7, 8) types=('ca', 'cp', 'cp', 'ca')
   4. atoms=(6, 1, 7, 12) types=('ca', 'cp', 'cp', 'ca')

Stage-1 delta initializer:
  step 1: group=(1, 2, 3, 4) delta_kPhi=[0.306009, -0.322432, -0.322862, -1.638100]

Stage-1 fitted kPhi per proper:
   1.1: kPhi 0.765000 -> 1.071009  n=2.000  phase=180.000
   2.1: kPhi 0.765000 -> 0.442568  n=2.000  phase=180.000
   3.1: kPhi 0.765000 -> 0.442138  n=2.000  phase=180.000
   4.1: kPhi 0.765000 -> -0.873100  n=2.000  phase=180.000

Point table:
 angle_deg      QM_rel      orig_MM    MM_zeroed_rel    torsion_fit    MM_refit_rel    residual_after
  359.9984    3.033767    3.082892        6.115387      1.942249      5.025140       -1.991374
  364.9984    3.238835    2.792000        5.808657      1.940626      4.732626       -1.493791
  369.9984    2.660686    1.347933        4.082470      1.672630      3.020563       -0.359877
  374.9984    1.976235    0.698279        3.090030      1.372710      2.070990       -0.094755
  379.9984    1.702243    0.494791        2.813898      1.482780      1.977571       -0.275328
  384.9984    0.951215    0.038646        1.706456      0.883393      0.922039        0.029176
  389.9984    0.761538   -0.146970        1.410914      1.024291      0.877322       -0.115784
  394.9984    0.288541   -0.105602        0.757475      0.440596      0.334994       -0.046452
  399.9984    0.306658   -0.148990        0.585998      0.603334      0.454344       -0.147686
  404.9984    0.000000    0.000000        0.000000      0.000000      0.000000        0.000000
  409.9984    0.278966    0.219384        0.077367      0.156055      0.375439       -0.096473
  414.9984    0.292226    0.520763       -0.354190     -0.455506      0.065257        0.226969
  419.9984    0.814425    0.881152       -0.123416     -0.307256      0.573896        0.240529
  424.9984    0.969538    1.095852       -0.598287     -0.916271      0.179581        0.789956
  429.9984    1.667024    1.580957       -0.221521     -0.797846      0.783111        0.883913
  434.9984    1.850675    1.741548       -0.686029     -1.417273      0.324275        1.526399
  439.9984    2.593511    2.200186       -0.292140     -1.330474      0.869712        1.723799
  444.9984    2.769583    2.208022       -0.699332     -1.796581      0.411441        2.358143
  449.9984    3.449719    2.584836       -0.340086     -1.758713      0.826123        2.623597
  454.9984    2.977298    2.451997       -0.611671     -2.009445      0.442552        2.534746
  459.9984    3.076331    2.399924       -0.617042     -2.020624      0.379300        2.697031
  464.9984    2.952033    2.612104       -0.262803     -1.983380      0.628724        2.323309
  469.9984    1.438027    1.266965       -1.015648     -1.434867     -0.167902        1.605929
  474.9984    1.322785    1.242453       -0.893357     -1.485478     -0.243024        1.565810
  479.9984    0.700773    1.122757       -0.387508     -0.963094      0.159663        0.541109
  484.9984    0.679673    0.973810       -0.384877     -1.073069     -0.099259        0.778932
  489.9984    0.143555    0.360558       -0.219876     -0.406028     -0.045470        0.189026
  494.9984    0.311469    0.450089        0.058932     -0.499941     -0.049851        0.361321
  499.9984    0.120576    0.031613        0.325163      0.038493      0.070106        0.050470
  504.9984    0.608548    0.349104        0.813008     -0.073886      0.275217        0.333331
  509.9984    0.667910    0.029821        1.188151      0.508665      0.538486        0.129424
  514.9984    1.392845    0.533647        1.839589      0.407471      0.941118        0.451727
  519.9984    1.606488    0.555602        2.524252      1.023233      1.578834        0.027654
  524.9984    2.463799    1.187890        3.260909      0.939184      2.127074        0.336725
  529.9984    2.682052    1.745627        4.371734      1.523932      3.269559       -0.587507
  534.9984    3.483536    2.348592        5.019110      1.462307      3.810900       -0.327364
  539.9984    3.348836    2.964399        5.971605      1.902624      4.867023       -1.518187
  544.9984    3.516558    2.817711        5.828074      1.924397      4.742109       -1.225551
  549.9984    2.857844    2.117232        4.954614      1.809350      3.926582       -1.068738
  554.9984    2.180036    1.273389        3.767377      1.509351      2.782741       -0.602704
  559.9984    1.873252    0.737088        3.136049      1.584127      2.321215       -0.447963
  564.9984    1.162923    0.279094        2.096423      1.078331      1.357425       -0.194503
  569.9984    0.998352    0.007954        1.678147      1.166819      1.174773       -0.176421
  574.9984    0.365754   -0.052722        0.914549      0.574605      0.521882       -0.156128
  579.9984    0.375886   -0.129964        0.661861      0.675498      0.545534       -0.169648
  584.9984    0.331984    0.062738        0.379913      0.405520      0.468258       -0.136273
  589.9984    0.845030    0.506869        0.602274      0.458626      0.965494       -0.120465
  594.9984    0.377910    0.645995       -0.151792     -0.355995      0.289999        0.087911
  599.9984    0.901493    0.987235        0.040269     -0.232319      0.754915        0.146578
  604.9984    1.054862    1.181547       -0.397258     -0.764772      0.416775        0.638087
  609.9984    1.816592    1.716593        0.014682     -0.663047      1.053546        0.763046
  614.9984    1.925288    1.891013       -0.436416     -1.281662      0.609351        1.315937
  619.9984    2.697995    2.369229       -0.030844     -1.200688      1.168541        1.529454
  624.9984    2.840461    2.466535       -0.403307     -1.742532      0.724003        2.116458
  629.9984    3.520733    2.800901       -0.082095     -1.693636      1.107264        2.413468
  634.9984    3.277799    2.884161       -0.187560     -2.011134      0.873026        2.404773
  639.9984    2.528440    2.004960       -0.838138     -1.814890      0.190071        2.338370
  644.9984    2.097026    2.045807       -0.673392     -1.800471      0.245336        1.851690
  649.9984    1.556958    1.446719       -0.879369     -1.491250     -0.044531        1.601489
  654.9984    1.504632    1.408826       -0.801047     -1.577641     -0.168815        1.673447
  659.9984    0.656161    1.176347       -0.267148     -0.877081      0.299266        0.356895
  664.9984    0.639952    0.998290       -0.315425     -1.016406     -0.018115        0.658067
  669.9984    0.133934    0.248134       -0.258918     -0.311962     -0.063828        0.197762
  674.9984    0.266797    0.339301       -0.030062     -0.472201     -0.132900        0.399696
  679.9984    0.085834    0.054151        0.459042      0.181412      0.235563       -0.149729
  684.9984    0.458760    0.290642        0.819809      0.010172      0.300814        0.157946
  689.9984    0.563174   -0.233103        0.998004      0.603227      0.370124        0.193050
  694.9984    1.202317    0.358586        1.704554      0.460229      0.818815        0.383502
  699.9984    1.467912    0.461804        2.488623      1.100563      1.562367       -0.094455
  704.9984    2.227837    1.106128        3.205804      0.975669      2.081797        0.146039
  709.9984    2.483684    1.396158        4.067875      1.586888      2.983046       -0.499362
  714.9984    3.205028    2.148159        4.853713      1.513451      3.661610       -0.456582
  719.9984    3.037797    2.412637        5.444252      1.940869      4.353507       -1.315710

Local initializer RMSE: 1.147541
MAE:                   0.816048
MaxAbsError:           2.697031
============================================================================================

============================================================================================
                                    Torsion Refit Cycles                                    
============================================================================================
requested rounds: 200
max iter / block: 100
acceptance tol:   0.0001 kcal/mol
completed cycles: 12

cycle 1: accepted=1 rejected=0  objective 5.794675 -> 0.508630  global RMSE 1.147541 -> 0.702561
  center bond (1, 7): objective 5.794675 -> 0.508630  global RMSE 1.147541 -> 0.702561  (accepted, iterations=3)
     1.1: kPhi 1.071009 -> 0.821426  n=2.000  phase=180.000
     2.1: kPhi 0.442568 -> 0.817649  n=2.000  phase=180.000
     3.1: kPhi 0.442138 -> 0.817747  n=2.000  phase=180.000
     4.1: kPhi -0.873100 -> 0.800885  n=2.000  phase=180.000
  per-scan RMSE:
    (1, 7): 1.147541 -> 0.702561

cycle 2: accepted=1 rejected=0  objective 0.508630 -> 0.386870  global RMSE 0.702561 -> 0.621120
  center bond (1, 7): objective 0.508630 -> 0.386870  global RMSE 0.702561 -> 0.621120  (accepted, iterations=2)
     1.1: kPhi 0.821426 -> 0.744987  n=2.000  phase=180.000
     2.1: kPhi 0.817649 -> 0.752915  n=2.000  phase=180.000
     3.1: kPhi 0.817747 -> 0.753020  n=2.000  phase=180.000
     4.1: kPhi 0.800885 -> 0.759547  n=2.000  phase=180.000
  per-scan RMSE:
    (1, 7): 0.702561 -> 0.621120

cycle 3: accepted=1 rejected=0  objective 0.386870 -> 0.366736  global RMSE 0.621120 -> 0.598248
  center bond (1, 7): objective 0.386870 -> 0.366736  global RMSE 0.621120 -> 0.598248  (accepted, iterations=2)
     1.1: kPhi 0.744987 -> 0.717452  n=2.000  phase=180.000
     2.1: kPhi 0.752915 -> 0.727232  n=2.000  phase=180.000
     3.1: kPhi 0.753020 -> 0.727337  n=2.000  phase=180.000
     4.1: kPhi 0.759547 -> 0.736993  n=2.000  phase=180.000
  per-scan RMSE:
    (1, 7): 0.621120 -> 0.598248

cycle 4: accepted=1 rejected=0  objective 0.366736 -> 0.363390  global RMSE 0.598248 -> 0.590913
  center bond (1, 7): objective 0.366736 -> 0.363390  global RMSE 0.598248 -> 0.590913  (accepted, iterations=2)
     1.1: kPhi 0.717452 -> 0.706434  n=2.000  phase=180.000
     2.1: kPhi 0.727232 -> 0.716805  n=2.000  phase=180.000
     3.1: kPhi 0.727337 -> 0.716910  n=2.000  phase=180.000
     4.1: kPhi 0.736993 -> 0.727463  n=2.000  phase=180.000
  per-scan RMSE:
    (1, 7): 0.598248 -> 0.590913

cycle 5: accepted=1 rejected=0  objective 0.363390 -> 0.362834  global RMSE 0.590913 -> 0.588269
  center bond (1, 7): objective 0.363390 -> 0.362834  global RMSE 0.590913 -> 0.588269  (accepted, iterations=2)
     1.1: kPhi 0.706434 -> 0.701954  n=2.000  phase=180.000
     2.1: kPhi 0.716805 -> 0.712557  n=2.000  phase=180.000
     3.1: kPhi 0.716910 -> 0.712662  n=2.000  phase=180.000
     4.1: kPhi 0.727463 -> 0.723558  n=2.000  phase=180.000
  per-scan RMSE:
    (1, 7): 0.590913 -> 0.588269

cycle 6: accepted=1 rejected=0  objective 0.362834 -> 0.362741  global RMSE 0.588269 -> 0.587250
  center bond (1, 7): objective 0.362834 -> 0.362741  global RMSE 0.588269 -> 0.587250  (accepted, iterations=2)
     1.1: kPhi 0.701954 -> 0.700128  n=2.000  phase=180.000
     2.1: kPhi 0.712557 -> 0.710825  n=2.000  phase=180.000
     3.1: kPhi 0.712662 -> 0.710930  n=2.000  phase=180.000
     4.1: kPhi 0.723558 -> 0.721965  n=2.000  phase=180.000
  per-scan RMSE:
    (1, 7): 0.588269 -> 0.587250

cycle 7: accepted=1 rejected=0  objective 0.362741 -> 0.362726  global RMSE 0.587250 -> 0.586844
  center bond (1, 7): objective 0.362741 -> 0.362726  global RMSE 0.587250 -> 0.586844  (accepted, iterations=2)
     1.1: kPhi 0.700128 -> 0.699383  n=2.000  phase=180.000
     2.1: kPhi 0.710825 -> 0.710119  n=2.000  phase=180.000
     3.1: kPhi 0.710930 -> 0.710224  n=2.000  phase=180.000
     4.1: kPhi 0.721965 -> 0.721315  n=2.000  phase=180.000
  per-scan RMSE:
    (1, 7): 0.587250 -> 0.586844

cycle 8: accepted=1 rejected=0  objective 0.362726 -> 0.362723  global RMSE 0.586844 -> 0.586681
  center bond (1, 7): objective 0.362726 -> 0.362723  global RMSE 0.586844 -> 0.586681  (accepted, iterations=2)
     1.1: kPhi 0.699383 -> 0.699080  n=2.000  phase=180.000
     2.1: kPhi 0.710119 -> 0.709831  n=2.000  phase=180.000
     3.1: kPhi 0.710224 -> 0.709936  n=2.000  phase=180.000
     4.1: kPhi 0.721315 -> 0.721050  n=2.000  phase=180.000
  per-scan RMSE:
    (1, 7): 0.586844 -> 0.586681

cycle 9: accepted=1 rejected=0  objective 0.362723 -> 0.362723  global RMSE 0.586681 -> 0.586614
  center bond (1, 7): objective 0.362723 -> 0.362723  global RMSE 0.586681 -> 0.586614  (accepted, iterations=2)
     1.1: kPhi 0.699080 -> 0.698956  n=2.000  phase=180.000
     2.1: kPhi 0.709831 -> 0.709714  n=2.000  phase=180.000
     3.1: kPhi 0.709936 -> 0.709819  n=2.000  phase=180.000
     4.1: kPhi 0.721050 -> 0.720942  n=2.000  phase=180.000
  per-scan RMSE:
    (1, 7): 0.586681 -> 0.586614

cycle 10: accepted=1 rejected=0  objective 0.362723 -> 0.362723  global RMSE 0.586614 -> 0.586539
  center bond (1, 7): objective 0.362723 -> 0.362723  global RMSE 0.586614 -> 0.586539  (accepted, iterations=1)
     1.1: kPhi 0.698956 -> 0.698817  n=2.000  phase=180.000
     2.1: kPhi 0.709714 -> 0.709581  n=2.000  phase=180.000
     3.1: kPhi 0.709819 -> 0.709687  n=2.000  phase=180.000
     4.1: kPhi 0.720942 -> 0.720820  n=2.000  phase=180.000
  per-scan RMSE:
    (1, 7): 0.586614 -> 0.586539

cycle 11: accepted=1 rejected=0  objective 0.362723 -> 0.362723  global RMSE 0.586539 -> 0.586587
  center bond (1, 7): objective 0.362723 -> 0.362723  global RMSE 0.586539 -> 0.586587  (accepted, iterations=1)
     1.1: kPhi 0.698817 -> 0.698906  n=2.000  phase=180.000
     2.1: kPhi 0.709581 -> 0.709666  n=2.000  phase=180.000
     3.1: kPhi 0.709687 -> 0.709771  n=2.000  phase=180.000
     4.1: kPhi 0.720820 -> 0.720898  n=2.000  phase=180.000
  per-scan RMSE:
    (1, 7): 0.586539 -> 0.586587

cycle 12: accepted=0 rejected=1  objective 0.362723 -> 0.362723  global RMSE 0.586587 -> 0.586587
  center bond (1, 7): objective 0.362723 -> 0.362723  global RMSE 0.586587 -> 0.586587  (rejected, iterations=1)
     1.1: kPhi 0.698906 -> 0.698906  n=2.000  phase=180.000
     2.1: kPhi 0.709666 -> 0.709666  n=2.000  phase=180.000
     3.1: kPhi 0.709771 -> 0.709771  n=2.000  phase=180.000
     4.1: kPhi 0.720898 -> 0.720898  n=2.000  phase=180.000
  per-scan RMSE:
    (1, 7): 0.586587 -> 0.586587
============================================================================================

============================================================================================================
                                    Parmfit Correction Parameter Report                                     
============================================================================================================
mol2:   /home/hungn/Desktop/MyRepo/MLP/MAPLE/maple/function/dispatcher/parmfit/example/demo_ff.mol2
frcmod: /home/hungn/Desktop/MyRepo/MLP/MAPLE/maple/function/dispatcher/parmfit/example/demo_ff.frcmod
Display convention: left = original assigned parameter | right = corrected system parameter
Only changed force-field items are shown below.


------------------------------------------------------------------------------------------------------------
                                                   BONDS                                                    
------------------------------------------------------------------------------------------------------------
(1,2)            cp-ca             k=346.070000  r=1.406000           | 	 k=385.245851  r=1.400182          
(1,6)            cp-ca             k=346.070000  r=1.406000           | 	 k=385.222773  r=1.400191          
(1,7)            cp-cp             k=269.370000  r=1.483000           | 	 k=248.153975  r=1.494495          
(2,3)            ca-ca             k=354.250000  r=1.399000           | 	 k=421.100131  r=1.388198          
(2,13)           ca-ha             k=360.690000  r=1.086000           | 	 k=392.232210  r=1.084409          
(3,4)            ca-ca             k=354.250000  r=1.399000           | 	 k=422.617151  r=1.389607          
(3,14)           ca-ha             k=360.690000  r=1.086000           | 	 k=393.701318  r=1.086508          
(4,5)            ca-ca             k=354.250000  r=1.399000           | 	 k=422.652895  r=1.389594          
(4,15)           ca-ha             k=360.690000  r=1.086000           | 	 k=398.892621  r=1.084941          
(5,6)            ca-ca             k=354.250000  r=1.399000           | 	 k=421.105852  r=1.388196          
(5,16)           ca-ha             k=360.690000  r=1.086000           | 	 k=393.685187  r=1.086513          
(6,17)           ca-ha             k=360.690000  r=1.086000           | 	 k=392.242069  r=1.084407          
(7,8)            cp-ca             k=346.070000  r=1.406000           | 	 k=385.240009  r=1.400184          
(7,12)           cp-ca             k=346.070000  r=1.406000           | 	 k=385.211086  r=1.400196          
(8,9)            ca-ca             k=354.250000  r=1.399000           | 	 k=421.110883  r=1.388194          
(8,18)           ca-ha             k=360.690000  r=1.086000           | 	 k=392.214489  r=1.084414          
(9,10)           ca-ca             k=354.250000  r=1.399000           | 	 k=422.606399  r=1.389612          
(9,19)           ca-ha             k=360.690000  r=1.086000           | 	 k=393.707221  r=1.086505          
(10,11)          ca-ca             k=354.250000  r=1.399000           | 	 k=422.657429  r=1.389592          
(10,20)          ca-ha             k=360.690000  r=1.086000           | 	 k=398.885723  r=1.084944          
(11,12)          ca-ca             k=354.250000  r=1.399000           | 	 k=421.112579  r=1.388193          
(11,21)          ca-ha             k=360.690000  r=1.086000           | 	 k=393.688397  r=1.086512          
(12,22)          ca-ha             k=360.690000  r=1.086000           | 	 k=392.237434  r=1.084409          

------------------------------------------------------------------------------------------------------------
                                                   ANGLES                                                   
------------------------------------------------------------------------------------------------------------
(2,1,6)          ca-cp-ca                k=63.790000  theta=118.4100          | 	 k=120.902478  theta=117.3385        
(2,1,7)          ca-cp-cp                k=61.300000  theta=121.1000          | 	 k=85.832590  theta=121.3304         
(6,1,7)          ca-cp-cp                k=61.300000  theta=121.1000          | 	 k=85.834251  theta=121.3310         
(1,2,3)          cp-ca-ca                k=63.330000  theta=120.7300          | 	 k=111.129840  theta=121.3886        
(1,2,13)         cp-ca-ha                k=44.730000  theta=119.8200          | 	 k=35.383821  theta=120.6820         
(3,2,13)         ca-ca-ha                k=44.900000  theta=119.8800          | 	 k=35.638518  theta=117.9294         
(2,3,4)          ca-ca-ca                k=63.670000  theta=120.0200          | 	 k=116.993599  theta=120.4354        
(2,3,14)         ca-ca-ha                k=44.900000  theta=119.8800          | 	 k=34.770753  theta=119.4948         
(4,3,14)         ca-ca-ha                k=44.900000  theta=119.8800          | 	 k=34.790349  theta=120.0697         
(3,4,5)          ca-ca-ca                k=63.670000  theta=120.0200          | 	 k=114.655163  theta=119.0132        
(3,4,15)         ca-ca-ha                k=44.900000  theta=119.8800          | 	 k=34.858769  theta=120.4935         
(5,4,15)         ca-ca-ha                k=44.900000  theta=119.8800          | 	 k=34.858440  theta=120.4933         
(4,5,6)          ca-ca-ca                k=63.670000  theta=120.0200          | 	 k=116.990019  theta=120.4367        
(4,5,16)         ca-ca-ha                k=44.900000  theta=119.8800          | 	 k=34.790746  theta=120.0699         
(6,5,16)         ca-ca-ha                k=44.900000  theta=119.8800          | 	 k=34.771415  theta=119.4935         
(1,6,5)          cp-ca-ca                k=63.330000  theta=120.7300          | 	 k=111.130263  theta=121.3876        
(1,6,17)         cp-ca-ha                k=44.730000  theta=119.8200          | 	 k=35.383767  theta=120.6813         
(5,6,17)         ca-ca-ha                k=44.900000  theta=119.8800          | 	 k=35.638178  theta=117.9311         
(1,7,8)          cp-cp-ca                k=61.300000  theta=121.1000          | 	 k=85.832531  theta=121.3309         
(1,7,12)         cp-cp-ca                k=61.300000  theta=121.1000          | 	 k=85.834673  theta=121.3306         
(8,7,12)         ca-cp-ca                k=63.790000  theta=118.4100          | 	 k=120.904270  theta=117.3384        
(7,8,9)          cp-ca-ca                k=63.330000  theta=120.7300          | 	 k=111.128904  theta=121.3882        
(7,8,18)         cp-ca-ha                k=44.730000  theta=119.8200          | 	 k=35.384594  theta=120.6825         
(9,8,18)         ca-ca-ha                k=44.900000  theta=119.8800          | 	 k=35.639120  theta=117.9292         
(8,9,10)         ca-ca-ca                k=63.670000  theta=120.0200          | 	 k=116.993826  theta=120.4362        
(8,9,19)         ca-ca-ha                k=44.900000  theta=119.8800          | 	 k=34.770456  theta=119.4947         
(10,9,19)        ca-ca-ha                k=44.900000  theta=119.8800          | 	 k=34.790259  theta=120.0691         
(9,10,11)        ca-ca-ca                k=63.670000  theta=120.0200          | 	 k=114.655214  theta=119.0124        
(9,10,20)        ca-ca-ha                k=44.900000  theta=119.8800          | 	 k=34.858991  theta=120.4940         
(11,10,20)       ca-ca-ha                k=44.900000  theta=119.8800          | 	 k=34.858522  theta=120.4936         
(10,11,12)       ca-ca-ca                k=63.670000  theta=120.0200          | 	 k=116.988706  theta=120.4371        
(10,11,21)       ca-ca-ha                k=44.900000  theta=119.8800          | 	 k=34.790488  theta=120.0705         
(12,11,21)       ca-ca-ha                k=44.900000  theta=119.8800          | 	 k=34.771144  theta=119.4924         
(7,12,11)        cp-ca-ca                k=63.330000  theta=120.7300          | 	 k=111.131297  theta=121.3876        
(7,12,22)        cp-ca-ha                k=44.730000  theta=119.8200          | 	 k=35.384178  theta=120.6808         
(11,12,22)       ca-ca-ha                k=44.900000  theta=119.8800          | 	 k=35.638491  theta=117.9316         

------------------------------------------------------------------------------------------------------------
                                                 DIHEDRALS                                                  
------------------------------------------------------------------------------------------------------------
(2,1,7,8)          ca-cp-cp-ca                term=1 k=0.765000  n=2.000  phase=180.0000 |  k=0.698906  n=2.000  phase=180.0000
(2,1,7,12)         ca-cp-cp-ca                term=1 k=0.765000  n=2.000  phase=180.0000 |  k=0.709666  n=2.000  phase=180.0000
(6,1,7,8)          ca-cp-cp-ca                term=1 k=0.765000  n=2.000  phase=180.0000 |  k=0.709771  n=2.000  phase=180.0000
(6,1,7,12)         ca-cp-cp-ca                term=1 k=0.765000  n=2.000  phase=180.0000 |  k=0.720898  n=2.000  phase=180.0000

======================================================================
                        GROMACS Export Summary                        
======================================================================
top:               /home/hungn/Desktop/MyRepo/MLP/MAPLE/maple/function/dispatcher/parmfit/example/corr.top
gro:               /home/hungn/Desktop/MyRepo/MLP/MAPLE/maple/function/dispatcher/parmfit/example/corr.gro
written sections:  defaults, atomtypes, moleculetype, atoms, bonds, pairs, angles, dihedrals, system, molecules
omitted atomtypes: 0
omitted bonds:     0
omitted angles:    0
omitted dihedrals: 0
omitted impropers: 0
warning count:     0
======================================================================



Program started: 2026-03-24 01:38:41

======================================================================
                      TIMING SUMMARY
======================================================================
Input Reading.......................................   0.001 s  (   0.0 %)
  Settings Parsing....................................   0.000 s  (  21.4 %)
  Coordinate Section Parsing..........................   0.000 s  (  25.3 %)
  Post-Processing Expansion...........................   0.000 s  (   0.4 %)
MLP Initialization..................................   0.140 s  (   0.8 %)
Job Dispatching.....................................  16.718 s  (  99.2 %)
  Parmfit optimization................................  16.717 s  ( 100.0 %)
    Parmfit correction..................................  16.698 s  (  99.9 %)
      Scan................................................  14.152 s  (  84.8 %)
======================================================================
Total wall time: 16.860 s
Total CPU time: 119.314 s
======================================================================

Program ended: 2026-03-24 01:38:58
TOTAL RUN TIME: 0 days 0 hours 0 minutes 16 seconds 859 msec
