
======================================================================
                      Parmfit Correction Summary                      
======================================================================
mol2:              /home/hungn/Desktop/MyRepo/MLP/MAPLE/maple/function/dispatcher/parmfit/example/demo_ff.mol2
frcmod:            /home/hungn/Desktop/MyRepo/MLP/MAPLE/maple/function/dispatcher/parmfit/example/demo_ff.frcmod
Topology atoms:    22
Topology bonds:    23
Bond terms:        23 (unmatched: 0)
Angle terms:       36 (unmatched: 0)
Dihedral terms:    52 (unmatched: 0)
Improper terms:    12 (unmatched: 0)
Nonbond terms:     22 (unmatched: 0)
Dynamic correction:applied
======================================================================

============================================================================================
                                    Torsion Fit Summary                                     
============================================================================================
torsionfit:      enabled
scan grid:       10.0000 deg x 36 steps
refinement:      10 rounds, max_iter=50, tol=0.0001
center bonds:    auto-select non-ring center bonds with proper torsions
completed fits:  1

============================================================================================
                                  Parmfit Torsion Scan Fit                                  
============================================================================================
Center bond: (1, 7)
Representative dihedral: (2, 1, 7, 8)
Scan xyz: /home/hungn/Desktop/MyRepo/MLP/MAPLE/maple/function/dispatcher/parmfit/example/demo_torsionfit_v2_torsionfit_1-7_scan_final.xyz
Target proper count: 4

Target proper order:
   1. atoms=(2, 1, 7, 8) types=('ca', 'cp', 'cp', 'ca')
   2. atoms=(2, 1, 7, 12) types=('ca', 'cp', 'cp', 'ca')
   3. atoms=(6, 1, 7, 8) types=('ca', 'cp', 'cp', 'ca')
   4. atoms=(6, 1, 7, 12) types=('ca', 'cp', 'cp', 'ca')

Stage-1 delta initializer:
  step 1: group=(1, 2, 3, 4) delta_kPhi=[1.496022, 0.144653, 0.133552, -4.482373]

Stage-1 fitted kPhi per proper:
   1.1: kPhi 0.765000 -> 2.261022  n=2.000  phase=180.000
   2.1: kPhi 0.765000 -> 0.909653  n=2.000  phase=180.000
   3.1: kPhi 0.765000 -> 0.898552  n=2.000  phase=180.000
   4.1: kPhi 0.765000 -> -3.717373  n=2.000  phase=180.000

Point table:
 angle_deg      QM_rel      orig_MM    MM_zeroed_rel    torsion_fit    MM_refit_rel    residual_after
  359.9984    2.979154    3.243171        6.900581      3.006985      6.250155       -3.271001
  369.9984    2.455697    1.809567        5.121218      2.354514      4.164082       -1.708384
  379.9984    2.514597    1.750611        4.947117      3.051886      4.802498       -2.287901
  389.9984    0.795831    0.288738        2.238006      1.142529      1.431267       -0.635436
  399.9984    0.034022    0.070661        1.214296      0.810945      0.881606       -0.847584
  409.9984    0.192829    0.461867        0.779862      0.544903      1.006770       -0.813941
  419.9984    0.529077    0.971466        0.347246     -0.168655      0.802811       -0.273735
  429.9984    1.384196    1.613100        0.174096     -0.872250      0.740850        0.643346
  439.9984    2.315817    2.208392        0.173243     -1.496803      0.711589        1.604228
  449.9984    3.105275    2.677466        0.269284     -2.200541      0.476925        2.628350
  459.9984    2.620567    2.502304        0.203769     -2.303115      0.199190        2.421378
  469.9984    1.435746    1.841951        0.197519     -1.481015      0.360936        1.074810
  479.9984    0.751771    1.323707        0.376793     -1.095567      0.228140        0.523631
  489.9984    0.108430    0.556085        0.601978     -0.228280      0.327805       -0.219375
  499.9984    0.143593    0.310965        1.201645      0.092195      0.403160       -0.259568
  509.9984    0.584287    0.131120        1.896938      0.611788      0.742908       -0.158620
  519.9984    1.486412    0.581916        3.219189      1.480286      2.062202       -0.575790
  529.9984    2.561845    1.790694        5.047528      2.180621      3.971315       -1.409470
  539.9984    3.193115    2.876944        6.517445      2.942015      5.818960       -2.625844
  549.9984    2.787032    2.128515        5.575116      2.767738      4.896253       -2.109221
  559.9984    1.618517    0.783974        3.531253      1.808167      2.592141       -0.973623
  569.9984    1.179431    0.222760        2.613178      2.384447      2.607207       -1.427775
  579.9984    0.238338    0.336768        1.519691      0.922334      1.259102       -1.020764
  589.9984    0.208220    0.534475        0.872529      0.601958      1.136433       -0.928214
  599.9984    0.635870    1.078101        0.483713     -0.082059      0.996043       -0.360172
  609.9984    1.313767    1.615217        0.226079     -0.722128      0.893090        0.420677
  619.9984    2.362317    2.365044        0.413818     -1.225350      1.139695        1.222622
  629.9984    3.099394    2.895476        0.496552     -2.165101      0.730374        2.369019
  639.9984    2.223704    2.143827        0.000000     -1.841628      0.302199        1.921505
  649.9984    1.636845    1.958463        0.146577     -1.958463      0.000000        1.636845
  659.9984    0.558181    1.032949        0.246584     -0.636787      0.396162        0.162018
  669.9984    0.095877    0.641381        0.749076     -0.052788      0.588593       -0.492717
  679.9984    0.000000    0.000000        1.016821      0.451204      0.451204       -0.451204
  689.9984    1.304416    1.105348        2.391247     -0.780468      0.324880        0.979536
  699.9984    1.642539    0.872156        3.459714      1.330663      2.202819       -0.560279
  709.9984    2.496620    1.552923        4.779523      2.083644      3.636567       -1.139947
  719.9984    2.972978    2.514415        6.171071      3.004080      5.518495       -2.545517

Local initializer RMSE: 1.469540
MAE:                   1.208218
MaxAbsError:           3.271001
============================================================================================

============================================================================================
                                    Torsion Refit Cycles                                    
============================================================================================
requested rounds: 10
max iter / block: 50
acceptance tol:   0.0001 kcal/mol
completed cycles: 10

cycle 1: accepted=1 rejected=0  objective 4.955612 -> 2.296081  global RMSE 1.469540 -> 0.773064
  center bond (1, 7): objective 4.955612 -> 2.296081  global RMSE 1.469540 -> 0.773064  (accepted, iterations=2)
     1.1: kPhi 2.261022 -> 2.098151  n=2.000  phase=180.000
     2.1: kPhi 0.909653 -> 1.069167  n=2.000  phase=180.000
     3.1: kPhi 0.898552 -> 1.059998  n=2.000  phase=180.000
     4.1: kPhi -3.717373 -> -2.645393  n=2.000  phase=180.000
  per-scan RMSE:
    (1, 7): 1.469540 -> 0.773064

cycle 2: accepted=1 rejected=0  objective 2.296081 -> 1.928674  global RMSE 0.773064 -> 0.829015
  center bond (1, 7): objective 2.296081 -> 1.928674  global RMSE 0.773064 -> 0.829015  (accepted, iterations=1)
     1.1: kPhi 2.098151 -> 2.283251  n=2.000  phase=180.000
     2.1: kPhi 1.069167 -> 1.392504  n=2.000  phase=180.000
     3.1: kPhi 1.059998 -> 1.384443  n=2.000  phase=180.000
     4.1: kPhi -2.645393 -> -1.852003  n=2.000  phase=180.000
  per-scan RMSE:
    (1, 7): 0.773064 -> 0.829015

cycle 3: accepted=1 rejected=0  objective 1.928674 -> 1.885751  global RMSE 0.829015 -> 0.954175
  center bond (1, 7): objective 1.928674 -> 1.885751  global RMSE 0.829015 -> 0.954175  (accepted, iterations=1)
     1.1: kPhi 2.283251 -> 1.525062  n=2.000  phase=180.000
     2.1: kPhi 1.392504 -> 0.826978  n=2.000  phase=180.000
     3.1: kPhi 1.384443 -> 0.819927  n=2.000  phase=180.000
     4.1: kPhi -1.852003 -> -1.921607  n=2.000  phase=180.000
  per-scan RMSE:
    (1, 7): 0.829015 -> 0.954175

cycle 4: accepted=1 rejected=0  objective 1.885751 -> 1.759853  global RMSE 0.954175 -> 1.033360
  center bond (1, 7): objective 1.885751 -> 1.759853  global RMSE 0.954175 -> 1.033360  (accepted, iterations=1)
     1.1: kPhi 1.525062 -> 1.997675  n=2.000  phase=180.000
     2.1: kPhi 0.826978 -> 1.377223  n=2.000  phase=180.000
     3.1: kPhi 0.819927 -> 1.371009  n=2.000  phase=180.000
     4.1: kPhi -1.921607 -> -1.044589  n=2.000  phase=180.000
  per-scan RMSE:
    (1, 7): 0.954175 -> 1.033360

cycle 5: accepted=1 rejected=0  objective 1.759853 -> 0.758497  global RMSE 1.033360 -> 0.672728
  center bond (1, 7): objective 1.759853 -> 0.758497  global RMSE 1.033360 -> 0.672728  (accepted, iterations=2)
     1.1: kPhi 1.997675 -> 1.510092  n=2.000  phase=180.000
     2.1: kPhi 1.377223 -> 1.131392  n=2.000  phase=180.000
     3.1: kPhi 1.371009 -> 1.126985  n=2.000  phase=180.000
     4.1: kPhi -1.044589 -> -0.510554  n=2.000  phase=180.000
  per-scan RMSE:
    (1, 7): 1.033360 -> 0.672728

cycle 6: accepted=1 rejected=0  objective 0.758497 -> 0.745272  global RMSE 0.672728 -> 0.692112
  center bond (1, 7): objective 0.758497 -> 0.745272  global RMSE 0.672728 -> 0.692112  (accepted, iterations=1)
     1.1: kPhi 1.510092 -> 1.009488  n=2.000  phase=180.000
     2.1: kPhi 1.131392 -> 0.718229  n=2.000  phase=180.000
     3.1: kPhi 1.126985 -> 0.714378  n=2.000  phase=180.000
     4.1: kPhi -0.510554 -> -0.672183  n=2.000  phase=180.000
  per-scan RMSE:
    (1, 7): 0.672728 -> 0.692112

cycle 7: accepted=1 rejected=0  objective 0.745272 -> 0.689247  global RMSE 0.692112 -> 0.718828
  center bond (1, 7): objective 0.745272 -> 0.689247  global RMSE 0.692112 -> 0.718828  (accepted, iterations=1)
     1.1: kPhi 1.009488 -> 1.357097  n=2.000  phase=180.000
     2.1: kPhi 0.718229 -> 1.092214  n=2.000  phase=180.000
     3.1: kPhi 0.714378 -> 1.088811  n=2.000  phase=180.000
     4.1: kPhi -0.672183 -> -0.139302  n=2.000  phase=180.000
  per-scan RMSE:
    (1, 7): 0.692112 -> 0.718828

cycle 8: accepted=1 rejected=0  objective 0.689247 -> 0.268626  global RMSE 0.718828 -> 0.436376
  center bond (1, 7): objective 0.689247 -> 0.268626  global RMSE 0.718828 -> 0.436376  (accepted, iterations=2)
     1.1: kPhi 1.357097 -> 1.011593  n=2.000  phase=180.000
     2.1: kPhi 1.092214 -> 0.856157  n=2.000  phase=180.000
     3.1: kPhi 1.088811 -> 0.853739  n=2.000  phase=180.000
     4.1: kPhi -0.139302 -> 0.024306  n=2.000  phase=180.000
  per-scan RMSE:
    (1, 7): 0.718828 -> 0.436376

cycle 9: accepted=1 rejected=0  objective 0.268626 -> 0.232202  global RMSE 0.436376 -> 0.433295
  center bond (1, 7): objective 0.268626 -> 0.232202  global RMSE 0.436376 -> 0.433295  (accepted, iterations=2)
     1.1: kPhi 1.011593 -> 0.928134  n=2.000  phase=180.000
     2.1: kPhi 0.856157 -> 0.820903  n=2.000  phase=180.000
     3.1: kPhi 0.853739 -> 0.819027  n=2.000  phase=180.000
     4.1: kPhi 0.024306 -> 0.196666  n=2.000  phase=180.000
  per-scan RMSE:
    (1, 7): 0.436376 -> 0.433295

cycle 10: accepted=1 rejected=0  objective 0.232202 -> 0.211998  global RMSE 0.433295 -> 0.431716
  center bond (1, 7): objective 0.232202 -> 0.211998  global RMSE 0.433295 -> 0.431716  (accepted, iterations=2)
     1.1: kPhi 0.928134 -> 0.867094  n=2.000  phase=180.000
     2.1: kPhi 0.820903 -> 0.793967  n=2.000  phase=180.000
     3.1: kPhi 0.819027 -> 0.792508  n=2.000  phase=180.000
     4.1: kPhi 0.196666 -> 0.325751  n=2.000  phase=180.000
  per-scan RMSE:
    (1, 7): 0.433295 -> 0.431716
============================================================================================

============================================================================================================
                                    Parmfit Correction Parameter Report                                     
============================================================================================================
mol2:   /home/hungn/Desktop/MyRepo/MLP/MAPLE/maple/function/dispatcher/parmfit/example/demo_ff.mol2
frcmod: /home/hungn/Desktop/MyRepo/MLP/MAPLE/maple/function/dispatcher/parmfit/example/demo_ff.frcmod
Display convention: left = original assigned parameter | right = corrected system parameter


------------------------------------------------------------------------------------------------------------
                                                   BONDS                                                    
------------------------------------------------------------------------------------------------------------
(1,2)            cp-ca             k=385.240579  r=1.400184           | 	 k=385.240579  r=1.400184          
(1,6)            cp-ca             k=385.224019  r=1.400190           | 	 k=385.224019  r=1.400190          
(1,7)            cp-cp             k=248.152522  r=1.494495           | 	 k=248.152522  r=1.494495          
(2,3)            ca-ca             k=421.100066  r=1.388198           | 	 k=421.100066  r=1.388198          
(2,13)           ca-ha             k=392.232152  r=1.084409           | 	 k=392.232152  r=1.084409          
(3,4)            ca-ca             k=422.625515  r=1.389604           | 	 k=422.625515  r=1.389604          
(3,14)           ca-ha             k=393.700202  r=1.086508           | 	 k=393.700202  r=1.086508          
(4,5)            ca-ca             k=422.650709  r=1.389595           | 	 k=422.650709  r=1.389595          
(4,15)           ca-ha             k=398.895917  r=1.084940           | 	 k=398.895917  r=1.084940          
(5,6)            ca-ca             k=421.105297  r=1.388196           | 	 k=421.105297  r=1.388196          
(5,16)           ca-ha             k=393.688847  r=1.086511           | 	 k=393.688847  r=1.086511          
(6,17)           ca-ha             k=392.239027  r=1.084408           | 	 k=392.239027  r=1.084408          
(7,8)            cp-ca             k=385.235309  r=1.400186           | 	 k=385.235309  r=1.400186          
(7,12)           cp-ca             k=385.211830  r=1.400195           | 	 k=385.211830  r=1.400195          
(8,9)            ca-ca             k=421.111182  r=1.388193           | 	 k=421.111182  r=1.388193          
(8,18)           ca-ha             k=392.213886  r=1.084415           | 	 k=392.213886  r=1.084415          
(9,10)           ca-ca             k=422.611166  r=1.389610           | 	 k=422.611166  r=1.389610          
(9,19)           ca-ha             k=393.708362  r=1.086505           | 	 k=393.708362  r=1.086505          
(10,11)          ca-ca             k=422.652514  r=1.389594           | 	 k=422.652514  r=1.389594          
(10,20)          ca-ha             k=398.890631  r=1.084942           | 	 k=398.890631  r=1.084942          
(11,12)          ca-ca             k=421.114873  r=1.388192           | 	 k=421.114873  r=1.388192          
(11,21)          ca-ha             k=393.694284  r=1.086509           | 	 k=393.694284  r=1.086509          
(12,22)          ca-ha             k=392.232669  r=1.084410           | 	 k=392.232669  r=1.084410          

------------------------------------------------------------------------------------------------------------
                                                   ANGLES                                                   
------------------------------------------------------------------------------------------------------------
(2,1,6)          ca-cp-ca                k=120.902877  theta=117.3385         | 	 k=120.902877  theta=117.3385        
(2,1,7)          ca-cp-cp                k=85.832907  theta=121.3305          | 	 k=85.832907  theta=121.3305         
(6,1,7)          ca-cp-cp                k=85.834103  theta=121.3311          | 	 k=85.834103  theta=121.3311         
(1,2,3)          cp-ca-ca                k=111.130132  theta=121.3885         | 	 k=111.130132  theta=121.3885        
(1,2,13)         cp-ca-ha                k=35.383909  theta=120.6821          | 	 k=35.383909  theta=120.6821         
(3,2,13)         ca-ca-ha                k=35.638568  theta=117.9294          | 	 k=35.638568  theta=117.9294         
(2,3,4)          ca-ca-ca                k=116.992965  theta=120.4356         | 	 k=116.992965  theta=120.4356        
(2,3,14)         ca-ca-ha                k=34.770808  theta=119.4945          | 	 k=34.770808  theta=119.4945         
(4,3,14)         ca-ca-ha                k=34.790321  theta=120.0699          | 	 k=34.790321  theta=120.0699         
(3,4,5)          ca-ca-ca                k=114.654781  theta=119.0131         | 	 k=114.654781  theta=119.0131        
(3,4,15)         ca-ca-ha                k=34.858452  theta=120.4936          | 	 k=34.858452  theta=120.4936         
(5,4,15)         ca-ca-ha                k=34.858207  theta=120.4932          | 	 k=34.858207  theta=120.4932         
(4,5,6)          ca-ca-ca                k=116.990432  theta=120.4367         | 	 k=116.990432  theta=120.4367        
(4,5,16)         ca-ca-ha                k=34.790601  theta=120.0700          | 	 k=34.790601  theta=120.0700         
(6,5,16)         ca-ca-ha                k=34.771240  theta=119.4933          | 	 k=34.771240  theta=119.4933         
(1,6,5)          cp-ca-ca                k=111.130068  theta=121.3876         | 	 k=111.130068  theta=121.3876        
(1,6,17)         cp-ca-ha                k=35.383897  theta=120.6814          | 	 k=35.383897  theta=120.6814         
(5,6,17)         ca-ca-ha                k=35.638323  theta=117.9310          | 	 k=35.638323  theta=117.9310         
(1,7,8)          cp-cp-ca                k=85.832895  theta=121.3309          | 	 k=85.832895  theta=121.3309         
(1,7,12)         cp-cp-ca                k=85.834587  theta=121.3307          | 	 k=85.834587  theta=121.3307         
(8,7,12)         ca-cp-ca                k=120.904588  theta=117.3384         | 	 k=120.904588  theta=117.3384        
(7,8,9)          cp-ca-ca                k=111.129161  theta=121.3881         | 	 k=111.129161  theta=121.3881        
(7,8,18)         cp-ca-ha                k=35.384702  theta=120.6827          | 	 k=35.384702  theta=120.6827         
(9,8,18)         ca-ca-ha                k=35.639178  theta=117.9292          | 	 k=35.639178  theta=117.9292         
(8,9,10)         ca-ca-ca                k=116.993419  theta=120.4364         | 	 k=116.993419  theta=120.4364        
(8,9,19)         ca-ca-ha                k=34.770454  theta=119.4944          | 	 k=34.770454  theta=119.4944         
(10,9,19)        ca-ca-ha                k=34.790236  theta=120.0692          | 	 k=34.790236  theta=120.0692         
(9,10,11)        ca-ca-ca                k=114.655387  theta=119.0123         | 	 k=114.655387  theta=119.0123        
(9,10,20)        ca-ca-ha                k=34.858681  theta=120.4941          | 	 k=34.858681  theta=120.4941         
(11,10,20)       ca-ca-ha                k=34.858244  theta=120.4936          | 	 k=34.858244  theta=120.4936         
(10,11,12)       ca-ca-ca                k=116.989163  theta=120.4371         | 	 k=116.989163  theta=120.4371        
(10,11,21)       ca-ca-ha                k=34.790257  theta=120.0706          | 	 k=34.790257  theta=120.0706         
(12,11,21)       ca-ca-ha                k=34.770811  theta=119.4923          | 	 k=34.770811  theta=119.4923         
(7,12,11)        cp-ca-ca                k=111.131004  theta=121.3877         | 	 k=111.131004  theta=121.3877        
(7,12,22)        cp-ca-ha                k=35.384332  theta=120.6810          | 	 k=35.384332  theta=120.6810         
(11,12,22)       ca-ca-ha                k=35.638643  theta=117.9314          | 	 k=35.638643  theta=117.9314         

------------------------------------------------------------------------------------------------------------
                                                 DIHEDRALS                                                  
------------------------------------------------------------------------------------------------------------
(3,2,1,6)          ca-ca-cp-ca                term=1 k=3.625000  n=2.000  phase=180.0000 |  k=3.625000  n=2.000  phase=180.0000
(6,1,2,13)         ca-cp-ca-ha                term=1 k=3.625000  n=2.000  phase=180.0000 |  k=3.625000  n=2.000  phase=180.0000
(3,2,1,7)          ca-ca-cp-cp                term=1 k=3.625000  n=2.000  phase=180.0000 |  k=3.625000  n=2.000  phase=180.0000
(7,1,2,13)         cp-cp-ca-ha                term=1 k=3.625000  n=2.000  phase=180.0000 |  k=3.625000  n=2.000  phase=180.0000
(2,1,6,5)          ca-cp-ca-ca                term=1 k=3.625000  n=2.000  phase=180.0000 |  k=3.625000  n=2.000  phase=180.0000
(2,1,6,17)         ca-cp-ca-ha                term=1 k=3.625000  n=2.000  phase=180.0000 |  k=3.625000  n=2.000  phase=180.0000
(5,6,1,7)          ca-ca-cp-cp                term=1 k=3.625000  n=2.000  phase=180.0000 |  k=3.625000  n=2.000  phase=180.0000
(7,1,6,17)         cp-cp-ca-ha                term=1 k=3.625000  n=2.000  phase=180.0000 |  k=3.625000  n=2.000  phase=180.0000
(2,1,7,8)          ca-cp-cp-ca                term=1 k=0.765000  n=2.000  phase=180.0000 |  k=0.867094  n=2.000  phase=180.0000
(2,1,7,12)         ca-cp-cp-ca                term=1 k=0.765000  n=2.000  phase=180.0000 |  k=0.793967  n=2.000  phase=180.0000
(6,1,7,8)          ca-cp-cp-ca                term=1 k=0.765000  n=2.000  phase=180.0000 |  k=0.792508  n=2.000  phase=180.0000
(6,1,7,12)         ca-cp-cp-ca                term=1 k=0.765000  n=2.000  phase=180.0000 |  k=0.325751  n=2.000  phase=180.0000
(1,2,3,4)          cp-ca-ca-ca                term=1 k=3.625000  n=2.000  phase=180.0000 |  k=3.625000  n=2.000  phase=180.0000
(1,2,3,14)         cp-ca-ca-ha                term=1 k=3.625000  n=2.000  phase=180.0000 |  k=3.625000  n=2.000  phase=180.0000
(4,3,2,13)         ca-ca-ca-ha                term=1 k=3.625000  n=2.000  phase=180.0000 |  k=3.625000  n=2.000  phase=180.0000
(13,2,3,14)        ha-ca-ca-ha                term=1 k=3.625000  n=2.000  phase=180.0000 |  k=3.625000  n=2.000  phase=180.0000
(2,3,4,5)          ca-ca-ca-ca                term=1 k=3.625000  n=2.000  phase=180.0000 |  k=3.625000  n=2.000  phase=180.0000
(2,3,4,15)         ca-ca-ca-ha                term=1 k=3.625000  n=2.000  phase=180.0000 |  k=3.625000  n=2.000  phase=180.0000
(5,4,3,14)         ca-ca-ca-ha                term=1 k=3.625000  n=2.000  phase=180.0000 |  k=3.625000  n=2.000  phase=180.0000
(14,3,4,15)        ha-ca-ca-ha                term=1 k=3.625000  n=2.000  phase=180.0000 |  k=3.625000  n=2.000  phase=180.0000
(3,4,5,6)          ca-ca-ca-ca                term=1 k=3.625000  n=2.000  phase=180.0000 |  k=3.625000  n=2.000  phase=180.0000
(3,4,5,16)         ca-ca-ca-ha                term=1 k=3.625000  n=2.000  phase=180.0000 |  k=3.625000  n=2.000  phase=180.0000
(6,5,4,15)         ca-ca-ca-ha                term=1 k=3.625000  n=2.000  phase=180.0000 |  k=3.625000  n=2.000  phase=180.0000
(15,4,5,16)        ha-ca-ca-ha                term=1 k=3.625000  n=2.000  phase=180.0000 |  k=3.625000  n=2.000  phase=180.0000
(1,6,5,4)          cp-ca-ca-ca                term=1 k=3.625000  n=2.000  phase=180.0000 |  k=3.625000  n=2.000  phase=180.0000
(4,5,6,17)         ca-ca-ca-ha                term=1 k=3.625000  n=2.000  phase=180.0000 |  k=3.625000  n=2.000  phase=180.0000
(1,6,5,16)         cp-ca-ca-ha                term=1 k=3.625000  n=2.000  phase=180.0000 |  k=3.625000  n=2.000  phase=180.0000
(16,5,6,17)        ha-ca-ca-ha                term=1 k=3.625000  n=2.000  phase=180.0000 |  k=3.625000  n=2.000  phase=180.0000
(1,7,8,9)          cp-cp-ca-ca                term=1 k=3.625000  n=2.000  phase=180.0000 |  k=3.625000  n=2.000  phase=180.0000
(1,7,8,18)         cp-cp-ca-ha                term=1 k=3.625000  n=2.000  phase=180.0000 |  k=3.625000  n=2.000  phase=180.0000
(9,8,7,12)         ca-ca-cp-ca                term=1 k=3.625000  n=2.000  phase=180.0000 |  k=3.625000  n=2.000  phase=180.0000
(12,7,8,18)        ca-cp-ca-ha                term=1 k=3.625000  n=2.000  phase=180.0000 |  k=3.625000  n=2.000  phase=180.0000
(1,7,12,11)        cp-cp-ca-ca                term=1 k=3.625000  n=2.000  phase=180.0000 |  k=3.625000  n=2.000  phase=180.0000
(1,7,12,22)        cp-cp-ca-ha                term=1 k=3.625000  n=2.000  phase=180.0000 |  k=3.625000  n=2.000  phase=180.0000
(8,7,12,11)        ca-cp-ca-ca                term=1 k=3.625000  n=2.000  phase=180.0000 |  k=3.625000  n=2.000  phase=180.0000
(8,7,12,22)        ca-cp-ca-ha                term=1 k=3.625000  n=2.000  phase=180.0000 |  k=3.625000  n=2.000  phase=180.0000
(7,8,9,10)         cp-ca-ca-ca                term=1 k=3.625000  n=2.000  phase=180.0000 |  k=3.625000  n=2.000  phase=180.0000
(7,8,9,19)         cp-ca-ca-ha                term=1 k=3.625000  n=2.000  phase=180.0000 |  k=3.625000  n=2.000  phase=180.0000
(10,9,8,18)        ca-ca-ca-ha                term=1 k=3.625000  n=2.000  phase=180.0000 |  k=3.625000  n=2.000  phase=180.0000
(18,8,9,19)        ha-ca-ca-ha                term=1 k=3.625000  n=2.000  phase=180.0000 |  k=3.625000  n=2.000  phase=180.0000
(8,9,10,11)        ca-ca-ca-ca                term=1 k=3.625000  n=2.000  phase=180.0000 |  k=3.625000  n=2.000  phase=180.0000
(8,9,10,20)        ca-ca-ca-ha                term=1 k=3.625000  n=2.000  phase=180.0000 |  k=3.625000  n=2.000  phase=180.0000
(11,10,9,19)       ca-ca-ca-ha                term=1 k=3.625000  n=2.000  phase=180.0000 |  k=3.625000  n=2.000  phase=180.0000
(19,9,10,20)       ha-ca-ca-ha                term=1 k=3.625000  n=2.000  phase=180.0000 |  k=3.625000  n=2.000  phase=180.0000
(9,10,11,12)       ca-ca-ca-ca                term=1 k=3.625000  n=2.000  phase=180.0000 |  k=3.625000  n=2.000  phase=180.0000
(9,10,11,21)       ca-ca-ca-ha                term=1 k=3.625000  n=2.000  phase=180.0000 |  k=3.625000  n=2.000  phase=180.0000
(12,11,10,20)      ca-ca-ca-ha                term=1 k=3.625000  n=2.000  phase=180.0000 |  k=3.625000  n=2.000  phase=180.0000
(20,10,11,21)      ha-ca-ca-ha                term=1 k=3.625000  n=2.000  phase=180.0000 |  k=3.625000  n=2.000  phase=180.0000
(7,12,11,10)       cp-ca-ca-ca                term=1 k=3.625000  n=2.000  phase=180.0000 |  k=3.625000  n=2.000  phase=180.0000
(10,11,12,22)      ca-ca-ca-ha                term=1 k=3.625000  n=2.000  phase=180.0000 |  k=3.625000  n=2.000  phase=180.0000
(7,12,11,21)       cp-ca-ca-ha                term=1 k=3.625000  n=2.000  phase=180.0000 |  k=3.625000  n=2.000  phase=180.0000
(21,11,12,22)      ha-ca-ca-ha                term=1 k=3.625000  n=2.000  phase=180.0000 |  k=3.625000  n=2.000  phase=180.0000

------------------------------------------------------------------------------------------------------------
                                                 IMPROPERS                                                  
------------------------------------------------------------------------------------------------------------
(2,6,1,7)          ca-ca-cp-cp                term=1 k=1.100000  n=2.000  phase=180.0000 |  k=1.100000  n=2.000  phase=180.0000
(1,3,2,13)         cp-ca-ca-ha                term=1 k=1.100000  n=2.000  phase=180.0000 |  k=1.100000  n=2.000  phase=180.0000
(2,4,3,14)         ca-ca-ca-ha                term=1 k=1.100000  n=2.000  phase=180.0000 |  k=1.100000  n=2.000  phase=180.0000
(3,5,4,15)         ca-ca-ca-ha                term=1 k=1.100000  n=2.000  phase=180.0000 |  k=1.100000  n=2.000  phase=180.0000
(4,6,5,16)         ca-ca-ca-ha                term=1 k=1.100000  n=2.000  phase=180.0000 |  k=1.100000  n=2.000  phase=180.0000
(1,5,6,17)         cp-ca-ca-ha                term=1 k=1.100000  n=2.000  phase=180.0000 |  k=1.100000  n=2.000  phase=180.0000
(1,8,7,12)         cp-ca-cp-ca                term=1 k=1.100000  n=2.000  phase=180.0000 |  k=1.100000  n=2.000  phase=180.0000
(7,9,8,18)         cp-ca-ca-ha                term=1 k=1.100000  n=2.000  phase=180.0000 |  k=1.100000  n=2.000  phase=180.0000
(8,10,9,19)        ca-ca-ca-ha                term=1 k=1.100000  n=2.000  phase=180.0000 |  k=1.100000  n=2.000  phase=180.0000
(9,11,10,20)       ca-ca-ca-ha                term=1 k=1.100000  n=2.000  phase=180.0000 |  k=1.100000  n=2.000  phase=180.0000
(10,12,11,21)      ca-ca-ca-ha                term=1 k=1.100000  n=2.000  phase=180.0000 |  k=1.100000  n=2.000  phase=180.0000
(7,11,12,22)       cp-ca-ca-ha                term=1 k=1.100000  n=2.000  phase=180.0000 |  k=1.100000  n=2.000  phase=180.0000

------------------------------------------------------------------------------------------------------------
                                                  NONBONDS                                                  
------------------------------------------------------------------------------------------------------------
atom=1    cp          q=-0.037000  rmin/2=1.860600  eps=0.098800 |  q=-0.037000  rmin/2=1.860600  eps=0.098800
atom=2    ca          q=-0.101000  rmin/2=1.860600  eps=0.098800 |  q=-0.101000  rmin/2=1.860600  eps=0.098800
atom=3    ca          q=-0.113000  rmin/2=1.860600  eps=0.098800 |  q=-0.113000  rmin/2=1.860600  eps=0.098800
atom=4    ca          q=-0.110000  rmin/2=1.860600  eps=0.098800 |  q=-0.110000  rmin/2=1.860600  eps=0.098800
atom=5    ca          q=-0.113000  rmin/2=1.860600  eps=0.098800 |  q=-0.113000  rmin/2=1.860600  eps=0.098800
atom=6    ca          q=-0.101000  rmin/2=1.860600  eps=0.098800 |  q=-0.101000  rmin/2=1.860600  eps=0.098800
atom=7    cp          q=-0.037000  rmin/2=1.860600  eps=0.098800 |  q=-0.037000  rmin/2=1.860600  eps=0.098800
atom=8    ca          q=-0.101000  rmin/2=1.860600  eps=0.098800 |  q=-0.101000  rmin/2=1.860600  eps=0.098800
atom=9    ca          q=-0.113000  rmin/2=1.860600  eps=0.098800 |  q=-0.113000  rmin/2=1.860600  eps=0.098800
atom=10   ca          q=-0.110000  rmin/2=1.860600  eps=0.098800 |  q=-0.110000  rmin/2=1.860600  eps=0.098800
atom=11   ca          q=-0.113000  rmin/2=1.860600  eps=0.098800 |  q=-0.113000  rmin/2=1.860600  eps=0.098800
atom=12   ca          q=-0.101000  rmin/2=1.860600  eps=0.098800 |  q=-0.101000  rmin/2=1.860600  eps=0.098800
atom=13   ha          q=0.117000  rmin/2=1.473500  eps=0.016100  |  q=0.117000  rmin/2=1.473500  eps=0.016100 
atom=14   ha          q=0.114000  rmin/2=1.473500  eps=0.016100  |  q=0.114000  rmin/2=1.473500  eps=0.016100 
atom=15   ha          q=0.113000  rmin/2=1.473500  eps=0.016100  |  q=0.113000  rmin/2=1.473500  eps=0.016100 
atom=16   ha          q=0.114000  rmin/2=1.473500  eps=0.016100  |  q=0.114000  rmin/2=1.473500  eps=0.016100 
atom=17   ha          q=0.117000  rmin/2=1.473500  eps=0.016100  |  q=0.117000  rmin/2=1.473500  eps=0.016100 
atom=18   ha          q=0.117000  rmin/2=1.473500  eps=0.016100  |  q=0.117000  rmin/2=1.473500  eps=0.016100 
atom=19   ha          q=0.114000  rmin/2=1.473500  eps=0.016100  |  q=0.114000  rmin/2=1.473500  eps=0.016100 
atom=20   ha          q=0.113000  rmin/2=1.473500  eps=0.016100  |  q=0.113000  rmin/2=1.473500  eps=0.016100 
atom=21   ha          q=0.114000  rmin/2=1.473500  eps=0.016100  |  q=0.114000  rmin/2=1.473500  eps=0.016100 
atom=22   ha          q=0.117000  rmin/2=1.473500  eps=0.016100  |  q=0.117000  rmin/2=1.473500  eps=0.016100 
