
======================================================================
                      Parmfit Correction Summary                      
======================================================================
mol2:              /home/hungn/Desktop/MyRepo/MLP/MAPLE/maple/function/dispatcher/parmfit/example/demo2_ff.mol2
frcmod:            /home/hungn/Desktop/MyRepo/MLP/MAPLE/maple/function/dispatcher/parmfit/example/demo2_ff.frcmod
Topology atoms:    27
Topology bonds:    28
Bond terms:        28 (unmatched: 0)
Angle terms:       46 (unmatched: 0)
Dihedral terms:    67 (unmatched: 0)
Improper terms:    19 (unmatched: 8)
Nonbond terms:     27 (unmatched: 0)
Dynamic correction:applied
======================================================================

============================================================================================
                                    Torsion Fit Summary                                     
============================================================================================
torsionfit:      enabled
scan grid:       10.0000 deg x 36 steps
refinement:      10 rounds, max_iter=50, tol=0.0001
center bonds:    auto-select non-ring center bonds with proper torsions
completed fits:  4

============================================================================================
                                  Parmfit Torsion Scan Fit                                  
============================================================================================
Center bond: (15, 18)
Representative dihedral: (10, 15, 18, 19)
Scan xyz: /home/hungn/Desktop/MyRepo/MLP/MAPLE/maple/function/dispatcher/parmfit/example/demo2_torsionfit_v2_torsionfit_15-18_scan_final.xyz
Target proper count: 6

Target proper order:
   1. atoms=(10, 15, 18, 19) types=('ca', 'ca', 'c3', 'c3')
   2. atoms=(10, 15, 18, 20) types=('ca', 'ca', 'c3', 'hc')
   3. atoms=(10, 15, 18, 21) types=('ca', 'ca', 'c3', 'hc')
   4. atoms=(14, 15, 18, 19) types=('ca', 'ca', 'c3', 'c3')
   5. atoms=(14, 15, 18, 20) types=('ca', 'ca', 'c3', 'hc')
   6. atoms=(14, 15, 18, 21) types=('ca', 'ca', 'c3', 'hc')

Step deltas:
  step 1: group=(1, 2, 3, 4, 5, 6) delta_kPhi=[4.660548, 0.517622, -1.419216, -3.653696, 0.506510, -1.183068]

Fitted kPhi per proper:
   1.1: kPhi 0.240000 -> 4.660548  n=2.000  phase=180.000
   2.1: kPhi 0.000000 -> 0.517622  n=1.000  phase=0.000
   3.1: kPhi 0.000000 -> -1.419216  n=1.000  phase=0.000
   4.1: kPhi 0.240000 -> -3.653696  n=2.000  phase=180.000
   5.1: kPhi 0.000000 -> 0.506510  n=1.000  phase=0.000
   6.1: kPhi 0.000000 -> -1.183068  n=1.000  phase=0.000

Point table:
 angle_deg      QM_rel      orig_MM    MM_zeroed_rel    torsion_fit    MM_refit_rel    residual_after
   92.8528    0.335061    0.566102        0.377055      0.094409      0.471465       -0.136404
  102.8528    0.000000    1.232959        1.096905      0.124082      1.220988       -1.220988
  112.8528    0.715070    2.584629        2.526451     -0.288910      2.237540       -1.522470
  122.8528    0.248427    1.065363        1.148114     -0.506095      0.642020       -0.393592
  132.8528    1.156344    2.536740        2.745674     -1.252386      1.493287       -0.336943
  142.8528    1.324599    1.871768        2.262591     -1.347861      0.914730        0.409869
  152.8528    2.630638    3.878103        4.376954     -2.117321      2.259633        0.371005
  162.8528    1.489236    1.295864        1.969569     -1.596203      0.373366        1.115870
  172.8528    1.926966    2.664494        3.404356     -1.671462      1.732894        0.194072
  182.8528    1.433992    1.893760        2.659797     -1.530951      1.128846        0.305146
  192.8528    1.992019    3.242817        3.971022     -1.272786      2.698236       -0.706217
  202.8528    1.565135    1.803971        2.419014     -1.367065      1.051949        0.513186
  212.8528    2.001509    2.766701        3.261100     -0.746458      2.514641       -0.513132
  222.8528    1.411878    1.000069        1.308132     -0.817507      0.490625        0.921253
  232.8528    1.805352    1.527339        1.696008     -0.015029      1.680979        0.124373
  242.8528    1.118063    0.000000        0.000000      0.000000      0.000000        1.118063
  252.8528    1.591017    0.771861        0.685085      0.711123      1.396207        0.194810
  262.8528    0.941112    0.445544        0.270836      0.534767      0.805604        0.135508
  272.8528    1.547116    0.668502        0.479057      0.476004      0.955060        0.592056
  282.8528    0.968659    0.810301        0.663169      0.341655      1.004824       -0.036166
  292.8528    1.354007    1.531703        1.461599     -0.253453      1.208146        0.145861
  302.8528    0.903663    1.496925        1.594575     -0.041677      1.552898       -0.649235
  312.8528    1.558159    2.883421        3.100847     -1.161052      1.939795       -0.381636
  322.8528    1.359103    1.756257        2.191177     -0.628477      1.562701       -0.203597
  332.8528    1.926864    3.151633        3.702775     -1.616580      2.086195       -0.159331
  342.8528    0.863698    1.161620        1.860092     -1.285716      0.574376        0.289322
  352.8528    0.941346    1.943358        2.693544     -1.841871      0.851673        0.089672
  362.8528    0.792390    1.703874        2.467784     -1.830025      0.637759        0.154631
  372.8528    1.295089    2.290831        3.028013     -1.661068      1.366945       -0.071856
  382.8528    1.135913    1.793149        2.426208     -1.480755      0.945454        0.190459
  392.8528    1.951166    2.248375        2.798134     -0.531569      2.266565       -0.315400
  402.8528    1.363498    0.812042        1.153551     -0.770958      0.382593        0.980905
  412.8528    1.837238    1.070728        1.280600      0.044869      1.325469        0.511769
  422.8528    1.343974    0.294394        0.307440     -0.282562      0.024878        1.319096
  432.8528    1.784023    0.756509        0.671355      0.235927      0.907282        0.876742
  442.8528    1.152735    0.627124        0.447990      0.015284      0.463274        0.689461
  452.8528    1.680933    1.158137        0.967307      0.101705      1.069012        0.611921

RMSE:         0.632874
MAE:          0.500055
MaxAbsError:  1.522470

============================================================================================
                                  Parmfit Torsion Scan Fit                                  
============================================================================================
Center bond: (18, 19)
Representative dihedral: (15, 18, 19, 22)
Scan xyz: /home/hungn/Desktop/MyRepo/MLP/MAPLE/maple/function/dispatcher/parmfit/example/demo2_torsionfit_v2_torsionfit_18-19_scan_final.xyz
Target proper count: 9

Target proper order:
   1. atoms=(15, 18, 19, 22) types=('ca', 'c3', 'c3', 'hc')
   2. atoms=(15, 18, 19, 23) types=('ca', 'c3', 'c3', 'hc')
   3. atoms=(15, 18, 19, 24) types=('ca', 'c3', 'c3', 'c')
   4. atoms=(20, 18, 19, 22) types=('hc', 'c3', 'c3', 'hc')
   5. atoms=(20, 18, 19, 23) types=('hc', 'c3', 'c3', 'hc')
   6. atoms=(20, 18, 19, 24) types=('hc', 'c3', 'c3', 'c')
   7. atoms=(21, 18, 19, 22) types=('hc', 'c3', 'c3', 'hc')
   8. atoms=(21, 18, 19, 23) types=('hc', 'c3', 'c3', 'hc')
   9. atoms=(21, 18, 19, 24) types=('hc', 'c3', 'c3', 'c')

Step deltas:
  step 1: group=(1, 2, 3, 4, 5, 6, 7, 8, 9) delta_kPhi=[16.564989, -36.980893, -5.871549, -58.742193, 96.615468, -32.019624, 47.116527, -63.815591, 31.707499]

Fitted kPhi per proper:
   1.1: kPhi 0.155556 -> 16.564989  n=3.000  phase=0.000
   2.1: kPhi 0.155556 -> -36.980893  n=3.000  phase=0.000
   3.1: kPhi 0.820000 -> -5.871549  n=1.000  phase=0.000
   4.1: kPhi 0.120000 -> -58.742193  n=3.000  phase=0.000
   5.1: kPhi 0.120000 -> 96.615468  n=3.000  phase=0.000
   6.1: kPhi 0.155556 -> -32.019624  n=3.000  phase=0.000
   7.1: kPhi 0.120000 -> 47.116527  n=3.000  phase=0.000
   8.1: kPhi 0.120000 -> -63.815591  n=3.000  phase=0.000
   9.1: kPhi 0.155556 -> 31.707499  n=3.000  phase=0.000

Point table:
 angle_deg      QM_rel      orig_MM    MM_zeroed_rel    torsion_fit    MM_refit_rel    residual_after
  179.1159    1.853592    1.102136        0.000000      0.795755      0.795755        1.057837
  189.1159    1.645410    1.068616        0.121630      2.482284      2.603914       -0.958504
  199.1159    2.960575    2.087661        1.447805      3.630623      5.078428       -2.117853
  209.1159    4.852691    1.706154        1.681558      4.274259      5.955817       -1.103125
  219.1159    6.403183    0.132813        0.876056      4.669438      5.545495        0.857688
  229.1159    7.476363    0.000000        1.329914      3.972055      5.301969        2.174393
  239.1159    7.722873    0.579872        2.061733      5.538765      7.600498        0.122375
  249.1159    7.157039    1.373855        2.557257      6.034345      8.591602       -1.434563
  259.1159    5.940860    2.175894        2.751741      5.340944      8.092686       -2.151825
  269.1159    4.524363    3.148320        3.154438      3.490560      6.644998       -2.120635
  279.1159    3.255596    4.426321        3.849454      1.980122      5.829576       -2.573980
  289.1159    2.490201    5.012146        4.091086      1.755193      5.846279       -3.356078
  299.1159    2.902713    6.762284        5.703960      1.728902      7.432862       -4.530149
  309.1159    3.592686    8.846097        7.761972      1.441742      9.203714       -5.611028
  319.1159    1.033421   11.628574       10.810936     -0.888374      9.922562       -8.889140
  329.1159    1.980190   12.084319       11.589158     -1.365540     10.223619       -8.243429
  339.1159    2.855950   11.842246       11.733269     -2.178796      9.554473       -6.698523
  349.1159    3.721444   10.991858       11.224469     -3.118319      8.106151       -4.384707
  359.1159    4.649680   12.009298       12.356151     -4.449945      7.906207       -3.256527
  369.1159    3.975827   11.597966       11.568083     -5.268066      6.300017       -2.324190
  379.1159    2.838250   11.634805       10.945544     -6.731726      4.213818       -1.375568
  389.1159    2.210730   12.037600       10.903956     -7.759911      3.144044       -0.933315
  399.1159    1.203864   12.302623       10.473606    -10.473606      0.000000        1.203864
  409.1159    1.034693   12.542581       10.419641    -10.368122      0.051519        0.983174
  419.1159    0.400132   12.353908       10.029168     -9.894239      0.134930        0.265202
  429.1159    0.903588   12.069159        9.862775     -9.594978      0.267796        0.635792
  439.1159    1.173138   12.184003       10.385059     -6.752946      3.632113       -2.458975
  449.1159    1.762143   12.273642       10.996196     -5.302185      5.694011       -3.931868
  459.1159    2.445748   12.051052       11.398740     -4.517327      6.881413       -4.435665
  469.1159    3.570085   12.094355       11.945373     -5.674731      6.270643       -2.700557
  479.1159    3.439186   11.288896       11.551334     -4.271515      7.279819       -3.840633
  489.1159    2.528866   11.052478       11.252654     -2.630442      8.622212       -6.093346
  499.1159    1.472966   10.508122       10.414956     -2.409511      8.005445       -6.532479
  509.1159    0.629063   10.781863       10.241680     -2.209469      8.032211       -7.403149
  519.1159    0.255627   11.107168       10.228183     -3.578169      6.650014       -6.394387
  529.1159    0.000000   10.911195        9.815281     -3.739919      6.075362       -6.075362
  539.1159    0.856704   11.301822       10.137035     -3.045967      7.091068       -6.234365

RMSE:         4.163954
MAE:          3.390926
MaxAbsError:  8.889140

============================================================================================
                                  Parmfit Torsion Scan Fit                                  
============================================================================================
Center bond: (19, 24)
Representative dihedral: (18, 19, 24, 25)
Scan xyz: /home/hungn/Desktop/MyRepo/MLP/MAPLE/maple/function/dispatcher/parmfit/example/demo2_torsionfit_v2_torsionfit_19-24_scan_final.xyz
Target proper count: 6

Target proper order:
   1. atoms=(18, 19, 24, 25) types=('c3', 'c3', 'c', 'o')
   2. atoms=(18, 19, 24, 26) types=('c3', 'c3', 'c', 'oh')
   3. atoms=(22, 19, 24, 25) types=('hc', 'c3', 'c', 'o')
   4. atoms=(22, 19, 24, 26) types=('hc', 'c3', 'c', 'oh')
   5. atoms=(23, 19, 24, 25) types=('hc', 'c3', 'c', 'o')
   6. atoms=(23, 19, 24, 26) types=('hc', 'c3', 'c', 'oh')

Step deltas:
  step 1: group=(1, 2, 3, 4, 5, 6) delta_kPhi=[-22.512602, -0.103689, -14.380821, 34.964303, -13.004773, -26.681631, 40.209706, -12.290660, -19.538377, 34.358171]

Fitted kPhi per proper:
   1.1: kPhi 0.200000 -> -22.512602  n=2.000  phase=180.000
   1.2: kPhi 0.440000 -> -0.103689  n=3.000  phase=180.000
   1.3: kPhi 0.680000 -> -14.380821  n=1.000  phase=0.000
   2.1: kPhi 0.000000 -> 34.964303  n=2.000  phase=180.000
   3.1: kPhi 4.030000 -> -13.004773  n=1.000  phase=0.000
   3.2: kPhi 3.660000 -> -26.681631  n=2.000  phase=180.000
   4.1: kPhi 0.000000 -> 40.209706  n=2.000  phase=180.000
   5.1: kPhi 4.030000 -> -12.290660  n=1.000  phase=0.000
   5.2: kPhi 3.660000 -> -19.538377  n=2.000  phase=180.000
   6.1: kPhi 0.000000 -> 34.358171  n=2.000  phase=180.000

Point table:
 angle_deg      QM_rel      orig_MM    MM_zeroed_rel    torsion_fit    MM_refit_rel    residual_after
   95.0926    1.924545    3.242620        3.410822     -0.449905      2.960918       -1.036373
  105.0926    1.580816    2.573722        2.742688     -0.529717      2.212972       -0.632156
  115.0926    1.304271    2.226956        2.128248     -0.980793      1.147455        0.156816
  125.0926    1.086505    2.546837        2.101528     -1.357226      0.744303        0.342202
  135.0926    0.813186    2.451509        1.656652     -1.389716      0.266936        0.546250
  145.0926    0.865811    3.135332        2.110793     -1.420408      0.690385        0.175426
  155.0926    1.116782    2.902070        1.707851     -1.000517      0.707333        0.409449
  165.0926    1.558870    3.426988        2.149051     -0.710576      1.438475        0.120395
  175.0926    2.063205    3.731589        2.428425     -0.674635      1.753790        0.309415
  185.0926    2.598378    4.327590        2.998370     -0.332891      2.665479       -0.067101
  195.0926    3.037811    4.504502        3.208133      0.035894      3.244027       -0.206216
  205.0926    3.391554    4.432279        3.274855      0.543848      3.818703       -0.427149
  215.0926    3.633408    3.983004        2.983757      1.097340      4.081096       -0.447688
  225.0926    3.835662    3.247073        2.493086      1.662398      4.155484       -0.319823
  235.0926    3.993968    2.486062        2.044319      1.948787      3.993106        0.000862
  245.0926    4.135097    1.720799        1.594138      1.998683      3.592820        0.542276
  255.0926    3.463423    0.000000        0.141748      3.113584      3.255333        0.208090
  265.0926    3.163670    0.722074        1.030919      1.850491      2.881410        0.282260
  275.0926    2.945988    1.418435        1.520971      1.000692      2.521663        0.424324
  285.0926    2.680804    2.878449        2.285506      0.592513      2.878020       -0.197216
  295.0926    1.891836    2.482441        0.771834      0.690359      1.462193        0.429643
  305.0926    1.403004    3.516750        0.342520      0.443259      0.785779        0.617225
  315.0926    0.964488    6.837190        1.717084      0.765816      2.482899       -1.518411
  325.0926    0.216916    6.780785        0.196853     -0.164243      0.032609        0.184306
  335.0926    0.021796    8.563386        0.359544     -0.085881      0.273663       -0.251867
  345.0926    0.000000    9.642937        0.351534     -0.152164      0.199370       -0.199370
  355.0926    0.196428    9.920404        0.000000      0.000000      0.000000        0.196428
  365.0926    0.682483    9.948527        0.015293      0.224597      0.239890        0.442593
  375.0926    1.390652    9.798686        0.355170      0.859406      1.214576        0.176076
  385.0926    2.266702    9.687542        1.426280      1.249030      2.675310       -0.408607
  395.0926    3.063450    8.266605        1.477105      1.256024      2.733129        0.330321
  405.0926    3.780540    7.527416        2.446612      1.110741      3.557353        0.223187
  415.0926    4.192406    5.802344        2.382974      1.219420      3.602394        0.590012
  425.0926    3.803411    4.001926        1.878900      1.874378      3.753279        0.050133
  435.0926    3.561483    3.469115        2.526843      1.193029      3.719872       -0.158390
  445.0926    2.872164    2.319485        2.154418      0.389773      2.544191        0.327974
  455.0926    2.077016    2.256554        2.554088     -0.299500      2.254588       -0.177572

RMSE:         0.450377
MAE:          0.354962
MaxAbsError:  1.518411

============================================================================================
                                  Parmfit Torsion Scan Fit                                  
============================================================================================
Center bond: (24, 26)
Representative dihedral: (19, 24, 26, 27)
Scan xyz: /home/hungn/Desktop/MyRepo/MLP/MAPLE/maple/function/dispatcher/parmfit/example/demo2_torsionfit_v2_torsionfit_24-26_scan_final.xyz
Target proper count: 2

Target proper order:
   1. atoms=(19, 24, 26, 27) types=('c3', 'c', 'oh', 'ho')
   2. atoms=(25, 24, 26, 27) types=('o', 'c', 'oh', 'ho')

Step deltas:
  step 1: group=(1, 2) delta_kPhi=[0.678747, 4.250703, -2.089261]

Fitted kPhi per proper:
   1.1: kPhi 1.800000 -> 0.678747  n=2.000  phase=180.000
   2.1: kPhi 2.300000 -> 4.250703  n=2.000  phase=180.000
   2.2: kPhi 1.900000 -> -2.089261  n=1.000  phase=0.000

Point table:
 angle_deg      QM_rel      orig_MM    MM_zeroed_rel    torsion_fit    MM_refit_rel    residual_after
  177.8609    1.164900    2.924205        3.294392     -0.348464      2.945928       -1.781028
  187.8609    1.538261    2.790443        3.008056     -0.203869      2.804187       -1.265926
  197.8609    2.513091    3.497755        3.122944      0.326708      3.449651       -0.936560
  207.8609    4.292757    4.568238        3.168785      1.254133      4.422918       -0.130160
  217.8609    6.573112    6.318782        3.631835      2.389848      6.021683        0.551429
  227.8609    9.154640    8.478630        4.206107      3.810516      8.016623        1.138018
  237.8609    9.275544   11.292483        5.720874      4.850821     10.571695       -1.296152
  247.8609   11.311978   13.642694        6.435689      6.236203     12.671892       -1.359914
  257.8609   12.910195   15.670910        7.223106      7.128513     14.351619       -1.441424
  267.8609   13.754444   16.835718        7.351707      7.537515     14.889222       -1.134778
  277.8609   13.861378   17.873663        8.044483      6.942679     14.987163       -1.125785
  287.8609   13.414483   17.433506        7.925687      5.660392     13.586079       -0.171595
  297.8609   12.424430   17.023401        8.356480      3.684046     12.040527        0.383904
  307.8609   11.074248   16.314217        8.737204      1.697154     10.434358        0.639889
  317.8609    9.701175   15.696661        9.313603     -0.257530      9.056073        0.645102
  327.8609    8.542623   15.180244        9.918654     -1.949834      7.968819        0.573804
  337.8609    7.675821   15.042650       10.662366     -3.156751      7.505616        0.170205
  347.8609    7.088518   14.590773       10.856830     -4.071866      6.784964        0.303554
  357.8609    6.865908   14.701795       11.262140     -4.498014      6.764125        0.101782
  367.8609    6.963753   14.460536       10.948109     -4.447167      6.500942        0.462811
  377.8609    7.551598   15.117542       11.181698     -3.944989      7.236709        0.314889
  387.8609    8.455504   15.876597       11.189826     -2.968373      8.221452        0.234051
  397.8609    9.711946   16.775821       11.110273     -1.638473      9.471799        0.240147
  407.8609   11.178890   17.420889       10.582981      0.157131     10.740112        0.438779
  417.8609   12.732627   18.015541       10.019918      2.083959     12.103876        0.628751
  427.8609   14.128338   18.398634        9.384884      4.063941     13.448825        0.679512
  437.8609   15.037265   17.986759        8.278034      5.881287     14.159321        0.877944
  447.8609   15.293088   17.455328        7.572449      7.019983     14.592433        0.700656
  457.8609   14.713743   15.021833        5.636243      7.517771     13.154014        1.559728
  467.8609   13.476235   13.013401        4.665666      7.115637     11.781303        1.694932
  477.8609   11.554477   10.680289        3.819869      6.062681      9.882549        1.671928
  487.8609    9.119379    7.127401        2.040238      4.555837      6.596075        2.523304
  497.8609    6.547818    4.996218        1.547356      3.110446      4.657802        1.890016
  507.8609    4.118574    2.949411        1.027259      1.717354      2.744613        1.373961
  517.8609    2.095278    1.158029        0.401088      0.668931      1.070019        1.025258
  527.8609    0.689683    0.000762        0.000000      0.000000      0.000000        0.689683
  537.8609    0.000000    0.000000        0.359734     -0.334422      0.025312       -0.025312

RMSE:         1.053766
MAE:          0.869802
MaxAbsError:  2.523304
============================================================================================

============================================================================================
                                    Torsion Refit Cycles                                    
============================================================================================
requested rounds: 10
max iter / cycle: 50
acceptance tol:   0.0001 kcal/mol
completed cycles: 7

cycle 1: accepted=4 rejected=0
  center bond (15, 18): RMSE 2.930467 -> 1.074969 (accepted, iterations=27)
     1.1: kPhi 4.660548 -> 3.706833  n=2.000  phase=180.000
     2.1: kPhi 0.517622 -> 0.827346  n=1.000  phase=0.000
     3.1: kPhi -1.419216 -> -1.675772  n=1.000  phase=0.000
     4.1: kPhi -3.653696 -> -4.632099  n=2.000  phase=180.000
     5.1: kPhi 0.506510 -> 0.199808  n=1.000  phase=0.000
     6.1: kPhi -1.183068 -> -0.935334  n=1.000  phase=0.000
  center bond (18, 19): RMSE 8.110187 -> 2.680174 (accepted, iterations=32)
     1.1: kPhi 16.564989 -> 17.074463  n=3.000  phase=0.000
     2.1: kPhi -36.980893 -> -36.167265  n=3.000  phase=0.000
     3.1: kPhi -5.871549 -> -0.671040  n=1.000  phase=0.000
     4.1: kPhi -58.742193 -> -57.995103  n=3.000  phase=0.000
     5.1: kPhi 96.615468 -> 97.537173  n=3.000  phase=0.000
     6.1: kPhi -32.019624 -> -32.271683  n=3.000  phase=0.000
     7.1: kPhi 47.116527 -> 46.642568  n=3.000  phase=0.000
     8.1: kPhi -63.815591 -> -63.874369  n=3.000  phase=0.000
     9.1: kPhi 31.707499 -> 30.147586  n=3.000  phase=0.000
  center bond (19, 24): RMSE 0.917444 -> 0.411170 (accepted, iterations=19)
     1.1: kPhi -22.512602 -> -22.475178  n=2.000  phase=180.000
     1.2: kPhi -0.103689 -> -0.025080  n=3.000  phase=180.000
     1.3: kPhi -14.380821 -> -14.356974  n=1.000  phase=0.000
     2.1: kPhi 34.964303 -> 34.977144  n=2.000  phase=180.000
     3.1: kPhi -13.004773 -> -12.689373  n=1.000  phase=0.000
     3.2: kPhi -26.681631 -> -26.535966  n=2.000  phase=180.000
     4.1: kPhi 40.209706 -> 40.346198  n=2.000  phase=180.000
     5.1: kPhi -12.290660 -> -12.633544  n=1.000  phase=0.000
     5.2: kPhi -19.538377 -> -19.703738  n=2.000  phase=180.000
     6.1: kPhi 34.358171 -> 34.221830  n=2.000  phase=180.000
  center bond (24, 26): RMSE 1.045552 -> 1.025851 (accepted, iterations=9)
     1.1: kPhi 0.678747 -> 0.757374  n=2.000  phase=180.000
     2.1: kPhi 4.250703 -> 4.275641  n=2.000  phase=180.000
     2.2: kPhi -2.089261 -> -2.000256  n=1.000  phase=0.000

cycle 2: accepted=4 rejected=0
  center bond (15, 18): RMSE 1.601101 -> 1.224702 (accepted, iterations=5)
     1.1: kPhi 3.706833 -> 3.523627  n=2.000  phase=180.000
     2.1: kPhi 0.827346 -> 0.672591  n=1.000  phase=0.000
     3.1: kPhi -1.675772 -> -1.712752  n=1.000  phase=0.000
     4.1: kPhi -4.632099 -> -4.801826  n=2.000  phase=180.000
     5.1: kPhi 0.199808 -> 0.360877  n=1.000  phase=0.000
     6.1: kPhi -0.935334 -> -0.907008  n=1.000  phase=0.000
  center bond (18, 19): RMSE 2.603671 -> 2.465995 (accepted, iterations=18)
     1.1: kPhi 17.074463 -> 17.427771  n=3.000  phase=0.000
     2.1: kPhi -36.167265 -> -35.835559  n=3.000  phase=0.000
     3.1: kPhi -0.671040 -> -0.483983  n=1.000  phase=0.000
     4.1: kPhi -57.995103 -> -57.616250  n=3.000  phase=0.000
     5.1: kPhi 97.537173 -> 97.825400  n=3.000  phase=0.000
     6.1: kPhi -32.271683 -> -32.632606  n=3.000  phase=0.000
     7.1: kPhi 46.642568 -> 46.603376  n=3.000  phase=0.000
     8.1: kPhi -63.874369 -> -63.902769  n=3.000  phase=0.000
     9.1: kPhi 30.147586 -> 29.230972  n=3.000  phase=0.000
  center bond (19, 24): RMSE 0.440754 -> 0.419373 (accepted, iterations=14)
     1.1: kPhi -22.475178 -> -22.470846  n=2.000  phase=180.000
     1.2: kPhi -0.025080 -> -0.043662  n=3.000  phase=180.000
     1.3: kPhi -14.356974 -> -14.361099  n=1.000  phase=0.000
     2.1: kPhi 34.977144 -> 34.960492  n=2.000  phase=180.000
     3.1: kPhi -12.689373 -> -12.618714  n=1.000  phase=0.000
     3.2: kPhi -26.535966 -> -26.540768  n=2.000  phase=180.000
     4.1: kPhi 40.346198 -> 40.342494  n=2.000  phase=180.000
     5.1: kPhi -12.633544 -> -12.704596  n=1.000  phase=0.000
     5.2: kPhi -19.703738 -> -19.701393  n=2.000  phase=180.000
     6.1: kPhi 34.221830 -> 34.240253  n=2.000  phase=180.000
  center bond (24, 26): RMSE 1.034483 -> 1.034098 (accepted, iterations=3)
     1.1: kPhi 0.757374 -> 0.750937  n=2.000  phase=180.000
     2.1: kPhi 4.275641 -> 4.254060  n=2.000  phase=180.000
     2.2: kPhi -2.000256 -> -2.003555  n=1.000  phase=0.000

cycle 3: accepted=3 rejected=1
  center bond (15, 18): RMSE 1.298664 -> 1.266917 (accepted, iterations=4)
     1.1: kPhi 3.523627 -> 3.502357  n=2.000  phase=180.000
     2.1: kPhi 0.672591 -> 0.657328  n=1.000  phase=0.000
     3.1: kPhi -1.712752 -> -1.729781  n=1.000  phase=0.000
     4.1: kPhi -4.801826 -> -4.818583  n=2.000  phase=180.000
     5.1: kPhi 0.360877 -> 0.378133  n=1.000  phase=0.000
     6.1: kPhi -0.907008 -> -0.892079  n=1.000  phase=0.000
  center bond (18, 19): RMSE 2.521986 -> 2.444953 (accepted, iterations=21)
     1.1: kPhi 17.427771 -> 17.676680  n=3.000  phase=0.000
     2.1: kPhi -35.835559 -> -35.602568  n=3.000  phase=0.000
     3.1: kPhi -0.483983 -> -0.418677  n=1.000  phase=0.000
     4.1: kPhi -57.616250 -> -57.386824  n=3.000  phase=0.000
     5.1: kPhi 97.825400 -> 97.982390  n=3.000  phase=0.000
     6.1: kPhi -32.632606 -> -32.957861  n=3.000  phase=0.000
     7.1: kPhi 46.603376 -> 46.587885  n=3.000  phase=0.000
     8.1: kPhi -63.902769 -> -63.908171  n=3.000  phase=0.000
     9.1: kPhi 29.230972 -> 28.548790  n=3.000  phase=0.000
  center bond (19, 24): RMSE 0.440853 -> 0.430333 (accepted, iterations=10)
     1.1: kPhi -22.470846 -> -22.466636  n=2.000  phase=180.000
     1.2: kPhi -0.043662 -> -0.055265  n=3.000  phase=180.000
     1.3: kPhi -14.361099 -> -14.353946  n=1.000  phase=0.000
     2.1: kPhi 34.960492 -> 34.948558  n=2.000  phase=180.000
     3.1: kPhi -12.618714 -> -12.566790  n=1.000  phase=0.000
     3.2: kPhi -26.540768 -> -26.533420  n=2.000  phase=180.000
     4.1: kPhi 40.342494 -> 40.350190  n=2.000  phase=180.000
     5.1: kPhi -12.704596 -> -12.767743  n=1.000  phase=0.000
     5.2: kPhi -19.701393 -> -19.710717  n=2.000  phase=180.000
     6.1: kPhi 34.240253 -> 34.243829  n=2.000  phase=180.000
  center bond (24, 26): RMSE 1.038180 -> 1.038105 (rejected, iterations=1)
     1.1: kPhi 0.750937 -> 0.755511  n=2.000  phase=180.000
     2.1: kPhi 4.254060 -> 4.247554  n=2.000  phase=180.000
     2.2: kPhi -2.003555 -> -1.998215  n=1.000  phase=0.000

cycle 4: accepted=3 rejected=1
  center bond (15, 18): RMSE 1.349719 -> 1.318834 (accepted, iterations=5)
     1.1: kPhi 3.502357 -> 3.482069  n=2.000  phase=180.000
     2.1: kPhi 0.657328 -> 0.641018  n=1.000  phase=0.000
     3.1: kPhi -1.729781 -> -1.745745  n=1.000  phase=0.000
     4.1: kPhi -4.818583 -> -4.834222  n=2.000  phase=180.000
     5.1: kPhi 0.378133 -> 0.396521  n=1.000  phase=0.000
     6.1: kPhi -0.892079 -> -0.878338  n=1.000  phase=0.000
  center bond (18, 19): RMSE 2.467045 -> 2.460182 (accepted, iterations=5)
     1.1: kPhi 17.676680 -> 17.707994  n=3.000  phase=0.000
     2.1: kPhi -35.602568 -> -35.571286  n=3.000  phase=0.000
     3.1: kPhi -0.418677 -> -0.409474  n=1.000  phase=0.000
     4.1: kPhi -57.386824 -> -57.370932  n=3.000  phase=0.000
     5.1: kPhi 97.982390 -> 98.000846  n=3.000  phase=0.000
     6.1: kPhi -32.957861 -> -32.973825  n=3.000  phase=0.000
     7.1: kPhi 46.587885 -> 46.575683  n=3.000  phase=0.000
     8.1: kPhi -63.908171 -> -63.906666  n=3.000  phase=0.000
     9.1: kPhi 28.548790 -> 28.497674  n=3.000  phase=0.000
  center bond (19, 24): RMSE 0.431128 -> 0.430755 (accepted, iterations=3)
     1.1: kPhi -22.466636 -> -22.462893  n=2.000  phase=180.000
     1.2: kPhi -0.055265 -> -0.056702  n=3.000  phase=180.000
     1.3: kPhi -14.353946 -> -14.353030  n=1.000  phase=0.000
     2.1: kPhi 34.948558 -> 34.947178  n=2.000  phase=180.000
     3.1: kPhi -12.566790 -> -12.562583  n=1.000  phase=0.000
     3.2: kPhi -26.533420 -> -26.538208  n=2.000  phase=180.000
     4.1: kPhi 40.350190 -> 40.345144  n=2.000  phase=180.000
     5.1: kPhi -12.767743 -> -12.774144  n=1.000  phase=0.000
     5.2: kPhi -19.710717 -> -19.708473  n=2.000  phase=180.000
     6.1: kPhi 34.243829 -> 34.250548  n=2.000  phase=180.000
  center bond (24, 26): RMSE 1.038246 -> 1.038162 (rejected, iterations=1)
     1.1: kPhi 0.750937 -> 0.753770  n=2.000  phase=180.000
     2.1: kPhi 4.254060 -> 4.245994  n=2.000  phase=180.000
     2.2: kPhi -2.003555 -> -1.998670  n=1.000  phase=0.000

cycle 5: accepted=2 rejected=2
  center bond (15, 18): RMSE 1.318190 -> 1.317123 (accepted, iterations=5)
     1.1: kPhi 3.482069 -> 3.482191  n=2.000  phase=180.000
     2.1: kPhi 0.641018 -> 0.641302  n=1.000  phase=0.000
     3.1: kPhi -1.745745 -> -1.746950  n=1.000  phase=0.000
     4.1: kPhi -4.834222 -> -4.833817  n=2.000  phase=180.000
     5.1: kPhi 0.396521 -> 0.396351  n=1.000  phase=0.000
     6.1: kPhi -0.878338 -> -0.877296  n=1.000  phase=0.000
  center bond (18, 19): RMSE 2.472085 -> 2.471126 (accepted, iterations=1)
     1.1: kPhi 17.707994 -> 17.713891  n=3.000  phase=0.000
     2.1: kPhi -35.571286 -> -35.566603  n=3.000  phase=0.000
     3.1: kPhi -0.409474 -> -0.411469  n=1.000  phase=0.000
     4.1: kPhi -57.370932 -> -57.369219  n=3.000  phase=0.000
     5.1: kPhi 98.000846 -> 98.003194  n=3.000  phase=0.000
     6.1: kPhi -32.973825 -> -32.974623  n=3.000  phase=0.000
     7.1: kPhi 46.575683 -> 46.573943  n=3.000  phase=0.000
     8.1: kPhi -63.906666 -> -63.906333  n=3.000  phase=0.000
     9.1: kPhi 28.497674 -> 28.492622  n=3.000  phase=0.000
  center bond (19, 24): RMSE 0.430572 -> 0.430521 (rejected, iterations=1)
     1.1: kPhi -22.462893 -> -22.463097  n=2.000  phase=180.000
     1.2: kPhi -0.056702 -> -0.057862  n=3.000  phase=180.000
     1.3: kPhi -14.353030 -> -14.355316  n=1.000  phase=0.000
     2.1: kPhi 34.947178 -> 34.945055  n=2.000  phase=180.000
     3.1: kPhi -12.562583 -> -12.562177  n=1.000  phase=0.000
     3.2: kPhi -26.538208 -> -26.535821  n=2.000  phase=180.000
     4.1: kPhi 40.345144 -> 40.347362  n=2.000  phase=180.000
     5.1: kPhi -12.774144 -> -12.772570  n=1.000  phase=0.000
     5.2: kPhi -19.708473 -> -19.710539  n=2.000  phase=180.000
     6.1: kPhi 34.250548 -> 34.250242  n=2.000  phase=180.000
  center bond (24, 26): RMSE 1.038186 -> 1.038102 (rejected, iterations=1)
     1.1: kPhi 0.750937 -> 0.753873  n=2.000  phase=180.000
     2.1: kPhi 4.254060 -> 4.246086  n=2.000  phase=180.000
     2.2: kPhi -2.003555 -> -1.998530  n=1.000  phase=0.000

cycle 6: accepted=1 rejected=3
  center bond (15, 18): RMSE 1.316229 -> 1.315305 (accepted, iterations=5)
     1.1: kPhi 3.482191 -> 3.482206  n=2.000  phase=180.000
     2.1: kPhi 0.641302 -> 0.641554  n=1.000  phase=0.000
     3.1: kPhi -1.746950 -> -1.748135  n=1.000  phase=0.000
     4.1: kPhi -4.833817 -> -4.833489  n=2.000  phase=180.000
     5.1: kPhi 0.396351 -> 0.396214  n=1.000  phase=0.000
     6.1: kPhi -0.877296 -> -0.876268  n=1.000  phase=0.000
  center bond (18, 19): RMSE 2.471038 -> 2.471037 (rejected, iterations=1)
     1.1: kPhi 17.713891 -> 17.713887  n=3.000  phase=0.000
     2.1: kPhi -35.566603 -> -35.566602  n=3.000  phase=0.000
     3.1: kPhi -0.411469 -> -0.411417  n=1.000  phase=0.000
     4.1: kPhi -57.369219 -> -57.369221  n=3.000  phase=0.000
     5.1: kPhi 98.003194 -> 98.003195  n=3.000  phase=0.000
     6.1: kPhi -32.974623 -> -32.974631  n=3.000  phase=0.000
     7.1: kPhi 46.573943 -> 46.573933  n=3.000  phase=0.000
     8.1: kPhi -63.906333 -> -63.906337  n=3.000  phase=0.000
     9.1: kPhi 28.492622 -> 28.492606  n=3.000  phase=0.000
  center bond (19, 24): RMSE 0.430580 -> 0.430528 (rejected, iterations=1)
     1.1: kPhi -22.462893 -> -22.463107  n=2.000  phase=180.000
     1.2: kPhi -0.056702 -> -0.057871  n=3.000  phase=180.000
     1.3: kPhi -14.353030 -> -14.355353  n=1.000  phase=0.000
     2.1: kPhi 34.947178 -> 34.945042  n=2.000  phase=180.000
     3.1: kPhi -12.562583 -> -12.562171  n=1.000  phase=0.000
     3.2: kPhi -26.538208 -> -26.535790  n=2.000  phase=180.000
     4.1: kPhi 40.345144 -> 40.347393  n=2.000  phase=180.000
     5.1: kPhi -12.774144 -> -12.772537  n=1.000  phase=0.000
     5.2: kPhi -19.708473 -> -19.710561  n=2.000  phase=180.000
     6.1: kPhi 34.250548 -> 34.250222  n=2.000  phase=180.000
  center bond (24, 26): RMSE 1.038193 -> 1.038108 (rejected, iterations=1)
     1.1: kPhi 0.750937 -> 0.753869  n=2.000  phase=180.000
     2.1: kPhi 4.254060 -> 4.246082  n=2.000  phase=180.000
     2.2: kPhi -2.003555 -> -1.998537  n=1.000  phase=0.000

cycle 7: accepted=0 rejected=4
  center bond (15, 18): RMSE 1.315305 -> 1.315305 (rejected, iterations=0)
     1.1: kPhi 3.482206 -> 3.482206  n=2.000  phase=180.000
     2.1: kPhi 0.641554 -> 0.641554  n=1.000  phase=0.000
     3.1: kPhi -1.748135 -> -1.748135  n=1.000  phase=0.000
     4.1: kPhi -4.833489 -> -4.833489  n=2.000  phase=180.000
     5.1: kPhi 0.396214 -> 0.396214  n=1.000  phase=0.000
     6.1: kPhi -0.876268 -> -0.876268  n=1.000  phase=0.000
  center bond (18, 19): RMSE 2.471038 -> 2.471037 (rejected, iterations=1)
     1.1: kPhi 17.713891 -> 17.713887  n=3.000  phase=0.000
     2.1: kPhi -35.566603 -> -35.566602  n=3.000  phase=0.000
     3.1: kPhi -0.411469 -> -0.411417  n=1.000  phase=0.000
     4.1: kPhi -57.369219 -> -57.369221  n=3.000  phase=0.000
     5.1: kPhi 98.003194 -> 98.003195  n=3.000  phase=0.000
     6.1: kPhi -32.974623 -> -32.974631  n=3.000  phase=0.000
     7.1: kPhi 46.573943 -> 46.573933  n=3.000  phase=0.000
     8.1: kPhi -63.906333 -> -63.906337  n=3.000  phase=0.000
     9.1: kPhi 28.492622 -> 28.492606  n=3.000  phase=0.000
  center bond (19, 24): RMSE 0.430580 -> 0.430528 (rejected, iterations=1)
     1.1: kPhi -22.462893 -> -22.463107  n=2.000  phase=180.000
     1.2: kPhi -0.056702 -> -0.057871  n=3.000  phase=180.000
     1.3: kPhi -14.353030 -> -14.355353  n=1.000  phase=0.000
     2.1: kPhi 34.947178 -> 34.945042  n=2.000  phase=180.000
     3.1: kPhi -12.562583 -> -12.562171  n=1.000  phase=0.000
     3.2: kPhi -26.538208 -> -26.535790  n=2.000  phase=180.000
     4.1: kPhi 40.345144 -> 40.347393  n=2.000  phase=180.000
     5.1: kPhi -12.774144 -> -12.772537  n=1.000  phase=0.000
     5.2: kPhi -19.708473 -> -19.710561  n=2.000  phase=180.000
     6.1: kPhi 34.250548 -> 34.250222  n=2.000  phase=180.000
  center bond (24, 26): RMSE 1.038193 -> 1.038108 (rejected, iterations=1)
     1.1: kPhi 0.750937 -> 0.753869  n=2.000  phase=180.000
     2.1: kPhi 4.254060 -> 4.246082  n=2.000  phase=180.000
     2.2: kPhi -2.003555 -> -1.998537  n=1.000  phase=0.000
============================================================================================

============================================================================================================
                                    Parmfit Correction Parameter Report                                     
============================================================================================================
mol2:   /home/hungn/Desktop/MyRepo/MLP/MAPLE/maple/function/dispatcher/parmfit/example/demo2_ff.mol2
frcmod: /home/hungn/Desktop/MyRepo/MLP/MAPLE/maple/function/dispatcher/parmfit/example/demo2_ff.frcmod
Display convention: left = original assigned parameter | right = corrected system parameter


------------------------------------------------------------------------------------------------------------
                                                   BONDS                                                    
------------------------------------------------------------------------------------------------------------
(1,2)            ca-ca             k=354.250000  r=1.399000           | 	 k=480.918254  r=1.369052          
(1,6)            ca-ca             k=354.250000  r=1.399000           | 	 k=352.815161  r=1.418014          
(1,8)            ca-ha             k=360.690000  r=1.086000           | 	 k=392.887358  r=1.086867          
(2,3)            ca-ca             k=354.250000  r=1.399000           | 	 k=346.066501  r=1.419245          
(2,9)            ca-ha             k=360.690000  r=1.086000           | 	 k=389.252348  r=1.088205          
(3,4)            ca-ca             k=354.250000  r=1.399000           | 	 k=342.717782  r=1.416350          
(3,10)           ca-ca             k=354.250000  r=1.399000           | 	 k=332.484466  r=1.420781          
(4,5)            ca-ca             k=354.250000  r=1.399000           | 	 k=338.714198  r=1.422867          
(4,11)           ca-ca             k=354.250000  r=1.399000           | 	 k=336.771538  r=1.421650          
(5,6)            ca-ca             k=354.250000  r=1.399000           | 	 k=478.870729  r=1.370229          
(5,12)           ca-ha             k=360.690000  r=1.086000           | 	 k=389.512496  r=1.088216          
(6,13)           ca-ha             k=360.690000  r=1.086000           | 	 k=392.184961  r=1.087074          
(7,10)           ha-ca             k=360.690000  r=1.086000           | 	 k=388.192540  r=1.088517          
(10,15)          ca-ca             k=354.250000  r=1.399000           | 	 k=453.880497  r=1.374727          
(11,14)          ca-ca             k=354.250000  r=1.399000           | 	 k=473.476863  r=1.369282          
(11,16)          ca-ha             k=360.690000  r=1.086000           | 	 k=389.020946  r=1.087862          
(14,15)          ca-ca             k=354.250000  r=1.399000           | 	 k=335.459724  r=1.422220          
(14,17)          ca-ha             k=360.690000  r=1.086000           | 	 k=383.145728  r=1.089181          
(15,18)          ca-c3             k=243.910000  r=1.515000           | 	 k=249.948357  r=1.515312          
(18,19)          c3-c3             k=228.890000  r=1.535000           | 	 k=206.252028  r=1.547966          
(18,20)          c3-hc             k=345.250000  r=1.096000           | 	 k=360.653535  r=1.097035          
(18,21)          c3-hc             k=345.250000  r=1.096000           | 	 k=363.760102  r=1.095792          
(19,22)          c3-hc             k=345.250000  r=1.096000           | 	 k=368.432906  r=1.095368          
(19,23)          c3-hc             k=345.250000  r=1.096000           | 	 k=371.760127  r=1.093418          
(19,24)          c3-c              k=234.850000  r=1.527000           | 	 k=255.335489  r=1.508345          
(24,25)          c-o               k=590.600000  r=1.219000           | 	 k=897.826852  r=1.207404          
(24,26)          c-oh              k=359.270000  r=1.356000           | 	 k=345.724834  r=1.351566          
(26,27)          oh-ho             k=535.510000  r=0.973000           | 	 k=556.524483  r=0.971670          

------------------------------------------------------------------------------------------------------------
                                                   ANGLES                                                   
------------------------------------------------------------------------------------------------------------
(2,1,6)          ca-ca-ca                k=63.670000  theta=120.0200          | 	 k=114.524462  theta=120.2065        
(2,1,8)          ca-ca-ha                k=44.900000  theta=119.8800          | 	 k=34.628480  theta=120.3299         
(6,1,8)          ca-ca-ha                k=44.900000  theta=119.8800          | 	 k=35.294373  theta=119.4633         
(1,2,3)          ca-ca-ca                k=63.670000  theta=120.0200          | 	 k=90.412550  theta=120.6894         
(1,2,9)          ca-ca-ha                k=44.900000  theta=119.8800          | 	 k=35.798970  theta=120.7913         
(3,2,9)          ca-ca-ha                k=44.900000  theta=119.8800          | 	 k=33.603341  theta=118.5169         
(2,3,4)          ca-ca-ca                k=63.670000  theta=120.0200          | 	 k=95.112348  theta=119.2031         
(2,3,10)         ca-ca-ca                k=63.670000  theta=120.0200          | 	 k=103.453087  theta=121.4805        
(4,3,10)         ca-ca-ca                k=63.670000  theta=120.0200          | 	 k=96.998762  theta=119.3123         
(3,4,5)          ca-ca-ca                k=63.670000  theta=120.0200          | 	 k=93.582917  theta=119.0089         
(3,4,11)         ca-ca-ca                k=63.670000  theta=120.0200          | 	 k=92.121334  theta=118.3135         
(5,4,11)         ca-ca-ca                k=63.670000  theta=120.0200          | 	 k=103.254031  theta=122.6774        
(4,5,6)          ca-ca-ca                k=63.670000  theta=120.0200          | 	 k=86.818241  theta=120.5499         
(4,5,12)         ca-ca-ha                k=44.900000  theta=119.8800          | 	 k=33.595970  theta=118.9746         
(6,5,12)         ca-ca-ha                k=44.900000  theta=119.8800          | 	 k=36.352595  theta=120.4746         
(1,6,5)          ca-ca-ca                k=63.670000  theta=120.0200          | 	 k=114.442628  theta=120.3361        
(1,6,13)         ca-ca-ha                k=44.900000  theta=119.8800          | 	 k=35.236875  theta=119.2665         
(5,6,13)         ca-ca-ha                k=44.900000  theta=119.8800          | 	 k=34.570905  theta=120.3973         
(3,10,7)         ca-ca-ha                k=44.900000  theta=119.8800          | 	 k=33.358750  theta=117.7718         
(3,10,15)        ca-ca-ca                k=63.670000  theta=120.0200          | 	 k=84.845654  theta=121.7702         
(7,10,15)        ha-ca-ca                k=44.900000  theta=119.8800          | 	 k=34.696284  theta=120.4570         
(4,11,14)        ca-ca-ca                k=63.670000  theta=120.0200          | 	 k=84.121492  theta=120.8989         
(4,11,16)        ca-ca-ha                k=44.900000  theta=119.8800          | 	 k=33.162658  theta=118.8753         
(14,11,16)       ca-ca-ha                k=44.900000  theta=119.8800          | 	 k=35.168048  theta=120.2252         
(11,14,15)       ca-ca-ca                k=63.670000  theta=120.0200          | 	 k=106.677046  theta=121.3534        
(11,14,17)       ca-ca-ha                k=44.900000  theta=119.8800          | 	 k=35.835404  theta=119.3131         
(15,14,17)       ca-ca-ha                k=44.900000  theta=119.8800          | 	 k=36.188985  theta=119.3299         
(10,15,14)       ca-ca-ca                k=63.670000  theta=120.0200          | 	 k=113.097415  theta=118.2480        
(10,15,18)       ca-ca-c3                k=60.740000  theta=120.8300          | 	 k=82.986003  theta=121.3222         
(14,15,18)       ca-ca-c3                k=60.740000  theta=120.8300          | 	 k=86.407101  theta=120.4202         
(15,18,19)       ca-c3-c3                k=60.330000  theta=112.4200          | 	 k=76.096440  theta=114.5482         
(15,18,20)       ca-c3-hc                k=43.610000  theta=110.6300          | 	 k=56.532935  theta=109.6222         
(15,18,21)       ca-c3-hc                k=43.610000  theta=110.6300          | 	 k=61.399071  theta=109.6371         
(19,18,20)       c3-c3-hc                k=43.270000  theta=109.6800          | 	 k=55.678954  theta=108.3406         
(19,18,21)       c3-c3-hc                k=43.270000  theta=109.6800          | 	 k=49.571885  theta=107.7399         
(20,18,21)       hc-c3-hc                k=35.800000  theta=107.7300          | 	 k=36.246323  theta=106.6433         
(18,19,22)       c3-c3-hc                k=43.270000  theta=109.6800          | 	 k=50.136284  theta=109.3473         
(18,19,23)       c3-c3-hc                k=43.270000  theta=109.6800          | 	 k=47.952070  theta=110.5173         
(18,19,24)       c3-c3-c                 k=60.360000  theta=111.4300          | 	 k=118.198194  theta=112.5527        
(22,19,23)       hc-c3-hc                k=35.800000  theta=107.7300          | 	 k=37.374176  theta=108.9542         
(22,19,24)       hc-c3-c                 k=43.630000  theta=108.9500          | 	 k=63.669152  theta=108.2982         
(23,19,24)       hc-c3-c                 k=43.630000  theta=108.9500          | 	 k=59.228820  theta=107.0750         
(19,24,25)       c3-c-o                  k=76.450000  theta=122.9000          | 	 k=69.299998  theta=125.9239         
(19,24,26)       c3-c-oh                 k=77.420000  theta=112.7400          | 	 k=93.474402  theta=112.0836         
(25,24,26)       o-c-oh                  k=102.030000  theta=122.0900         | 	 k=74.832797  theta=121.9853         
(24,26,27)       c-oh-ho                 k=68.460000  theta=106.5400          | 	 k=75.760331  theta=105.4222         

------------------------------------------------------------------------------------------------------------
                                                 DIHEDRALS                                                  
------------------------------------------------------------------------------------------------------------
(3,2,1,6)          ca-ca-ca-ca                term=1 k=3.625000  n=2.000  phase=180.0000 |  k=3.625000  n=2.000  phase=180.0000
(6,1,2,9)          ca-ca-ca-ha                term=1 k=3.625000  n=2.000  phase=180.0000 |  k=3.625000  n=2.000  phase=180.0000
(3,2,1,8)          ca-ca-ca-ha                term=1 k=3.625000  n=2.000  phase=180.0000 |  k=3.625000  n=2.000  phase=180.0000
(8,1,2,9)          ha-ca-ca-ha                term=1 k=3.625000  n=2.000  phase=180.0000 |  k=3.625000  n=2.000  phase=180.0000
(2,1,6,5)          ca-ca-ca-ca                term=1 k=3.625000  n=2.000  phase=180.0000 |  k=3.625000  n=2.000  phase=180.0000
(2,1,6,13)         ca-ca-ca-ha                term=1 k=3.625000  n=2.000  phase=180.0000 |  k=3.625000  n=2.000  phase=180.0000
(5,6,1,8)          ca-ca-ca-ha                term=1 k=3.625000  n=2.000  phase=180.0000 |  k=3.625000  n=2.000  phase=180.0000
(8,1,6,13)         ha-ca-ca-ha                term=1 k=3.625000  n=2.000  phase=180.0000 |  k=3.625000  n=2.000  phase=180.0000
(1,2,3,4)          ca-ca-ca-ca                term=1 k=3.625000  n=2.000  phase=180.0000 |  k=3.625000  n=2.000  phase=180.0000
(1,2,3,10)         ca-ca-ca-ca                term=1 k=3.625000  n=2.000  phase=180.0000 |  k=3.625000  n=2.000  phase=180.0000
(4,3,2,9)          ca-ca-ca-ha                term=1 k=3.625000  n=2.000  phase=180.0000 |  k=3.625000  n=2.000  phase=180.0000
(9,2,3,10)         ha-ca-ca-ca                term=1 k=3.625000  n=2.000  phase=180.0000 |  k=3.625000  n=2.000  phase=180.0000
(2,3,4,5)          ca-ca-ca-ca                term=1 k=3.625000  n=2.000  phase=180.0000 |  k=3.625000  n=2.000  phase=180.0000
(2,3,4,11)         ca-ca-ca-ca                term=1 k=3.625000  n=2.000  phase=180.0000 |  k=3.625000  n=2.000  phase=180.0000
(5,4,3,10)         ca-ca-ca-ca                term=1 k=3.625000  n=2.000  phase=180.0000 |  k=3.625000  n=2.000  phase=180.0000
(10,3,4,11)        ca-ca-ca-ca                term=1 k=3.625000  n=2.000  phase=180.0000 |  k=3.625000  n=2.000  phase=180.0000
(2,3,10,7)         ca-ca-ca-ha                term=1 k=3.625000  n=2.000  phase=180.0000 |  k=3.625000  n=2.000  phase=180.0000
(2,3,10,15)        ca-ca-ca-ca                term=1 k=3.625000  n=2.000  phase=180.0000 |  k=3.625000  n=2.000  phase=180.0000
(4,3,10,7)         ca-ca-ca-ha                term=1 k=3.625000  n=2.000  phase=180.0000 |  k=3.625000  n=2.000  phase=180.0000
(4,3,10,15)        ca-ca-ca-ca                term=1 k=3.625000  n=2.000  phase=180.0000 |  k=3.625000  n=2.000  phase=180.0000
(3,4,5,6)          ca-ca-ca-ca                term=1 k=3.625000  n=2.000  phase=180.0000 |  k=3.625000  n=2.000  phase=180.0000
(3,4,5,12)         ca-ca-ca-ha                term=1 k=3.625000  n=2.000  phase=180.0000 |  k=3.625000  n=2.000  phase=180.0000
(6,5,4,11)         ca-ca-ca-ca                term=1 k=3.625000  n=2.000  phase=180.0000 |  k=3.625000  n=2.000  phase=180.0000
(11,4,5,12)        ca-ca-ca-ha                term=1 k=3.625000  n=2.000  phase=180.0000 |  k=3.625000  n=2.000  phase=180.0000
(3,4,11,14)        ca-ca-ca-ca                term=1 k=3.625000  n=2.000  phase=180.0000 |  k=3.625000  n=2.000  phase=180.0000
(3,4,11,16)        ca-ca-ca-ha                term=1 k=3.625000  n=2.000  phase=180.0000 |  k=3.625000  n=2.000  phase=180.0000
(5,4,11,14)        ca-ca-ca-ca                term=1 k=3.625000  n=2.000  phase=180.0000 |  k=3.625000  n=2.000  phase=180.0000
(5,4,11,16)        ca-ca-ca-ha                term=1 k=3.625000  n=2.000  phase=180.0000 |  k=3.625000  n=2.000  phase=180.0000
(1,6,5,4)          ca-ca-ca-ca                term=1 k=3.625000  n=2.000  phase=180.0000 |  k=3.625000  n=2.000  phase=180.0000
(4,5,6,13)         ca-ca-ca-ha                term=1 k=3.625000  n=2.000  phase=180.0000 |  k=3.625000  n=2.000  phase=180.0000
(1,6,5,12)         ca-ca-ca-ha                term=1 k=3.625000  n=2.000  phase=180.0000 |  k=3.625000  n=2.000  phase=180.0000
(12,5,6,13)        ha-ca-ca-ha                term=1 k=3.625000  n=2.000  phase=180.0000 |  k=3.625000  n=2.000  phase=180.0000
(3,10,15,14)       ca-ca-ca-ca                term=1 k=3.625000  n=2.000  phase=180.0000 |  k=3.625000  n=2.000  phase=180.0000
(3,10,15,18)       ca-ca-ca-c3                term=1 k=3.625000  n=2.000  phase=180.0000 |  k=3.625000  n=2.000  phase=180.0000
(7,10,15,14)       ha-ca-ca-ca                term=1 k=3.625000  n=2.000  phase=180.0000 |  k=3.625000  n=2.000  phase=180.0000
(7,10,15,18)       ha-ca-ca-c3                term=1 k=3.625000  n=2.000  phase=180.0000 |  k=3.625000  n=2.000  phase=180.0000
(4,11,14,15)       ca-ca-ca-ca                term=1 k=3.625000  n=2.000  phase=180.0000 |  k=3.625000  n=2.000  phase=180.0000
(4,11,14,17)       ca-ca-ca-ha                term=1 k=3.625000  n=2.000  phase=180.0000 |  k=3.625000  n=2.000  phase=180.0000
(15,14,11,16)      ca-ca-ca-ha                term=1 k=3.625000  n=2.000  phase=180.0000 |  k=3.625000  n=2.000  phase=180.0000
(16,11,14,17)      ha-ca-ca-ha                term=1 k=3.625000  n=2.000  phase=180.0000 |  k=3.625000  n=2.000  phase=180.0000
(10,15,14,11)      ca-ca-ca-ca                term=1 k=3.625000  n=2.000  phase=180.0000 |  k=3.625000  n=2.000  phase=180.0000
(11,14,15,18)      ca-ca-ca-c3                term=1 k=3.625000  n=2.000  phase=180.0000 |  k=3.625000  n=2.000  phase=180.0000
(10,15,14,17)      ca-ca-ca-ha                term=1 k=3.625000  n=2.000  phase=180.0000 |  k=3.625000  n=2.000  phase=180.0000
(17,14,15,18)      ha-ca-ca-c3                term=1 k=3.625000  n=2.000  phase=180.0000 |  k=3.625000  n=2.000  phase=180.0000
(10,15,18,19)      ca-ca-c3-c3                term=1 k=0.240000  n=2.000  phase=180.0000 |  k=3.482206  n=2.000  phase=180.0000
(10,15,18,20)      ca-ca-c3-hc                term=1 k=0.000000  n=1.000  phase=0.0000  |  k=0.641554  n=1.000  phase=0.0000 
(10,15,18,21)      ca-ca-c3-hc                term=1 k=0.000000  n=1.000  phase=0.0000  |  k=-1.748135  n=1.000  phase=0.0000
(14,15,18,19)      ca-ca-c3-c3                term=1 k=0.240000  n=2.000  phase=180.0000 |  k=-4.833489  n=2.000  phase=180.0000
(14,15,18,20)      ca-ca-c3-hc                term=1 k=0.000000  n=1.000  phase=0.0000  |  k=0.396214  n=1.000  phase=0.0000 
(14,15,18,21)      ca-ca-c3-hc                term=1 k=0.000000  n=1.000  phase=0.0000  |  k=-0.876268  n=1.000  phase=0.0000
(15,18,19,22)      ca-c3-c3-hc                term=1 k=0.155556  n=3.000  phase=0.0000  |  k=17.713891  n=3.000  phase=0.0000
(15,18,19,23)      ca-c3-c3-hc                term=1 k=0.155556  n=3.000  phase=0.0000  |  k=-35.566603  n=3.000  phase=0.0000
(15,18,19,24)      ca-c3-c3-c                 term=1 k=0.820000  n=1.000  phase=0.0000  |  k=-0.411469  n=1.000  phase=0.0000
(20,18,19,22)      hc-c3-c3-hc                term=1 k=0.120000  n=3.000  phase=0.0000  |  k=-57.369219  n=3.000  phase=0.0000
(20,18,19,23)      hc-c3-c3-hc                term=1 k=0.120000  n=3.000  phase=0.0000  |  k=98.003194  n=3.000  phase=0.0000
(20,18,19,24)      hc-c3-c3-c                 term=1 k=0.155556  n=3.000  phase=0.0000  |  k=-32.974623  n=3.000  phase=0.0000
(21,18,19,22)      hc-c3-c3-hc                term=1 k=0.120000  n=3.000  phase=0.0000  |  k=46.573943  n=3.000  phase=0.0000
(21,18,19,23)      hc-c3-c3-hc                term=1 k=0.120000  n=3.000  phase=0.0000  |  k=-63.906333  n=3.000  phase=0.0000
(21,18,19,24)      hc-c3-c3-c                 term=1 k=0.155556  n=3.000  phase=0.0000  |  k=28.492622  n=3.000  phase=0.0000
(18,19,24,25)      c3-c3-c-o                  term=1 k=0.200000  n=2.000  phase=180.0000 |  k=-22.462893  n=2.000  phase=180.0000
(18,19,24,25)      c3-c3-c-o                  term=2 k=0.440000  n=3.000  phase=180.0000 |  k=-0.056702  n=3.000  phase=180.0000
(18,19,24,25)      c3-c3-c-o                  term=3 k=0.680000  n=1.000  phase=0.0000  |  k=-14.353030  n=1.000  phase=0.0000
(18,19,24,26)      c3-c3-c-oh                 term=1 k=0.000000  n=2.000  phase=180.0000 |  k=34.947178  n=2.000  phase=180.0000
(22,19,24,25)      hc-c3-c-o                  term=1 k=4.030000  n=1.000  phase=0.0000  |  k=-12.562583  n=1.000  phase=0.0000
(22,19,24,25)      hc-c3-c-o                  term=2 k=3.660000  n=2.000  phase=180.0000 |  k=-26.538208  n=2.000  phase=180.0000
(22,19,24,26)      hc-c3-c-oh                 term=1 k=0.000000  n=2.000  phase=180.0000 |  k=40.345144  n=2.000  phase=180.0000
(23,19,24,25)      hc-c3-c-o                  term=1 k=4.030000  n=1.000  phase=0.0000  |  k=-12.774144  n=1.000  phase=0.0000
(23,19,24,25)      hc-c3-c-o                  term=2 k=3.660000  n=2.000  phase=180.0000 |  k=-19.708473  n=2.000  phase=180.0000
(23,19,24,26)      hc-c3-c-oh                 term=1 k=0.000000  n=2.000  phase=180.0000 |  k=34.250548  n=2.000  phase=180.0000
(19,24,26,27)      c3-c-oh-ho                 term=1 k=1.800000  n=2.000  phase=180.0000 |  k=0.750937  n=2.000  phase=180.0000
(25,24,26,27)      o-c-oh-ho                  term=1 k=2.300000  n=2.000  phase=180.0000 |  k=4.254060  n=2.000  phase=180.0000
(25,24,26,27)      o-c-oh-ho                  term=2 k=1.900000  n=1.000  phase=0.0000  |  k=-2.003555  n=1.000  phase=0.0000

------------------------------------------------------------------------------------------------------------
                                                 IMPROPERS                                                  
------------------------------------------------------------------------------------------------------------
(2,6,1,8)          ca-ca-ca-ha                term=1 k=1.100000  n=2.000  phase=180.0000 |  k=1.100000  n=2.000  phase=180.0000
(1,3,2,9)          ca-ca-ca-ha                term=1 k=1.100000  n=2.000  phase=180.0000 |  k=1.100000  n=2.000  phase=180.0000
(2,4,3,10)         ca-ca-ca-ca                term=1 k=1.100000  n=2.000  phase=180.0000 |  k=1.100000  n=2.000  phase=180.0000
(3,5,4,11)         ca-ca-ca-ca                term=1 k=1.100000  n=2.000  phase=180.0000 |  k=1.100000  n=2.000  phase=180.0000
(4,6,5,12)         ca-ca-ca-ha                term=1 k=1.100000  n=2.000  phase=180.0000 |  k=1.100000  n=2.000  phase=180.0000
(1,5,6,13)         ca-ca-ca-ha                term=1 k=1.100000  n=2.000  phase=180.0000 |  k=1.100000  n=2.000  phase=180.0000
(3,7,10,15)        ca-ha-ca-ca                term=1 k=1.100000  n=2.000  phase=180.0000 |  k=1.100000  n=2.000  phase=180.0000
(4,14,11,16)       ca-ca-ca-ha                term=1 k=1.100000  n=2.000  phase=180.0000 |  k=1.100000  n=2.000  phase=180.0000
(11,15,14,17)      ca-ca-ca-ha                term=1 k=1.100000  n=2.000  phase=180.0000 |  k=1.100000  n=2.000  phase=180.0000
(10,14,15,18)      ca-ca-ca-c3                term=1 k=1.100000  n=2.000  phase=180.0000 |  k=1.100000  n=2.000  phase=180.0000
(15,19,18,20)      ca-c3-c3-hc                term=1 k=NA  n=NA  phase=NA               |  k=NA  n=NA  phase=NA              
(15,19,18,21)      ca-c3-c3-hc                term=1 k=NA  n=NA  phase=NA               |  k=NA  n=NA  phase=NA              
(15,20,18,21)      ca-hc-c3-hc                term=1 k=NA  n=NA  phase=NA               |  k=NA  n=NA  phase=NA              
(19,20,18,21)      c3-hc-c3-hc                term=1 k=NA  n=NA  phase=NA               |  k=NA  n=NA  phase=NA              
(18,22,19,23)      c3-hc-c3-hc                term=1 k=NA  n=NA  phase=NA               |  k=NA  n=NA  phase=NA              
(18,22,19,24)      c3-hc-c3-c                 term=1 k=NA  n=NA  phase=NA               |  k=NA  n=NA  phase=NA              
(18,23,19,24)      c3-hc-c3-c                 term=1 k=NA  n=NA  phase=NA               |  k=NA  n=NA  phase=NA              
(22,23,19,24)      hc-hc-c3-c                 term=1 k=NA  n=NA  phase=NA               |  k=NA  n=NA  phase=NA              
(19,25,24,26)      c3-o-c-oh                  term=1 k=1.100000  n=2.000  phase=180.0000 |  k=1.100000  n=2.000  phase=180.0000

------------------------------------------------------------------------------------------------------------
                                                  NONBONDS                                                  
------------------------------------------------------------------------------------------------------------
atom=1    ca          q=-0.108000  rmin/2=1.860600  eps=0.098800 |  q=-0.108000  rmin/2=1.860600  eps=0.098800
atom=2    ca          q=-0.099000  rmin/2=1.860600  eps=0.098800 |  q=-0.099000  rmin/2=1.860600  eps=0.098800
atom=3    ca          q=-0.035000  rmin/2=1.860600  eps=0.098800 |  q=-0.035000  rmin/2=1.860600  eps=0.098800
atom=4    ca          q=-0.035000  rmin/2=1.860600  eps=0.098800 |  q=-0.035000  rmin/2=1.860600  eps=0.098800
atom=5    ca          q=-0.099000  rmin/2=1.860600  eps=0.098800 |  q=-0.099000  rmin/2=1.860600  eps=0.098800
atom=6    ca          q=-0.108000  rmin/2=1.860600  eps=0.098800 |  q=-0.108000  rmin/2=1.860600  eps=0.098800
atom=7    ha          q=0.118000  rmin/2=1.473500  eps=0.016100  |  q=0.118000  rmin/2=1.473500  eps=0.016100 
atom=8    ha          q=0.115000  rmin/2=1.473500  eps=0.016100  |  q=0.115000  rmin/2=1.473500  eps=0.016100 
atom=9    ha          q=0.115000  rmin/2=1.473500  eps=0.016100  |  q=0.115000  rmin/2=1.473500  eps=0.016100 
atom=10   ca          q=-0.089000  rmin/2=1.860600  eps=0.098800 |  q=-0.089000  rmin/2=1.860600  eps=0.098800
atom=11   ca          q=-0.094000  rmin/2=1.860600  eps=0.098800 |  q=-0.094000  rmin/2=1.860600  eps=0.098800
atom=12   ha          q=0.115000  rmin/2=1.473500  eps=0.016100  |  q=0.115000  rmin/2=1.473500  eps=0.016100 
atom=13   ha          q=0.115000  rmin/2=1.473500  eps=0.016100  |  q=0.115000  rmin/2=1.473500  eps=0.016100 
atom=14   ca          q=-0.107000  rmin/2=1.860600  eps=0.098800 |  q=-0.107000  rmin/2=1.860600  eps=0.098800
atom=15   ca          q=-0.089300  rmin/2=1.860600  eps=0.098800 |  q=-0.089300  rmin/2=1.860600  eps=0.098800
atom=16   ha          q=0.116000  rmin/2=1.473500  eps=0.016100  |  q=0.116000  rmin/2=1.473500  eps=0.016100 
atom=17   ha          q=0.112000  rmin/2=1.473500  eps=0.016100  |  q=0.112000  rmin/2=1.473500  eps=0.016100 
atom=18   c3          q=-0.033100  rmin/2=1.906900  eps=0.107800 |  q=-0.033100  rmin/2=1.906900  eps=0.107800
atom=19   c3          q=-0.121400  rmin/2=1.906900  eps=0.107800 |  q=-0.121400  rmin/2=1.906900  eps=0.107800
atom=20   hc          q=0.064700  rmin/2=1.459300  eps=0.020800  |  q=0.064700  rmin/2=1.459300  eps=0.020800 
atom=21   hc          q=0.064700  rmin/2=1.459300  eps=0.020800  |  q=0.064700  rmin/2=1.459300  eps=0.020800 
atom=22   hc          q=0.081200  rmin/2=1.459300  eps=0.020800  |  q=0.081200  rmin/2=1.459300  eps=0.020800 
atom=23   hc          q=0.081200  rmin/2=1.459300  eps=0.020800  |  q=0.081200  rmin/2=1.459300  eps=0.020800 
atom=24   c           q=0.598100  rmin/2=1.860600  eps=0.098800  |  q=0.598100  rmin/2=1.860600  eps=0.098800 
atom=25   o           q=-0.508000  rmin/2=1.710700  eps=0.146300 |  q=-0.508000  rmin/2=1.710700  eps=0.146300
atom=26   oh          q=-0.646100  rmin/2=1.820000  eps=0.093000 |  q=-0.646100  rmin/2=1.820000  eps=0.093000
atom=27   ho          q=0.478000  rmin/2=0.301900  eps=0.004700  |  q=0.478000  rmin/2=0.301900  eps=0.004700 
