
======================================================================
                      Parmfit Correction Summary                      
======================================================================
mol2:              /home/hungn/Desktop/MyRepo/MLP/MAPLE/maple/function/dispatcher/parmfit/example/demo_ff.mol2
frcmod:            /home/hungn/Desktop/MyRepo/MLP/MAPLE/maple/function/dispatcher/parmfit/example/demo_ff.frcmod
Topology atoms:    22
Topology bonds:    23
Bond terms:        23 (unmatched: 0)
Angle terms:       36 (unmatched: 0)
Dihedral terms:    52 (unmatched: 0)
Improper terms:    12 (unmatched: 0)
Nonbond terms:     22 (unmatched: 0)
Dynamic correction:applied
======================================================================

============================================================================================
                                    Torsion Fit Summary                                     
============================================================================================
torsionfit:      enabled
scan grid:       5.0000 deg x 72 steps
refinement:      50 rounds, max_iter=50, tol=0.0001
center bonds:    auto-select non-ring center bonds with proper torsions
completed fits:  1

============================================================================================
                                  Parmfit Torsion Scan Fit                                  
============================================================================================
Center bond: (1, 7)
Representative dihedral: (2, 1, 7, 8)
Scan xyz: /home/hungn/Desktop/MyRepo/MLP/MAPLE/maple/function/dispatcher/parmfit/example/demo_torsionfit_torsionfit_1-7_scan_final.xyz
Target proper count: 4

Target proper order:
   1. atoms=(2, 1, 7, 8) types=('ca', 'cp', 'cp', 'ca')
   2. atoms=(2, 1, 7, 12) types=('ca', 'cp', 'cp', 'ca')
   3. atoms=(6, 1, 7, 8) types=('ca', 'cp', 'cp', 'ca')
   4. atoms=(6, 1, 7, 12) types=('ca', 'cp', 'cp', 'ca')

Step deltas:
  step 1: group=(1, 2, 3, 4) delta_kPhi=[0.105434]
  step 2: group=(1, 2, 3) delta_kPhi=[0.006558]
  step 3: group=(1, 2) delta_kPhi=[0.003571]
  step 4: group=(1,) delta_kPhi=[0.020945]

Fitted kPhi per proper:
   1.1: kPhi 0.765000 -> 0.136508  n=2.000  phase=180.000
   2.1: kPhi 0.765000 -> 0.115563  n=2.000  phase=180.000
   3.1: kPhi 0.765000 -> 0.111992  n=2.000  phase=180.000
   4.1: kPhi 0.765000 -> 0.105434  n=2.000  phase=180.000

Point table:
 angle_deg      QM_rel      orig_MM    MM_zeroed_rel    torsion_fit    MM_refit_rel    residual_after
  359.9984    3.033767    4.049100        8.184474     -0.816410      7.368064       -4.334297
  364.9984    3.238835    3.759161        7.878697     -0.813738      7.064959       -3.826124
  369.9984    2.660686    2.261882        6.099298     -0.771878      5.327420       -2.666734
  374.9984    1.976235    1.440054        4.934684     -0.720500      4.214184       -2.237949
  379.9984    1.702243    1.205369        4.627354     -0.706930      3.920424       -2.218181
  384.9984    0.951215    0.429599        3.200288     -0.609813      2.590475       -1.639260
  389.9984    0.761538    0.259750        2.920512     -0.589599      2.330913       -1.569375
  394.9984    0.288541    0.028471        1.994427     -0.485144      1.509283       -1.220742
  399.9984    0.306658    0.012229        1.850095     -0.461563      1.388531       -1.081873
  404.9984    0.000000    0.000000        1.102879     -0.350854      0.752024       -0.752024
  409.9984    0.278966    0.197659        1.158520     -0.325108      0.833412       -0.554446
  414.9984    0.292226    0.368264        0.596190     -0.214863      0.381327       -0.089101
  419.9984    0.814425    0.780473        0.878784     -0.191337      0.687446        0.126979
  424.9984    0.969538    0.910544        0.319285     -0.088119      0.231165        0.738373
  429.9984    1.667024    1.457252        0.757652     -0.068655      0.688997        0.978027
  434.9984    1.850675    1.490623        0.165924      0.023933      0.189857        1.660817
  439.9984    2.593511    2.033995        0.644547      0.035668      0.680215        1.913296
  444.9984    2.769583    1.945754        0.141279      0.096394      0.237673        2.531911
  449.9984    3.449719    2.399866        0.577822      0.099579      0.677401        2.772318
  454.9984    2.977298    2.104563        0.143773      0.118711      0.262484        2.714814
  459.9984    3.076331    2.147705        0.233617      0.110724      0.344341        2.731990
  464.9984    2.952033    2.241615        0.469587      0.088071      0.557658        2.394375
  469.9984    1.438027    1.179734        0.000000      0.000000      0.000000        1.438027
  474.9984    1.322785    1.142058        0.109127     -0.024857      0.084270        1.238516
  479.9984    0.700773    0.832238        0.424851     -0.118930      0.305921        0.394851
  484.9984    0.679673    0.756114        0.500306     -0.145538      0.354768        0.324905
  489.9984    0.143555    0.240017        0.762462     -0.262294      0.500169       -0.356613
  494.9984    0.311469    0.351972        1.063692     -0.294801      0.768891       -0.457422
  499.9984    0.120576    0.048014        1.444443     -0.398308      1.046134       -0.925558
  504.9984    0.608548    0.407874        1.974657     -0.427969      1.546688       -0.938140
  509.9984    0.667910    0.268276        2.529485     -0.532374      1.997111       -1.329200
  514.9984    1.392845    0.826287        3.235108     -0.558042      2.677066       -1.284221
  519.9984    1.606488    1.075689        4.147218     -0.656783      3.490435       -1.883947
  524.9984    2.463799    1.768403        4.944300     -0.674992      4.269308       -1.805509
  529.9984    2.682052    2.572223        6.301208     -0.756404      5.544805       -2.862752
  534.9984    3.483536    3.189270        6.962667     -0.764364      6.198302       -2.714766
  539.9984    3.348836    3.955118        8.065202     -0.812832      7.252370       -3.903534
  544.9984    3.516558    3.849376        7.962618     -0.812888      7.149730       -3.633173
  549.9984    2.857844    2.933970        6.874231     -0.786582      6.087649       -3.229805
  554.9984    2.180036    1.950123        5.546989     -0.735113      4.811876       -2.631840
  559.9984    1.873252    1.460398        4.962238     -0.718377      4.243860       -2.370609
  564.9984    1.162923    0.700564        3.620772     -0.631214      2.989558       -1.826635
  569.9984    0.998352    0.449151        3.222223     -0.605699      2.616523       -1.618172
  574.9984    0.365754    0.084635        2.154786     -0.500070      1.654716       -1.288962
  579.9984    0.375886    0.064272        1.958976     -0.469711      1.489265       -1.113380
  584.9984    0.331984    0.101011        1.521065     -0.396305      1.124760       -0.792776
  589.9984    0.845030    0.583838        1.782121     -0.359136      1.422985       -0.577956
  594.9984    0.377910    0.430920        0.736012     -0.225914      0.510098       -0.132188
  599.9984    0.901493    0.859157        1.015070     -0.199582      0.815488        0.086005
  604.9984    1.054862    1.002558        0.526631     -0.104620      0.422011        0.632851
  609.9984    1.816592    1.605933        1.006901     -0.083026      0.923875        0.892716
  614.9984    1.925288    1.635155        0.410604      0.009630      0.420235        1.505053
  619.9984    2.697995    2.198554        0.901361      0.022523      0.923884        1.774111
  624.9984    2.840461    2.138770        0.371808      0.091057      0.462865        2.377596
  629.9984    3.520733    2.576071        0.795954      0.093644      0.889598        2.631135
  634.9984    3.277799    2.456477        0.487636      0.119919      0.607555        2.670244
  639.9984    2.528440    1.852308        0.112088      0.085705      0.197793        2.330648
  644.9984    2.097026    1.693574        0.077255      0.065656      0.142911        1.954115
  649.9984    1.556958    1.268478        0.045268      0.006225      0.051494        1.505464
  654.9984    1.504632    1.303410        0.196416     -0.014228      0.182188        1.322444
  659.9984    0.656161    0.844345        0.503728     -0.128494      0.375235        0.280926
  664.9984    0.639952    0.763311        0.552474     -0.151988      0.400487        0.239465
  669.9984    0.133934    0.210908        0.806735     -0.272808      0.533927       -0.399993
  674.9984    0.266797    0.264948        0.998464     -0.297925      0.700539       -0.433742
  679.9984    0.085834    0.054383        1.562152     -0.414259      1.147893       -1.062059
  684.9984    0.458760    0.316483        1.948529     -0.437317      1.511212       -1.052452
  689.9984    0.563174    0.103733        2.437719     -0.542793      1.894925       -1.331752
  694.9984    1.202317    0.674243        3.123090     -0.563767      2.559323       -1.357006
  699.9984    1.467912    0.991631        4.121330     -0.665099      3.456230       -1.988319
  704.9984    2.227837    1.672626        4.875180     -0.678797      4.196384       -1.968547
  709.9984    2.483684    2.267759        6.042355     -0.762910      5.279445       -2.795762
  714.9984    3.205028    2.998513        6.806945     -0.769344      6.037601       -2.832573
  719.9984    3.037797    3.447819        7.582312     -0.816285      6.766027       -3.728230

RMSE:         1.952267
MAE:          1.657256
MaxAbsError:  4.334297
============================================================================================

============================================================================================
                                    Torsion Refit Cycles                                    
============================================================================================
requested rounds: 50
max iter / cycle: 50
acceptance tol:   0.0001 kcal/mol
completed cycles: 2

cycle 1: accepted=1 rejected=0
  center bond (1, 7): RMSE 1.952267 -> 0.404124 (accepted, iterations=6)
     1.1: kPhi 0.136508 -> 0.873007  n=2.000  phase=180.000
     2.1: kPhi 0.115563 -> 0.844349  n=2.000  phase=180.000
     3.1: kPhi 0.111992 -> 0.840935  n=2.000  phase=180.000
     4.1: kPhi 0.105434 -> 0.813735  n=2.000  phase=180.000

cycle 2: accepted=0 rejected=1
  center bond (1, 7): RMSE 0.404124 -> 0.404103 (rejected, iterations=1)
     1.1: kPhi 0.873007 -> 0.870193  n=2.000  phase=180.000
     2.1: kPhi 0.844349 -> 0.848268  n=2.000  phase=180.000
     3.1: kPhi 0.840935 -> 0.844850  n=2.000  phase=180.000
     4.1: kPhi 0.813735 -> 0.826007  n=2.000  phase=180.000
============================================================================================

============================================================================================================
                                    Parmfit Correction Parameter Report                                     
============================================================================================================
mol2:   /home/hungn/Desktop/MyRepo/MLP/MAPLE/maple/function/dispatcher/parmfit/example/demo_ff.mol2
frcmod: /home/hungn/Desktop/MyRepo/MLP/MAPLE/maple/function/dispatcher/parmfit/example/demo_ff.frcmod
Display convention: left = original assigned parameter | right = corrected system parameter


------------------------------------------------------------------------------------------------------------
                                                   BONDS                                                    
------------------------------------------------------------------------------------------------------------
(1,2)            cp-ca             k=346.070000  r=1.406000           | 	 k=346.070000  r=1.406000          
(1,6)            cp-ca             k=346.070000  r=1.406000           | 	 k=346.070000  r=1.406000          
(1,7)            cp-cp             k=269.370000  r=1.483000           | 	 k=269.370000  r=1.483000          
(2,3)            ca-ca             k=354.250000  r=1.399000           | 	 k=354.250000  r=1.399000          
(2,13)           ca-ha             k=360.690000  r=1.086000           | 	 k=360.690000  r=1.086000          
(3,4)            ca-ca             k=354.250000  r=1.399000           | 	 k=354.250000  r=1.399000          
(3,14)           ca-ha             k=360.690000  r=1.086000           | 	 k=360.690000  r=1.086000          
(4,5)            ca-ca             k=354.250000  r=1.399000           | 	 k=354.250000  r=1.399000          
(4,15)           ca-ha             k=360.690000  r=1.086000           | 	 k=360.690000  r=1.086000          
(5,6)            ca-ca             k=354.250000  r=1.399000           | 	 k=354.250000  r=1.399000          
(5,16)           ca-ha             k=360.690000  r=1.086000           | 	 k=360.690000  r=1.086000          
(6,17)           ca-ha             k=360.690000  r=1.086000           | 	 k=360.690000  r=1.086000          
(7,8)            cp-ca             k=346.070000  r=1.406000           | 	 k=346.070000  r=1.406000          
(7,12)           cp-ca             k=346.070000  r=1.406000           | 	 k=346.070000  r=1.406000          
(8,9)            ca-ca             k=354.250000  r=1.399000           | 	 k=354.250000  r=1.399000          
(8,18)           ca-ha             k=360.690000  r=1.086000           | 	 k=360.690000  r=1.086000          
(9,10)           ca-ca             k=354.250000  r=1.399000           | 	 k=354.250000  r=1.399000          
(9,19)           ca-ha             k=360.690000  r=1.086000           | 	 k=360.690000  r=1.086000          
(10,11)          ca-ca             k=354.250000  r=1.399000           | 	 k=354.250000  r=1.399000          
(10,20)          ca-ha             k=360.690000  r=1.086000           | 	 k=360.690000  r=1.086000          
(11,12)          ca-ca             k=354.250000  r=1.399000           | 	 k=354.250000  r=1.399000          
(11,21)          ca-ha             k=360.690000  r=1.086000           | 	 k=360.690000  r=1.086000          
(12,22)          ca-ha             k=360.690000  r=1.086000           | 	 k=360.690000  r=1.086000          

------------------------------------------------------------------------------------------------------------
                                                   ANGLES                                                   
------------------------------------------------------------------------------------------------------------
(2,1,6)          ca-cp-ca                k=63.790000  theta=118.4100          | 	 k=63.790000  theta=118.4100         
(2,1,7)          ca-cp-cp                k=61.300000  theta=121.1000          | 	 k=61.300000  theta=121.1000         
(6,1,7)          ca-cp-cp                k=61.300000  theta=121.1000          | 	 k=61.300000  theta=121.1000         
(1,2,3)          cp-ca-ca                k=63.330000  theta=120.7300          | 	 k=63.330000  theta=120.7300         
(1,2,13)         cp-ca-ha                k=44.730000  theta=119.8200          | 	 k=44.730000  theta=119.8200         
(3,2,13)         ca-ca-ha                k=44.900000  theta=119.8800          | 	 k=44.900000  theta=119.8800         
(2,3,4)          ca-ca-ca                k=63.670000  theta=120.0200          | 	 k=63.670000  theta=120.0200         
(2,3,14)         ca-ca-ha                k=44.900000  theta=119.8800          | 	 k=44.900000  theta=119.8800         
(4,3,14)         ca-ca-ha                k=44.900000  theta=119.8800          | 	 k=44.900000  theta=119.8800         
(3,4,5)          ca-ca-ca                k=63.670000  theta=120.0200          | 	 k=63.670000  theta=120.0200         
(3,4,15)         ca-ca-ha                k=44.900000  theta=119.8800          | 	 k=44.900000  theta=119.8800         
(5,4,15)         ca-ca-ha                k=44.900000  theta=119.8800          | 	 k=44.900000  theta=119.8800         
(4,5,6)          ca-ca-ca                k=63.670000  theta=120.0200          | 	 k=63.670000  theta=120.0200         
(4,5,16)         ca-ca-ha                k=44.900000  theta=119.8800          | 	 k=44.900000  theta=119.8800         
(6,5,16)         ca-ca-ha                k=44.900000  theta=119.8800          | 	 k=44.900000  theta=119.8800         
(1,6,5)          cp-ca-ca                k=63.330000  theta=120.7300          | 	 k=63.330000  theta=120.7300         
(1,6,17)         cp-ca-ha                k=44.730000  theta=119.8200          | 	 k=44.730000  theta=119.8200         
(5,6,17)         ca-ca-ha                k=44.900000  theta=119.8800          | 	 k=44.900000  theta=119.8800         
(1,7,8)          cp-cp-ca                k=61.300000  theta=121.1000          | 	 k=61.300000  theta=121.1000         
(1,7,12)         cp-cp-ca                k=61.300000  theta=121.1000          | 	 k=61.300000  theta=121.1000         
(8,7,12)         ca-cp-ca                k=63.790000  theta=118.4100          | 	 k=63.790000  theta=118.4100         
(7,8,9)          cp-ca-ca                k=63.330000  theta=120.7300          | 	 k=63.330000  theta=120.7300         
(7,8,18)         cp-ca-ha                k=44.730000  theta=119.8200          | 	 k=44.730000  theta=119.8200         
(9,8,18)         ca-ca-ha                k=44.900000  theta=119.8800          | 	 k=44.900000  theta=119.8800         
(8,9,10)         ca-ca-ca                k=63.670000  theta=120.0200          | 	 k=63.670000  theta=120.0200         
(8,9,19)         ca-ca-ha                k=44.900000  theta=119.8800          | 	 k=44.900000  theta=119.8800         
(10,9,19)        ca-ca-ha                k=44.900000  theta=119.8800          | 	 k=44.900000  theta=119.8800         
(9,10,11)        ca-ca-ca                k=63.670000  theta=120.0200          | 	 k=63.670000  theta=120.0200         
(9,10,20)        ca-ca-ha                k=44.900000  theta=119.8800          | 	 k=44.900000  theta=119.8800         
(11,10,20)       ca-ca-ha                k=44.900000  theta=119.8800          | 	 k=44.900000  theta=119.8800         
(10,11,12)       ca-ca-ca                k=63.670000  theta=120.0200          | 	 k=63.670000  theta=120.0200         
(10,11,21)       ca-ca-ha                k=44.900000  theta=119.8800          | 	 k=44.900000  theta=119.8800         
(12,11,21)       ca-ca-ha                k=44.900000  theta=119.8800          | 	 k=44.900000  theta=119.8800         
(7,12,11)        cp-ca-ca                k=63.330000  theta=120.7300          | 	 k=63.330000  theta=120.7300         
(7,12,22)        cp-ca-ha                k=44.730000  theta=119.8200          | 	 k=44.730000  theta=119.8200         
(11,12,22)       ca-ca-ha                k=44.900000  theta=119.8800          | 	 k=44.900000  theta=119.8800         

------------------------------------------------------------------------------------------------------------
                                                 DIHEDRALS                                                  
------------------------------------------------------------------------------------------------------------
(3,2,1,6)          ca-ca-cp-ca                term=1 k=3.625000  n=2.000  phase=180.0000 |  k=3.625000  n=2.000  phase=180.0000
(6,1,2,13)         ca-cp-ca-ha                term=1 k=3.625000  n=2.000  phase=180.0000 |  k=3.625000  n=2.000  phase=180.0000
(3,2,1,7)          ca-ca-cp-cp                term=1 k=3.625000  n=2.000  phase=180.0000 |  k=3.625000  n=2.000  phase=180.0000
(7,1,2,13)         cp-cp-ca-ha                term=1 k=3.625000  n=2.000  phase=180.0000 |  k=3.625000  n=2.000  phase=180.0000
(2,1,6,5)          ca-cp-ca-ca                term=1 k=3.625000  n=2.000  phase=180.0000 |  k=3.625000  n=2.000  phase=180.0000
(2,1,6,17)         ca-cp-ca-ha                term=1 k=3.625000  n=2.000  phase=180.0000 |  k=3.625000  n=2.000  phase=180.0000
(5,6,1,7)          ca-ca-cp-cp                term=1 k=3.625000  n=2.000  phase=180.0000 |  k=3.625000  n=2.000  phase=180.0000
(7,1,6,17)         cp-cp-ca-ha                term=1 k=3.625000  n=2.000  phase=180.0000 |  k=3.625000  n=2.000  phase=180.0000
(2,1,7,8)          ca-cp-cp-ca                term=1 k=0.765000  n=2.000  phase=180.0000 |  k=0.873007  n=2.000  phase=180.0000
(2,1,7,12)         ca-cp-cp-ca                term=1 k=0.765000  n=2.000  phase=180.0000 |  k=0.844349  n=2.000  phase=180.0000
(6,1,7,8)          ca-cp-cp-ca                term=1 k=0.765000  n=2.000  phase=180.0000 |  k=0.840935  n=2.000  phase=180.0000
(6,1,7,12)         ca-cp-cp-ca                term=1 k=0.765000  n=2.000  phase=180.0000 |  k=0.813735  n=2.000  phase=180.0000
(1,2,3,4)          cp-ca-ca-ca                term=1 k=3.625000  n=2.000  phase=180.0000 |  k=3.625000  n=2.000  phase=180.0000
(1,2,3,14)         cp-ca-ca-ha                term=1 k=3.625000  n=2.000  phase=180.0000 |  k=3.625000  n=2.000  phase=180.0000
(4,3,2,13)         ca-ca-ca-ha                term=1 k=3.625000  n=2.000  phase=180.0000 |  k=3.625000  n=2.000  phase=180.0000
(13,2,3,14)        ha-ca-ca-ha                term=1 k=3.625000  n=2.000  phase=180.0000 |  k=3.625000  n=2.000  phase=180.0000
(2,3,4,5)          ca-ca-ca-ca                term=1 k=3.625000  n=2.000  phase=180.0000 |  k=3.625000  n=2.000  phase=180.0000
(2,3,4,15)         ca-ca-ca-ha                term=1 k=3.625000  n=2.000  phase=180.0000 |  k=3.625000  n=2.000  phase=180.0000
(5,4,3,14)         ca-ca-ca-ha                term=1 k=3.625000  n=2.000  phase=180.0000 |  k=3.625000  n=2.000  phase=180.0000
(14,3,4,15)        ha-ca-ca-ha                term=1 k=3.625000  n=2.000  phase=180.0000 |  k=3.625000  n=2.000  phase=180.0000
(3,4,5,6)          ca-ca-ca-ca                term=1 k=3.625000  n=2.000  phase=180.0000 |  k=3.625000  n=2.000  phase=180.0000
(3,4,5,16)         ca-ca-ca-ha                term=1 k=3.625000  n=2.000  phase=180.0000 |  k=3.625000  n=2.000  phase=180.0000
(6,5,4,15)         ca-ca-ca-ha                term=1 k=3.625000  n=2.000  phase=180.0000 |  k=3.625000  n=2.000  phase=180.0000
(15,4,5,16)        ha-ca-ca-ha                term=1 k=3.625000  n=2.000  phase=180.0000 |  k=3.625000  n=2.000  phase=180.0000
(1,6,5,4)          cp-ca-ca-ca                term=1 k=3.625000  n=2.000  phase=180.0000 |  k=3.625000  n=2.000  phase=180.0000
(4,5,6,17)         ca-ca-ca-ha                term=1 k=3.625000  n=2.000  phase=180.0000 |  k=3.625000  n=2.000  phase=180.0000
(1,6,5,16)         cp-ca-ca-ha                term=1 k=3.625000  n=2.000  phase=180.0000 |  k=3.625000  n=2.000  phase=180.0000
(16,5,6,17)        ha-ca-ca-ha                term=1 k=3.625000  n=2.000  phase=180.0000 |  k=3.625000  n=2.000  phase=180.0000
(1,7,8,9)          cp-cp-ca-ca                term=1 k=3.625000  n=2.000  phase=180.0000 |  k=3.625000  n=2.000  phase=180.0000
(1,7,8,18)         cp-cp-ca-ha                term=1 k=3.625000  n=2.000  phase=180.0000 |  k=3.625000  n=2.000  phase=180.0000
(9,8,7,12)         ca-ca-cp-ca                term=1 k=3.625000  n=2.000  phase=180.0000 |  k=3.625000  n=2.000  phase=180.0000
(12,7,8,18)        ca-cp-ca-ha                term=1 k=3.625000  n=2.000  phase=180.0000 |  k=3.625000  n=2.000  phase=180.0000
(1,7,12,11)        cp-cp-ca-ca                term=1 k=3.625000  n=2.000  phase=180.0000 |  k=3.625000  n=2.000  phase=180.0000
(1,7,12,22)        cp-cp-ca-ha                term=1 k=3.625000  n=2.000  phase=180.0000 |  k=3.625000  n=2.000  phase=180.0000
(8,7,12,11)        ca-cp-ca-ca                term=1 k=3.625000  n=2.000  phase=180.0000 |  k=3.625000  n=2.000  phase=180.0000
(8,7,12,22)        ca-cp-ca-ha                term=1 k=3.625000  n=2.000  phase=180.0000 |  k=3.625000  n=2.000  phase=180.0000
(7,8,9,10)         cp-ca-ca-ca                term=1 k=3.625000  n=2.000  phase=180.0000 |  k=3.625000  n=2.000  phase=180.0000
(7,8,9,19)         cp-ca-ca-ha                term=1 k=3.625000  n=2.000  phase=180.0000 |  k=3.625000  n=2.000  phase=180.0000
(10,9,8,18)        ca-ca-ca-ha                term=1 k=3.625000  n=2.000  phase=180.0000 |  k=3.625000  n=2.000  phase=180.0000
(18,8,9,19)        ha-ca-ca-ha                term=1 k=3.625000  n=2.000  phase=180.0000 |  k=3.625000  n=2.000  phase=180.0000
(8,9,10,11)        ca-ca-ca-ca                term=1 k=3.625000  n=2.000  phase=180.0000 |  k=3.625000  n=2.000  phase=180.0000
(8,9,10,20)        ca-ca-ca-ha                term=1 k=3.625000  n=2.000  phase=180.0000 |  k=3.625000  n=2.000  phase=180.0000
(11,10,9,19)       ca-ca-ca-ha                term=1 k=3.625000  n=2.000  phase=180.0000 |  k=3.625000  n=2.000  phase=180.0000
(19,9,10,20)       ha-ca-ca-ha                term=1 k=3.625000  n=2.000  phase=180.0000 |  k=3.625000  n=2.000  phase=180.0000
(9,10,11,12)       ca-ca-ca-ca                term=1 k=3.625000  n=2.000  phase=180.0000 |  k=3.625000  n=2.000  phase=180.0000
(9,10,11,21)       ca-ca-ca-ha                term=1 k=3.625000  n=2.000  phase=180.0000 |  k=3.625000  n=2.000  phase=180.0000
(12,11,10,20)      ca-ca-ca-ha                term=1 k=3.625000  n=2.000  phase=180.0000 |  k=3.625000  n=2.000  phase=180.0000
(20,10,11,21)      ha-ca-ca-ha                term=1 k=3.625000  n=2.000  phase=180.0000 |  k=3.625000  n=2.000  phase=180.0000
(7,12,11,10)       cp-ca-ca-ca                term=1 k=3.625000  n=2.000  phase=180.0000 |  k=3.625000  n=2.000  phase=180.0000
(10,11,12,22)      ca-ca-ca-ha                term=1 k=3.625000  n=2.000  phase=180.0000 |  k=3.625000  n=2.000  phase=180.0000
(7,12,11,21)       cp-ca-ca-ha                term=1 k=3.625000  n=2.000  phase=180.0000 |  k=3.625000  n=2.000  phase=180.0000
(21,11,12,22)      ha-ca-ca-ha                term=1 k=3.625000  n=2.000  phase=180.0000 |  k=3.625000  n=2.000  phase=180.0000

------------------------------------------------------------------------------------------------------------
                                                 IMPROPERS                                                  
------------------------------------------------------------------------------------------------------------
(2,6,1,7)          ca-ca-cp-cp                term=1 k=1.100000  n=2.000  phase=180.0000 |  k=1.100000  n=2.000  phase=180.0000
(1,3,2,13)         cp-ca-ca-ha                term=1 k=1.100000  n=2.000  phase=180.0000 |  k=1.100000  n=2.000  phase=180.0000
(2,4,3,14)         ca-ca-ca-ha                term=1 k=1.100000  n=2.000  phase=180.0000 |  k=1.100000  n=2.000  phase=180.0000
(3,5,4,15)         ca-ca-ca-ha                term=1 k=1.100000  n=2.000  phase=180.0000 |  k=1.100000  n=2.000  phase=180.0000
(4,6,5,16)         ca-ca-ca-ha                term=1 k=1.100000  n=2.000  phase=180.0000 |  k=1.100000  n=2.000  phase=180.0000
(1,5,6,17)         cp-ca-ca-ha                term=1 k=1.100000  n=2.000  phase=180.0000 |  k=1.100000  n=2.000  phase=180.0000
(1,8,7,12)         cp-ca-cp-ca                term=1 k=1.100000  n=2.000  phase=180.0000 |  k=1.100000  n=2.000  phase=180.0000
(7,9,8,18)         cp-ca-ca-ha                term=1 k=1.100000  n=2.000  phase=180.0000 |  k=1.100000  n=2.000  phase=180.0000
(8,10,9,19)        ca-ca-ca-ha                term=1 k=1.100000  n=2.000  phase=180.0000 |  k=1.100000  n=2.000  phase=180.0000
(9,11,10,20)       ca-ca-ca-ha                term=1 k=1.100000  n=2.000  phase=180.0000 |  k=1.100000  n=2.000  phase=180.0000
(10,12,11,21)      ca-ca-ca-ha                term=1 k=1.100000  n=2.000  phase=180.0000 |  k=1.100000  n=2.000  phase=180.0000
(7,11,12,22)       cp-ca-ca-ha                term=1 k=1.100000  n=2.000  phase=180.0000 |  k=1.100000  n=2.000  phase=180.0000

------------------------------------------------------------------------------------------------------------
                                                  NONBONDS                                                  
------------------------------------------------------------------------------------------------------------
atom=1    cp          q=-0.037000  rmin/2=1.860600  eps=0.098800 |  q=-0.037000  rmin/2=1.860600  eps=0.098800
atom=2    ca          q=-0.101000  rmin/2=1.860600  eps=0.098800 |  q=-0.101000  rmin/2=1.860600  eps=0.098800
atom=3    ca          q=-0.113000  rmin/2=1.860600  eps=0.098800 |  q=-0.113000  rmin/2=1.860600  eps=0.098800
atom=4    ca          q=-0.110000  rmin/2=1.860600  eps=0.098800 |  q=-0.110000  rmin/2=1.860600  eps=0.098800
atom=5    ca          q=-0.113000  rmin/2=1.860600  eps=0.098800 |  q=-0.113000  rmin/2=1.860600  eps=0.098800
atom=6    ca          q=-0.101000  rmin/2=1.860600  eps=0.098800 |  q=-0.101000  rmin/2=1.860600  eps=0.098800
atom=7    cp          q=-0.037000  rmin/2=1.860600  eps=0.098800 |  q=-0.037000  rmin/2=1.860600  eps=0.098800
atom=8    ca          q=-0.101000  rmin/2=1.860600  eps=0.098800 |  q=-0.101000  rmin/2=1.860600  eps=0.098800
atom=9    ca          q=-0.113000  rmin/2=1.860600  eps=0.098800 |  q=-0.113000  rmin/2=1.860600  eps=0.098800
atom=10   ca          q=-0.110000  rmin/2=1.860600  eps=0.098800 |  q=-0.110000  rmin/2=1.860600  eps=0.098800
atom=11   ca          q=-0.113000  rmin/2=1.860600  eps=0.098800 |  q=-0.113000  rmin/2=1.860600  eps=0.098800
atom=12   ca          q=-0.101000  rmin/2=1.860600  eps=0.098800 |  q=-0.101000  rmin/2=1.860600  eps=0.098800
atom=13   ha          q=0.117000  rmin/2=1.473500  eps=0.016100  |  q=0.117000  rmin/2=1.473500  eps=0.016100 
atom=14   ha          q=0.114000  rmin/2=1.473500  eps=0.016100  |  q=0.114000  rmin/2=1.473500  eps=0.016100 
atom=15   ha          q=0.113000  rmin/2=1.473500  eps=0.016100  |  q=0.113000  rmin/2=1.473500  eps=0.016100 
atom=16   ha          q=0.114000  rmin/2=1.473500  eps=0.016100  |  q=0.114000  rmin/2=1.473500  eps=0.016100 
atom=17   ha          q=0.117000  rmin/2=1.473500  eps=0.016100  |  q=0.117000  rmin/2=1.473500  eps=0.016100 
atom=18   ha          q=0.117000  rmin/2=1.473500  eps=0.016100  |  q=0.117000  rmin/2=1.473500  eps=0.016100 
atom=19   ha          q=0.114000  rmin/2=1.473500  eps=0.016100  |  q=0.114000  rmin/2=1.473500  eps=0.016100 
atom=20   ha          q=0.113000  rmin/2=1.473500  eps=0.016100  |  q=0.113000  rmin/2=1.473500  eps=0.016100 
atom=21   ha          q=0.114000  rmin/2=1.473500  eps=0.016100  |  q=0.114000  rmin/2=1.473500  eps=0.016100 
atom=22   ha          q=0.117000  rmin/2=1.473500  eps=0.016100  |  q=0.117000  rmin/2=1.473500  eps=0.016100 
