
**********************************************************************
*                                                                    *
*                        M   A   P   L   E                           *
*                                                                    *
*      MAchine-learning Potential for Landscape Exploration          *
*                                                                    *
*                                                                    *
*      © 2025 University of Pittsburgh. All rights reserved.         *
*      Licensed under CC BY 4.0 for academic use.                    *
*                                                                    *
*      Principal Developer:  Xujian Wang                             *
*                                                                    *
**********************************************************************


Parsing # commands...
Global parameter: model = ANI-1xnr
Task set to 'ts'
Global parameter: device = gpu0
Parsed configuration:
----------------------------------------
Task: ts
model          : ani1xnr
method         : prfo
device         : gpu0

                             Coordinates                              
**********************************************************************

Group 1 (inline)
--------------------
1    C             -0.867500            -1.121200             0.145100
2    C              1.206300             0.088800             0.037500
3    C             -0.801200             1.803900             0.777700
4    C              1.927000            -0.523800             1.229900
5    C              2.173500             0.519400            -1.052000
6    N              0.243600            -0.900600            -0.557000
7    N             -2.008000            -1.593700            -0.419100
8    O             -1.607300             1.474300            -0.275700
9    H             -1.969800             0.587500            -0.141100
10   H              0.029000            -0.637000            -1.528700
11   H             -0.897800            -0.802100             1.184200
12   H              0.598500             0.980900             0.393000
13   H             -2.667500            -1.972100             0.264700
14   H             -1.882900            -2.254500            -1.192700
15   H             -0.428800             2.821000             0.714500
16   H             -1.018100             1.439200             1.783200
17   H              2.604600             0.208900             1.680900
18   H              1.650300             1.008400            -1.881800
19   H              2.509600            -1.398200             0.921700
20   H              1.210100            -0.836300             1.993700
21   H              2.911100             1.226100            -0.658700
22   H              2.705000            -0.355400            -1.440800

Starting Transition State Search (TS) with RS-PRFO...
Trust radius adaptation: eta_shrink=0.75, eta_expand=1.75
Convergence thresholds: f_max=0.002850, f_rms=0.001900, dp_max=0.003150, dp_rms=0.002100

----------------------------------------------------------------------
                             Iteration: 1                             


                             Coordinates                              
----------------------------------------------------------------------
0    C               -0.8698              -1.1412               0.1598
1    C                1.2138               0.0866               0.0352
2    C               -0.8072               1.8064               0.7739
3    C                1.9318              -0.5237               1.2377
4    C                2.1785               0.5244              -1.0565
5    N                0.2415              -0.8985              -0.5597
6    N               -2.0083              -1.6002              -0.4233
7    O               -1.6068               1.4916              -0.2777
8    H               -2.0539               0.6296              -0.1757
9    H                0.0170              -0.6803              -1.5297
10   H               -0.8941              -0.8715               1.2092
11   H                0.5746               1.0033               0.4039
12   H               -2.6894              -1.9473               0.2498
13   H               -1.8854              -2.2485              -1.2024
14   H               -0.4113               2.8161               0.7226
15   H               -1.0196               1.4054               1.7699
16   H                2.6104               0.2077               1.6817
17   H                1.6507               1.0091              -1.8820
18   H                2.5197              -1.3953               0.9345
19   H                1.2274              -0.8354               2.0111
20   H                2.9130               1.2293              -0.6634
21   H                2.7119              -0.3454              -1.4511


Energy:                  -72.416507 Convergence criteria  Is converged 
Maximum Force:             0.036202     0.002850                No
RMS Force:                 0.008966     0.001900                No
Maximum Displacement:      0.084072     0.003150                No
RMS Displacement:          0.019210     0.002100                No

Model change: -8.340698e-03  Actual change: -8.191407e-03  rho: 0.982
Trust radius (MW):  0.200000  Step norm (MW):  0.200000  On boundary: True

----------------------------------------------------------------------
                             Iteration: 2                             


                             Coordinates                              
----------------------------------------------------------------------
0    C               -0.8710              -1.1654               0.1674
1    C                1.2211               0.0849               0.0344
2    C               -0.8144               1.8066               0.7758
3    C                1.9412              -0.5292               1.2400
4    C                2.1802               0.5379              -1.0603
5    N                0.2359              -0.8934              -0.5596
6    N               -2.0074              -1.6077              -0.4299
7    O               -1.6085               1.5096              -0.2760
8    H               -2.1101               0.6754              -0.1807
9    H                0.0119              -0.7091              -1.5349
10   H               -0.8869              -0.9509               1.2333
11   H                0.5798               0.9975               0.4091
12   H               -2.7173              -1.9252               0.2262
13   H               -1.8911              -2.2392              -1.2227
14   H               -0.3931               2.8056               0.7397
15   H               -1.0181               1.3745               1.7605
16   H                2.6195               0.2035               1.6814
17   H                1.6435               1.0259              -1.8774
18   H                2.5333              -1.3967               0.9348
19   H                1.2449              -0.8442               2.0189
20   H                2.9115               1.2436              -0.6639
21   H                2.7178              -0.3233              -1.4673


Energy:                  -72.421024 Convergence criteria  Is converged 
Maximum Force:             0.029877     0.002850                No
RMS Force:                 0.006469     0.001900                No
Maximum Displacement:      0.079386     0.003150                No
RMS Displacement:          0.017823     0.002100                No

Model change: -4.600260e-03  Actual change: -4.516900e-03  rho: 0.982
Trust radius (MW):  0.200000  Step norm (MW):  0.200000  On boundary: True

----------------------------------------------------------------------
                             Iteration: 3                             


                             Coordinates                              
----------------------------------------------------------------------
0    C               -0.8689              -1.1927               0.1710
1    C                1.2262               0.0847               0.0371
2    C               -0.8219               1.8061               0.7785
3    C                1.9502              -0.5402               1.2383
4    C                2.1790               0.5587              -1.0577
5    N                0.2292              -0.8835              -0.5592
6    N               -2.0059              -1.6155              -0.4354
7    O               -1.6090               1.5218              -0.2779
8    H               -2.1325               0.7020              -0.1789
9    H                0.0003              -0.7008              -1.5323
10   H               -0.8774              -1.0301               1.2485
11   H                0.5878               0.9882               0.4203
12   H               -2.7347              -1.9210               0.2028
13   H               -1.9022              -2.2132              -1.2562
14   H               -0.3783               2.7951               0.7531
15   H               -1.0215               1.3540               1.7537
16   H                2.6297               0.1904               1.6816
17   H                1.6343               1.0568              -1.8633
18   H                2.5429              -1.4046               0.9258
19   H                1.2583              -0.8598               2.0190
20   H                2.9078               1.2631              -0.6540
21   H                2.7205              -0.2914              -1.4822


Energy:                  -72.423536 Convergence criteria  Is converged 
Maximum Force:             0.024762     0.002850                No
RMS Force:                 0.005250     0.001900                No
Maximum Displacement:      0.079290     0.003150                No
RMS Displacement:          0.016461     0.002100                No

Model change: -2.524979e-03  Actual change: -2.511978e-03  rho: 0.995
Trust radius (MW):  0.200000  Step norm (MW):  0.200000  On boundary: True

----------------------------------------------------------------------
                             Iteration: 4                             


                             Coordinates                              
----------------------------------------------------------------------
0    C               -0.8678              -1.2225               0.1741
1    C                1.2316               0.0849               0.0373
2    C               -0.8270               1.8074               0.7843
3    C                1.9605              -0.5445               1.2359
4    C                2.1776               0.5711              -1.0611
5    N                0.2228              -0.8773              -0.5531
6    N               -2.0044              -1.6260              -0.4414
7    O               -1.6122               1.5412              -0.2767
8    H               -2.1558               0.7349              -0.1763
9    H               -0.0034              -0.7106              -1.5292
10   H               -0.8735              -1.0987               1.2582
11   H                0.5983               0.9821               0.4244
12   H               -2.7527              -1.9233               0.1758
13   H               -1.9159              -2.1713              -1.2999
14   H               -0.3625               2.7863               0.7705
15   H               -1.0174               1.3304               1.7481
16   H                2.6431               0.1847               1.6768
17   H                1.6250               1.0746              -1.8578
18   H                2.5500              -1.4102               0.9213
19   H                1.2698              -0.8613               2.0187
20   H                2.9050               1.2758              -0.6553
21   H                2.7211              -0.2714              -1.4974


Energy:                  -72.425760 Convergence criteria  Is converged 
Maximum Force:             0.018287     0.002850                No
RMS Force:                 0.004146     0.001900                No
Maximum Displacement:      0.068517     0.003150                No
RMS Displacement:          0.015819     0.002100                No

Model change: -2.169035e-03  Actual change: -2.224207e-03  rho: 1.025
Trust radius (MW):  0.200000  Step norm (MW):  0.200000  On boundary: True

----------------------------------------------------------------------
                             Iteration: 5                             


                             Coordinates                              
----------------------------------------------------------------------
0    C               -0.8687              -1.2470               0.1771
1    C                1.2374               0.0855               0.0380
2    C               -0.8376               1.8121               0.7912
3    C                1.9714              -0.5449               1.2345
4    C                2.1781               0.5720              -1.0667
5    N                0.2181              -0.8749              -0.5422
6    N               -2.0019              -1.6352              -0.4464
7    O               -1.6146               1.5640              -0.2797
8    H               -2.1686               0.7627              -0.1892
9    H               -0.0006              -0.7333              -1.5244
10   H               -0.8790              -1.1755               1.2678
11   H                0.6107               0.9790               0.4248
12   H               -2.7667              -1.9293               0.1502
13   H               -1.9277              -2.1154              -1.3442
14   H               -0.3575               2.7831               0.7942
15   H               -1.0244               1.3086               1.7407
16   H                2.6590               0.1826               1.6709
17   H                1.6205               1.0759              -1.8595
18   H                2.5555              -1.4141               0.9200
19   H                1.2822              -0.8557               2.0208
20   H                2.9064               1.2776              -0.6643
21   H                2.7207              -0.2686              -1.5072


Energy:                  -72.427601 Convergence criteria  Is converged 
Maximum Force:             0.014587     0.002850                No
RMS Force:                 0.003478     0.001900                No
Maximum Displacement:      0.076802     0.003150                No
RMS Displacement:          0.016349     0.002100                No

Model change: -1.844817e-03  Actual change: -1.840591e-03  rho: 0.998
Trust radius (MW):  0.200000  Step norm (MW):  0.200000  On boundary: True

----------------------------------------------------------------------
                             Iteration: 6                             


                             Coordinates                              
----------------------------------------------------------------------
0    C               -0.8717              -1.2712               0.1786
1    C                1.2387               0.0855               0.0387
2    C               -0.8275               1.8287               0.7837
3    C                1.9740              -0.5343               1.2398
4    C                2.1769               0.5654              -1.0716
5    N                0.2147              -0.8792              -0.5310
6    N               -1.9985              -1.6487              -0.4527
7    O               -1.6213               1.5803              -0.2766
8    H               -2.1738               0.7804              -0.1715
9    H                0.0005              -0.7507              -1.5163
10   H               -0.8926              -1.2452               1.2715
11   H                0.6097               0.9831               0.4189
12   H               -2.7782              -1.9384               0.1254
13   H               -1.9374              -2.0641              -1.3822
14   H               -0.3432               2.7978               0.7774
15   H               -1.0066               1.3318               1.7371
16   H                2.6650               0.1957               1.6665
17   H                1.6163               1.0630              -1.8663
18   H                2.5533              -1.4099               0.9347
19   H                1.2842              -0.8316               2.0306
20   H                2.9037               1.2758              -0.6750
21   H                2.7209              -0.2766              -1.5076


Energy:                  -72.429208 Convergence criteria  Is converged 
Maximum Force:             0.012296     0.002850                No
RMS Force:                 0.002924     0.001900                No
Maximum Displacement:      0.069744     0.003150                No
RMS Displacement:          0.015686     0.002100                No

Model change: -1.632264e-03  Actual change: -1.607418e-03  rho: 0.985
Trust radius (MW):  0.200000  Step norm (MW):  0.200000  On boundary: True

----------------------------------------------------------------------
                             Iteration: 7                             


                             Coordinates                              
----------------------------------------------------------------------
0    C               -0.8766              -1.2911               0.1778
1    C                1.2386               0.0855               0.0408
2    C               -0.8189               1.8436               0.7808
3    C                1.9788              -0.5247               1.2435
4    C                2.1743               0.5580              -1.0760
5    N                0.2118              -0.8827              -0.5216
6    N               -1.9927              -1.6649              -0.4621
7    O               -1.6268               1.5939              -0.2707
8    H               -2.1933               0.8078              -0.1413
9    H                0.0018              -0.7590              -1.5091
10   H               -0.9133              -1.2813               1.2691
11   H                0.6101               0.9852               0.4159
12   H               -2.7862              -1.9564               0.0944
13   H               -1.9503              -1.9815              -1.4324
14   H               -0.3271               2.8091               0.7647
15   H               -0.9906               1.3506               1.7368
16   H                2.6763               0.2067               1.6573
17   H                1.6106               1.0501              -1.8720
18   H                2.5510              -1.4073               0.9457
19   H                1.2923              -0.8076               2.0421
20   H                2.9021               1.2714              -0.6868
21   H                2.7168              -0.2868              -1.5084


Energy:                  -72.430544 Convergence criteria  Is converged 
Maximum Force:             0.012030     0.002850                No
RMS Force:                 0.002809     0.001900                No
Maximum Displacement:      0.082586     0.003150                No
RMS Displacement:          0.017124     0.002100                No

Model change: -1.353626e-03  Actual change: -1.335859e-03  rho: 0.987
Trust radius (MW):  0.200000  Step norm (MW):  0.200000  On boundary: True

----------------------------------------------------------------------
                             Iteration: 8                             


                             Coordinates                              
----------------------------------------------------------------------
0    C               -0.8818              -1.3030               0.1772
1    C                1.2405               0.0851               0.0457
2    C               -0.8273               1.8525               0.7894
3    C                1.9934              -0.5236               1.2417
4    C                2.1691               0.5535              -1.0805
5    N                0.2110              -0.8852              -0.5120
6    N               -1.9884              -1.6786              -0.4708
7    O               -1.6258               1.6088              -0.2739
8    H               -2.2500               0.8706              -0.1118
9    H                0.0112              -0.7745              -1.5048
10   H               -0.9248              -1.3085               1.2677
11   H                0.6185               0.9800               0.4226
12   H               -2.7913              -1.9747               0.0684
13   H               -1.9646              -1.8939              -1.4680
14   H               -0.3130               2.8064               0.7769
15   H               -1.0040               1.3499               1.7383
16   H                2.7012               0.2053               1.6422
17   H                1.6002               1.0442              -1.8736
18   H                2.5553              -1.4122               0.9422
19   H                1.3141              -0.7960               2.0500
20   H                2.9019               1.2667              -0.7002
21   H                2.7060              -0.2940              -1.5147


Energy:                  -72.431486 Convergence criteria  Is converged 
Maximum Force:             0.011828     0.002850                No
RMS Force:                 0.002425     0.001900                No
Maximum Displacement:      0.087684     0.003150                No
RMS Displacement:          0.018908     0.002100                No

Model change: -9.877036e-04  Actual change: -9.421110e-04  rho: 0.954
Trust radius (MW):  0.200000  Step norm (MW):  0.200000  On boundary: True

----------------------------------------------------------------------
                             Iteration: 9                             


                             Coordinates                              
----------------------------------------------------------------------
0    C               -0.8842              -1.3176               0.1785
1    C                1.2424               0.0837               0.0512
2    C               -0.8419               1.8563               0.8013
3    C                2.0069              -0.5239               1.2404
4    C                2.1646               0.5461              -1.0840
5    N                0.2098              -0.8885              -0.5032
6    N               -1.9869              -1.6841              -0.4787
7    O               -1.6200               1.6310              -0.2822
8    H               -2.2714               0.9157              -0.1350
9    H                0.0071              -0.7717              -1.4954
10   H               -0.9220              -1.3549               1.2691
11   H                0.6266               0.9745               0.4296
12   H               -2.7951              -1.9875               0.0480
13   H               -1.9805              -1.8172              -1.4881
14   H               -0.3047               2.7966               0.8061
15   H               -1.0288               1.3337               1.7370
16   H                2.7272               0.2011               1.6255
17   H                1.5920               1.0377              -1.8739
18   H                2.5562              -1.4202               0.9403
19   H                1.3352              -0.7828               2.0595
20   H                2.9048               1.2563              -0.7127
21   H                2.6930              -0.3055              -1.5208


Energy:                  -72.432047 Convergence criteria  Is converged 
Maximum Force:             0.008016     0.002850                No
RMS Force:                 0.001713     0.001900                Yes
Maximum Displacement:      0.076694     0.003150                No
RMS Displacement:          0.016799     0.002100                No

Model change: -4.998313e-04  Actual change: -5.611181e-04  rho: 1.123
Trust radius (MW):  0.200000  Step norm (MW):  0.200000  On boundary: True

----------------------------------------------------------------------
                            Iteration: 10                             


                             Coordinates                              
----------------------------------------------------------------------
0    C               -0.8806              -1.3322               0.1829
1    C                1.2413               0.0831               0.0533
2    C               -0.8494               1.8366               0.8080
3    C                2.0147              -0.5172               1.2397
4    C                2.1556               0.5513              -1.0861
5    N                0.2124              -0.8957              -0.4972
6    N               -1.9905              -1.6742              -0.4772
7    O               -1.6105               1.6458              -0.2960
8    H               -2.2865               0.9475              -0.1780
9    H                0.0055              -0.7717              -1.4880
10   H               -0.9006              -1.4221               1.2734
11   H                0.6193               0.9713               0.4339
12   H               -2.8041              -1.9686               0.0463
13   H               -1.9957              -1.7725              -1.4880
14   H               -0.3124               2.7759               0.8507
15   H               -1.0550               1.2878               1.7251
16   H                2.7339               0.2120               1.6183
17   H                1.5775               1.0385              -1.8746
18   H                2.5657              -1.4124               0.9401
19   H                1.3476              -0.7752               2.0627
20   H                2.8923               1.2669              -0.7182
21   H                2.6883              -0.2971              -1.5238


Energy:                  -72.432295 Convergence criteria  Is converged 
Maximum Force:             0.007424     0.002850                No
RMS Force:                 0.001527     0.001900                Yes
Maximum Displacement:      0.067215     0.003150                No
RMS Displacement:          0.017038     0.002100                No

Model change: -2.693479e-04  Actual change: -2.477765e-04  rho: 0.920
Trust radius (MW):  0.200000  Step norm (MW):  0.200000  On boundary: True

----------------------------------------------------------------------
                            Iteration: 11                             


                             Coordinates                              
----------------------------------------------------------------------
0    C               -0.8739              -1.3604               0.1833
1    C                1.2393               0.0825               0.0567
2    C               -0.8530               1.8500               0.8088
3    C                2.0168              -0.5174               1.2398
4    C                2.1500               0.5527              -1.0854
5    N                0.2113              -0.8987              -0.4949
6    N               -1.9900              -1.6780              -0.4781
7    O               -1.6055               1.6612              -0.3017
8    H               -2.3437               1.0265              -0.1643
9    H               -0.0086              -0.7507              -1.4804
10   H               -0.8808              -1.5009               1.2695
11   H                0.6205               0.9694               0.4358
12   H               -2.7894              -2.0168               0.0432
13   H               -2.0055              -1.7364              -1.4920
14   H               -0.2970               2.7767               0.8539
15   H               -1.0558               1.2900               1.7185
16   H                2.7398               0.2108               1.6133
17   H                1.5689               1.0416              -1.8708
18   H                2.5642              -1.4147               0.9400
19   H                1.3522              -0.7707               2.0661
20   H                2.8884               1.2676              -0.7193
21   H                2.6806              -0.2949              -1.5272


Energy:                  -72.433114 Convergence criteria  Is converged 
Maximum Force:             0.007699     0.002850                No
RMS Force:                 0.001714     0.001900                Yes
Maximum Displacement:      0.079000     0.003150                No
RMS Displacement:          0.018673     0.002100                No

Model change: -9.087728e-04  Actual change: -8.192062e-04  rho: 0.901
Trust radius (MW):  0.200000  Step norm (MW):  0.200000  On boundary: True

----------------------------------------------------------------------
                            Iteration: 12                             


                             Coordinates                              
----------------------------------------------------------------------
0    C               -0.8666              -1.3917               0.1825
1    C                1.2336               0.0813               0.0610
2    C               -0.8473               1.8531               0.8079
3    C                2.0172              -0.5150               1.2410
4    C                2.1382               0.5602              -1.0826
5    N                0.2096              -0.9040              -0.4933
6    N               -1.9931              -1.6802              -0.4759
7    O               -1.5959               1.6817              -0.3104
8    H               -2.3497               1.0718              -0.1743
9    H               -0.0231              -0.7318              -1.4723
10   H               -0.8608              -1.5645               1.2627
11   H                0.6098               0.9677               0.4408
12   H               -2.7741              -2.0692               0.0399
13   H               -2.0207              -1.6995              -1.4911
14   H               -0.2854               2.7754               0.8701
15   H               -1.0579               1.2787               1.7069
16   H                2.7408               0.2152               1.6093
17   H                1.5525               1.0506              -1.8636
18   H                2.5642              -1.4123               0.9408
19   H                1.3563              -0.7664               2.0709
20   H                2.8753               1.2763              -0.7164
21   H                2.6701              -0.2834              -1.5306


Energy:                  -72.433660 Convergence criteria  Is converged 
Maximum Force:             0.004496     0.002850                No
RMS Force:                 0.001152     0.001900                Yes
Maximum Displacement:      0.063607     0.003150                No
RMS Displacement:          0.015423     0.002100                No

Model change: -5.495175e-04  Actual change: -5.461574e-04  rho: 0.994
Trust radius (MW):  0.200000  Step norm (MW):  0.200000  On boundary: True

----------------------------------------------------------------------
                            Iteration: 13                             


                             Coordinates                              
----------------------------------------------------------------------
0    C               -0.8582              -1.4160               0.1819
1    C                1.2321               0.0817               0.0639
2    C               -0.8597               1.8585               0.8149
3    C                2.0196              -0.5195               1.2389
4    C                2.1343               0.5594              -1.0826
5    N                0.2057              -0.9014              -0.4929
6    N               -1.9927              -1.6883              -0.4699
7    O               -1.5871               1.7089              -0.3204
8    H               -2.3401               1.0921              -0.2110
9    H               -0.0394              -0.7097              -1.4652
10   H               -0.8372              -1.6225               1.2563
11   H                0.6125               0.9655               0.4459
12   H               -2.7602              -2.1073               0.0407
13   H               -2.0341              -1.6727              -1.4845
14   H               -0.2911               2.7746               0.9031
15   H               -1.0773               1.2580               1.6947
16   H                2.7523               0.2051               1.6006
17   H                1.5481               1.0541              -1.8604
18   H                2.5572              -1.4218               0.9366
19   H                1.3627              -0.7630               2.0744
20   H                2.8771               1.2708              -0.7186
21   H                2.6599              -0.2860              -1.5348


Energy:                  -72.433956 Convergence criteria  Is converged 
Maximum Force:             0.003631     0.002850                No
RMS Force:                 0.000869     0.001900                Yes
Maximum Displacement:      0.058007     0.003150                No
RMS Displacement:          0.014591     0.002100                No

Model change: -2.994186e-04  Actual change: -2.952218e-04  rho: 0.986
Trust radius (MW):  0.200000  Step norm (MW):  0.200000  On boundary: True

----------------------------------------------------------------------
                            Iteration: 14                             


                             Coordinates                              
----------------------------------------------------------------------
0    C               -0.8545              -1.4269               0.1786
1    C                1.2324               0.0815               0.0629
2    C               -0.8708               1.8877               0.8220
3    C                2.0165              -0.5230               1.2392
4    C                2.1375               0.5495              -1.0858
5    N                0.2018              -0.8971              -0.4949
6    N               -1.9841              -1.7156              -0.4732
7    O               -1.5892               1.7297              -0.3140
8    H               -2.3221               1.0859              -0.2163
9    H               -0.0442              -0.7062              -1.4668
10   H               -0.8309              -1.6372               1.2514
11   H                0.6259               0.9645               0.4435
12   H               -2.7478              -2.1410               0.0361
13   H               -2.0339              -1.6755              -1.4862
14   H               -0.2929               2.7981               0.9040
15   H               -1.0699               1.2730               1.6958
16   H                2.7584               0.1949               1.5954
17   H                1.5535               1.0459              -1.8641
18   H                2.5436              -1.4331               0.9413
19   H                1.3591              -0.7540               2.0779
20   H                2.8863               1.2565              -0.7255
21   H                2.6559              -0.3011              -1.5365


Energy:                  -72.434223 Convergence criteria  Is converged 
Maximum Force:             0.002455     0.002850                Yes
RMS Force:                 0.000590     0.001900                Yes
Maximum Displacement:      0.033786     0.003150                No
RMS Displacement:          0.010318     0.002100                No

Model change: -2.561369e-04  Actual change: -2.670288e-04  rho: 1.043
Trust radius (MW):  0.200000  Step norm (MW):  0.200000  On boundary: True

----------------------------------------------------------------------
                            Iteration: 15                             


                             Coordinates                              
----------------------------------------------------------------------
0    C               -0.8546              -1.4345               0.1747
1    C                1.2294               0.0813               0.0595
2    C               -0.8619               1.9101               0.8255
3    C                2.0054              -0.5195               1.2429
4    C                2.1384               0.5414              -1.0889
5    N                0.1963              -0.8934              -0.4978
6    N               -1.9760              -1.7453              -0.4798
7    O               -1.5903               1.7466              -0.3028
8    H               -2.2979               1.0753              -0.2052
9    H               -0.0488              -0.7048              -1.4704
10   H               -0.8302              -1.6429               1.2481
11   H                0.6313               0.9682               0.4355
12   H               -2.7365              -2.1782               0.0278
13   H               -2.0310              -1.6868              -1.4912
14   H               -0.2868               2.8232               0.8983
15   H               -1.0497               1.2973               1.7028
16   H                2.7499               0.1969               1.5968
17   H                1.5567               1.0369              -1.8697
18   H                2.5287              -1.4350               0.9548
19   H                1.3434              -0.7397               2.0810
20   H                2.8890               1.2474              -0.7302
21   H                2.6546              -0.3125              -1.5360


Energy:                  -72.434432 Convergence criteria  Is converged 
Maximum Force:             0.001435     0.002850                Yes
RMS Force:                 0.000376     0.001900                Yes
Maximum Displacement:      0.037150     0.003150                No
RMS Displacement:          0.011131     0.002100                No

Model change: -2.112215e-04  Actual change: -2.092123e-04  rho: 0.990
Trust radius (MW):  0.200000  Step norm (MW):  0.194998  On boundary: False

----------------------------------------------------------------------
                            Iteration: 16                             


                             Coordinates                              
----------------------------------------------------------------------
0    C               -0.8568              -1.4360               0.1709
1    C                1.2270               0.0830               0.0561
2    C               -0.8521               1.9324               0.8283
3    C                1.9944              -0.5162               1.2464
4    C                2.1423               0.5301              -1.0925
5    N                0.1897              -0.8861              -0.5002
6    N               -1.9670              -1.7725              -0.4887
7    O               -1.5938               1.7550              -0.2885
8    H               -2.2785               1.0614              -0.1853
9    H               -0.0518              -0.7037              -1.4748
10   H               -0.8350              -1.6372               1.2460
11   H                0.6360               0.9753               0.4265
12   H               -2.7238              -2.2157               0.0154
13   H               -2.0220              -1.7052              -1.4993
14   H               -0.2774               2.8473               0.8819
15   H               -1.0281               1.3309               1.7161
16   H                2.7437               0.1967               1.5972
17   H                1.5648               1.0248              -1.8769
18   H                2.5113              -1.4381               0.9673
19   H                1.3282              -0.7241               2.0843
20   H                2.8969               1.2332              -0.7364
21   H                2.6534              -0.3300              -1.5338


Energy:                  -72.434546 Convergence criteria  Is converged 
Maximum Force:             0.000750     0.002850                Yes
RMS Force:                 0.000240     0.001900                Yes
Maximum Displacement:      0.037551     0.003150                No
RMS Displacement:          0.012451     0.002100                No

Model change: -1.161520e-04  Actual change: -1.146197e-04  rho: 0.987
Trust radius (MW):  0.200000  Step norm (MW):  0.194942  On boundary: False

----------------------------------------------------------------------
                            Iteration: 17                             


                             Coordinates                              
----------------------------------------------------------------------
0    C               -0.8589              -1.4348               0.1652
1    C                1.2263               0.0854               0.0521
2    C               -0.8394               1.9511               0.8278
3    C                1.9823              -0.5108               1.2516
4    C                2.1513               0.5155              -1.0954
5    N                0.1845              -0.8775              -0.5035
6    N               -1.9597              -1.7900              -0.4995
7    O               -1.6038               1.7532              -0.2699
8    H               -2.2699               1.0445              -0.1493
9    H               -0.0540              -0.6978              -1.4793
10   H               -0.8405              -1.6312               1.2415
11   H                0.6413               0.9850               0.4134
12   H               -2.7173              -2.2342               0.0023
13   H               -2.0148              -1.7138              -1.5093
14   H               -0.2692               2.8704               0.8552
15   H               -0.9949               1.3631               1.7287
16   H                2.7372               0.1978               1.5989
17   H                1.5807               1.0096              -1.8853
18   H                2.4913              -1.4404               0.9836
19   H                1.3109              -0.7040               2.0891
20   H                2.9108               1.2144              -0.7414
21   H                2.6562              -0.3525              -1.5281


Energy:                  -72.434587 Convergence criteria  Is converged 
Maximum Force:             0.000574     0.002850                Yes
RMS Force:                 0.000164     0.001900                Yes
Maximum Displacement:      0.036022     0.003150                No
RMS Displacement:          0.013319     0.002100                No

Model change: -4.058050e-05  Actual change: -4.017353e-05  rho: 0.990
Trust radius (MW):  0.200000  Step norm (MW):  0.194960  On boundary: False

----------------------------------------------------------------------
                            Iteration: 18                             


                             Coordinates                              
----------------------------------------------------------------------
0    C               -0.8616              -1.4364               0.1653
1    C                1.2292               0.0776               0.0635
2    C               -0.8304               1.9501               0.8371
3    C                1.9765              -0.5226               1.2665
4    C                2.1622               0.5031              -1.0791
5    N                0.1856              -0.8798              -0.4980
6    N               -1.9595              -1.7891              -0.5047
7    O               -1.5999               1.7527              -0.2565
8    H               -2.2611               1.0402              -0.1347
9    H               -0.0486              -0.6969              -1.4742
10   H               -0.8490              -1.6329               1.2417
11   H                0.6465               0.9799               0.4221
12   H               -2.7211              -2.2308              -0.0067
13   H               -2.0110              -1.7095              -1.5144
14   H               -0.2613               2.8700               0.8627
15   H               -0.9826               1.3620               1.7380
16   H                2.7333               0.1821               1.6174
17   H                1.5981               1.0005              -1.8716
18   H                2.4821              -1.4546               1.0006
19   H                1.3006              -0.7129               2.1009
20   H                2.9237               1.1978              -0.7211
21   H                2.6644              -0.3674              -1.5097


Energy:                  -72.434589 Convergence criteria  Is converged 
Maximum Force:             0.000030     0.002850                Yes
RMS Force:                 0.000013     0.001900                Yes
Maximum Displacement:      0.020245     0.003150                No
RMS Displacement:          0.009709     0.002100                No

Model change: -2.404220e-06  Actual change: -2.503395e-06  rho: 1.041
Trust radius (MW):  0.200000  Step norm (MW):  0.156225  On boundary: False

----------------------------------------------------------------------
                            Iteration: 19                             


                             Coordinates                              
----------------------------------------------------------------------
0    C               -0.8617              -1.4362               0.1653
1    C                1.2292               0.0776               0.0636
2    C               -0.8301               1.9504               0.8369
3    C                1.9764              -0.5227               1.2665
4    C                2.1622               0.5031              -1.0791
5    N                0.1856              -0.8798              -0.4979
6    N               -1.9594              -1.7893              -0.5049
7    O               -1.6000               1.7526              -0.2563
8    H               -2.2605               1.0394              -0.1343
9    H               -0.0484              -0.6973              -1.4742
10   H               -0.8495              -1.6321               1.2418
11   H                0.6465               0.9799               0.4221
12   H               -2.7212              -2.2305              -0.0069
13   H               -2.0107              -1.7099              -1.5146
14   H               -0.2613               2.8704               0.8621
15   H               -0.9821               1.3627               1.7381
16   H                2.7332               0.1821               1.6175
17   H                1.5980               1.0005              -1.8716
18   H                2.4821              -1.4545               1.0005
19   H                1.3006              -0.7130               2.1009
20   H                2.9236               1.1978              -0.7211
21   H                2.6643              -0.3674              -1.5096


Energy:                  -72.434589 Convergence criteria  Is converged 
Maximum Force:             0.000005     0.002850                Yes
RMS Force:                 0.000001     0.001900                Yes
Maximum Displacement:      0.000850     0.003150                Yes
RMS Displacement:          0.000260     0.002100                Yes

Model change: -2.688935e-08  Actual change: -5.960464e-08  rho: 2.217
Trust radius (MW):  0.003125  Step norm (MW):  0.003050  On boundary: False


----------------------------------------------------------------------
                          Normal Termination                          




Program started: 2026-01-06 15:32:05

======================================================================
                      TIMING SUMMARY
======================================================================
Input Reading.......................................   0.128 s  (   0.6 %)
  Settings Parsing....................................   0.127 s  (  99.2 %)
  Coordinate Section Parsing..........................   0.000 s  (   0.2 %)
  Post-Processing Expansion...........................   0.000 s  (   0.0 %)
MLP Initialization..................................   0.204 s  (   1.0 %)
Job Dispatching.....................................  20.347 s  (  98.4 %)
  Transition State Optimization.......................  20.347 s  ( 100.0 %)
======================================================================
Total wall time: 20.679 s
Total CPU time: 20.694 s
======================================================================

Program ended: 2026-01-06 15:32:25
TOTAL RUN TIME: 0 days 0 hours 0 minutes 20 seconds 678 msec
