
**********************************************************************
*                                                                    *
*                        M   A   P   L   E                           *
*                                                                    *
*      MAchine-learning Potential for Landscape Exploration          *
*                                                                    *
*                                                                    *
*      © 2025 University of Pittsburgh. All rights reserved.         *
*      Licensed under CC BY 4.0 for academic use.                    *
*                                                                    *
*      Principal Developer:  Xujian Wang                             *
*                                                                    *
**********************************************************************


Parsing # commands...
Global parameter: model = ANI-2x
Global parameter: d4 = True
No task specified. Defaulting to 'sp'.
Parsed configuration:
----------------------------------------
Task: sp
model          : ani2x
d4             : True

                             Coordinates                              
**********************************************************************

Group 1 (inline)
--------------------
1    C             -1.455453            -0.627030             0.654723
2    C              0.231729             1.272185             0.584946
3    C             -0.643045            -1.599042            -0.291535
4    C              2.268071             0.199740            -0.578626
5    C             -0.231171             2.078484            -0.578904
6    C              2.811584            -0.663478             0.549364
7    N             -0.408797             0.325658             1.191036
8    N             -2.514160            -0.032597            -0.074666
9    O             -0.126274            -0.890739            -1.298383
10   H              1.205737            -0.022373            -0.776235
11   H              0.056412            -0.042624             2.013659
12   H             -1.827532            -1.130391             1.551518
13   H              1.092672             1.641747             1.129771
14   H             -2.959454             0.760600             0.361834
15   H             -2.233803             0.146037            -1.031105
16   H             -1.380960            -2.381593            -0.576652
17   H              0.095243            -2.110336             0.374223
18   H              2.520431             1.256395            -0.451153
19   H              2.713041            -0.104128            -1.530916
20   H             -1.062095             2.711954            -0.251269
21   H              0.577804             2.723453            -0.915439
22   H             -0.547867             1.440055            -1.396311
23   H              2.526998            -1.706627             0.401141
24   H              2.437062            -0.364108             1.537053
25   H              3.902370            -0.620897             0.608113

Energy: -15.5366594273 Hartree



Program started: 2026-02-03 13:19:00

======================================================================
                      TIMING SUMMARY
======================================================================
Input Reading (×26).................................   0.230 s  (  75.4 %)
  Settings Parsing (×26)..............................   0.191 s  (  83.3 %)
  Coordinate Section Parsing (×26)....................   0.006 s  (   2.7 %)
  Post-Processing Expansion (×26).....................   0.000 s  (   0.1 %)
MLP Initialization (×26)............................  15.489 s  (5086.1 %)
Job Dispatching (×26)............................... 553.489 s  (181747.9 %)
  Frequency Calculation (×6)..........................   1.983 s  (   0.4 %)
  IRC Calculation (×4)................................  18.715 s  (   3.4 %)
  Single Point Energy Calculation (×4)................   1.657 s  (   0.3 %)
  Optimization (×9)................................... 414.705 s  (  74.9 %)
  Scan (×3)........................................... 116.404 s  (  21.0 %)
======================================================================
Total wall time: 0.305 s
Total CPU time: 0.688 s
======================================================================

Program ended: 2026-02-03 13:19:01
TOTAL RUN TIME: 0 days 0 hours 0 minutes 0 seconds 304 msec
