
**********************************************************************
*                                                                    *
*                        M   A   P   L   E                           *
*                                                                    *
*      MAchine-learning Potential for Landscape Exploration          *
*                                                                    *
*                                                                    *
*      © 2025 University of Pittsburgh. All rights reserved.         *
*      Licensed under CC BY 4.0 for academic use.                    *
*                                                                    *
*      Principal Developer:  Xujian Wang                             *
*                                                                    *
**********************************************************************


Parsing # commands...
Global parameter: model = ANI-2x
No task specified. Defaulting to 'sp'.
Parsed configuration:
----------------------------------------
Task: sp
model          : ani2x

                             Coordinates                              
**********************************************************************

Group 1 (inline)
--------------------
1    C              0.653658             1.020135             0.250402
2    C             -0.951296            -1.029314             0.574742
3    C              1.958886            -0.936220             0.005155
4    N              0.790775            -0.149466            -0.388469
5    N             -0.422421             1.801631             0.015641
6    O             -1.872111            -0.714479            -0.393606
7    H             -1.491524            -0.991657            -1.237188
8    H              1.935015             1.438955            -0.762746
9    H              1.140802             1.209470             1.209100
10   H             -1.060007             1.568701            -0.724831
11   H             -0.642773             2.561844             0.628784
12   H             -1.224758            -0.594674             1.532954
13   H             -0.613130            -2.063666             0.608335
14   H              1.618545            -1.952644             0.206338
15   H              2.678775            -0.974019            -0.815398
16   H              2.473972            -0.558690             0.896703

Energy: -11.1998812023 Hartree



Program started: 2026-02-03 13:19:01

======================================================================
                      TIMING SUMMARY
======================================================================
Input Reading (×27).................................   0.230 s  ( 120.8 %)
  Settings Parsing (×27)..............................   0.191 s  (  83.2 %)
  Coordinate Section Parsing (×27)....................   0.006 s  (   2.8 %)
  Post-Processing Expansion (×27).....................   0.000 s  (   0.1 %)
MLP Initialization (×27)............................  15.582 s  (8182.5 %)
Job Dispatching (×27)............................... 553.585 s  (290694.4 %)
  Frequency Calculation (×6)..........................   1.983 s  (   0.4 %)
  IRC Calculation (×4)................................  18.715 s  (   3.4 %)
  Single Point Energy Calculation (×5)................   1.754 s  (   0.3 %)
  Optimization (×9)................................... 414.705 s  (  74.9 %)
  Scan (×3)........................................... 116.404 s  (  21.0 %)
======================================================================
Total wall time: 0.190 s
Total CPU time: 0.407 s
======================================================================

Program ended: 2026-02-03 13:19:01
TOTAL RUN TIME: 0 days 0 hours 0 minutes 0 seconds 190 msec
