
 -----------------------------------------------
      Restrained ESP Fit 2.3  Amber 4.1
 -----------------------------------------------
 Resp charges for organic molecule                                               
 -----------------------------------------------


 inopt       =     0   ioutopt     =     1
 nmol        =     1   iqopt       =     2
 ihfree      =     1   irstrnt     =     1
 iunits      =     0   qwt         =   0.00100000
 wtmol(1) =     1.000000
 subtitle:

Resp charges for organic molecule                                               
ich =   1  iuniq = 113
    1    6    0
    2    6    0
    3    8    0
    4    1    0
    5    1    4
    6    1    4
    7    7    0
    8    1    0
    9    6    0
   10    1    0
   11    6    0
   12    1    0
   13    1   12
   14    6    0
   15    7    0
   16    1    0
   17    6    0
   18    1    0
   19    7    0
   20    6    0
   21    1    0
   22    6    0
   23    8    0
   24    7    0
   25    6    0
   26    6    0
   27    8    0
   28    1    0
   29    1    0
   30    1   29
   31    7    0
   32    1    0
   33    6    0
   34    1    0
   35    6    0
   36    1    0
   37    1   36
   38    6    0
   39    7    0
   40    1    0
   41    6    0
   42    1    0
   43    7    0
   44    6    0
   45    1    0
   46    6    0
   47    8    0
   48    7    0
   49    6    0
   50    1    0
   51    1    0
   52    1   51
   53    1   51
   54    6    0
   55    6    0
   56    8    0
   57    1    0
   58    1   57
   59    1   57
   60    7    0
   61    1    0
   62    6    0
   63    1    0
   64    6    0
   65    1    0
   66    1   65
   67    6    0
   68    7    0
   69    6    0
   70    1    0
   71    7    0
   72    1    0
   73    6    0
   74    1    0
   75    6    0
   76    8    0
   77    7    0
   78    6    0
   79    1    0
   80    1    0
   81    1   80
   82    1   80
   83   30    0
   84    1    0
   85    1    0
   86    1   85
   87    1   85
   88    1    0
   89    1   88
   90    1   88
   91    1    0
   92    1    0
   93    1    0
   94    1    0
   95    1    0
   96    1    0
   97    6    0
   98    6    0
   99    6    0
  100    6    0
  101    6    0
  102    6    0
  103    6    0
  104    6    0
  105    6    0
  106    6    0
  107    7    0
  108    6    0
  109    6    0
  110   16    0
  111    8    0
  112    8    0
  113    7    0
    1    1    1    2    1    3    1    4    1    5    1    6
    1   24    1   25    1   26    1   27    1   28    1   29    1   30
    1   48    1   49    1   50    1   51    1   52    1   53
    1   54    1   55    1   56    1   57    1   58    1   59
    1   77    1   78    1   79    1   80    1   81    1   82
    1    7
    1    9
    1   22
    1   23
    1   31
    1   33
    1   46
    1   47
    1   60
    1   62
    1   75
    1   76
 new q0 values to be read 113

  ----------------------------------------------------------------------------
     ATOM                       COORDINATES                         CHARGE
                       X             Y                Z
  ----------------------------------------------------------------------------
  ----------------------------------------------------------------------------


 Charge on the molecule(ich) =    1
 Total number of atoms (iuniq)     =  113
 Weight factor on initial charge restraints(qwt)=     0.10000D-02


  there are 18 charge constraints:


     1       1  0  0  0  0  0  0  0  0  0  0  0  0  0  0  0  0  1
     2       1  0  0  0  0  0  0  0  0  0  0  0  0  0  0  0  0  1
     3       1  0  0  0  0  0  0  0  0  0  0  0  0  0  0  0  0  1
     4       1  0  0  0  0  0  0  0  0  0  0  0  0  0  0  0  0  1
     5       1  0  0  0  0  0  0  0  0  0  0  0  0  0  0  0  0  1
     6       1  0  0  0  0  0  0  0  0  0  0  0  0  0  0  0  0  1
     7       0  0  0  0  0  1  0  0  0  0  0  0  0  0  0  0  0  1
     8       0  0  0  0  0  0  0  0  0  0  0  0  0  0  0  0  0  1
     9       0  0  0  0  0  0  1  0  0  0  0  0  0  0  0  0  0  1
    10       0  0  0  0  0  0  0  0  0  0  0  0  0  0  0  0  0  1
    11       0  0  0  0  0  0  0  0  0  0  0  0  0  0  0  0  0  1
    12       0  0  0  0  0  0  0  0  0  0  0  0  0  0  0  0  0  1
    13       0  0  0  0  0  0  0  0  0  0  0  0  0  0  0  0  0  1
    14       0  0  0  0  0  0  0  0  0  0  0  0  0  0  0  0  0  1
    15       0  0  0  0  0  0  0  0  0  0  0  0  0  0  0  0  0  1
    16       0  0  0  0  0  0  0  0  0  0  0  0  0  0  0  0  0  1
    17       0  0  0  0  0  0  0  0  0  0  0  0  0  0  0  0  0  1
    18       0  0  0  0  0  0  0  0  0  0  0  0  0  0  0  0  0  1
    19       0  0  0  0  0  0  0  0  0  0  0  0  0  0  0  0  0  1
    20       0  0  0  0  0  0  0  0  0  0  0  0  0  0  0  0  0  1
    21       0  0  0  0  0  0  0  0  0  0  0  0  0  0  0  0  0  1
    22       0  0  0  0  0  0  0  1  0  0  0  0  0  0  0  0  0  1
    23       0  0  0  0  0  0  0  0  1  0  0  0  0  0  0  0  0  1
    24       0  1  0  0  0  0  0  0  0  0  0  0  0  0  0  0  0  1
    25       0  1  0  0  0  0  0  0  0  0  0  0  0  0  0  0  0  1
    26       0  1  0  0  0  0  0  0  0  0  0  0  0  0  0  0  0  1
    27       0  1  0  0  0  0  0  0  0  0  0  0  0  0  0  0  0  1
    28       0  1  0  0  0  0  0  0  0  0  0  0  0  0  0  0  0  1
    29       0  1  0  0  0  0  0  0  0  0  0  0  0  0  0  0  0  1
    30       0  1  0  0  0  0  0  0  0  0  0  0  0  0  0  0  0  1
    31       0  0  0  0  0  0  0  0  0  1  0  0  0  0  0  0  0  1
    32       0  0  0  0  0  0  0  0  0  0  0  0  0  0  0  0  0  1
    33       0  0  0  0  0  0  0  0  0  0  1  0  0  0  0  0  0  1
    34       0  0  0  0  0  0  0  0  0  0  0  0  0  0  0  0  0  1
    35       0  0  0  0  0  0  0  0  0  0  0  0  0  0  0  0  0  1
    36       0  0  0  0  0  0  0  0  0  0  0  0  0  0  0  0  0  1
    37       0  0  0  0  0  0  0  0  0  0  0  0  0  0  0  0  0  1
    38       0  0  0  0  0  0  0  0  0  0  0  0  0  0  0  0  0  1
    39       0  0  0  0  0  0  0  0  0  0  0  0  0  0  0  0  0  1
    40       0  0  0  0  0  0  0  0  0  0  0  0  0  0  0  0  0  1
    41       0  0  0  0  0  0  0  0  0  0  0  0  0  0  0  0  0  1
    42       0  0  0  0  0  0  0  0  0  0  0  0  0  0  0  0  0  1
    43       0  0  0  0  0  0  0  0  0  0  0  0  0  0  0  0  0  1
    44       0  0  0  0  0  0  0  0  0  0  0  0  0  0  0  0  0  1
    45       0  0  0  0  0  0  0  0  0  0  0  0  0  0  0  0  0  1
    46       0  0  0  0  0  0  0  0  0  0  0  1  0  0  0  0  0  1
    47       0  0  0  0  0  0  0  0  0  0  0  0  1  0  0  0  0  1
    48       0  0  1  0  0  0  0  0  0  0  0  0  0  0  0  0  0  1
    49       0  0  1  0  0  0  0  0  0  0  0  0  0  0  0  0  0  1
    50       0  0  1  0  0  0  0  0  0  0  0  0  0  0  0  0  0  1
    51       0  0  1  0  0  0  0  0  0  0  0  0  0  0  0  0  0  1
    52       0  0  1  0  0  0  0  0  0  0  0  0  0  0  0  0  0  1
    53       0  0  1  0  0  0  0  0  0  0  0  0  0  0  0  0  0  1
    54       0  0  0  1  0  0  0  0  0  0  0  0  0  0  0  0  0  1
    55       0  0  0  1  0  0  0  0  0  0  0  0  0  0  0  0  0  1
    56       0  0  0  1  0  0  0  0  0  0  0  0  0  0  0  0  0  1
    57       0  0  0  1  0  0  0  0  0  0  0  0  0  0  0  0  0  1
    58       0  0  0  1  0  0  0  0  0  0  0  0  0  0  0  0  0  1
    59       0  0  0  1  0  0  0  0  0  0  0  0  0  0  0  0  0  1
    60       0  0  0  0  0  0  0  0  0  0  0  0  0  1  0  0  0  1
    61       0  0  0  0  0  0  0  0  0  0  0  0  0  0  0  0  0  1
    62       0  0  0  0  0  0  0  0  0  0  0  0  0  0  1  0  0  1
    63       0  0  0  0  0  0  0  0  0  0  0  0  0  0  0  0  0  1
    64       0  0  0  0  0  0  0  0  0  0  0  0  0  0  0  0  0  1
    65       0  0  0  0  0  0  0  0  0  0  0  0  0  0  0  0  0  1
    66       0  0  0  0  0  0  0  0  0  0  0  0  0  0  0  0  0  1
    67       0  0  0  0  0  0  0  0  0  0  0  0  0  0  0  0  0  1
    68       0  0  0  0  0  0  0  0  0  0  0  0  0  0  0  0  0  1
    69       0  0  0  0  0  0  0  0  0  0  0  0  0  0  0  0  0  1
    70       0  0  0  0  0  0  0  0  0  0  0  0  0  0  0  0  0  1
    71       0  0  0  0  0  0  0  0  0  0  0  0  0  0  0  0  0  1
    72       0  0  0  0  0  0  0  0  0  0  0  0  0  0  0  0  0  1
    73       0  0  0  0  0  0  0  0  0  0  0  0  0  0  0  0  0  1
    74       0  0  0  0  0  0  0  0  0  0  0  0  0  0  0  0  0  1
    75       0  0  0  0  0  0  0  0  0  0  0  0  0  0  0  1  0  1
    76       0  0  0  0  0  0  0  0  0  0  0  0  0  0  0  0  1  1
    77       0  0  0  0  1  0  0  0  0  0  0  0  0  0  0  0  0  1
    78       0  0  0  0  1  0  0  0  0  0  0  0  0  0  0  0  0  1
    79       0  0  0  0  1  0  0  0  0  0  0  0  0  0  0  0  0  1
    80       0  0  0  0  1  0  0  0  0  0  0  0  0  0  0  0  0  1
    81       0  0  0  0  1  0  0  0  0  0  0  0  0  0  0  0  0  1
    82       0  0  0  0  1  0  0  0  0  0  0  0  0  0  0  0  0  1
    83       0  0  0  0  0  0  0  0  0  0  0  0  0  0  0  0  0  1
    84       0  0  0  0  0  0  0  0  0  0  0  0  0  0  0  0  0  1
    85       0  0  0  0  0  0  0  0  0  0  0  0  0  0  0  0  0  1
    86       0  0  0  0  0  0  0  0  0  0  0  0  0  0  0  0  0  1
    87       0  0  0  0  0  0  0  0  0  0  0  0  0  0  0  0  0  1
    88       0  0  0  0  0  0  0  0  0  0  0  0  0  0  0  0  0  1
    89       0  0  0  0  0  0  0  0  0  0  0  0  0  0  0  0  0  1
    90       0  0  0  0  0  0  0  0  0  0  0  0  0  0  0  0  0  1
    91       0  0  0  0  0  0  0  0  0  0  0  0  0  0  0  0  0  1
    92       0  0  0  0  0  0  0  0  0  0  0  0  0  0  0  0  0  1
    93       0  0  0  0  0  0  0  0  0  0  0  0  0  0  0  0  0  1
    94       0  0  0  0  0  0  0  0  0  0  0  0  0  0  0  0  0  1
    95       0  0  0  0  0  0  0  0  0  0  0  0  0  0  0  0  0  1
    96       0  0  0  0  0  0  0  0  0  0  0  0  0  0  0  0  0  1
    97       0  0  0  0  0  0  0  0  0  0  0  0  0  0  0  0  0  1
    98       0  0  0  0  0  0  0  0  0  0  0  0  0  0  0  0  0  1
    99       0  0  0  0  0  0  0  0  0  0  0  0  0  0  0  0  0  1
   100       0  0  0  0  0  0  0  0  0  0  0  0  0  0  0  0  0  1
   101       0  0  0  0  0  0  0  0  0  0  0  0  0  0  0  0  0  1
   102       0  0  0  0  0  0  0  0  0  0  0  0  0  0  0  0  0  1
   103       0  0  0  0  0  0  0  0  0  0  0  0  0  0  0  0  0  1
   104       0  0  0  0  0  0  0  0  0  0  0  0  0  0  0  0  0  1
   105       0  0  0  0  0  0  0  0  0  0  0  0  0  0  0  0  0  1
   106       0  0  0  0  0  0  0  0  0  0  0  0  0  0  0  0  0  1
   107       0  0  0  0  0  0  0  0  0  0  0  0  0  0  0  0  0  1
   108       0  0  0  0  0  0  0  0  0  0  0  0  0  0  0  0  0  1
   109       0  0  0  0  0  0  0  0  0  0  0  0  0  0  0  0  0  1
   110       0  0  0  0  0  0  0  0  0  0  0  0  0  0  0  0  0  1
   111       0  0  0  0  0  0  0  0  0  0  0  0  0  0  0  0  0  1
   112       0  0  0  0  0  0  0  0  0  0  0  0  0  0  0  0  0  1
   113       0  0  0  0  0  0  0  0  0  0  0  0  0  0  0  0  0  1

 Reading esp"s for molecule   1
 total number of atoms      =   113
 total number of esp points =  3530


 center     X       Y       Z 
    1   0.2192698E+01   0.1054424E+02  -0.4293272E+01
    2   0.7618903E+00   0.8612765E+01  -0.5817884E+01
    3   0.8684085E+00   0.8480274E+01  -0.8118960E+01
    4   0.2976757E+01   0.9706610E+01  -0.2584710E+01
    5   0.8995776E+00   0.1204217E+02  -0.3711167E+01
    6   0.3667730E+01   0.1135681E+02  -0.5465645E+01
    7  -0.7018801E+00   0.6986583E+01  -0.4460197E+01
    8  -0.7670209E+00   0.7081693E+01  -0.2547464E+01
    9  -0.2269960E+01   0.5202289E+01  -0.5782677E+01
   10  -0.3069556E+01   0.6140922E+01  -0.7441518E+01
   11  -0.7259061E+00   0.2905561E+01  -0.6721914E+01
   12  -0.1899209E+01   0.1629499E+01  -0.7836548E+01
   13   0.7406403E+00   0.3639164E+01  -0.7970254E+01
   14   0.3862865E+00   0.1501678E+01  -0.4556171E+01
   15   0.2692363E+01   0.2105238E+01  -0.3514259E+01
   16   0.3877325E+01   0.3454497E+01  -0.4145086E+01
   17   0.3066774E+01   0.6779373E+00  -0.1456775E+01
   18   0.4704908E+01   0.7609454E+00  -0.2538450E+00
   19   0.1112892E+01  -0.8278172E+00  -0.1105565E+01
   20  -0.5720730E+00  -0.3381646E+00  -0.3037083E+01
   21  -0.2347064E+01  -0.1322117E+01  -0.3215342E+01
   22  -0.4410450E+01   0.4367151E+01  -0.4053013E+01
   23  -0.4532461E+01   0.5010892E+01  -0.1837292E+01
   24  -0.6170554E+01   0.2864800E+01  -0.5125271E+01
   25  -0.8265920E+01   0.1883524E+01  -0.3705724E+01
   26  -0.8298694E+01  -0.9946308E+00  -0.3632025E+01
   27  -0.6888614E+01  -0.2297926E+01  -0.4901777E+01
   28  -0.5930820E+01   0.2260097E+01  -0.6912189E+01
   29  -0.8128995E+01   0.2631510E+01  -0.1791672E+01
   30  -0.1005940E+02   0.2530351E+01  -0.4504171E+01
   31  -0.1008479E+02  -0.1929435E+01  -0.2062848E+01
   32  -0.1126283E+02  -0.7492990E+00  -0.1128259E+01
   33  -0.1084560E+02  -0.4555598E+01  -0.2018513E+01
   34  -0.1026219E+02  -0.5423653E+01  -0.3795554E+01
   35  -0.9676036E+01  -0.5968853E+01   0.2414786E+00
   36  -0.1038697E+02  -0.5086114E+01   0.1963688E+01
   37  -0.1034473E+02  -0.7922627E+01   0.2514375E+00
   38  -0.6862963E+01  -0.5902457E+01   0.2661811E+00
   39  -0.5366425E+01  -0.7815495E+01  -0.6699287E+00
   40  -0.5984063E+01  -0.9451374E+01  -0.1415193E+01
   41  -0.2926930E+01  -0.7160975E+01  -0.3704090E+00
   42  -0.1355699E+01  -0.8336589E+01  -0.9098275E+00
   43  -0.2763346E+01  -0.4929518E+01   0.7019973E+00
   44  -0.5207813E+01  -0.4120719E+01   0.1098025E+01
   45  -0.5614954E+01  -0.2312705E+01   0.1937576E+01
   46  -0.1372038E+02  -0.4519064E+01  -0.1686722E+01
   47  -0.1463709E+02  -0.3045698E+01  -0.1670178E+00
   48  -0.1507697E+02  -0.6155425E+01  -0.3073758E+01
   49  -0.1782782E+02  -0.6159116E+01  -0.2987545E+01
   50  -0.1419878E+02  -0.7130705E+01  -0.4447300E+01
   51  -0.1842865E+02  -0.5641994E+01  -0.1093951E+01
   52  -0.1861121E+02  -0.4794318E+01  -0.4318848E+01
   53  -0.1852751E+02  -0.8036644E+01  -0.3439613E+01
   54  -0.8278529E+01   0.6612580E+01   0.3442383E+01
   55  -0.5842250E+01   0.6377498E+01   0.4904058E+01
   56  -0.5772293E+01   0.6517453E+01   0.7210452E+01
   57  -0.8060919E+01   0.6067468E+01   0.1469710E+01
   58  -0.8904961E+01   0.8572721E+01   0.3529919E+01
   59  -0.9715291E+01   0.5461010E+01   0.4359072E+01
   60  -0.3751516E+01   0.6009138E+01   0.3471593E+01
   61  -0.3917105E+01   0.5866405E+01   0.1570274E+01
   62  -0.1246546E+01   0.5789440E+01   0.4539519E+01
   63  -0.1416858E+01   0.6193316E+01   0.6553252E+01
   64  -0.1375475E+00   0.3159920E+01   0.4089042E+01
   65  -0.2570934E+00   0.2770960E+01   0.2065465E+01
   66   0.1874497E+01   0.3142327E+01   0.4570867E+01
   67  -0.1473563E+01   0.1144513E+01   0.5542387E+01
   68  -0.1218346E+01  -0.1384821E+01   0.4935257E+01
   69  -0.2525999E+01  -0.2675077E+01   0.6614381E+01
   70  -0.2695940E+01  -0.4703383E+01   0.6694299E+01
   71  -0.3635202E+01  -0.1097836E+01   0.8254873E+01
   72  -0.4702972E+01  -0.1611589E+01   0.9739933E+01
   73  -0.2999681E+01   0.1337873E+01   0.7605295E+01
   74  -0.3730121E+01   0.2964712E+01   0.8585110E+01
   75   0.4636840E+00   0.7729833E+01   0.3266490E+01
   76   0.8860491E+00   0.7611608E+01   0.9884080E+00
   77   0.1433869E+01   0.9508122E+01   0.4789318E+01
   78   0.3114746E+01   0.1149427E+02   0.3916125E+01
   79   0.9245598E+00   0.9483238E+01   0.6619944E+01
   80   0.2970205E+01   0.1161595E+02   0.1872639E+01
   81   0.2559481E+01   0.1329565E+02   0.4738977E+01
   82   0.5070135E+01   0.1109130E+02   0.4427309E+01
   83   0.5148237E+00  -0.3071079E+01   0.1927592E+01
   84   0.3211058E+01  -0.7397191E+01   0.3193849E+01
   85   0.1335457E+02  -0.5712226E+00  -0.6435964E+01
   86   0.1483177E+02   0.1839620E+01  -0.4652192E+01
   87   0.1663193E+02  -0.1687525E-01  -0.6757061E+01
   88   0.1783820E+02  -0.5013505E+01  -0.2447715E+01
   89   0.1552401E+02  -0.5598370E+01  -0.4783416E+01
   90   0.1827696E+02  -0.3860584E+01  -0.5543277E+01
   91   0.9891470E+01  -0.1858719E+01   0.4796455E+01
   92   0.1407692E+02   0.6061485E-01   0.4890906E+01
   93   0.1678650E+02   0.5123236E-01   0.1038582E+01
   94   0.1186708E+02  -0.3972703E+01  -0.5282837E+01
   95   0.7680910E+01  -0.5863863E+01  -0.5471067E+01
   96   0.4967239E+01  -0.5961288E+01  -0.1627118E+01
   97   0.7672066E+01  -0.4094636E+01   0.6694789E+00
   98   0.6825324E+01  -0.5116552E+01  -0.1545459E+01
   99   0.8361941E+01  -0.5057636E+01  -0.3718741E+01
  100   0.1070352E+02  -0.3997197E+01  -0.3610346E+01
  101   0.1165018E+02  -0.2926904E+01  -0.1343109E+01
  102   0.1411191E+02  -0.1822607E+01  -0.1236096E+01
  103   0.1492148E+02  -0.7788430E+00   0.9831526E+00
  104   0.1338363E+02  -0.7764487E+00   0.3156812E+01
  105   0.1103663E+02  -0.1836702E+01   0.3108862E+01
  106   0.1011069E+02  -0.2949023E+01   0.8536894E+00
  107   0.1576549E+02  -0.1776866E+01  -0.3365343E+01
  108   0.1687196E+02  -0.4188867E+01  -0.4073461E+01
  109   0.1508292E+02  -0.6774479E-01  -0.5400351E+01
  110   0.5608129E+01  -0.4047343E+01   0.3330022E+01
  111   0.4762504E+01  -0.1412262E+01   0.3485968E+01
  112   0.6922083E+01  -0.5109167E+01   0.5453135E+01
  113   0.3151685E+01  -0.5588729E+01   0.2588086E+01
 Initial ssvpot =    18.962


 Number of unique UNfrozen centers=   97

 Non-linear optimization requested.
 qchnge =    0.2873864100E-01
 qchnge =    0.6116492334E-02
 qchnge =    0.1603218260E-02
 qchnge =    0.6246411714E-03
 qchnge =    0.2677948634E-03
 qchnge =    0.1186152633E-03
 qchnge =    0.5337298027E-04
 qchnge =    0.2424326243E-04
 qchnge =    0.1108143835E-04
 qchnge =    0.5088241144E-05
 qchnge =    0.2344376545E-05
 qchnge =    0.1083065568E-05
 qchnge =    0.5014430587E-06

 Convergence in   12 iterations


Resp charges for organic molecule                                               

          Point Charges Before & After Optimization

    no.  At.no.    q(init)       q(opt)     ivary    d(rstr)/dq
    1   6      -0.227243      -0.209404      0       0.004309
    2   6       0.408957       0.450273      0       0.002168
    3   8      -0.470310      -0.476736      0       0.002053
    4   1       0.104447       0.078622      0       0.000000
    5   1       0.113404       0.078622      4       0.000000
    6   1       0.070744       0.078622      4       0.000000
    7   7      -0.415700      -0.415700      0       0.002339
    8   1       0.336868       0.338981      0       0.000000
    9   6       0.018800       0.018800      0       0.009828
   10   1       0.077386       0.065060      0       0.000000
   11   6      -0.082358      -0.066058      0       0.008344
   12   1       0.054112       0.079510      0       0.000000
   13   1       0.105824       0.079510     12       0.000000
   14   6      -0.012358      -0.091720      0       0.007370
   15   7      -0.158449      -0.086035      0       0.007580
   16   1       0.339363       0.315861      0       0.000000
   17   6      -0.068157      -0.085684      0       0.007594
   18   1       0.160223       0.147914      0       0.000000
   19   7       0.007253       0.029101      0       0.009602
   20   6      -0.164722      -0.099292      0       0.007096
   21   1       0.140391       0.101867      0       0.000000
   22   6       0.597300       0.597300      0       0.001651
   23   8      -0.567900      -0.567900      0       0.001734
   24   7      -0.470993      -0.435170      0       0.002240
   25   6       0.049976       0.021601      0       0.009775
   26   6       0.471581       0.486359      0       0.002014
   27   8      -0.489991      -0.488999      0       0.002004
   28   1       0.317606       0.301738      0       0.000000
   29   1       0.055883       0.057236      0       0.000000
   30   1       0.065938       0.057236     29       0.000000
   31   7      -0.415700      -0.415700      0       0.002339
   32   1       0.303928       0.312926      0       0.000000
   33   6       0.018800       0.018800      0       0.009828
   34   1       0.088413       0.101360      0       0.000000
   35   6       0.223611       0.105552      0       0.006877
   36   1       0.050098       0.064188      0       0.000000
   37   1       0.009416       0.064188     36       0.000000
   38   6      -0.292524      -0.273128      0       0.003438
   39   7      -0.098510      -0.102352      0       0.006988
   40   1       0.313614       0.307806      0       0.000000
   41   6      -0.046256      -0.034775      0       0.009445
   42   1       0.159274       0.154499      0       0.000000
   43   7       0.029660       0.010890      0       0.009941
   44   6      -0.073730      -0.023260      0       0.009740
   45   1       0.105775       0.093464      0       0.000000
   46   6       0.597300       0.597300      0       0.001651
   47   8      -0.567900      -0.567900      0       0.001734
   48   7      -0.619905      -0.578417      0       0.001704
   49   6       0.120336       0.048984      0       0.008980
   50   1       0.325526       0.300783      0       0.000000
   51   1       0.073316       0.076216      0       0.000000
   52   1       0.051494       0.076216     51       0.000000
   53   1       0.049233       0.076216     51       0.000000
   54   6      -0.363495      -0.329360      0       0.002905
   55   6       0.575914       0.531779      0       0.001848
   56   8      -0.542320      -0.516222      0       0.001902
   57   1       0.087508       0.104601      0       0.000000
   58   1       0.134581       0.104601     57       0.000000
   59   1       0.107812       0.104601     57       0.000000
   60   7      -0.415700      -0.415700      0       0.002339
   61   1       0.286947       0.308193      0       0.000000
   62   6      -0.058100      -0.058100      0       0.008647
   63   1       0.123998       0.140818      0       0.000000
   64   6      -0.052632      -0.006851      0       0.009977
   65   1       0.125981       0.082039      0       0.000000
   66   1       0.082192       0.082039     65       0.000000
   67   6      -0.086335      -0.105188      0       0.006890
   68   7       0.099218       0.108188      0       0.006788
   69   6      -0.065691      -0.062968      0       0.008462
   70   1       0.153301       0.143225      0       0.000000
   71   7      -0.174573      -0.139373      0       0.005830
   72   1       0.336066       0.328497      0       0.000000
   73   6      -0.123855      -0.141334      0       0.005776
   74   1       0.172790       0.159911      0       0.000000
   75   6       0.597300       0.597300      0       0.001651
   76   8      -0.567900      -0.567900      0       0.001734
   77   7      -0.566560      -0.608460      0       0.001622
   78   6       0.231353       0.162935      0       0.005231
   79   1       0.313678       0.337110      0       0.000000
   80   1      -0.035542       0.036138      0       0.000000
   81   1       0.037143       0.036138     80       0.000000
   82   1       0.019928       0.036138     80       0.000000
   83  30       0.166463       0.085717      0       0.007592
   84   1       0.283429       0.242614      0       0.000000
   85   1       0.019441       0.064800      0       0.000000
   86   1       0.062452       0.064800     85       0.000000
   87   1       0.093274       0.064800     85       0.000000
   88   1       0.074769       0.068595      0       0.000000
   89   1       0.035599       0.068595     88       0.000000
   90   1       0.079934       0.068595     88       0.000000
   91   1       0.162482       0.152493      0       0.000000
   92   1       0.147879       0.142431      0       0.000000
   93   1       0.100638       0.086350      0       0.000000
   94   1       0.190356       0.134028      0       0.000000
   95   1       0.140982       0.148027      0       0.000000
   96   1       0.071048       0.050530      0       0.000000
   97   6      -0.042834       0.011348      0       0.009936
   98   6      -0.029349      -0.029573      0       0.009589
   99   6      -0.196855      -0.190739      0       0.004644
  100   6      -0.203398      -0.178130      0       0.004895
  101   6       0.136880       0.086902      0       0.007548
  102   6       0.082749       0.013065      0       0.009916
  103   6      -0.053444      -0.036688      0       0.009388
  104   6      -0.172148      -0.151592      0       0.005507
  105   6      -0.171336      -0.164944      0       0.005184
  106   6       0.011784       0.040029      0       0.009284
  107   7      -0.304279      -0.187105      0       0.004714
  108   6      -0.082294      -0.102698      0       0.006976
  109   6      -0.085268      -0.116711      0       0.006506
  110  16       0.706162       0.468912      0       0.002086
  111   8      -0.458710      -0.387940      0       0.002496
  112   8      -0.435918      -0.381706      0       0.002534
  113   7      -0.536644      -0.362979      0       0.002656

 Sum over the calculated charges:      1.000

        Statistics of the fitting:
  The initial sum of squares (ssvpot)                     18.962
  The residual sum of squares (chipot)                     0.018
  The std err of estimate (sqrt(chipot/N))               0.00228
  ESP relative RMS (SQRT(chipot/ssvpot))                 0.03117

 Center of Mass (Angst.):

 X  =   0.00000      Y  =   0.00000      Z  =   0.00000

 Dipole (Debye):

 X  = -13.27541      Y  =  -6.64397      Z  =  -1.87502

 Dipole Moment (Debye)=  14.96311

 Quadrupole (Debye*Angst.):

 Qxx = 117.08262     QYY =  17.16973     QZZ =-134.25235
 Qxy = -58.37021     QXZ =-237.33069     QYZ =-180.12500
