
**********************************************************************
*                                                                    *
*                        M   A   P   L   E                           *
*                                                                    *
*      MAchine-learning Potential for Landscape Exploration          *
*                                                                    *
*                                                                    *
*      © 2025 University of Pittsburgh. All rights reserved.         *
*      Licensed under CC BY 4.0 for academic use.                    *
*                                                                    *
*      Principal Developer:  Xujian Wang                             *
*                                                                    *
**********************************************************************


Parsing # commands...
Global parameter: model = ANI-1xnr
Task set to 'ts'
Global parameter: device = gpu0
Parsed configuration:
----------------------------------------
Task: ts
model          : ani1xnr
method         : neb
refine         : nebts
device         : gpu0

                             Coordinates                              
**********************************************************************

======================================================================
NEB Initialization
======================================================================
Input images:    2
Required images: 12 (including endpoints)

Aligning input images to reactant reference...
Product aligned to reactant. RMSD: 0.898270 Angstrom
Input alignment completed.

Need to insert 10 additional image(s).
Analyzing distances to determine optimal insertion points...

Distances between consecutive input images:
  Image 0 -> 1: 2.3766 Angstrom

Insertion plan:
  Insert 10 image(s) between image 0 and 1

Total images after insertion: 12

Applying IDPP smoothing to interpolated images...
IDPP smoothing completed.

Performing final Kabsch alignment of all images to reactant...
Final alignment completed.

Properties of fixed NEB end points:
               Reactant:
                         E               ....   -29.679614 Eh
                         RMS(F)          ....    0.019958 Eh/Angstrom
                         MAX(|F|)        ....    0.038337 Eh/Angstrom
               Product:
                         E               ....   -29.709697 Eh
                         RMS(F)          ....    0.016525 Eh/Angstrom
                         MAX(|F|)        ....    0.032252 Eh/Angstrom

Reactant XYZ (Angstrom):
C        0.826066       0.550860      -0.126179
H        0.455445       1.241751      -0.878432
O        0.568075       1.024651       1.118743
C        1.441110      -0.587360      -0.436361
H        0.909909       0.393232       1.766632
H        1.591683      -0.859293      -1.474189
H        1.808953      -1.273475       0.323724

Product XYZ (Angstrom):
C        0.784037       0.865659      -0.037116
H        0.980929       1.340390      -1.023124
O        0.187580       1.468124       0.822343
C        1.310077      -0.535901       0.115373
H        1.063949      -0.923634       1.105994
H        0.877931      -1.181692      -0.658284
H        2.396738      -0.542577      -0.031247


Performing Kabsch alignment of all images...
Alignment completed.

Starting NEB iterations with ORCA-style dynamic spring constants:
k_min = 0.0300, k_max = 0.3000, k_decay = 0.5000
Optim.  Iteration  HEI  E(HEI)-E(0)  max(|Fp|)   RMS(Fp)   k(HEI)
Convergence thresholds          0.009500    0.005000
Initial    0      5   0.105236    0.130819   0.042307   0.1362
   LBFGS    1      5   0.104724    0.127712   0.041719   0.1362
   LBFGS    2      5   0.098679    0.101718   0.036327   0.1362
   LBFGS    3      5   0.093354    0.089403   0.031247   0.1362
   LBFGS    4      5   0.088762    0.067296   0.025790   0.1362
   LBFGS    5      5   0.085286    0.053811   0.020364   0.1362
   LBFGS    6      5   0.082654    0.043585   0.016107   0.1362
   LBFGS    7      5   0.080573    0.037722   0.012447   0.1362
   LBFGS    8      5   0.078734    0.024067   0.008754   0.1362
   LBFGS    9      5   0.076912    0.021963   0.007277   0.1362
   LBFGS   10      5   0.075560    0.022134   0.006027   0.1362
   LBFGS   11      5   0.074467    0.012263   0.004974   0.1362
   LBFGS   12      5   0.073422    0.021302   0.005752   0.1362
   LBFGS   13      5   0.072557    0.015755   0.005635   0.1362
   LBFGS   14      5   0.071723    0.016383   0.005770   0.1362
   LBFGS   15      5   0.070902    0.014560   0.005802   0.1362
   LBFGS   16      5   0.070137    0.014287   0.005113   0.1362
   LBFGS   17      5   0.069462    0.012557   0.004410   0.1362
   LBFGS   18      5   0.068906    0.009140   0.003038   0.1362

NEB optimization converged after 18 iterations.

---------------------------------------------------------------
                         PATH SUMMARY              
---------------------------------------------------------------
All forces in Eh/Angstrom.

Image Dist.(Ang.)    E(Eh)   dE(kcal/mol)  max(|Fp|)  RMS(Fp)
  0     0.000     -29.67961        0.00     0.00000    0.00000
  1     0.565     -29.67802        1.00     0.00486    0.00383
  2     0.469     -29.66928        6.48     0.00930    0.00577
  3     0.400     -29.65546       15.16     0.01052    0.00734
  4     0.335     -29.63055       30.79     0.00969    0.00590
  5     0.203     -29.61071       43.24     0.00790    0.00455 <= HEI
  6     0.200     -29.61234       42.22     0.00659    0.00413
  7     0.231     -29.64843       19.57     0.00876    0.00554
  8     0.297     -29.68926       -6.05     0.00866    0.00598
  9     0.348     -29.70735      -17.40     0.00629    0.00428
 10     0.353     -29.70984      -18.96     0.00593    0.00423
 11     0.280     -29.70970      -18.88     0.00000    0.00000

Straight line distance between images along the path:
        D( 0- 1) =  0.5649 Ang.
        D( 1- 2) =  0.4687 Ang.
        D( 2- 3) =  0.3999 Ang.
        D( 3- 4) =  0.3350 Ang.
        D( 4- 5) =  0.2026 Ang.
        D( 5- 6) =  0.1999 Ang.
        D( 6- 7) =  0.2310 Ang.
        D( 7- 8) =  0.2974 Ang.
        D( 8- 9) =  0.3479 Ang.
        D( 9-10) =  0.3527 Ang.
        D(10-11) =  0.2803 Ang.

---------------------------------------------------------------
           INFORMATION ABOUT HIGHEST ENERGY IMAGE
---------------------------------------------------------------
Highest energy image                      ....  5
Energy                                    ....  -29.61070809 Eh
Max. abs. force                           ....   7.8963e-03 Eh/Angstrom

-----------------------------------------
  HIGHEST ENERGY IMAGE (ANGSTROEM)
-----------------------------------------
C        0.891133       0.780897      -0.188206
H        0.754252       1.587593      -0.922245
O        0.558400       0.953324       1.114830
C        1.343612      -0.564935      -0.216213
H        0.781612      -0.169457       1.109397
H        0.957146      -1.343482      -0.874012
H        2.315087      -0.753573       0.270389

Wrote MEP to: /home/user/software/MAPLE/example/ts/neb/inp1_mep.xyz
Wrote HEI to: /home/user/software/MAPLE/example/ts/neb/inp1_hei.xyz
Wrote trajectory to: /home/user/software/MAPLE/example/ts/neb/inp1_image_traj.xyz

Starting CINEB refinement:
Optim.  Iteration  CI   E(CI)-E(0)   max(|Fp|)   RMS(Fp)   max(|FCI|)   RMS(|FCI|)
Convergence thresholds regular:  0.009500/ 0.005000,  CI:  0.010000/ 0.010000
   LBFGS    0      5   0.069000    0.030739   0.007810   0.063909   0.031103
   LBFGS    1      5   0.069638    0.027872   0.007397   0.058812   0.028771
   LBFGS    2      5   0.070150    0.025417   0.006877   0.053901   0.026423
   LBFGS    3      5   0.070631    0.023480   0.006415   0.048723   0.023888
   LBFGS    4      5   0.071096    0.021411   0.005900   0.042940   0.021153
   LBFGS    5      5   0.071421    0.019438   0.005415   0.038362   0.018804
   LBFGS    6      5   0.071663    0.018234   0.005020   0.034185   0.016740
   LBFGS    7      5   0.071835    0.017035   0.004692   0.030800   0.015102
   LBFGS    8      5   0.071963    0.015821   0.004372   0.028064   0.013654
   LBFGS    9      5   0.072066    0.015017   0.004107   0.025479   0.012419
   LBFGS   10      5   0.072149    0.013975   0.003845   0.023003   0.011188
   LBFGS   11      5   0.072211    0.013028   0.003578   0.020766   0.010026
   LBFGS   12      5   0.072260    0.012244   0.003361   0.018572   0.009030
   LBFGS   13      5   0.072296    0.011504   0.003133   0.016679   0.008058
   LBFGS   14      5   0.072323    0.010665   0.002925   0.014945   0.007178
   LBFGS   15      5   0.072344    0.009899   0.002714   0.013276   0.006410
   LBFGS   16      5   0.072359    0.009269   0.002544   0.011747   0.005612

CINEB converged after 17 iterations.

---------------------------------------------------------------
               INFORMATION ABOUT SADDLE POINT     
---------------------------------------------------------------
Climbing image                            ....  5
Energy                                    ....  -29.60725520 Eh
Max. abs. force                           ....   1.1747e-02 Eh/Angstrom

-----------------------------------------
  SADDLE POINT (ANGSTROEM)
-----------------------------------------
C        0.895774       0.789533      -0.179569
H        0.756587       1.585820      -0.923881
O        0.554861       0.977683       1.112571
C        1.333426      -0.566224      -0.195085
H        0.795764      -0.213650       1.071224
H        0.951198      -1.345004      -0.862944
H        2.313631      -0.737791       0.271622

Starting Transition State Search (TS) with RS-PRFO...
Trust radius adaptation: eta_shrink=0.75, eta_expand=1.75
Convergence thresholds: f_max=0.002850, f_rms=0.001900, dp_max=0.003150, dp_rms=0.002100

----------------------------------------------------------------------
                             Iteration: 1                             


                             Coordinates                              
----------------------------------------------------------------------
0    C                0.8937               0.7847              -0.1760
1    H                0.7394               1.5702              -0.9284
2    O                0.5570               0.9840               1.1143
3    C                1.3318              -0.5681              -0.1979
4    H                0.7922              -0.2323               1.0646
5    H                1.0012              -1.3286              -0.9206
6    H                2.2959              -0.7395               0.3020


Energy:                  -29.607342 Convergence criteria  Is converged 
Maximum Force:             0.002642     0.002850                Yes
RMS Force:                 0.001094     0.001900                Yes
Maximum Displacement:      0.057665     0.003150                No
RMS Displacement:          0.020004     0.002100                No

Model change: -1.152737e-04  Actual change: -8.676946e-05  rho: 0.753
Trust radius (MW):  0.100000  Step norm (MW):  0.098850  On boundary: False

----------------------------------------------------------------------
                             Iteration: 2                             


                             Coordinates                              
----------------------------------------------------------------------
0    C                0.8946               0.7897              -0.1867
1    H                0.7390               1.5688              -0.9451
2    O                0.5618               0.9996               1.1022
3    C                1.3288              -0.5645              -0.2035
4    H                0.7871              -0.2211               1.0578
5    H                0.9993              -1.3229              -0.9251
6    H                2.2914              -0.7395               0.2971


Energy:                  -29.607351 Convergence criteria  Is converged 
Maximum Force:             0.000099     0.002850                Yes
RMS Force:                 0.000037     0.001900                Yes
Maximum Displacement:      0.016702     0.003150                No
RMS Displacement:          0.007518     0.002100                No

Model change: -9.383400e-06  Actual change: -9.477139e-06  rho: 1.010
Trust radius (MW):  0.100000  Step norm (MW):  0.097479  On boundary: False

----------------------------------------------------------------------
                             Iteration: 3                             


                             Coordinates                              
----------------------------------------------------------------------
0    C                0.8946               0.7897              -0.1867
1    H                0.7391               1.5688              -0.9452
2    O                0.5618               0.9996               1.1021
3    C                1.3288              -0.5645              -0.2036
4    H                0.7870              -0.2210               1.0577
5    H                0.9993              -1.3228              -0.9253
6    H                2.2913              -0.7396               0.2972


Energy:                  -29.607351 Convergence criteria  Is converged 
Maximum Force:             0.000000     0.002850                Yes
RMS Force:                 0.000000     0.001900                Yes
Maximum Displacement:      0.000216     0.003150                Yes
RMS Displacement:          0.000078     0.002100                Yes

Model change: -7.858596e-09  Actual change: -1.490116e-08  rho: 1.896
Trust radius (MW):  0.100000  Step norm (MW):  0.000567  On boundary: False


----------------------------------------------------------------------
                          Normal Termination                          


---------------------------------------------------------------
                      PATH SUMMARY FOR NEB-TS             
---------------------------------------------------------------
All forces in Eh/Angstrom. Global forces for TS.

Image     E(Eh)   dE(kcal/mol)  max(|Fp|)  RMS(Fp)
   0    -29.67961        0.00     0.03834    0.01996
   1    -29.67891        0.44     0.00495    0.00317
   2    -29.67222        4.64     0.01521    0.00885
   3    -29.65991       12.36     0.02942    0.01560
   4    -29.63614       27.28     0.07851    0.03623
   5    -29.60726       45.41     0.01175    0.00561 <= CI
  TS    -29.60735       45.35     0.00000    0.00000 <= TS
   7    -29.62138       36.54     0.10529    0.05268
   8    -29.66356       10.07     0.12138    0.06027
   9    -29.69464       -9.43     0.05418    0.02709
  10    -29.70807      -17.85     0.01481    0.00844
  11    -29.70997      -19.05     0.00262    0.00172
  12    -29.70970      -18.88     0.03225    0.01652

-----------------------------------------
  REFINED TS STRUCTURE (ANGSTROEM)
-----------------------------------------
C        0.894611       0.789747      -0.186656
H        0.739102       1.568772      -0.945152
O        0.561827       0.999592       1.102131
C        1.328796      -0.564473      -0.203571
H        0.786972      -0.221036       1.057685
H        0.999347      -1.322786      -0.925308
H        2.291271      -0.739552       0.297210

Wrote NEB-TS MEP to: /home/user/software/MAPLE/example/ts/neb/inp1_nebts_mep.xyz
Wrote TS structure to: /home/user/software/MAPLE/example/ts/neb/inp1_nebts_ts.xyz



Program started: 2026-02-02 22:51:02

======================================================================
                      TIMING SUMMARY
======================================================================
Input Reading.......................................   0.137 s  (   0.8 %)
  Settings Parsing....................................   0.136 s  (  99.3 %)
  Coordinate Section Parsing..........................   0.000 s  (   0.3 %)
  Post-Processing Expansion...........................   0.000 s  (   0.0 %)
MLP Initialization..................................   0.201 s  (   1.2 %)
Job Dispatching.....................................  16.358 s  (  98.0 %)
  Transition State Optimization.......................  16.356 s  ( 100.0 %)
======================================================================
Total wall time: 16.696 s
Total CPU time: 16.765 s
======================================================================

Program ended: 2026-02-02 22:51:18
TOTAL RUN TIME: 0 days 0 hours 0 minutes 16 seconds 695 msec
