
**********************************************************************
*                                                                    *
*                        M   A   P   L   E                           *
*                                                                    *
*      MAchine-learning Potential for Landscape Exploration          *
*                                                                    *
*                                                                    *
*      © 2025 University of Pittsburgh. All rights reserved.         *
*      Licensed under CC BY 4.0 for academic use.                    *
*                                                                    *
*      Principal Developer:  Xujian Wang                             *
*                                                                    *
**********************************************************************


Parsing # commands...
Global parameter: model = aimnet2
Task set to 'ts'
Global parameter: device = gpu0
Parsed configuration:
----------------------------------------
Task: ts
model          : aimnet2
method         : neb
refine         : nebts
device         : gpu0

                             Coordinates                              
**********************************************************************

======================================================================
NEB Initialization
======================================================================
Input images:    2
Required images: 12 (including endpoints)
Need to insert 10 additional images.
Analyzing distances to determine optimal insertion points...

Distances between input images:
  Image 0 -> 1: 2.4898 Angstrom

Insertion plan:
  Insert 10 image(s) between image 0 and 1

Total images after insertion: 12

Applying IDPP smoothing to interpolated images...

Performing Kabsch alignment of all images to reactant...
Alignment completed.

Properties of fixed NEB end points:
               Reactant:
                         E               ....   -153.915450 Eh
                         RMS(F)          ....    0.009311 Eh/Angstrom
                         MAX(|F|)        ....    0.011947 Eh/Angstrom
               Product:
                         E               ....   -153.931224 Eh
                         RMS(F)          ....    0.010101 Eh/Angstrom
                         MAX(|F|)        ....    0.018158 Eh/Angstrom

Reactant XYZ (Angstrom):
C        0.826066       0.550860      -0.126179
H        0.455445       1.241751      -0.878432
O        0.568075       1.024651       1.118743
C        1.441110      -0.587360      -0.436361
H        0.909909       0.393232       1.766632
H        1.591683      -0.859293      -1.474189
H        1.808953      -1.273475       0.323724

Product XYZ (Angstrom):
C        0.964601       0.915184       0.079478
H        1.213995       1.461369      -0.856381
O        0.558938       1.513833       1.046148
C        1.173339      -0.574112       0.026877
H        0.895519      -1.026143       0.981199
H        0.571803      -1.005747      -0.781942
H        2.223047      -0.794017      -0.201441


Performing Kabsch alignment of all images...
Alignment completed.

Starting NEB iterations with ORCA-style dynamic spring constants:
k_min = 0.0300, k_max = 0.3000, k_decay = 0.5000
Optim.  Iteration  HEI  E(HEI)-E(0)  max(|Fp|)   RMS(Fp)   k(HEI)
Convergence thresholds          0.020000    0.010000
   LBFGS    0      5   0.136177    0.178076   0.052049   0.1362
   LBFGS    1      5   0.129152    0.153236   0.045455   0.1362
   LBFGS    2      5   0.123101    0.130885   0.038732   0.1362
   LBFGS    3      5   0.117715    0.110234   0.033313   0.1362
   LBFGS    4      5   0.113365    0.094993   0.027415   0.1362
   LBFGS    5      5   0.109652    0.074921   0.022084   0.1362
   LBFGS    6      5   0.106674    0.062342   0.018010   0.1362
   LBFGS    7      5   0.104474    0.043800   0.013398   0.1362
   LBFGS    8      5   0.102703    0.030651   0.009729   0.1362
   LBFGS    9      5   0.101725    0.039955   0.008017   0.1362
   LBFGS   10      5   0.101085    0.021268   0.004928   0.1362
   LBFGS   11      5   0.100737    0.019409   0.005061   0.1362

NEB optimization converged after 12 iterations.

---------------------------------------------------------------
                         PATH SUMMARY              
---------------------------------------------------------------
All forces in Eh/Angstrom.

Image Dist.(Ang.)    E(Eh)   dE(kcal/mol)  max(|Fp|)  RMS(Fp)
  0     0.000    -153.91545        0.00     0.00000    0.00000
  1     0.568    -153.90766        4.89     0.00656    0.00495
  2     0.355    -153.88769       17.42     0.00868    0.00676
  3     0.325    -153.84762       42.57     0.01073    0.00668
  4     0.215    -153.81738       61.54     0.00969    0.00713
  5     0.103    -153.81471       63.21     0.00813    0.00632 <= HEI
  6     0.111    -153.83135       52.77     0.02127    0.01275
  7     0.274    -153.88358       20.00     0.02160    0.01227
  8     0.282    -153.91579       -0.21     0.01725    0.01108
  9     0.304    -153.92762       -7.64     0.01811    0.00947
 10     0.321    -153.93120       -9.89     0.00985    0.00611
 11     0.798    -153.93122       -9.90     0.00000    0.00000

Straight line distance between images along the path:
        D( 0- 1) =  0.5676 Ang.
        D( 1- 2) =  0.3553 Ang.
        D( 2- 3) =  0.3249 Ang.
        D( 3- 4) =  0.2148 Ang.
        D( 4- 5) =  0.1031 Ang.
        D( 5- 6) =  0.1113 Ang.
        D( 6- 7) =  0.2739 Ang.
        D( 7- 8) =  0.2818 Ang.
        D( 8- 9) =  0.3036 Ang.
        D( 9-10) =  0.3209 Ang.
        D(10-11) =  0.7984 Ang.

---------------------------------------------------------------
           INFORMATION ABOUT HIGHEST ENERGY IMAGE
---------------------------------------------------------------
Highest energy image                      ....  5
Energy                                    ....  -153.81471258 Eh
Max. abs. force                           ....   8.1337e-03 Eh/Angstrom

-----------------------------------------
  HIGHEST ENERGY IMAGE (ANGSTROEM)
-----------------------------------------
C        0.879772       0.762020      -0.086980
H        0.684077       1.391400      -0.959985
O        0.595075       1.145792       1.084310
C        1.311826      -0.597997      -0.115333
H        0.739596      -0.228108       1.191139
H        1.080362      -1.107184      -1.047290
H        2.310535      -0.875557       0.228079

Wrote MEP to: /home/user/software/maple/example/ts/neb/inp2_mep.xyz
Wrote HEI to: /home/user/software/maple/example/ts/neb/inp2_hei.xyz
Wrote trajectory to: /home/user/software/maple/example/ts/neb/inp2_image_traj.xyz

Starting CINEB refinement:
Optim.  Iteration  CI   E(CI)-E(0)   max(|Fp|)   RMS(Fp)   max(|FCI|)   RMS(|FCI|)
Convergence thresholds regular:  0.020000/ 0.010000,  CI:  0.003000/ 0.002000
   LBFGS    0      5   0.100771    0.068803   0.013165   0.041719   0.020132
   LBFGS    1      5   0.100894    0.067773   0.012822   0.037389   0.018030
   LBFGS    2      5   0.100924    0.066492   0.012562   0.035882   0.017282
   LBFGS    3      5   0.100951    0.065437   0.012344   0.034260   0.016496
   LBFGS    4      5   0.100976    0.064134   0.012124   0.032934   0.015849
   LBFGS    5      5   0.100992    0.063101   0.011906   0.031723   0.015253
   LBFGS    6      5   0.101008    0.062151   0.011719   0.030448   0.014641
   LBFGS    7      5   0.101021    0.061153   0.011525   0.029444   0.014154
   LBFGS    8      5   0.101030    0.060552   0.011354   0.028338   0.013615
   LBFGS    9      5   0.101040    0.059588   0.011187   0.027334   0.013142
   LBFGS   10      5   0.101045    0.059321   0.011024   0.026386   0.012676
   LBFGS   11      5   0.101051    0.058446   0.010880   0.025355   0.012188
   LBFGS   12      5   0.101055    0.058282   0.010727   0.024517   0.011792
   LBFGS   13      5   0.101057    0.057854   0.010603   0.023596   0.011347
   LBFGS   14      5   0.101059    0.057502   0.010482   0.022842   0.011000
   LBFGS   15      5   0.101059    0.057541   0.010376   0.022058   0.010624
   LBFGS   16      5   0.101058    0.057116   0.010281   0.021365   0.010300
   LBFGS   17      5   0.101057    0.057198   0.010193   0.020690   0.009986
   LBFGS   18      5   0.101055    0.057066   0.010113   0.020054   0.009688
   LBFGS   19      5   0.101052    0.057070   0.010040   0.019444   0.009405
   LBFGS   20      5   0.101049    0.057086   0.009972   0.018856   0.009134
   LBFGS   21      5   0.101046    0.057129   0.009909   0.018288   0.008872
   LBFGS   22      5   0.101042    0.057202   0.009851   0.017735   0.008619
   LBFGS   23      5   0.101038    0.057302   0.009797   0.017192   0.008372
   LBFGS   24      5   0.101034    0.057426   0.009746   0.016659   0.008130
   LBFGS   25      5   0.101030    0.057586   0.009699   0.016132   0.007893
   LBFGS   26      5   0.101025    0.057784   0.009656   0.015610   0.007659
   LBFGS   27      5   0.101020    0.058024   0.009617   0.015091   0.007429
   LBFGS   28      5   0.101015    0.057981   0.009581   0.014571   0.007200
   LBFGS   29      5   0.101010    0.057685   0.009548   0.014055   0.006974
   LBFGS   30      5   0.101015    0.057994   0.009580   0.014578   0.007203
   LBFGS   31      5   0.101020    0.058062   0.009614   0.015113   0.007439
   LBFGS   32      5   0.101024    0.057829   0.009651   0.015652   0.007680
   LBFGS   33      5   0.101020    0.058060   0.009614   0.015114   0.007440
   LBFGS   34      5   0.101015    0.057980   0.009581   0.014579   0.007203
   LBFGS   35      5   0.101020    0.058065   0.009614   0.015119   0.007442
   LBFGS   36      5   0.101024    0.057845   0.009651   0.015668   0.007687
   LBFGS   37      5   0.101028    0.057639   0.009691   0.016219   0.007936
   LBFGS   38      5   0.101032    0.057431   0.009734   0.016775   0.008188
   LBFGS   39      5   0.101035    0.057205   0.009781   0.017340   0.008446
   LBFGS   40      5   0.101038    0.056916   0.009834   0.017921   0.008714
   LBFGS   41      5   0.101041    0.056534   0.009893   0.018520   0.008992
   LBFGS   42      5   0.101044    0.056071   0.009960   0.019135   0.009279
   LBFGS   43      5   0.101046    0.055555   0.010034   0.019761   0.009573
   LBFGS   44      5   0.101048    0.055017   0.010117   0.020393   0.009872
   LBFGS   45      5   0.101049    0.054476   0.010205   0.021027   0.010173
   LBFGS   46      5   0.101048    0.055020   0.010116   0.020392   0.009871
   LBFGS   47      5   0.101046    0.055568   0.010033   0.019756   0.009570
   LBFGS   48      5   0.101044    0.056139   0.009956   0.019116   0.009269
   LBFGS   49      5   0.101042    0.056725   0.009886   0.018468   0.008966
   LBFGS   50      5   0.101040    0.057336   0.009824   0.017807   0.008660
   LBFGS   51      5   0.101037    0.057978   0.009768   0.017137   0.008353
   LBFGS   52      5   0.101035    0.058641   0.009721   0.016458   0.008045
   LBFGS   53      5   0.101032    0.059339   0.009681   0.015774   0.007738
   LBFGS   54      5   0.101028    0.060056   0.009650   0.015117   0.007447
   LBFGS   55      5   0.101024    0.060800   0.009627   0.014475   0.007167
   LBFGS   56      5   0.101020    0.061350   0.009611   0.013848   0.006898
   LBFGS   57      5   0.101016    0.061598   0.009604   0.013231   0.006638
   LBFGS   58      5   0.101020    0.061312   0.009610   0.013852   0.006899
   LBFGS   59      5   0.101024    0.060686   0.009624   0.014480   0.007169
   LBFGS   60      5   0.101020    0.061332   0.009611   0.013854   0.006900
   LBFGS   61      5   0.101016    0.061673   0.009606   0.013233   0.006639
   LBFGS   62      5   0.101020    0.061322   0.009611   0.013855   0.006900
   LBFGS   63      5   0.101024    0.060647   0.009623   0.014481   0.007169
   LBFGS   64      5   0.101020    0.061333   0.009611   0.013857   0.006901
   LBFGS   65      5   0.101016    0.061706   0.009608   0.013239   0.006642
   LBFGS   66      5   0.101020    0.061329   0.009611   0.013859   0.006902
   LBFGS   67      5   0.101024    0.060626   0.009623   0.014483   0.007170
   LBFGS   68      5   0.101020    0.061336   0.009611   0.013860   0.006903
   LBFGS   69      5   0.101016    0.061731   0.009609   0.013241   0.006642
   LBFGS   70      5   0.101020    0.061333   0.009611   0.013860   0.006903
   LBFGS   71      5   0.101024    0.060614   0.009622   0.014484   0.007170
   LBFGS   72      5   0.101020    0.061339   0.009612   0.013860   0.006903
   LBFGS   73      5   0.101016    0.061752   0.009610   0.013241   0.006642
   LBFGS   74      5   0.101020    0.061337   0.009612   0.013860   0.006903
   LBFGS   75      5   0.101024    0.060599   0.009622   0.014484   0.007170
   LBFGS   76      5   0.101020    0.061343   0.009612   0.013860   0.006903
   LBFGS   77      5   0.101016    0.061774   0.009610   0.013240   0.006642
   LBFGS   78      5   0.101020    0.061340   0.009612   0.013860   0.006903
   LBFGS   79      5   0.101024    0.060588   0.009622   0.014484   0.007170
   LBFGS   80      5   0.101020    0.061345   0.009612   0.013860   0.006903
   LBFGS   81      5   0.101016    0.061790   0.009611   0.013240   0.006642
   LBFGS   82      5   0.101020    0.061345   0.009612   0.013860   0.006903
   LBFGS   83      5   0.101024    0.060578   0.009621   0.014483   0.007170
   LBFGS   84      5   0.101020    0.061346   0.009612   0.013860   0.006902
   LBFGS   85      5   0.101016    0.061798   0.009611   0.013240   0.006642
   LBFGS   86      5   0.101020    0.061342   0.009612   0.013861   0.006903
   LBFGS   87      5   0.101024    0.060566   0.009621   0.014486   0.007171
   LBFGS   88      5   0.101020    0.061344   0.009612   0.013861   0.006903
   LBFGS   89      5   0.101016    0.061807   0.009612   0.013240   0.006642
   LBFGS   90      5   0.101020    0.061339   0.009611   0.013862   0.006903
   LBFGS   91      5   0.101024    0.060551   0.009620   0.014489   0.007172
   LBFGS   92      5   0.101020    0.061340   0.009612   0.013862   0.006903
   LBFGS   93      5   0.101016    0.061815   0.009612   0.013239   0.006642
   LBFGS   94      5   0.101020    0.061337   0.009611   0.013863   0.006904
   LBFGS   95      5   0.101024    0.060540   0.009620   0.014491   0.007173
   LBFGS   96      5   0.101020    0.061338   0.009611   0.013863   0.006904
   LBFGS   97      5   0.101016    0.061821   0.009612   0.013238   0.006642
   LBFGS   98      5   0.101020    0.061335   0.009611   0.013863   0.006904
   LBFGS   99      5   0.101024    0.060530   0.009620   0.014492   0.007174
   LBFGS  100      5   0.101020    0.061335   0.009611   0.013863   0.006904
   LBFGS  101      5   0.101016    0.061826   0.009612   0.013238   0.006642
   LBFGS  102      5   0.101020    0.061334   0.009611   0.013863   0.006904
   LBFGS  103      5   0.101024    0.060526   0.009620   0.014493   0.007174
   LBFGS  104      5   0.101020    0.061335   0.009611   0.013863   0.006904
   LBFGS  105      5   0.101016    0.061829   0.009612   0.013238   0.006641
   LBFGS  106      5   0.101020    0.061334   0.009611   0.013863   0.006904
   LBFGS  107      5   0.101024    0.060524   0.009620   0.014494   0.007174
   LBFGS  108      5   0.101020    0.061334   0.009611   0.013863   0.006904
   LBFGS  109      5   0.101016    0.061832   0.009613   0.013237   0.006641
   LBFGS  110      5   0.101020    0.061333   0.009611   0.013864   0.006904
   LBFGS  111      5   0.101024    0.060520   0.009620   0.014494   0.007174
   LBFGS  112      5   0.101020    0.061334   0.009611   0.013864   0.006904
   LBFGS  113      5   0.101016    0.061834   0.009613   0.013237   0.006641
   LBFGS  114      5   0.101020    0.061333   0.009611   0.013864   0.006904
   LBFGS  115      5   0.101024    0.060519   0.009619   0.014495   0.007175
   LBFGS  116      5   0.101020    0.061333   0.009611   0.013864   0.006904
   LBFGS  117      5   0.101016    0.061836   0.009613   0.013237   0.006641
   LBFGS  118      5   0.101020    0.061333   0.009611   0.013864   0.006904
   LBFGS  119      5   0.101024    0.060516   0.009619   0.014495   0.007175
   LBFGS  120      5   0.101020    0.061333   0.009611   0.013864   0.006904
   LBFGS  121      5   0.101016    0.061837   0.009613   0.013237   0.006641
   LBFGS  122      5   0.101020    0.061332   0.009611   0.013864   0.006904
   LBFGS  123      5   0.101024    0.060513   0.009619   0.014496   0.007175
   LBFGS  124      5   0.101020    0.061332   0.009611   0.013864   0.006904
   LBFGS  125      5   0.101016    0.061838   0.009613   0.013237   0.006641
   LBFGS  126      5   0.101020    0.061332   0.009611   0.013864   0.006904
   LBFGS  127      5   0.101024    0.060513   0.009619   0.014496   0.007175
   LBFGS  128      5   0.101020    0.061332   0.009611   0.013864   0.006904
   LBFGS  129      5   0.101016    0.061839   0.009613   0.013237   0.006641
   LBFGS  130      5   0.101020    0.061331   0.009611   0.013864   0.006904
   LBFGS  131      5   0.101024    0.060513   0.009619   0.014496   0.007175
   LBFGS  132      5   0.101020    0.061332   0.009611   0.013864   0.006904
   LBFGS  133      5   0.101016    0.061840   0.009613   0.013237   0.006641
   LBFGS  134      5   0.101020    0.061331   0.009611   0.013864   0.006904
   LBFGS  135      5   0.101024    0.060511   0.009619   0.014496   0.007175
   LBFGS  136      5   0.101020    0.061331   0.009611   0.013864   0.006904
   LBFGS  137      5   0.101016    0.061840   0.009613   0.013237   0.006641
   LBFGS  138      5   0.101020    0.061331   0.009611   0.013864   0.006904
   LBFGS  139      5   0.101024    0.060510   0.009619   0.014497   0.007175
   LBFGS  140      5   0.101020    0.061331   0.009611   0.013864   0.006904
   LBFGS  141      5   0.101016    0.061841   0.009613   0.013237   0.006641
   LBFGS  142      5   0.101020    0.061331   0.009611   0.013864   0.006904
   LBFGS  143      5   0.101024    0.060510   0.009619   0.014497   0.007175
   LBFGS  144      5   0.101020    0.061331   0.009611   0.013865   0.006904
   LBFGS  145      5   0.101016    0.061841   0.009613   0.013237   0.006641
   LBFGS  146      5   0.101020    0.061331   0.009611   0.013864   0.006904
   LBFGS  147      5   0.101024    0.060509   0.009619   0.014497   0.007176
   LBFGS  148      5   0.101020    0.061331   0.009611   0.013865   0.006904
   LBFGS  149      5   0.101016    0.061842   0.009613   0.013237   0.006641
   LBFGS  150      5   0.101020    0.061331   0.009611   0.013865   0.006904
   LBFGS  151      5   0.101024    0.060511   0.009619   0.014497   0.007176
   LBFGS  152      5   0.101020    0.061331   0.009611   0.013865   0.006904
   LBFGS  153      5   0.101016    0.061842   0.009613   0.013236   0.006641
   LBFGS  154      5   0.101020    0.061331   0.009611   0.013865   0.006905
   LBFGS  155      5   0.101024    0.060507   0.009619   0.014497   0.007176
   LBFGS  156      5   0.101020    0.061331   0.009611   0.013865   0.006905
   LBFGS  157      5   0.101016    0.061842   0.009613   0.013236   0.006641
   LBFGS  158      5   0.101020    0.061331   0.009611   0.013865   0.006905
   LBFGS  159      5   0.101024    0.060508   0.009619   0.014497   0.007176
   LBFGS  160      5   0.101020    0.061331   0.009611   0.013865   0.006905
   LBFGS  161      5   0.101016    0.061842   0.009613   0.013236   0.006641
   LBFGS  162      5   0.101020    0.061331   0.009611   0.013865   0.006905
   LBFGS  163      5   0.101024    0.060507   0.009619   0.014497   0.007176
   LBFGS  164      5   0.101020    0.061331   0.009611   0.013865   0.006905
   LBFGS  165      5   0.101016    0.061843   0.009613   0.013236   0.006641
   LBFGS  166      5   0.101020    0.061331   0.009611   0.013865   0.006905
   LBFGS  167      5   0.101024    0.060507   0.009619   0.014497   0.007176
   LBFGS  168      5   0.101020    0.061331   0.009611   0.013865   0.006905
   LBFGS  169      5   0.101016    0.061843   0.009613   0.013236   0.006641
   LBFGS  170      5   0.101020    0.061331   0.009611   0.013865   0.006905
   LBFGS  171      5   0.101024    0.060507   0.009619   0.014497   0.007176
   LBFGS  172      5   0.101020    0.061331   0.009611   0.013865   0.006905
   LBFGS  173      5   0.101016    0.061843   0.009613   0.013236   0.006641
   LBFGS  174      5   0.101020    0.061331   0.009611   0.013865   0.006905
   LBFGS  175      5   0.101024    0.060506   0.009619   0.014498   0.007176
   LBFGS  176      5   0.101020    0.061331   0.009611   0.013865   0.006905
   LBFGS  177      5   0.101016    0.061843   0.009613   0.013236   0.006641
   LBFGS  178      5   0.101020    0.061331   0.009611   0.013865   0.006905
   LBFGS  179      5   0.101024    0.060507   0.009619   0.014498   0.007176
   LBFGS  180      5   0.101020    0.061331   0.009611   0.013865   0.006905
   LBFGS  181      5   0.101016    0.061843   0.009613   0.013236   0.006641
   LBFGS  182      5   0.101020    0.061330   0.009611   0.013865   0.006905
   LBFGS  183      5   0.101024    0.060507   0.009619   0.014498   0.007176
   LBFGS  184      5   0.101020    0.061331   0.009611   0.013865   0.006905
   LBFGS  185      5   0.101016    0.061843   0.009613   0.013236   0.006641
   LBFGS  186      5   0.101020    0.061330   0.009611   0.013865   0.006905
   LBFGS  187      5   0.101024    0.060505   0.009619   0.014498   0.007176
   LBFGS  188      5   0.101028    0.059503   0.009637   0.015134   0.007454
   LBFGS  189      5   0.101032    0.058563   0.009668   0.015765   0.007734
   LBFGS  190      5   0.101028    0.059475   0.009634   0.015141   0.007457
   LBFGS  191      5   0.101024    0.060384   0.009608   0.014528   0.007188
   LBFGS  192      5   0.101019    0.061038   0.009589   0.013925   0.006929
   LBFGS  193      5   0.101014    0.061413   0.009578   0.013328   0.006676
   LBFGS  194      5   0.101019    0.061120   0.009596   0.013907   0.006922
   LBFGS  195      5   0.101014    0.061358   0.009573   0.013341   0.006682
   LBFGS  196      5   0.101008    0.061512   0.009553   0.012791   0.006452
   LBFGS  197      5   0.101002    0.061595   0.009535   0.012256   0.006232
   LBFGS  198      5   0.100995    0.061619   0.009520   0.011733   0.006021
   LBFGS  199      5   0.100988    0.061594   0.009508   0.011221   0.005819
   LBFGS  200      5   0.100981    0.061526   0.009500   0.010720   0.005626
   LBFGS  201      5   0.100974    0.061422   0.009495   0.010229   0.005441
   LBFGS  202      5   0.100966    0.061285   0.009494   0.009747   0.005265
   LBFGS  203      5   0.100958    0.061120   0.009496   0.009273   0.005098
   LBFGS  204      5   0.100950    0.060928   0.009502   0.008808   0.004940
   LBFGS  205      5   0.100942    0.060711   0.009513   0.008351   0.004791
   LBFGS  206      5   0.100934    0.060471   0.009527   0.007902   0.004653
   LBFGS  207      5   0.100925    0.060207   0.009545   0.007462   0.004524
   LBFGS  208      5   0.100917    0.059909   0.009567   0.007029   0.004406
   LBFGS  209      5   0.100908    0.059594   0.009593   0.006605   0.004299
   LBFGS  210      5   0.100899    0.043016   0.009628   0.006193   0.004205
   LBFGS  211      5   0.100893    0.042252   0.009559   0.005899   0.004134
   LBFGS  212      5   0.100883    0.041371   0.009607   0.005573   0.004079
   LBFGS  213      5   0.100875    0.040663   0.009577   0.005180   0.004029
   LBFGS  214      5   0.100863    0.039990   0.009516   0.005180   0.003941
   LBFGS  215      5   0.100851    0.039297   0.009509   0.005160   0.003889
   LBFGS  216      5   0.100838    0.038628   0.009407   0.005386   0.003958
   LBFGS  217      5   0.100822    0.038087   0.009411   0.005225   0.003795
   LBFGS  218      5   0.100806    0.037515   0.009419   0.005320   0.003793
   LBFGS  219      5   0.100791    0.036760   0.009274   0.005583   0.003897
   LBFGS  220      5   0.100773    0.036283   0.009283   0.005564   0.003831
   LBFGS  221      5   0.100757    0.035674   0.009239   0.005752   0.003935
   LBFGS  222      5   0.100739    0.035142   0.009193   0.005876   0.003979
   LBFGS  223      5   0.100721    0.035357   0.009178   0.005707   0.003832
   LBFGS  224      5   0.100704    0.035565   0.009150   0.005875   0.003925
   LBFGS  225      5   0.100687    0.036217   0.009119   0.005887   0.003924
   LBFGS  226      5   0.100670    0.036667   0.009061   0.005775   0.003830
   LBFGS  227      5   0.100654    0.037134   0.009072   0.005888   0.003895
   LBFGS  228      5   0.100639    0.037584   0.009013   0.005927   0.003925
   LBFGS  229      5   0.100622    0.038090   0.008981   0.005627   0.003711
   LBFGS  230      5   0.100608    0.038599   0.008967   0.005852   0.003852
   LBFGS  231      5   0.100594    0.038875   0.008921   0.005813   0.003836
   LBFGS  232      5   0.100579    0.039232   0.008864   0.005572   0.003673
   LBFGS  233      5   0.100566    0.039688   0.008841   0.005754   0.003780
   LBFGS  234      5   0.100553    0.039552   0.008760   0.005658   0.003739
   LBFGS  235      5   0.100538    0.040650   0.008712   0.005462   0.003598
   LBFGS  236      5   0.100526    0.040103   0.008638   0.005532   0.003631
   LBFGS  237      5   0.100513    0.040907   0.008568   0.005520   0.003647
   LBFGS  238      5   0.100499    0.040600   0.008480   0.005299   0.003505
   LBFGS  239      5   0.100487    0.040974   0.008394   0.005551   0.003637
   LBFGS  240      5   0.100474    0.040781   0.008312   0.005438   0.003586
   LBFGS  241      5   0.100461    0.041036   0.008180   0.005242   0.003470
   LBFGS  242      5   0.100448    0.040588   0.008107   0.005247   0.003454
   LBFGS  243      5   0.100436    0.042260   0.007897   0.005291   0.003545
   LBFGS  244      5   0.100423    0.041386   0.007818   0.005134   0.003455
   LBFGS  245      5   0.100411    0.042353   0.007660   0.005112   0.003372
   LBFGS  246      5   0.100399    0.041754   0.007552   0.005122   0.003402
   LBFGS  247      5   0.100386    0.041533   0.007466   0.004742   0.003171
   LBFGS  248      5   0.100374    0.041317   0.007314   0.004644   0.003108
   LBFGS  249      5   0.100363    0.040895   0.007284   0.004902   0.003275
   LBFGS  250      5   0.100351    0.040386   0.007100   0.004653   0.003125
   LBFGS  251      5   0.100339    0.040539   0.007101   0.004497   0.003010
   LBFGS  252      5   0.100329    0.039734   0.006910   0.004567   0.003042
   LBFGS  253      5   0.100317    0.040211   0.006859   0.004272   0.002895
   LBFGS  254      5   0.100306    0.039010   0.006695   0.004127   0.002800
   LBFGS  255      5   0.100296    0.040159   0.006576   0.004384   0.002931

CINEB refinement reached maximum iterations.

---------------------------------------------------------------
               INFORMATION ABOUT SADDLE POINT     
---------------------------------------------------------------
Climbing image                            ....  5
Energy                                    ....  -153.81515331 Eh
Max. abs. force                           ....   4.3838e-03 Eh/Angstrom

-----------------------------------------
  SADDLE POINT (ANGSTROEM)
-----------------------------------------
C        0.886210       0.762082      -0.098475
H        0.652028       1.407687      -0.947182
O        0.656196       1.125981       1.102599
C        1.294383      -0.594583      -0.146131
H        0.731611      -0.221592       1.163030
H        1.111581      -1.147537      -1.054741
H        2.269238      -0.841676       0.274841

Starting Transition State Search (TS) with RS-PRFO...

----------------------------------------------------------------------
                             Iteration: 1                             


                             Coordinates                              
----------------------------------------------------------------------
0    C                0.8735               0.7605              -0.1114
1    H                0.6233               1.4122              -0.9510
2    O                0.6698               1.1261               1.0960
3    C                1.2872              -0.5948              -0.1347
4    H                0.7285              -0.2217               1.1602
5    H                1.1827              -1.2181              -1.0135
6    H                2.2505              -0.7561               0.3626


Energy:                 -153.815471 Convergence criteria  Is converged 
Maximum Force:             0.006099     0.002850                No
RMS Force:                 0.002624     0.001900                No
Maximum Displacement:      0.087793     0.003150                No
RMS Displacement:          0.036985     0.002100                No

Model change: -3.395322e-04  Actual change: -3.175806e-04  rho:  0.935
Trust radius (MW):  0.200000  Step norm (MW):  0.194953  On boundary: False

----------------------------------------------------------------------
                             Iteration: 2                             


                             Coordinates                              
----------------------------------------------------------------------
0    C                0.8812               0.7776              -0.1288
1    H                0.6371               1.4384              -0.9630
2    O                0.6870               1.1384               1.0815
3    C                1.2811              -0.5813              -0.1588
4    H                0.7420              -0.2077               1.1396
5    H                1.1761              -1.2010              -1.0333
6    H                2.2379              -0.7385               0.3402


Energy:                 -153.815519 Convergence criteria  Is converged 
Maximum Force:             0.000188     0.002850                Yes
RMS Force:                 0.000069     0.001900                Yes
Maximum Displacement:      0.026222     0.003150                No
RMS Displacement:          0.016378     0.002100                No

Model change: -4.842265e-05  Actual change: -4.856184e-05  rho:  1.003
Trust radius (MW):  0.200000  Step norm (MW):  0.177424  On boundary: False

----------------------------------------------------------------------
                             Iteration: 3                             


                             Coordinates                              
----------------------------------------------------------------------
0    C                0.8693               0.7905              -0.1342
1    H                0.6243               1.4506              -0.9686
2    O                0.6766               1.1524               1.0761
3    C                1.2694              -0.5682              -0.1631
4    H                0.7325              -0.1935               1.1355
5    H                1.1641              -1.1892              -1.0367
6    H                2.2265              -0.7236               0.3357


Energy:                 -153.815520 Convergence criteria  Is converged 
Maximum Force:             0.000002     0.002850                Yes
RMS Force:                 0.000001     0.001900                Yes
Maximum Displacement:      0.014841     0.003150                No
RMS Displacement:          0.010493     0.002100                No

Model change: -7.422252e-08  Actual change: -1.013074e-07  rho:  1.365
Trust radius (MW):  0.200000  Step norm (MW):  0.121106  On boundary: False

----------------------------------------------------------------------
                             Iteration: 5                             


                             Coordinates                              
----------------------------------------------------------------------
0    C                0.8693               0.7904              -0.1341
1    H                0.6243               1.4505              -0.9685
2    O                0.6767               1.1524               1.0762
3    C                1.2693              -0.5683              -0.1630
4    H                0.7325              -0.1935               1.1356
5    H                1.1640              -1.1893              -1.0365
6    H                2.2265              -0.7237               0.3359


Energy:                 -153.815520 Convergence criteria  Is converged 
Maximum Force:             0.000000     0.002850                Yes
RMS Force:                 0.000000     0.001900                Yes
Maximum Displacement:      0.000180     0.003150                Yes
RMS Displacement:          0.000096     0.002100                Yes

Model change: -1.252268e-11  Actual change:  3.888013e-08  rho: -3104.777
Trust radius (MW):  0.001000  Step norm (MW):  0.000975  On boundary: False


----------------------------------------------------------------------
                          Normal Termination                          


---------------------------------------------------------------
                      PATH SUMMARY FOR NEB-TS             
---------------------------------------------------------------
All forces in Eh/Angstrom. Global forces for TS.

Image     E(Eh)   dE(kcal/mol)  max(|Fp|)  RMS(Fp)
   0   -153.91545        0.00     0.01195    0.00931
   1   -153.91366        1.12     0.00819    0.00537
   2   -153.90379        7.32     0.02696    0.01739
   3   -153.88399       19.74     0.05909    0.03519
   4   -153.84514       44.12     0.13622    0.07134
   5   -153.81515       62.94     0.00438    0.00293 <= CI
  TS   -153.81552       62.71     0.00000    0.00000 <= TS
   7   -153.87244       26.99     0.14545    0.07017
   8   -153.91791       -1.54     0.05860    0.02850
   9   -153.93107       -9.80     0.00361    0.00282
  10   -153.93133       -9.96     0.01379    0.00678
  11   -153.93016       -9.23     0.01194    0.00830
  12   -153.93122       -9.90     0.01816    0.01010

-----------------------------------------
  REFINED TS STRUCTURE (ANGSTROEM)
-----------------------------------------
C        0.869287       0.790441      -0.134084
H        0.624331       1.450515      -0.968525
O        0.676686       1.152427       1.076156
C        1.269308      -0.568251      -0.162977
H        0.732475      -0.193508       1.135637
H        1.164028      -1.189325      -1.036538
H        2.226489      -0.723729       0.335900

Wrote NEB-TS MEP to: /home/user/software/maple/example/ts/neb/inp2_nebts_mep.xyz
Wrote TS structure to: /home/user/software/maple/example/ts/neb/inp2_nebts_ts.xyz
