-I: Adding /home/hungn/BioMed/AMBER24/ORG/dat/leap/prep to search path.
-I: Adding /home/hungn/BioMed/AMBER24/ORG/dat/leap/lib to search path.
-I: Adding /home/hungn/BioMed/AMBER24/ORG/dat/leap/parm to search path.
-I: Adding /home/hungn/BioMed/AMBER24/ORG/dat/leap/cmd to search path.
-s: Ignoring all leaprc startup files.
-f: Source ZINC_metal_tleap.in.

Welcome to LEaP!
Sourcing: ./ZINC_metal_tleap.in
----- Source: /home/hungn/BioMed/AMBER24/ORG/dat/leap/cmd/leaprc.protein.ff14SB
----- Source of /home/hungn/BioMed/AMBER24/ORG/dat/leap/cmd/leaprc.protein.ff14SB done
Log file: ./leap.log
Loading parameters: /home/hungn/BioMed/AMBER24/ORG/dat/leap/parm/parm10.dat
Reading title:
PARM99 + frcmod.ff99SB + frcmod.parmbsc0 + OL3 for RNA
Loading parameters: /home/hungn/BioMed/AMBER24/ORG/dat/leap/parm/frcmod.ff14SB
Reading force field modification type file (frcmod)
Reading title:
ff14SB protein backbone and sidechain parameters
Loading library: /home/hungn/BioMed/AMBER24/ORG/dat/leap/lib/amino12.lib
Loading library: /home/hungn/BioMed/AMBER24/ORG/dat/leap/lib/aminoct12.lib
Loading library: /home/hungn/BioMed/AMBER24/ORG/dat/leap/lib/aminont12.lib
----- Source: /home/hungn/BioMed/AMBER24/ORG/dat/leap/cmd/leaprc.gaff2
----- Source of /home/hungn/BioMed/AMBER24/ORG/dat/leap/cmd/leaprc.gaff2 done
Log file: ./leap.log
Loading parameters: /home/hungn/BioMed/AMBER24/ORG/dat/leap/parm/gaff2.dat
Reading title:
AMBER General Force Field for organic molecules (Version 2.2.20, March 2021)
----- Source: /home/hungn/BioMed/AMBER24/ORG/dat/leap/cmd/leaprc.water.tip3p
----- Source of /home/hungn/BioMed/AMBER24/ORG/dat/leap/cmd/leaprc.water.tip3p done
Loading library: /home/hungn/BioMed/AMBER24/ORG/dat/leap/lib/atomic_ions.lib
Loading library: /home/hungn/BioMed/AMBER24/ORG/dat/leap/lib/solvents.lib
Loading parameters: /home/hungn/BioMed/AMBER24/ORG/dat/leap/parm/frcmod.tip3p
Reading force field modification type file (frcmod)
Reading title:
This is the additional/replacement parameter set for TIP3P water
Loading parameters: /home/hungn/BioMed/AMBER24/ORG/dat/leap/parm/frcmod.ions1lm_126_tip3p
Reading force field modification type file (frcmod)
Reading title:
Li/Merz ion parameters of monovalent ions for TIP3P water model (12-6 normal usage set)
Loading parameters: /home/hungn/BioMed/AMBER24/ORG/dat/leap/parm/frcmod.ionsjc_tip3p
Reading force field modification type file (frcmod)
Reading title:
Monovalent ion parameters for Ewald and TIP3P water from Joung & Cheatham JPCB (2008)
Loading parameters: /home/hungn/BioMed/AMBER24/ORG/dat/leap/parm/frcmod.ions234lm_126_tip3p
Reading force field modification type file (frcmod)
Reading title:
Li/Merz ion parameters of divalent to tetravalent ions for TIP3P water model (12-6 normal usage set)
Loading Mol2 file: ./HD1.mol2
Reading MOLECULE named HD1
Loading Mol2 file: ./HD2.mol2
Reading MOLECULE named HD2
Loading Mol2 file: ./HE1.mol2
Reading MOLECULE named HE1
Loading Mol2 file: ./ZN1.mol2
Reading MOLECULE named ZN1
Loading Mol2 file: ./MS1.mol2
Reading MOLECULE named MS1
Loading parameters: /home/hungn/BioMed/AMBER24/ORG/dat/leap/parm/frcmod.ions234lm_126_tip3p
Reading force field modification type file (frcmod)
Reading title:
Li/Merz ion parameters of divalent to tetravalent ions for TIP3P water model (12-6 normal usage set)
Loading parameters: ./ZINC_metal.frcmod
Reading force field modification type file (frcmod)
Reading title:
REMARK MAPLE MetalAA generated metal-site frcmod
Loading PDB file: ./ZINC_metal_tleap.pdb

/home/hungn/BioMed/AMBER24/ORG/bin/teLeap: Warning!
One sided connection. Residue (HD1) missing connect0 atom.

/home/hungn/BioMed/AMBER24/ORG/bin/teLeap: Warning!
One sided connection. Residue (default_name) missing connect1 atom.

/home/hungn/BioMed/AMBER24/ORG/bin/teLeap: Warning!
One sided connection. Residue (HD2) missing connect0 atom.

/home/hungn/BioMed/AMBER24/ORG/bin/teLeap: Warning!
One sided connection. Residue (default_name) missing connect1 atom.

/home/hungn/BioMed/AMBER24/ORG/bin/teLeap: Warning!
One sided connection. Residue (HE1) missing connect0 atom.

/home/hungn/BioMed/AMBER24/ORG/bin/teLeap: Warning!
One sided connection. Residue (default_name) missing connect1 atom.
  total atoms in file: 4048
Writing pdb file: ZINC_metal_tleap_dry.pdb

/home/hungn/BioMed/AMBER24/ORG/bin/teLeap: Warning!
 Converting N-terminal residue name to PDB format: NTRP -> TRP

/home/hungn/BioMed/AMBER24/ORG/bin/teLeap: Warning!
 Converting C-terminal residue name to PDB format: CPHE -> PHE
Checking Unit.

/home/hungn/BioMed/AMBER24/ORG/bin/teLeap: Warning!
There is a bond of 3.207 angstroms between ZN and O1S atoms:
-------  .R<ZN1 256>.A<ZN 1> and .R<MS1 257>.A<O1S 28>

/home/hungn/BioMed/AMBER24/ORG/bin/teLeap: Warning!
The unperturbed charge of the unit (0.999995) is not zero.

/home/hungn/BioMed/AMBER24/ORG/bin/teLeap: Note.
Ignoring the warnings from Unit Checking.

Building topology.
Building atom parameters.
Building bond parameters.
Building angle parameters.
Building proper torsion parameters.

/home/hungn/BioMed/AMBER24/ORG/bin/teLeap: Note.
1-4: angle 4018 4045 duplicates bond ('triangular' bond) or angle ('square' bond)


/home/hungn/BioMed/AMBER24/ORG/bin/teLeap: Note.
1-4: angle 4046 4048 duplicates bond ('triangular' bond) or angle ('square' bond)

Building improper torsion parameters.
 total 847 improper torsions applied
Building H-Bond parameters.
Incorporating Non-Bonded adjustments.
Not Marking per-residue atom chain types.
Marking per-residue atom chain types.
  (Residues lacking connect0/connect1 - 
   these don't have chain types marked:

	res	total affected

	CPHE	1
	HD1	1
	HD2	1
	HE1	1
	MS1	1
	NTRP	1
  )
 (no restraints)
  Solute vdw bounding box:              49.749 47.520 57.504
  Total bounding box for atom centers:  69.749 67.520 77.504
  Solvent unit box:                     18.774 18.774 18.774
  Total vdw box size:                   72.559 70.410 80.771 angstroms.
  Volume: 412650.499 A^3 
  Total mass 202668.508 amu,  Density 0.816 g/cc
  Added 9643 residues.

/home/hungn/BioMed/AMBER24/ORG/bin/teLeap: Warning!
addIons: 1st Ion & target unit have charges of the same sign:
     unit charge = 0.999995; ion1 charge = 1;
     can't neutralize.
1 Cl- ion required to neutralize.
Adding 1 counter ions to "mol" using 1A grid
Grid extends from solute vdw + 2.51  to  8.79
Resolution:      1.00 Angstrom.
Solvent present: replacing closest with ion
	 when steric overlaps occur
Calculating grid charges
(Replacing solvent molecule)
Placed Cl- in mol at (-8.49, -21.93, 3.22).

Done adding ions.
Writing pdb file: ZINC_metal_tleap_solvated.pdb
   printing CRYST1 record to PDB file with box info

/home/hungn/BioMed/AMBER24/ORG/bin/teLeap: Warning!
 Converting N-terminal residue name to PDB format: NTRP -> TRP

/home/hungn/BioMed/AMBER24/ORG/bin/teLeap: Warning!
 Converting C-terminal residue name to PDB format: CPHE -> PHE
Checking Unit.

/home/hungn/BioMed/AMBER24/ORG/bin/teLeap: Warning!
There is a bond of 3.207 angstroms between ZN and O1S atoms:
-------  .R<ZN1 256>.A<ZN 1> and .R<MS1 257>.A<O1S 28>

/home/hungn/BioMed/AMBER24/ORG/bin/teLeap: Note.
Ignoring the warning from Unit Checking.

Building topology.
Building atom parameters.
Building bond parameters.
Building angle parameters.
Building proper torsion parameters.

/home/hungn/BioMed/AMBER24/ORG/bin/teLeap: Note.
1-4: angle 4018 4045 duplicates bond ('triangular' bond) or angle ('square' bond)


/home/hungn/BioMed/AMBER24/ORG/bin/teLeap: Note.
1-4: angle 4046 4048 duplicates bond ('triangular' bond) or angle ('square' bond)

Building improper torsion parameters.
 total 847 improper torsions applied
Building H-Bond parameters.
Incorporating Non-Bonded adjustments.
Not Marking per-residue atom chain types.
Marking per-residue atom chain types.
  (Residues lacking connect0/connect1 - 
   these don't have chain types marked:

	res	total affected

	CPHE	1
	HD1	1
	HD2	1
	HE1	1
	MS1	1
	NTRP	1
	WAT	9642
  )
 (no restraints)
	Quit

Exiting LEaP: Errors = 0; Warnings = 14; Notes = 6.
