
**********************************************************************
*                                                                    *
*                        M   A   P   L   E                           *
*                                                                    *
*      MAchine-learning Potential for Landscape Exploration          *
*                                                                    *
*                                                                    *
*      © 2025 University of Pittsburgh. All rights reserved.         *
*      Licensed under CC BY 4.0 for academic use.                    *
*                                                                    *
*      Principal Developer:  Xujian Wang                             *
*                                                                    *
**********************************************************************


Parsing # commands...
Global parameter: model = uma
Task set to 'md'
Global parameter: device = cuda
Parsed configuration:
----------------------------------------
Task: md
model          : uma
ensemble       : nve
timestep       : 1
steps          : 10000
temperature    : 300.0
traj_every     : 10
log_every      : 100
init_velocities: True
remove_com     : True
random_seed    : None
thermostat     : v-rescale
friction       : 0.001
tau_t          : 200.0
barostat       : c-rescale
pressure       : 1.0
tau_p          : 2000.0
compressibility: 4.5e-05
device         : cuda

                             Coordinates                              
**********************************************************************

Group 1 (inline)
--------------------
1    O             -0.882300            -0.132900             1.065700
2    O              3.327700             1.456900            -0.939300
3    O             -3.660000            -0.242800            -1.799500
4    O              5.180100            -1.838600             0.343300
5    O             -7.223000             0.405100             1.228800
6    O             -8.170700            -1.450600             0.349900
7    N              1.709400             0.297600             0.252200
8    N             -1.617700             1.215000            -0.673700
9    N              5.244200             0.444100             0.753100
10   N             -4.858900            -0.027100             0.175000
11   N              7.933500            -1.862000             0.188500
12   C              0.656800             0.403200            -0.731500
13   C             -2.959500             1.422600            -0.180300
14   C              3.893100             0.572300             1.247900
15   C             -0.679200             0.444500            -0.000400
16   C              2.973200             0.840400             0.063500
17   C              0.702200            -0.786600            -1.682000
18   C             -3.844000             0.302500            -0.713300
19   C             -3.486700             2.776100            -0.640200
20   C              3.806000             1.713600             2.253400
21   C             -5.825000            -1.067700            -0.090900
22   C              7.226800            -0.622200            -0.123300
23   C              5.781700            -0.766500             0.336800
24   C             -5.324700            -2.407400             0.427900
25   C              7.279500            -0.347800            -1.620900
26   C             -7.182600            -0.741800             0.509100
27   H              0.800600             1.331000            -1.297300
28   H             -2.935500             1.387700             0.915000
29   H              3.610500            -0.369600             1.732100
30   H              1.512500            -0.210500             1.110000
31   H             -1.383000             1.589700            -1.588600
32   H             -0.094500            -0.719800            -2.430400
33   H              1.662000            -0.834300            -2.207300
34   H              0.570600            -1.731500            -1.142200
35   H              5.792000             1.292300             0.637700
36   H             -3.529300             2.837400            -1.733800
37   H             -4.498900             2.950600            -0.260200
38   H             -2.842000             3.587100            -0.285100
39   H              2.788400             1.811300             2.646100
40   H              4.484500             1.543900             3.096200
41   H              4.076300             2.671600             1.794400
42   H             -5.966800            -1.123400            -1.176700
43   H             -4.928300             0.471700             1.057400
44   H              7.709500             0.200000             0.417100
45   H             -5.184300            -2.381700             1.514700
46   H             -6.037200            -3.208600             0.205200
47   H             -4.363300            -2.672000            -0.025400
48   H              6.802300            -1.151400            -2.193800
49   H              8.313200            -0.246700            -1.968900
50   H              6.750800             0.581000            -1.862700
51   H              8.902000            -1.791800            -0.121600
52   H              7.967800            -1.991200             1.199100
53   H             -8.117400             0.578800             1.592300

================================================================================
                               NVE MD PARAMETERS                                
================================================================================
Ensemble:           NVE (microcanonical)
Timestep:           1.000 fs
Total steps:        10000
Initial temp:       300.00 K

Output frequencies:
  Log every:        100 steps
  Traj every:       10 steps

Velocity init:      True
Remove COM motion:  True
================================================================================

Initializing velocities at 300.00 K...
Initial temperature: 300.00 K

================================================================================
                                 MD SIMULATION                                  
================================================================================
Ensemble:        NVE
Timestep:        1.000 fs
Total steps:     10000
Simulation time: 10000.00 fs

System:
  Atoms:         53
  Formula:       C15H27N5O6
  Charge:        0
  Multiplicity:  1

================================================================================

Starting NVE simulation...

Step    100 | Time:   100.00 fs | T:  358.91 K | E: -1313.022549 Ha
Step    200 | Time:   200.00 fs | T:  337.37 K | E: -1313.026527 Ha
Step    300 | Time:   300.00 fs | T:  330.77 K | E: -1313.027482 Ha
Step    400 | Time:   400.00 fs | T:  342.00 K | E: -1313.025478 Ha
Step    500 | Time:   500.00 fs | T:  346.65 K | E: -1313.024697 Ha
Step    600 | Time:   600.00 fs | T:  379.08 K | E: -1313.019066 Ha
Step    700 | Time:   700.00 fs | T:  346.81 K | E: -1313.024920 Ha
Step    800 | Time:   800.00 fs | T:  302.79 K | E: -1313.032236 Ha
Step    900 | Time:   900.00 fs | T:  385.19 K | E: -1313.017691 Ha
Step   1000 | Time:  1000.00 fs | T:  348.45 K | E: -1313.024507 Ha
Step   1100 | Time:  1100.00 fs | T:  306.87 K | E: -1313.031587 Ha
Step   1200 | Time:  1200.00 fs | T:  340.19 K | E: -1313.025928 Ha
Step   1300 | Time:  1300.00 fs | T:  331.70 K | E: -1313.027449 Ha
Step   1400 | Time:  1400.00 fs | T:  371.10 K | E: -1313.020387 Ha
Step   1500 | Time:  1500.00 fs | T:  352.46 K | E: -1313.023751 Ha
Step   1600 | Time:  1600.00 fs | T:  337.15 K | E: -1313.026433 Ha
Step   1700 | Time:  1700.00 fs | T:  329.77 K | E: -1313.027828 Ha
Step   1800 | Time:  1800.00 fs | T:  336.26 K | E: -1313.026644 Ha
Step   1900 | Time:  1900.00 fs | T:  361.17 K | E: -1313.022220 Ha
Step   2000 | Time:  2000.00 fs | T:  335.41 K | E: -1313.027117 Ha
Step   2100 | Time:  2100.00 fs | T:  368.07 K | E: -1313.021180 Ha
Step   2200 | Time:  2200.00 fs | T:  286.02 K | E: -1313.035380 Ha
Step   2300 | Time:  2300.00 fs | T:  369.25 K | E: -1313.020931 Ha
Step   2400 | Time:  2400.00 fs | T:  380.15 K | E: -1313.019019 Ha
Step   2500 | Time:  2500.00 fs | T:  392.82 K | E: -1313.016861 Ha
Step   2600 | Time:  2600.00 fs | T:  377.92 K | E: -1313.018990 Ha
Step   2700 | Time:  2700.00 fs | T:  380.79 K | E: -1313.018658 Ha
Step   2800 | Time:  2800.00 fs | T:  390.20 K | E: -1313.017368 Ha
Step   2900 | Time:  2900.00 fs | T:  344.65 K | E: -1313.025143 Ha
Step   3000 | Time:  3000.00 fs | T:  364.08 K | E: -1313.021751 Ha
Step   3100 | Time:  3100.00 fs | T:  345.40 K | E: -1313.024925 Ha
Step   3200 | Time:  3200.00 fs | T:  371.63 K | E: -1313.020494 Ha
Step   3300 | Time:  3300.00 fs | T:  358.26 K | E: -1313.022710 Ha
Step   3400 | Time:  3400.00 fs | T:  365.78 K | E: -1313.021403 Ha
Step   3500 | Time:  3500.00 fs | T:  389.52 K | E: -1313.017171 Ha
Step   3600 | Time:  3600.00 fs | T:  385.53 K | E: -1313.018086 Ha
Step   3700 | Time:  3700.00 fs | T:  342.54 K | E: -1313.025408 Ha
Step   3800 | Time:  3800.00 fs | T:  361.43 K | E: -1313.021842 Ha
Step   3900 | Time:  3900.00 fs | T:  341.35 K | E: -1313.025510 Ha
Step   4000 | Time:  4000.00 fs | T:  378.42 K | E: -1313.019223 Ha
Step   4100 | Time:  4100.00 fs | T:  314.45 K | E: -1313.030315 Ha
Step   4200 | Time:  4200.00 fs | T:  312.00 K | E: -1313.030866 Ha
Step   4300 | Time:  4300.00 fs | T:  308.22 K | E: -1313.031513 Ha
Step   4400 | Time:  4400.00 fs | T:  329.38 K | E: -1313.027908 Ha
Step   4500 | Time:  4500.00 fs | T:  358.78 K | E: -1313.022773 Ha
Step   4600 | Time:  4600.00 fs | T:  356.06 K | E: -1313.023004 Ha
Step   4700 | Time:  4700.00 fs | T:  398.60 K | E: -1313.015712 Ha
Step   4800 | Time:  4800.00 fs | T:  348.51 K | E: -1313.024475 Ha
Step   4900 | Time:  4900.00 fs | T:  368.55 K | E: -1313.020920 Ha
Step   5000 | Time:  5000.00 fs | T:  351.95 K | E: -1313.023851 Ha
Step   5100 | Time:  5100.00 fs | T:  366.01 K | E: -1313.021201 Ha
Step   5200 | Time:  5200.00 fs | T:  334.70 K | E: -1313.026961 Ha
Step   5300 | Time:  5300.00 fs | T:  384.93 K | E: -1313.017991 Ha
Step   5400 | Time:  5400.00 fs | T:  328.90 K | E: -1313.027853 Ha
Step   5500 | Time:  5500.00 fs | T:  360.28 K | E: -1313.022272 Ha
Step   5600 | Time:  5600.00 fs | T:  300.35 K | E: -1313.033316 Ha
Step   5700 | Time:  5700.00 fs | T:  293.16 K | E: -1313.034294 Ha
Step   5800 | Time:  5800.00 fs | T:  352.54 K | E: -1313.023769 Ha
Step   5900 | Time:  5900.00 fs | T:  312.68 K | E: -1313.030333 Ha
Step   6000 | Time:  6000.00 fs | T:  352.92 K | E: -1313.023718 Ha
Step   6100 | Time:  6100.00 fs | T:  411.33 K | E: -1313.013392 Ha
Step   6200 | Time:  6200.00 fs | T:  325.54 K | E: -1313.028522 Ha
Step   6300 | Time:  6300.00 fs | T:  336.98 K | E: -1313.026254 Ha
Step   6400 | Time:  6400.00 fs | T:  397.82 K | E: -1313.015627 Ha
Step   6500 | Time:  6500.00 fs | T:  346.14 K | E: -1313.024851 Ha
Step   6600 | Time:  6600.00 fs | T:  326.88 K | E: -1313.028523 Ha
Step   6700 | Time:  6700.00 fs | T:  343.61 K | E: -1313.025469 Ha
Step   6800 | Time:  6800.00 fs | T:  293.39 K | E: -1313.034078 Ha
Step   6900 | Time:  6900.00 fs | T:  409.02 K | E: -1313.014114 Ha
Step   7000 | Time:  7000.00 fs | T:  341.83 K | E: -1313.025578 Ha
Step   7100 | Time:  7100.00 fs | T:  394.97 K | E: -1313.016869 Ha
Step   7200 | Time:  7200.00 fs | T:  332.30 K | E: -1313.027198 Ha
Step   7300 | Time:  7300.00 fs | T:  342.43 K | E: -1313.025715 Ha
Step   7400 | Time:  7400.00 fs | T:  348.89 K | E: -1313.024221 Ha
Step   7500 | Time:  7500.00 fs | T:  373.93 K | E: -1313.020084 Ha
Step   7600 | Time:  7600.00 fs | T:  389.27 K | E: -1313.017284 Ha
Step   7700 | Time:  7700.00 fs | T:  331.90 K | E: -1313.027581 Ha
Step   7800 | Time:  7800.00 fs | T:  375.52 K | E: -1313.019825 Ha
Step   7900 | Time:  7900.00 fs | T:  412.51 K | E: -1313.013285 Ha
Step   8000 | Time:  8000.00 fs | T:  348.78 K | E: -1313.024273 Ha
Step   8100 | Time:  8100.00 fs | T:  323.22 K | E: -1313.029057 Ha
Step   8200 | Time:  8200.00 fs | T:  357.85 K | E: -1313.022633 Ha
Step   8300 | Time:  8300.00 fs | T:  390.64 K | E: -1313.017282 Ha
Step   8400 | Time:  8400.00 fs | T:  322.11 K | E: -1313.029008 Ha
Step   8500 | Time:  8500.00 fs | T:  361.78 K | E: -1313.022528 Ha
Step   8600 | Time:  8600.00 fs | T:  419.38 K | E: -1313.012037 Ha
Step   8700 | Time:  8700.00 fs | T:  361.67 K | E: -1313.022455 Ha
Step   8800 | Time:  8800.00 fs | T:  402.68 K | E: -1313.015014 Ha
Step   8900 | Time:  8900.00 fs | T:  335.62 K | E: -1313.026994 Ha
Step   9000 | Time:  9000.00 fs | T:  401.78 K | E: -1313.014943 Ha
Step   9100 | Time:  9100.00 fs | T:  335.81 K | E: -1313.027027 Ha
Step   9200 | Time:  9200.00 fs | T:  395.31 K | E: -1313.016416 Ha
Step   9300 | Time:  9300.00 fs | T:  359.85 K | E: -1313.022676 Ha
Step   9400 | Time:  9400.00 fs | T:  331.78 K | E: -1313.027050 Ha
Step   9500 | Time:  9500.00 fs | T:  370.30 K | E: -1313.020874 Ha
Step   9600 | Time:  9600.00 fs | T:  260.41 K | E: -1313.040123 Ha
Step   9700 | Time:  9700.00 fs | T:  374.49 K | E: -1313.020064 Ha
Step   9800 | Time:  9800.00 fs | T:  340.81 K | E: -1313.025557 Ha
Step   9900 | Time:  9900.00 fs | T:  304.64 K | E: -1313.032562 Ha
Step  10000 | Time: 10000.00 fs | T:  359.60 K | E: -1313.022545 Ha

================================================================================
                            MD SIMULATION COMPLETED                             
================================================================================

                            ── Energy Statistics ──                             
  Mean total energy:              -1313.02354405  Ha
  Std deviation:                      0.00540408  Ha

                       ── Energy Conservation Metrics ──                        
  Linear drift rate:                 +101.602396  kJ/mol/ns/atom    [SHORT]
  Total simulation time:                   9.999  ps
  (SHORT traj < 10 ps: drift rate is indicative only; use σ/|<E>| and r(KE,PE))
  Rel. fluctuation σ/|<E>|:             4.12e-06  (dimensionless)   [GOOD]
  KE–PE anti-correlation:                -0.9965  (target: -1.000)  [GOOD]

                          ── Temperature Statistics ──                          
  Mean temperature:                       353.83  K
  Std deviation:                           30.81  K
  σ(T)/<T>  observed:                     0.0871
  σ(T)/<T>  equipartition:                0.0793  (1/√N_dof)
  Excess ratio:                             1.10  (target: < 2.0)   [GOOD]

        ── Acceptance Criteria (Páll 2020 / AMBER 2022 / Shirts 2008) ──        
  Drift < 0.01 kJ/mol/ns/atom → GOOD
  Drift < 0.1  kJ/mol/ns/atom → OK
  Drift > 1.0  kJ/mol/ns/atom → FAIL
  σ/|<E>| < 1e-4              → GOOD (AMBER NVE standard)
  r(KE,PE) ≈ -1               → Velocity Verlet symplecticity confirmed

                               ── Output Files ──                               
  Thermodynamics:             Five_md_thermo.dat
  Trajectory:                 Five_md_traj.xyz
  Summary:                    Five_md_summary.txt
================================================================================

NVE simulation completed successfully.



Program started: 2026-03-15 12:15:04

======================================================================
                      TIMING SUMMARY
======================================================================
Input Reading.......................................   0.061 s  (   0.0 %)
  Settings Parsing....................................   0.060 s  (  98.3 %)
  Coordinate Section Parsing..........................   0.000 s  (   0.8 %)
  Post-Processing Expansion...........................   0.000 s  (   0.0 %)
MLP Initialization..................................   4.272 s  (   0.5 %)
Job Dispatching..................................... 884.338 s  (  99.5 %)
  MD Simulation (NVE)................................. 884.335 s  ( 100.0 %)
======================================================================
Total wall time: 888.671 s
Total CPU time: 893.032 s
======================================================================

Program ended: 2026-03-15 12:29:53
TOTAL RUN TIME: 0 days 0 hours 14 minutes 48 seconds 670 msec
