
 -----------------------------------------------
      Restrained ESP Fit 2.3  Amber 4.1
 -----------------------------------------------
 Resp charges for organic molecule                                               
 -----------------------------------------------


 inopt       =     0   ioutopt     =     1
 nmol        =     2   iqopt       =     2
 ihfree      =     1   irstrnt     =     1
 iunits      =     0   qwt         =   0.00100000

 %RESP-I-MULT_MOL,  multiple-molecule run of   2 molecules

 Reading input for molecule   1 weight:     1.000
alpha                                                                           

 Total charge (ich):  0
 Number of centers:111
    1    6    0
    2    6   -1
    3    8   -1
    4    1    0
    5    1    4
    6    1    4
    7   15   -1
    8   15   -1
    9    6   -1
   10    7   -1
   11    6   -1
   12    7   -1
   13    8   -1
   14    6    0
   15    7   -1
   16    8   -1
   17    6   -1
   18    8   -1
   19    6   -1
   20    7   -1
   21    8   -1
   22    6   -1
   23    7   -1
   24    8   -1
   25    6    0
   26    7   -1
   27    8   -1
   28    6   -1
   29    7   -1
   30    8   -1
   31    6   -1
   32    7   -1
   33    8   -1
   34    6   -1
   35    7   -1
   36    8   -1
   37    6    0
   38    7   -1
   39    8   -1
   40    6   -1
   41    7   -1
   42    8   -1
   43    6   -1
   44    7   -1
   45    8   -1
   46    6   -1
   47    8   -1
   48    6   -1
   49    8   -1
   50    6   -1
   51    8   -1
   52    6   -1
   53    8   -1
   54    6   -1
   55    6   -1
   56    6   -1
   57    6   -1
   58    6    0
   59    6   -1
   60    6   -1
   61    6   -1
   62    6   -1
   63    6    0
   64    6   -1
   65    6   -1
   66    6    0
   67    6   -1
   68    6   -1
   69    6   -1
   70    1   -1
   71    1   -1
   72    1    0
   73    1   72
   74    1   -1
   75    1   -1
   76    1   -1
   77    1   -1
   78    1   -1
   79    1    0
   80    1   79
   81    1   -1
   82    1   -1
   83    1   -1
   84    1   -1
   85    1   -1
   86    1   -1
   87    1   -1
   88    1   -1
   89    1   -1
   90    1   -1
   91    1    0
   92    1   91
   93    1   -1
   94    1   -1
   95    1   -1
   96    1    0
   97    1   96
   98    1   -1
   99    1   -1
  100    1   -1
  101    1    0
  102    1  101
  103    1  101
  104    1    0
  105    1  104
  106    7   -1
  107    6    0
  108    1   -1
  109    1    0
  110    1  109
  111    1  109

 Reading input for molecule   2 weight:     1.000
beta                                                                            

 Total charge (ich):  0
 Number of centers:111
  112    6    0
  113    6   -1
  114    8   -1
  115    1    0
  116    1    4
  117    1    4
  118   15   -1
  119   15   -1
  120    6   -1
  121    7   -1
  122    6   -1
  123    7   -1
  124    8   -1
  125    6    0
  126    7   -1
  127    8   -1
  128    6   -1
  129    8   -1
  130    6   -1
  131    7   -1
  132    8   -1
  133    6   -1
  134    7   -1
  135    8   -1
  136    6    0
  137    7   -1
  138    8   -1
  139    6   -1
  140    7   -1
  141    8   -1
  142    6   -1
  143    7   -1
  144    8   -1
  145    6   -1
  146    7   -1
  147    8   -1
  148    6    0
  149    7   -1
  150    8   -1
  151    6   -1
  152    7   -1
  153    8   -1
  154    6   -1
  155    7   -1
  156    8   -1
  157    6   -1
  158    8   -1
  159    6   -1
  160    8   -1
  161    6   -1
  162    8   -1
  163    6   -1
  164    8   -1
  165    6   -1
  166    6   -1
  167    6   -1
  168    6   -1
  169    6    0
  170    6   -1
  171    6   -1
  172    6   -1
  173    6   -1
  174    6    0
  175    6   -1
  176    6   -1
  177    6    0
  178    6   -1
  179    6   -1
  180    6   -1
  181    1   -1
  182    1   -1
  183    1    0
  184    1   72
  185    1   -1
  186    1   -1
  187    1   -1
  188    1   -1
  189    1   -1
  190    1    0
  191    1   79
  192    1   -1
  193    1   -1
  194    1   -1
  195    1   -1
  196    1   -1
  197    1   -1
  198    1   -1
  199    1   -1
  200    1   -1
  201    1   -1
  202    1    0
  203    1   91
  204    1   -1
  205    1   -1
  206    1   -1
  207    1    0
  208    1   96
  209    1   -1
  210    1   -1
  211    1   -1
  212    1    0
  213    1  101
  214    1  101
  215    1    0
  216    1  104
  217    7   -1
  218    6    0
  219    1   -1
  220    1    0
  221    1  109
  222    1  109
    1    7    1    8    1    9    1   10    1   11    1   12    1   13    1   14
    1   15    1   16    1   17    1   18    1   19    1   20    1   21    1   22
    1   23    1   24    1   25    1   26    1   27    1   28    1   29    1   30
    1   31    1   32    1   33    1   34    1   35    1   36    1   37    1   38
    1   39    1   40    1   41    1   42    1   43    1   44    1   45    1   46
    1   47    1   48    1   49    1   50    1   51    1   52    1   53    1   54
    1   55    1   56    1   57    1   58    1   59    1   60    1   61    1   62
    1   63    1   64    1   65    1   66    1   67    1   68    1   69    1   70
    1   71    1   72    1   73    1   74    1   75    1   76    1   77    1   78
    1   79    1   80    1   81    1   82    1   83    1   84    1   85    1   86
    1   87    1   88    1   89    1   90    1   91    1   92    1   93    1   94
    1   95    1   96    1   97    1   98    1   99    1  100    1  101    1  102
    1  103    1  104    1  105
    2    7    2    8    2    9    2   10    2   11    2   12    2   13    2   14
    2   15    2   16    2   17    2   18    2   19    2   20    2   21    2   22
    2   23    2   24    2   25    2   26    2   27    2   28    2   29    2   30
    2   31    2   32    2   33    2   34    2   35    2   36    2   37    2   38
    2   39    2   40    2   41    2   42    2   43    2   44    2   45    2   46
    2   47    2   48    2   49    2   50    2   51    2   52    2   53    2   54
    2   55    2   56    2   57    2   58    2   59    2   60    2   61    2   62
    2   63    2   64    2   65    2   66    2   67    2   68    2   69    2   70
    2   71    2   72    2   73    2   74    2   75    2   76    2   77    2   78
    2   79    2   80    2   81    2   82    2   83    2   84    2   85    2   86
    2   87    2   88    2   89    2   90    2   91    2   92    2   93    2   94
    2   95    2   96    2   97    2   98    2   99    2  100    2  101    2  102
    2  103    2  104    2  105
  since IQOPT=1, 222 new q0 values
  will be read in from file ESP.Q0 (unit 3)
 --------------------------------
 reading mult_mol constraint info
 --------------------------------
    1    1    2    1
    1    4    2    4
    1    5    2    5
    1    6    2    6
    1   14    2   14
    1   25    2   25
    1   37    2   37
    1   58    2   58
    1   63    2   63
    1   66    2   66
    1   72    2   72
    1   73    2   73
    1   79    2   79
    1   80    2   80
    1   91    2   91
    1   92    2   92
    1   96    2   96
    1   97    2   97
    1  101    2  101
    1  102    2  102
    1  103    2  103
    1  104    2  104
    1  105    2  105
    1  107    2  107
    1  109    2  109
    1  110    2  110
    1  111    2  111

  --------------------
     Atom   Ivary
  --------------------
    6    0
    6   -1
    8   -1
    1    0
    1    4
    1    4
   15   -1
   15   -1
    6   -1
    7   -1
    6   -1
    7   -1
    8   -1
    6    0
    7   -1
    8   -1
    6   -1
    8   -1
    6   -1
    7   -1
    8   -1
    6   -1
    7   -1
    8   -1
    6    0
    7   -1
    8   -1
    6   -1
    7   -1
    8   -1
    6   -1
    7   -1
    8   -1
    6   -1
    7   -1
    8   -1
    6    0
    7   -1
    8   -1
    6   -1
    7   -1
    8   -1
    6   -1
    7   -1
    8   -1
    6   -1
    8   -1
    6   -1
    8   -1
    6   -1
    8   -1
    6   -1
    8   -1
    6   -1
    6   -1
    6   -1
    6   -1
    6    0
    6   -1
    6   -1
    6   -1
    6   -1
    6    0
    6   -1
    6   -1
    6    0
    6   -1
    6   -1
    6   -1
    1   -1
    1   -1
    1    0
    1   72
    1   -1
    1   -1
    1   -1
    1   -1
    1   -1
    1    0
    1   79
    1   -1
    1   -1
    1   -1
    1   -1
    1   -1
    1   -1
    1   -1
    1   -1
    1   -1
    1   -1
    1    0
    1   91
    1   -1
    1   -1
    1   -1
    1    0
    1   96
    1   -1
    1   -1
    1   -1
    1    0
    1  101
    1  101
    1    0
    1  104
    7   -1
    6    0
    1   -1
    1    0
    1  109
    1  109

    6    1
    6   -1
    8   -1
    1    4
    1    4
    1    4
   15   -1
   15   -1
    6   -1
    7   -1
    6   -1
    7   -1
    8   -1
    6   14
    7   -1
    8   -1
    6   -1
    8   -1
    6   -1
    7   -1
    8   -1
    6   -1
    7   -1
    8   -1
    6   25
    7   -1
    8   -1
    6   -1
    7   -1
    8   -1
    6   -1
    7   -1
    8   -1
    6   -1
    7   -1
    8   -1
    6   37
    7   -1
    8   -1
    6   -1
    7   -1
    8   -1
    6   -1
    7   -1
    8   -1
    6   -1
    8   -1
    6   -1
    8   -1
    6   -1
    8   -1
    6   -1
    8   -1
    6   -1
    6   -1
    6   -1
    6   -1
    6   58
    6   -1
    6   -1
    6   -1
    6   -1
    6   63
    6   -1
    6   -1
    6   66
    6   -1
    6   -1
    6   -1
    1   -1
    1   -1
    1   72
    1   72
    1   -1
    1   -1
    1   -1
    1   -1
    1   -1
    1   79
    1   79
    1   -1
    1   -1
    1   -1
    1   -1
    1   -1
    1   -1
    1   -1
    1   -1
    1   -1
    1   -1
    1   91
    1   91
    1   -1
    1   -1
    1   -1
    1   96
    1   96
    1   -1
    1   -1
    1   -1
    1  101
    1  101
    1  101
    1  104
    1  104
    7   -1
    6  107
    1   -1
    1  109
    1  109
    1  109

  ----------------------------------------------------------------------------


 Total number of atoms      =  222
 Weight factor on initial charge restraints=  0.001000


 There are  4 charge constraints

 Reading esp"s for molecule   1
 total number of atoms      =   111
 total number of esp points =  3494


 center     X       Y       Z 
    1  -0.2910889E+01  -0.9189180E+01   0.2750307E-01
    2  -0.2672035E+00  -0.8828344E+01   0.1038293E+01
    3   0.5136030E+00  -0.9942170E+01   0.2906937E+01
    4  -0.3172062E+01  -0.8375156E+01  -0.1843220E+01
    5  -0.4215160E+01  -0.8234364E+01   0.1311557E+01
    6  -0.3363289E+01  -0.1119854E+02   0.1316005E-01
    7  -0.2423247E+01  -0.1751715E+01  -0.3206899E+01
    8  -0.5784738E+01  -0.2051441E+01   0.1234412E+01
    9   0.3495551E+01  -0.6217268E+01   0.8713489E+00
   10   0.1169396E+01  -0.7124923E+01  -0.2229234E+00
   11   0.3145585E+01  -0.4880157E+01   0.3411333E+01
   12   0.9158034E+01  -0.6784683E+01  -0.1421418E+01
   13   0.4816120E+01  -0.5030488E+01   0.5020562E+01
   14   0.4932532E+01  -0.4549682E+01  -0.1045332E+01
   15   0.8648456E+01  -0.9068160E+01  -0.4906307E+01
   16  -0.4720309E+01  -0.1464638E+01  -0.4733255E+01
   17   0.6834024E+01  -0.6095464E+01  -0.2429430E+01
   18  -0.3594315E+00  -0.3588497E+01  -0.3831189E+01
   19   0.6597757E+01  -0.7499740E+01  -0.4577470E+01
   20   0.1053370E+02   0.7919794E+01   0.8691341E+00
   21  -0.3065489E+01  -0.2290654E+01  -0.2100695E+00
   22   0.1011876E+02  -0.8591471E+01  -0.2984416E+01
   23  -0.2071272E+02   0.4124178E+01  -0.4330301E+01
   24  -0.1159797E+01   0.1073257E+01  -0.2990658E+01
   25   0.1229219E+01   0.1327627E+01  -0.1823083E+01
   26   0.1420476E+02   0.1013790E+02  -0.5852935E+00
   27  -0.9093928E+00   0.4426307E+01   0.7405855E+00
   28   0.1313754E+01   0.3978584E+01  -0.7091745E+00
   29  -0.1858267E+02   0.4388110E+01  -0.3336670E+00
   30   0.3043765E+01   0.3231441E+01   0.3465410E+01
   31   0.3519240E+01   0.4412516E+01   0.1123529E+01
   32   0.1538319E+02   0.3542581E+01  -0.1120815E+01
   33   0.6777604E+01   0.4758502E+01  -0.2060867E+01
   34   0.6053501E+01   0.3455404E+01   0.1637353E+00
   35  -0.1924865E+02   0.1698754E+01  -0.7660942E+01
   36  -0.5282204E+01  -0.2453879E+01   0.4000582E+01
   37   0.8063992E+01   0.3669332E+01   0.2259944E+01
   38  -0.1488723E+02   0.2818867E+00  -0.4195348E+01
   39   0.1066470E+02   0.1219847E+02   0.5405731E+00
   40  -0.1379264E+02   0.2449249E+01   0.2251176E+01
   41  -0.1472883E+02   0.1853868E+01  -0.2579816E+00
   42  -0.7726855E+01  -0.3562895E+01  -0.8936325E-01
   43   0.1168806E+02   0.1017905E+02   0.3063435E+00
   44   0.1062720E+02   0.3582701E+01   0.1180223E+01
   45  -0.1447841E+02   0.9150545E+00   0.6469760E+01
   46  -0.2041187E+02   0.4928296E+01  -0.1961492E+01
   47  -0.9998317E+01  -0.1487197E+01   0.6376385E+01
   48  -0.1357522E+02   0.1790478E+00   0.4055178E+01
   49   0.1775220E+02   0.8162615E+01  -0.1949933E+01
   50  -0.1073980E+02  -0.2930757E+00   0.4117749E+01
   51  -0.1135280E+02   0.3515882E+01   0.2002507E+01
   52   0.1563783E+02   0.8059133E+01  -0.1123943E+01
   53  -0.6350146E+01   0.9737645E+00   0.8343858E+00
   54  -0.1688301E+02   0.2819037E+01  -0.1332574E+01
   55  -0.9681524E+01   0.2372192E+01   0.3800507E+01
   56   0.1427699E+02   0.5621188E+01  -0.5672523E+00
   57  -0.1693952E+02   0.1814222E+01  -0.3757159E+01
   58  -0.6958447E+01   0.2552659E+01   0.2920742E+01
   59   0.1411981E+02   0.1325467E+01  -0.6215800E+00
   60   0.1527067E+02  -0.9457512E+00  -0.1330214E+01
   61  -0.1897420E+02   0.2546410E+01  -0.5277496E+01
   62   0.1413233E+02  -0.3240956E+01  -0.9284564E+00
   63   0.1545295E+02  -0.5595987E+01  -0.1812396E+01
   64   0.1174295E+02  -0.3268383E+01   0.2976583E+00
   65  -0.1360958E+02   0.3620318E+00  -0.2078141E+01
   66   0.1036202E+02  -0.5739676E+01   0.8217625E+00
   67   0.1061779E+02  -0.1046876E+01   0.1061973E+01
   68   0.1175294E+02   0.1296756E+01   0.5599976E+00
   69   0.1173554E+02   0.5804520E+01   0.5216418E+00
   70   0.3741393E+00  -0.6023949E+01  -0.1607758E+01
   71   0.4656697E+01  -0.7850218E+01   0.1378183E+01
   72   0.3574256E+01  -0.3752795E+01  -0.2382383E+01
   73   0.5809898E+01  -0.2968858E+01  -0.4564633E-01
   74   0.5010945E+01  -0.7515457E+01  -0.5853776E+01
   75   0.1188724E+02  -0.9524525E+01  -0.2590470E+01
   76   0.1496234E+02   0.1185036E+02  -0.9608992E+00
   77   0.1710269E+02  -0.8244024E+00  -0.2234503E+01
   78   0.8838111E+01  -0.1138928E+01   0.2060185E+01
   79   0.7895234E+01   0.5444053E+01   0.3271637E+01
   80   0.7853590E+01   0.2152886E+01   0.3625333E+01
   81   0.5910742E+01   0.1469194E+01  -0.3838959E+00
   82   0.6932721E+01   0.6529376E+01  -0.1641066E+01
   83   0.3716764E+01   0.6470295E+01   0.1411548E+01
   84   0.1212255E+01   0.3199094E+01   0.3599807E+01
   85  -0.1513177E+02   0.3812074E+01   0.3034426E+01
   86   0.1444015E+01   0.5354259E+01  -0.2250834E+01
   87  -0.2225910E+01   0.3404264E+01  -0.3539457E-01
   88  -0.2186560E+02   0.6201939E+01  -0.1280248E+01
   89  -0.1464387E+02  -0.1445642E+01   0.3355038E+01
   90  -0.1343273E+02   0.2225341E-01   0.7676462E+01
   91   0.1464598E+01  -0.7435883E-01  -0.3133544E+00
   92   0.2737627E+01   0.1115870E+01  -0.3229349E+01
   93  -0.1022916E+02  -0.1437069E+01   0.2476824E+01
   94  -0.8299586E+01  -0.2148522E+01   0.6028281E+01
   95  -0.9839629E+01   0.3374032E+01   0.5612843E+01
   96  -0.6589333E+01   0.4488173E+01   0.2305488E+01
   97  -0.5744077E+01   0.2115503E+01   0.4531474E+01
   98  -0.2064883E+02   0.2408038E+01  -0.8724965E+01
   99  -0.1787887E+02   0.6480173E+00  -0.8448226E+01
  100  -0.1183923E+02  -0.6038052E+00  -0.1736927E+01
  101   0.1539515E+02  -0.7111583E+01  -0.4166014E+00
  102   0.1742970E+02  -0.5176795E+01  -0.2199911E+01
  103   0.1461124E+02  -0.6313573E+01  -0.3552384E+01
  104   0.1169075E+02  -0.7145428E+01   0.1532827E+01
  105   0.8927846E+01  -0.5460129E+01   0.2280557E+01
  106   0.1135128E+01  -0.3371557E+01   0.3619836E+01
  107   0.5710601E+00  -0.2106272E+01   0.5986115E+01
  108  -0.2346889E+00  -0.3418890E+01   0.2282592E+01
  109   0.7614424E+00  -0.3428874E+01   0.7560875E+01
  110   0.1891079E+01  -0.5521307E+00   0.6291425E+01
  111  -0.1360340E+01  -0.1417147E+01   0.5878866E+01

 Reading esp"s for molecule   2
 total number of atoms      =   111
 total number of esp points =  3621


 center     X       Y       Z 
    1  -0.6164607E+00  -0.1051522E+02  -0.2244492E+01
    2   0.1685940E+01  -0.9925480E+01  -0.6569840E+00
    3   0.3308553E+01  -0.1148917E+02  -0.1445243E+00
    4  -0.9682125E+00  -0.9011345E+01  -0.3612107E+01
    5  -0.2261463E+01  -0.1060990E+02  -0.1003454E+01
    6  -0.3605106E+00  -0.1231979E+02  -0.3190666E+01
    7  -0.2569997E+01  -0.1875406E+01  -0.2700369E+01
    8  -0.6581653E+01  -0.1890087E+01   0.1222912E+01
    9   0.3914250E+01  -0.6458925E+01   0.1412916E+01
   10   0.1728238E+01  -0.7513001E+01   0.1954619E+00
   11   0.3296874E+01  -0.5595337E+01   0.4116141E+01
   12   0.9434251E+01  -0.6436161E+01  -0.1260188E+01
   13   0.2175413E+01  -0.6993855E+01   0.5540968E+01
   14   0.5164220E+01  -0.4517900E+01  -0.3834103E+00
   15   0.8821989E+01  -0.8495713E+01  -0.4859888E+01
   16  -0.4482152E+01  -0.1602108E+01  -0.4695397E+01
   17   0.7001231E+01  -0.5841576E+01  -0.2052581E+01
   18  -0.4303492E+00  -0.3735952E+01  -0.2867364E+01
   19   0.6691087E+01  -0.7120729E+01  -0.4265780E+01
   20   0.1037103E+02   0.8333588E+01   0.6401239E+00
   21  -0.3781098E+01  -0.2331920E+01   0.8770029E-01
   22   0.1040062E+02  -0.8046338E+01  -0.3023490E+01
   23  -0.2095893E+02   0.3772504E+01  -0.4812405E+01
   24  -0.1331588E+01   0.9402029E+00  -0.2285529E+01
   25   0.1041188E+01   0.1099428E+01  -0.1102787E+01
   26   0.1383791E+02   0.1065423E+02  -0.1135703E+01
   27  -0.9331542E+00   0.3616372E+01   0.2099514E+01
   28   0.1095542E+01   0.3570127E+01   0.3342472E+00
   29  -0.1904037E+02   0.4267956E+01  -0.7304944E+00
   30   0.3552842E+01   0.2113311E+01   0.3906256E+01
   31   0.3484651E+01   0.3911814E+01   0.1912456E+01
   32   0.1520859E+02   0.4110511E+01  -0.1678727E+01
   33   0.6070017E+01   0.5284133E+01  -0.1633659E+01
   34   0.5937289E+01   0.3612204E+01   0.4447905E+00
   35  -0.1918755E+02   0.1341140E+01  -0.7995225E+01
   36  -0.6501457E+01  -0.2701777E+01   0.3936433E+01
   37   0.8168862E+01   0.3976639E+01   0.2246548E+01
   38  -0.1491025E+02   0.3413015E+00  -0.4321267E+01
   39   0.1042526E+02   0.1262463E+02   0.4486795E+00
   40  -0.1433400E+02   0.2629665E+01   0.2157963E+01
   41  -0.1503472E+02   0.1992525E+01  -0.4168301E+00
   42  -0.8559319E+01  -0.2868929E+01  -0.5023137E+00
   43   0.1143924E+02   0.1063047E+02   0.2915847E-01
   44   0.1059411E+02   0.3992751E+01   0.8917447E+00
   45  -0.1522937E+02   0.1118871E+01   0.6360440E+01
   46  -0.2081846E+02   0.4650432E+01  -0.2454248E+01
   47  -0.1089075E+02  -0.1603512E+01   0.6288286E+01
   48  -0.1430557E+02   0.3579217E+00   0.3962553E+01
   49   0.1728235E+02   0.8770094E+01  -0.2850771E+01
   50  -0.1150782E+02  -0.2470099E+00   0.4096584E+01
   51  -0.1187143E+02   0.3679412E+01   0.2147874E+01
   52   0.1526287E+02   0.8615163E+01  -0.1818253E+01
   53  -0.6715109E+01   0.1219746E+01   0.1192011E+01
   54  -0.1719126E+02   0.2799926E+01  -0.1611097E+01
   55  -0.1034406E+02   0.2391269E+01   0.3978680E+01
   56   0.1404082E+02   0.6144416E+01  -0.1115976E+01
   57  -0.1706245E+02   0.1750708E+01  -0.4016284E+01
   58  -0.7545398E+01   0.2552695E+01   0.3369665E+01
   59   0.1409573E+02   0.1847674E+01  -0.1027646E+01
   60   0.1534458E+02  -0.3777525E+00  -0.1689362E+01
   61  -0.1907616E+02   0.2292444E+01  -0.5636047E+01
   62   0.1437184E+02  -0.2719461E+01  -0.1129867E+01
   63   0.1582865E+02  -0.5017347E+01  -0.1953852E+01
   64   0.1203895E+02  -0.2820546E+01   0.1861475E+00
   65  -0.1374058E+02   0.5222919E+00  -0.2144659E+01
   66   0.1078023E+02  -0.5321277E+01   0.8575142E+00
   67   0.1082259E+02  -0.6279541E+00   0.8973931E+00
   68   0.1179749E+02   0.1746993E+01   0.2651172E+00
   69   0.1157854E+02   0.6252962E+01   0.1679551E+00
   70   0.5214661E+00  -0.6234336E+01  -0.6236285E+00
   71   0.5207491E+01  -0.8045915E+01   0.1730433E+01
   72   0.3677611E+01  -0.3630577E+01  -0.1509897E+01
   73   0.6139204E+01  -0.3039339E+01   0.6695016E+00
   74   0.5018054E+01  -0.7161867E+01  -0.5427924E+01
   75   0.1226298E+02  -0.8850662E+01  -0.2835233E+01
   76   0.1451800E+02   0.1238717E+02  -0.1560379E+01
   77   0.1712723E+02  -0.1774604E+00  -0.2674121E+01
   78   0.9095461E+01  -0.7733364E+00   0.1970797E+01
   79   0.8004537E+01   0.5782611E+01   0.3207468E+01
   80   0.8196031E+01   0.2507988E+01   0.3678588E+01
   81   0.6025378E+01   0.1710992E+01  -0.3669753E+00
   82   0.6242897E+01   0.6984765E+01  -0.9899953E+00
   83   0.3442032E+01   0.5833809E+01   0.2718724E+01
   84   0.1793412E+01   0.1909780E+01   0.4394834E+01
   85  -0.1573122E+02   0.4009929E+01   0.2792265E+01
   86   0.9220540E+00   0.5146402E+01  -0.9921723E+00
   87  -0.2332903E+01   0.2722851E+01   0.1308495E+01
   88  -0.2237933E+02   0.5843927E+01  -0.1871532E+01
   89  -0.1543422E+02  -0.1203026E+01   0.3214804E+01
   90  -0.1426510E+02   0.1467448E+00   0.7574986E+01
   91   0.1310636E+01  -0.4617678E+00   0.2253555E+00
   92   0.2540081E+01   0.1059794E+01  -0.2527565E+01
   93  -0.1099579E+02  -0.1296365E+01   0.2392384E+01
   94  -0.9222426E+01  -0.2348240E+01   0.5885911E+01
   95  -0.1059441E+02   0.3298710E+01   0.5830116E+01
   96  -0.7055434E+01   0.4532249E+01   0.3050976E+01
   97  -0.6535294E+01   0.1868542E+01   0.5036953E+01
   98  -0.2058291E+02   0.1908060E+01  -0.9146578E+01
   99  -0.1771131E+02   0.3648796E+00  -0.8678846E+01
  100  -0.1194853E+02  -0.3708493E+00  -0.1705389E+01
  101   0.1586438E+02  -0.6500136E+01  -0.5234692E+00
  102   0.1777719E+02  -0.4485920E+01  -0.2353712E+01
  103   0.1503263E+02  -0.5822879E+01  -0.3676509E+01
  104   0.1217225E+02  -0.6678078E+01   0.1536803E+01
  105   0.9441324E+01  -0.5018672E+01   0.2393960E+01
  106   0.4346115E+01  -0.3372129E+01   0.4930654E+01
  107   0.3732235E+01  -0.2513929E+01   0.7467358E+01
  108   0.4549591E+01  -0.1963614E+01   0.3649427E+01
  109   0.1755535E+01  -0.1923768E+01   0.7609596E+01
  110   0.4045527E+01  -0.4056973E+01   0.8790569E+01
  111   0.4948833E+01  -0.9255821E+00   0.7951160E+01
 Initial ssvpot =    10.602


 Number of unique UNfrozen centers=   16

 Non-linear optimization requested.
 qchnge =    0.2563475480E-01
 qchnge =    0.3400867006E-03
 qchnge =    0.3163353120E-04
 qchnge =    0.3733971419E-05
 qchnge =    0.4573896865E-06

 Convergence in    4 iterations



beta                                                                            

          Point Charges Before & After Optimization

    no.  At.no.    q(init)       q(opt)     ivary    d(rstr)/dq
    1   6      -0.431392      -0.417079      0       0.002331
    2   6       0.671591       0.671591     -1       0.001473
    3   8      -0.607262      -0.607262     -1       0.001625
    4   1       0.136544       0.131944      0       0.000000
    5   1       0.136544       0.131944      4       0.000000
    6   1       0.136544       0.131944      4       0.000000
    7  15       0.900914       0.900914     -1       0.001103
    8  15       0.789009       0.789009     -1       0.001257
    9   6       0.019425       0.019425     -1       0.009817
   10   7      -0.294469      -0.294469     -1       0.003216
   11   6       0.536537       0.536537     -1       0.001832
   12   7      -0.033814      -0.033814     -1       0.009473
   13   8      -0.517184      -0.517184     -1       0.001898
   14   6      -0.030177      -0.027356      0       0.009645
   15   7      -0.581620      -0.581620     -1       0.001694
   16   8      -0.683463      -0.683463     -1       0.001448
   17   6       0.067525       0.067525     -1       0.008288
   18   8      -0.628053      -0.628053     -1       0.001572
   19   6       0.291546       0.291546     -1       0.003244
   20   7      -0.590171      -0.590171     -1       0.001671
   21   8      -0.170539      -0.170539     -1       0.005058
   22   6       0.385271       0.385271     -1       0.002512
   23   7      -0.776797      -0.776797     -1       0.001277
   24   8      -0.374445      -0.374445     -1       0.002580
   25   6       0.005759       0.004817      0       0.009988
   26   7      -0.484579      -0.484579     -1       0.002021
   27   8      -0.592052      -0.592052     -1       0.001665
   28   6       0.105393       0.105393     -1       0.006883
   29   7      -0.658845      -0.658845     -1       0.001501
   30   8      -0.661483      -0.661483     -1       0.001495
   31   6       0.032139       0.032139     -1       0.009520
   32   7      -0.519595      -0.519595     -1       0.001890
   33   8      -0.592477      -0.592477     -1       0.001664
   34   6       0.041590       0.041590     -1       0.009233
   35   7      -0.810725      -0.810725     -1       0.001224
   36   8      -0.660060      -0.660060     -1       0.001498
   37   6      -0.014874      -0.017084      0       0.009857
   38   7      -0.480812      -0.480812     -1       0.002036
   39   8      -0.572897      -0.572897     -1       0.001720
   40   6       0.037476       0.037476     -1       0.009364
   41   7      -0.136878      -0.136878     -1       0.005899
   42   8      -0.606157      -0.606157     -1       0.001628
   43   6       0.751707       0.751707     -1       0.001319
   44   7      -0.035977      -0.035977     -1       0.009410
   45   8      -0.706681      -0.706681     -1       0.001401
   46   6       0.657779       0.657779     -1       0.001503
   47   8      -0.688913      -0.688913     -1       0.001437
   48   6       0.343418       0.343418     -1       0.002796
   49   8      -0.513020      -0.513020     -1       0.001913
   50   6       0.147163       0.147163     -1       0.005620
   51   8      -0.375162      -0.375162     -1       0.002576
   52   6       0.461513       0.461513     -1       0.002118
   53   8      -0.333874      -0.333874     -1       0.002869
   54   6       0.561264       0.561264     -1       0.001754
   55   6       0.080877       0.080877     -1       0.007775
   56   6       0.442575       0.442575     -1       0.002204
   57   6       0.051546       0.051546     -1       0.008889
   58   6      -0.009377      -0.008138      0       0.009967
   59   6       0.317135       0.317135     -1       0.003007
   60   6      -0.215846      -0.215846     -1       0.004204
   61   6       0.760875       0.760875     -1       0.001303
   62   6       0.007484       0.007484     -1       0.009972
   63   6      -0.194340      -0.176260      0       0.004933
   64   6       0.033447       0.033447     -1       0.009484
   65   6       0.445714       0.445714     -1       0.002189
   66   6       0.005082      -0.003279      0       0.009995
   67   6      -0.242965      -0.242965     -1       0.003806
   68   6       0.004199       0.004199     -1       0.009991
   69   6       0.245373       0.245373     -1       0.003774
   70   1       0.144511       0.144511     -1       0.000000
   71   1       0.072674       0.072674     -1       0.000000
   72   1       0.047769       0.046389      0       0.000000
   73   1       0.047769       0.046389     72       0.000000
   74   1       0.158431       0.158431     -1       0.000000
   75   1       0.134138       0.134138     -1       0.000000
   76   1       0.337440       0.337440     -1       0.000000
   77   1       0.197788       0.197788     -1       0.000000
   78   1       0.155870       0.155870     -1       0.000000
   79   1       0.107985       0.108936      0       0.000000
   80   1       0.107985       0.108936     79       0.000000
   81   1       0.143225       0.143225     -1       0.000000
   82   1       0.412530       0.412530     -1       0.000000
   83   1       0.135539       0.135539     -1       0.000000
   84   1       0.460505       0.460505     -1       0.000000
   85   1       0.174336       0.174336     -1       0.000000
   86   1       0.094586       0.094586     -1       0.000000
   87   1       0.359030       0.359030     -1       0.000000
   88   1       0.094919       0.094919     -1       0.000000
   89   1       0.006785       0.006785     -1       0.000000
   90   1       0.469115       0.469115     -1       0.000000
   91   1       0.103696       0.104521      0       0.000000
   92   1       0.103696       0.104521     91       0.000000
   93   1       0.031204       0.031204     -1       0.000000
   94   1       0.469993       0.469993     -1       0.000000
   95   1       0.096796       0.096796     -1       0.000000
   96   1       0.094820       0.094408      0       0.000000
   97   1       0.094820       0.094408     96       0.000000
   98   1       0.451915       0.451915     -1       0.000000
   99   1       0.423380       0.423380     -1       0.000000
  100   1       0.151270       0.151270     -1       0.000000
  101   1       0.078983       0.073724      0       0.000000
  102   1       0.078983       0.073724    101       0.000000
  103   1       0.078983       0.073724    101       0.000000
  104   1       0.068559       0.071149      0       0.000000
  105   1       0.068559       0.071149    104       0.000000
  106   7      -0.265096      -0.265096     -1       0.003529
  107   6      -0.056222      -0.052966      0       0.008837
  108   1       0.066217       0.066217     -1       0.000000
  109   1       0.070845       0.069588      0       0.000000
  110   1       0.070845       0.069588    109       0.000000
  111   1       0.070845       0.069588    109       0.000000

  112   6      -0.431392      -0.417079      1       0.002331
  113   6       0.671591       0.671591     -1       0.001473
  114   8      -0.607262      -0.607262     -1       0.001625
  115   1       0.136544       0.131944      4       0.000000
  116   1       0.136544       0.131944      4       0.000000
  117   1       0.136544       0.131944      4       0.000000
  118  15       0.900914       0.900914     -1       0.001103
  119  15       0.789009       0.789009     -1       0.001257
  120   6       0.019425       0.019425     -1       0.009817
  121   7      -0.294469      -0.294469     -1       0.003216
  122   6       0.536537       0.536537     -1       0.001832
  123   7      -0.033814      -0.033814     -1       0.009473
  124   8      -0.517184      -0.517184     -1       0.001898
  125   6      -0.030177      -0.027356     14       0.009645
  126   7      -0.581620      -0.581620     -1       0.001694
  127   8      -0.683463      -0.683463     -1       0.001448
  128   6       0.067525       0.067525     -1       0.008288
  129   8      -0.628053      -0.628053     -1       0.001572
  130   6       0.291546       0.291546     -1       0.003244
  131   7      -0.590171      -0.590171     -1       0.001671
  132   8      -0.170539      -0.170539     -1       0.005058
  133   6       0.385271       0.385271     -1       0.002512
  134   7      -0.776797      -0.776797     -1       0.001277
  135   8      -0.374445      -0.374445     -1       0.002580
  136   6       0.005759       0.004817     25       0.009988
  137   7      -0.484579      -0.484579     -1       0.002021
  138   8      -0.592052      -0.592052     -1       0.001665
  139   6       0.105393       0.105393     -1       0.006883
  140   7      -0.658845      -0.658845     -1       0.001501
  141   8      -0.661483      -0.661483     -1       0.001495
  142   6       0.032139       0.032139     -1       0.009520
  143   7      -0.519595      -0.519595     -1       0.001890
  144   8      -0.592477      -0.592477     -1       0.001664
  145   6       0.041590       0.041590     -1       0.009233
  146   7      -0.810725      -0.810725     -1       0.001224
  147   8      -0.660060      -0.660060     -1       0.001498
  148   6      -0.014874      -0.017084     37       0.009857
  149   7      -0.480812      -0.480812     -1       0.002036
  150   8      -0.572897      -0.572897     -1       0.001720
  151   6       0.037476       0.037476     -1       0.009364
  152   7      -0.136878      -0.136878     -1       0.005899
  153   8      -0.606157      -0.606157     -1       0.001628
  154   6       0.751707       0.751707     -1       0.001319
  155   7      -0.035977      -0.035977     -1       0.009410
  156   8      -0.706681      -0.706681     -1       0.001401
  157   6       0.657779       0.657779     -1       0.001503
  158   8      -0.688913      -0.688913     -1       0.001437
  159   6       0.343418       0.343418     -1       0.002796
  160   8      -0.513020      -0.513020     -1       0.001913
  161   6       0.147163       0.147163     -1       0.005620
  162   8      -0.375162      -0.375162     -1       0.002576
  163   6       0.461513       0.461513     -1       0.002118
  164   8      -0.333874      -0.333874     -1       0.002869
  165   6       0.561264       0.561264     -1       0.001754
  166   6       0.080877       0.080877     -1       0.007775
  167   6       0.442575       0.442575     -1       0.002204
  168   6       0.051546       0.051546     -1       0.008889
  169   6      -0.009377      -0.008138     58       0.009967
  170   6       0.317135       0.317135     -1       0.003007
  171   6      -0.215846      -0.215846     -1       0.004204
  172   6       0.760875       0.760875     -1       0.001303
  173   6       0.007484       0.007484     -1       0.009972
  174   6      -0.194340      -0.176260     63       0.004933
  175   6       0.033447       0.033447     -1       0.009484
  176   6       0.445714       0.445714     -1       0.002189
  177   6       0.005082      -0.003279     66       0.009995
  178   6      -0.242965      -0.242965     -1       0.003806
  179   6       0.004199       0.004199     -1       0.009991
  180   6       0.245373       0.245373     -1       0.003774
  181   1       0.144511       0.144511     -1       0.000000
  182   1       0.072674       0.072674     -1       0.000000
  183   1       0.047769       0.046389     72       0.000000
  184   1       0.047769       0.046389     72       0.000000
  185   1       0.158431       0.158431     -1       0.000000
  186   1       0.134138       0.134138     -1       0.000000
  187   1       0.337440       0.337440     -1       0.000000
  188   1       0.197788       0.197788     -1       0.000000
  189   1       0.155870       0.155870     -1       0.000000
  190   1       0.107985       0.108936     79       0.000000
  191   1       0.107985       0.108936     79       0.000000
  192   1       0.143225       0.143225     -1       0.000000
  193   1       0.412530       0.412530     -1       0.000000
  194   1       0.135539       0.135539     -1       0.000000
  195   1       0.460505       0.460505     -1       0.000000
  196   1       0.174336       0.174336     -1       0.000000
  197   1       0.094586       0.094586     -1       0.000000
  198   1       0.359030       0.359030     -1       0.000000
  199   1       0.094919       0.094919     -1       0.000000
  200   1       0.006785       0.006785     -1       0.000000
  201   1       0.469115       0.469115     -1       0.000000
  202   1       0.103696       0.104521     91       0.000000
  203   1       0.103696       0.104521     91       0.000000
  204   1       0.031204       0.031204     -1       0.000000
  205   1       0.469993       0.469993     -1       0.000000
  206   1       0.096796       0.096796     -1       0.000000
  207   1       0.094820       0.094408     96       0.000000
  208   1       0.094820       0.094408     96       0.000000
  209   1       0.451915       0.451915     -1       0.000000
  210   1       0.423380       0.423380     -1       0.000000
  211   1       0.151270       0.151270     -1       0.000000
  212   1       0.078983       0.073724    101       0.000000
  213   1       0.078983       0.073724    101       0.000000
  214   1       0.078983       0.073724    101       0.000000
  215   1       0.068559       0.071149    104       0.000000
  216   1       0.068559       0.071149    104       0.000000
  217   7      -0.265096      -0.265096     -1       0.003529
  218   6      -0.056222      -0.052966    107       0.008837
  219   1       0.066217       0.066217     -1       0.000000
  220   1       0.070845       0.069588    109       0.000000
  221   1       0.070845       0.069588    109       0.000000
  222   1       0.070845       0.069588    109       0.000000

 Sum over the calculated charges:     -0.000

        Statistics of the fitting:
  The initial sum of squares (ssvpot)                     10.602
  The residual sum of squares (chipot)                     0.066
  The std err of estimate (sqrt(chipot/N))               0.00426
  ESP relative RMS (SQRT(chipot/ssvpot))                 0.07868
