
**********************************************************************
*                                                                    *
*                        M   A   P   L   E                           *
*                                                                    *
*      MAchine-learning Potential for Landscape Exploration          *
*                                                                    *
*                                                                    *
*      © 2025 University of Pittsburgh. All rights reserved.         *
*      Licensed under CC BY 4.0 for academic use.                    *
*                                                                    *
*      Principal Developer:  Xujian Wang                             *
*                                                                    *
**********************************************************************


Parsing # commands...
Global parameter: model = ANI-1xnr
Task set to 'freq'
Global parameter: device = gpu0
Parsed configuration:
----------------------------------------
Task: freq
model          : ani1xnr
method         : mw
temperature    : 298.15
pressure_kpa   : 101.325
ilowfreq       : 2
verbosity      : 1
treat_imag_as_real: False
device         : gpu0

                             Coordinates                              
**********************************************************************
Starting frequency analysis calculation, Number of atoms: 7
Frequency analysis summary:
  Zero frequencies (|ν| < 5.0 cm⁻¹):    6
  Imaginary frequencies (ν < -5.0 cm⁻¹): 1
  Real frequencies (ν > 5.0 cm⁻¹):       14

------------------------------------------------------------
VIBRATIONAL FREQUENCIES
------------------------------------------------------------

Scaling factor for frequencies = 1.000000000 (already applied!)

     0:        0.00 cm**-1
     1:        0.00 cm**-1
     2:        0.00 cm**-1
     3:        0.00 cm**-1
     4:        0.00 cm**-1
     5:        0.00 cm**-1
     6:    -2352.64 cm**-1  ***imaginary mode***
     7:      504.24 cm**-1
     8:      733.85 cm**-1
     9:      916.05 cm**-1
    10:      954.34 cm**-1
    11:     1046.19 cm**-1
    12:     1185.18 cm**-1
    13:     1246.95 cm**-1
    14:     1501.14 cm**-1
    15:     1535.69 cm**-1



------------------------------------------------------------
THERMOCHEMISTRY AT 298.15K
------------------------------------------------------------

Temperature         ...   298.15 K
Pressure            ...   1.00 atm
Total Mass          ...   44.05 AMU

------------------------------------------------------------
INNER ENERGY
------------------------------------------------------------

Zero point energy                ...        33.87 kcal/mol
Thermal vibrational correction   ...         0.31 kcal/mol
Thermal rotational correction    ...         0.89 kcal/mol
Thermal translational correction ...         1.48 kcal/mol
------------------------------------------------------------
Total thermal correction         ...        36.55 kcal/mol

------------------------------------------------------------
ENTROPY
------------------------------------------------------------

Translational entropy            ...     0.037274 kcal/(mol*K)
Rotational entropy               ...     0.021607 kcal/(mol*K)
Vibrational entropy              ...     0.001384 kcal/(mol*K)
------------------------------------------------------------
Total entropy                    ...     0.060265 kcal/(mol*K)

------------------------------------------------------------
GIBBS FREE ENERGY
------------------------------------------------------------

Total enthalpy correction        ...        36.55 kcal/mol
Total entropy correction         ...        -0.02 kcal/mol
------------------------------------------------------------
Final Gibbs free energy corr.    ...        18.58 kcal/mol


------------------------------------------------------------
NORMAL MODES
------------------------------------------------------------

These modes are the Cartesian displacements weighted by the diagonal matrix
M(i,i)=1/sqrt(m[i]) where m[i] is the mass of the displaced atom
Thus, these vectors are normalized but *not* orthogonal

                 0              1              2              3              4              5    
     0       0.000000       0.000000       0.000000       0.000000       0.000000       0.000000  
     1       0.000000       0.000000       0.000000       0.000000       0.000000       0.000000  
     2       0.000000       0.000000       0.000000       0.000000       0.000000       0.000000  
     3       0.000000       0.000000       0.000000       0.000000       0.000000       0.000000  
     4       0.000000       0.000000       0.000000       0.000000       0.000000       0.000000  
     5       0.000000       0.000000       0.000000       0.000000       0.000000       0.000000  
     6       0.000000       0.000000       0.000000       0.000000       0.000000       0.000000  
     7       0.000000       0.000000       0.000000       0.000000       0.000000       0.000000  
     8       0.000000       0.000000       0.000000       0.000000       0.000000       0.000000  
     9       0.000000       0.000000       0.000000       0.000000       0.000000       0.000000  
    10       0.000000       0.000000       0.000000       0.000000       0.000000       0.000000  
    11       0.000000       0.000000       0.000000       0.000000       0.000000       0.000000  
    12       0.000000       0.000000       0.000000       0.000000       0.000000       0.000000  
    13       0.000000       0.000000       0.000000       0.000000       0.000000       0.000000  
    14       0.000000       0.000000       0.000000       0.000000       0.000000       0.000000  
    15       0.000000       0.000000       0.000000       0.000000       0.000000       0.000000  
    16       0.000000       0.000000       0.000000       0.000000       0.000000       0.000000  
    17       0.000000       0.000000       0.000000       0.000000       0.000000       0.000000  
    18       0.000000       0.000000       0.000000       0.000000       0.000000       0.000000  
    19       0.000000       0.000000       0.000000       0.000000       0.000000       0.000000  
    20       0.000000       0.000000       0.000000       0.000000       0.000000       0.000000  

                 6              7              8              9             10             11    
     0       0.011101       0.002291      -0.015763       0.009959      -0.009940       0.037127  
     1      -0.014900      -0.038810       0.076185       0.019343      -0.034166      -0.015840  
     2      -0.032174       0.021070      -0.078065       0.008965      -0.001782      -0.068125  
     3       0.010756      -0.319750      -0.101174      -0.443080       0.283144      -0.345028  
     4      -0.002084      -0.227086       0.135071      -0.097741       0.346076      -0.083114  
     5      -0.016256      -0.075697       0.010170      -0.022112       0.257205      -0.020193  
     6       0.002108       0.003013       0.046262      -0.013117      -0.023017      -0.024495  
     7      -0.017171       0.027212      -0.095380       0.005956       0.057242       0.038471  
     8       0.012950       0.008419      -0.033424       0.002257       0.046042       0.074921  
     9      -0.006653       0.001432      -0.045876       0.028727       0.036171       0.023783  
    10       0.023534       0.002176       0.067385      -0.015402      -0.055527      -0.037035  
    11      -0.003915      -0.030445       0.117610      -0.023584      -0.087938      -0.045748  
    12      -0.237201      -0.164236      -0.099806       0.271730       0.208253      -0.641937  
    13       0.774579      -0.063620      -0.085902       0.078968       0.006094      -0.105034  
    14       0.527893      -0.063155      -0.174803      -0.043120      -0.063638      -0.184216  
    15      -0.000986       0.418563       0.025171      -0.487802       0.129693      -0.069857  
    16      -0.050577       0.204229      -0.121285       0.016638      -0.374431      -0.228412  
    17       0.036738      -0.472715       0.230770       0.280227       0.173879       0.248763  
    18      -0.088824      -0.278230      -0.214153      -0.102649      -0.244577       0.100353  
    19       0.008734      -0.127460       0.198043      -0.536560       0.091884       0.158711  
    20       0.117161       0.464808       0.420796       0.243559       0.411510      -0.098045  

                12             13             14             15    
     0      -0.065837       0.012167      -0.056681      -0.032053  
     1       0.118844      -0.107106       0.087095      -0.054174  
     2       0.128956       0.163494       0.016305      -0.025931  
     3      -0.195096       0.055599       0.435634       0.399651  
     4       0.226899      -0.203166      -0.275375       0.268739  
     5       0.226514       0.032344      -0.515522       0.128342  
     6       0.022859       0.013859       0.004331       0.014020  
     7      -0.011908       0.005358       0.003136      -0.000643  
     8      -0.087136      -0.083279       0.007271       0.003725  
     9       0.036170      -0.023171       0.050889       0.010911  
    10      -0.100702       0.100788      -0.089915       0.060508  
    11       0.000842      -0.044144      -0.019742       0.016066  
    12      -0.275110      -0.186030      -0.168707      -0.445182  
    13       0.074914      -0.040717       0.002656      -0.112536  
    14       0.029442      -0.041833      -0.055831      -0.075622  
    15       0.169970      -0.218118      -0.268311      -0.037598  
    16      -0.163619      -0.073653       0.091240       0.222237  
    17      -0.017019       0.231664      -0.016408       0.045967  
    18       0.075045      -0.075210      -0.034230       0.066209  
    19      -0.131413       0.238604       0.099154      -0.598312  
    20      -0.067850       0.134788       0.269357       0.071502  

Frequency analysis completedOutput file: /home/user/software/MAPLE/example/freq/mw/inp1.out


Program started: 2026-02-02 22:26:40

======================================================================
                      TIMING SUMMARY
======================================================================
Input Reading (×5)..................................   0.003 s  (   0.3 %)
  Settings Parsing (×5)...............................   0.001 s  (  18.8 %)
  Coordinate Section Parsing (×5).....................   0.001 s  (  34.2 %)
  Post-Processing Expansion (×5)......................   0.000 s  (   0.3 %)
MLP Initialization (×5).............................   0.671 s  (  55.1 %)
Job Dispatching (×5)................................   4.491 s  ( 369.2 %)
  Single Point Energy Calculation (×3)................   0.576 s  (  12.8 %)
  Frequency Calculation (×2)..........................   3.907 s  (  87.0 %)
======================================================================
Total wall time: 1.216 s
Total CPU time: 1.225 s
======================================================================

Program ended: 2026-02-02 22:26:41
TOTAL RUN TIME: 0 days 0 hours 0 minutes 1 seconds 216 msec
