
**********************************************************************
*                                                                    *
*                        M   A   P   L   E                           *
*                                                                    *
*      MAchine-learning Potential for Landscape Exploration          *
*                                                                    *
*                                                                    *
*      © 2025 University of Pittsburgh. All rights reserved.         *
*      Licensed under CC BY 4.0 for academic use.                    *
*                                                                    *
*      Principal Developer:  Xujian Wang                             *
*                                                                    *
**********************************************************************


Parsing # commands...
Global parameter: model = ANI-1xnr
Task set to 'freq'
Global parameter: device = gpu0
Parsed configuration:
----------------------------------------
Task: freq
model          : ani1xnr
method         : mw
temperature    : 298.15
pressure_kpa   : 101.325
ilowfreq       : 2
verbosity      : 10
treat_imag_as_real: False
device         : gpu0

                             Coordinates                              
**********************************************************************
Starting frequency analysis calculation, Number of atoms: 7
Frequency analysis summary:
  Zero frequencies (|ν| < 5.0 cm⁻¹):    6
  Imaginary frequencies (ν < -5.0 cm⁻¹): 1
  Real frequencies (ν > 5.0 cm⁻¹):       14

------------------------------------------------------------
VIBRATIONAL FREQUENCIES
------------------------------------------------------------

Scaling factor for frequencies = 1.000000000 (already applied!)

     0:        0.00 cm**-1
     1:        0.00 cm**-1
     2:        0.00 cm**-1
     3:        0.00 cm**-1
     4:        0.00 cm**-1
     5:        0.00 cm**-1
     6:    -2352.63 cm**-1  ***imaginary mode***
     7:      504.23 cm**-1
     8:      733.85 cm**-1
     9:      916.05 cm**-1
    10:      954.34 cm**-1
    11:     1046.19 cm**-1
    12:     1185.18 cm**-1
    13:     1246.95 cm**-1
    14:     1501.15 cm**-1
    15:     1535.69 cm**-1



------------------------------------------------------------
THERMOCHEMISTRY AT 298.15K
------------------------------------------------------------

Temperature         ...   298.15 K
Pressure            ...   1.00 atm
Total Mass          ...   44.05 AMU

------------------------------------------------------------
INNER ENERGY
------------------------------------------------------------

Zero point energy                ...        33.87 kcal/mol
Thermal vibrational correction   ...         0.31 kcal/mol
Thermal rotational correction    ...         0.89 kcal/mol
Thermal translational correction ...         1.48 kcal/mol
------------------------------------------------------------
Total thermal correction         ...        36.55 kcal/mol

------------------------------------------------------------
ENTROPY
------------------------------------------------------------

Translational entropy            ...     0.037274 kcal/(mol*K)
Rotational entropy               ...     0.021607 kcal/(mol*K)
Vibrational entropy              ...     0.001384 kcal/(mol*K)
------------------------------------------------------------
Total entropy                    ...     0.060265 kcal/(mol*K)

------------------------------------------------------------
GIBBS FREE ENERGY
------------------------------------------------------------

Total enthalpy correction        ...        36.55 kcal/mol
Total entropy correction         ...        -0.02 kcal/mol
------------------------------------------------------------
Final Gibbs free energy corr.    ...        18.58 kcal/mol


------------------------------------------------------------
NORMAL MODES
------------------------------------------------------------

These modes are the Cartesian displacements weighted by the diagonal matrix
M(i,i)=1/sqrt(m[i]) where m[i] is the mass of the displaced atom
Thus, these vectors are normalized but *not* orthogonal

                 0              1              2              3              4              5    
     0       0.000000       0.000000       0.000000       0.000000       0.000000       0.000000  
     1       0.000000       0.000000       0.000000       0.000000       0.000000       0.000000  
     2       0.000000       0.000000       0.000000       0.000000       0.000000       0.000000  
     3       0.000000       0.000000       0.000000       0.000000       0.000000       0.000000  
     4       0.000000       0.000000       0.000000       0.000000       0.000000       0.000000  
     5       0.000000       0.000000       0.000000       0.000000       0.000000       0.000000  
     6       0.000000       0.000000       0.000000       0.000000       0.000000       0.000000  
     7       0.000000       0.000000       0.000000       0.000000       0.000000       0.000000  
     8       0.000000       0.000000       0.000000       0.000000       0.000000       0.000000  
     9       0.000000       0.000000       0.000000       0.000000       0.000000       0.000000  
    10       0.000000       0.000000       0.000000       0.000000       0.000000       0.000000  
    11       0.000000       0.000000       0.000000       0.000000       0.000000       0.000000  
    12       0.000000       0.000000       0.000000       0.000000       0.000000       0.000000  
    13       0.000000       0.000000       0.000000       0.000000       0.000000       0.000000  
    14       0.000000       0.000000       0.000000       0.000000       0.000000       0.000000  
    15       0.000000       0.000000       0.000000       0.000000       0.000000       0.000000  
    16       0.000000       0.000000       0.000000       0.000000       0.000000       0.000000  
    17       0.000000       0.000000       0.000000       0.000000       0.000000       0.000000  
    18       0.000000       0.000000       0.000000       0.000000       0.000000       0.000000  
    19       0.000000       0.000000       0.000000       0.000000       0.000000       0.000000  
    20       0.000000       0.000000       0.000000       0.000000       0.000000       0.000000  

                 6              7              8              9             10             11    
     0       0.011101       0.002291      -0.015762       0.009958      -0.009936       0.037127  
     1      -0.014900      -0.038812       0.076183       0.019352      -0.034164      -0.015835  
     2      -0.032174       0.021071      -0.078064       0.008971      -0.001779      -0.068122  
     3       0.010755      -0.319744      -0.101184      -0.443107       0.283047      -0.345076  
     4      -0.002077      -0.227086       0.135054      -0.097815       0.346048      -0.083132  
     5      -0.016249      -0.075691       0.010162      -0.022174       0.257202      -0.020206  
     6       0.002108       0.003012       0.046262      -0.013110      -0.023020      -0.024495  
     7      -0.017171       0.027215      -0.095379       0.005942       0.057243       0.038470  
     8       0.012950       0.008421      -0.033423       0.002243       0.046042       0.074918  
     9      -0.006653       0.001433      -0.045877       0.028718       0.036177       0.023785  
    10       0.023534       0.002174       0.067387      -0.015389      -0.055528      -0.037037  
    11      -0.003915      -0.030449       0.117609      -0.023563      -0.087944      -0.045748  
    12      -0.237201      -0.164223      -0.099805       0.271738       0.208290      -0.641928  
    13       0.774578      -0.063614      -0.085903       0.078971       0.006105      -0.105024  
    14       0.527895      -0.063149      -0.174807      -0.043091      -0.063656      -0.184219  
    15      -0.000986       0.418566       0.025176      -0.487824       0.129588      -0.069893  
    16      -0.050578       0.204229      -0.121277       0.016732      -0.374439      -0.228406  
    17       0.036739      -0.472725       0.230758       0.280171       0.173959       0.248775  
    18      -0.088821      -0.278226      -0.214161      -0.102607      -0.244599       0.100352  
    19       0.008730      -0.127464       0.198042      -0.536589       0.091783       0.158668  
    20       0.117163       0.464799       0.420810       0.243484       0.411553      -0.098033  

                12             13             14             15    
     0      -0.065839       0.012165      -0.056684       0.032047  
     1       0.118848      -0.107102       0.087090       0.054182  
     2       0.128953       0.163499       0.016303       0.025932  
     3      -0.195093       0.055586       0.435675      -0.399608  
     4       0.226906      -0.203173      -0.275348      -0.268761  
     5       0.226510       0.032339      -0.515507      -0.128389  
     6       0.022860       0.013860       0.004332      -0.014019  
     7      -0.011910       0.005357       0.003136       0.000643  
     8      -0.087135      -0.083282       0.007271      -0.003725  
     9       0.036170      -0.023170       0.050889      -0.010907  
    10      -0.100703       0.100786      -0.089910      -0.060515  
    11       0.000845      -0.044143      -0.019741      -0.016068  
    12      -0.275093      -0.186039      -0.168745       0.445171  
    13       0.074915      -0.040709       0.002650       0.112543  
    14       0.029441      -0.041833      -0.055828       0.075621  
    15       0.169981      -0.218110      -0.268308       0.037581  
    16      -0.163619      -0.073652       0.091265      -0.222232  
    17      -0.017025       0.231657      -0.016414      -0.045969  
    18       0.075043      -0.075204      -0.034225      -0.066210  
    19      -0.131426       0.238595       0.099112       0.598318  
    20      -0.067845       0.134777       0.269365      -0.071486  

Frequency analysis completedOutput file: /home/user/software/MAPLE/example/freq/mw/inp2.out


Program started: 2026-02-02 22:26:41

======================================================================
                      TIMING SUMMARY
======================================================================
Input Reading (×6)..................................   0.003 s  (   0.3 %)
  Settings Parsing (×6)...............................   0.001 s  (  19.4 %)
  Coordinate Section Parsing (×6).....................   0.001 s  (  34.1 %)
  Post-Processing Expansion (×6)......................   0.000 s  (   0.3 %)
MLP Initialization (×6).............................   0.737 s  (  60.2 %)
Job Dispatching (×6)................................   5.648 s  ( 461.3 %)
  Single Point Energy Calculation (×3)................   0.576 s  (  10.2 %)
  Frequency Calculation (×3)..........................   5.064 s  (  89.7 %)
======================================================================
Total wall time: 1.224 s
Total CPU time: 1.233 s
======================================================================

Program ended: 2026-02-02 22:26:43
TOTAL RUN TIME: 0 days 0 hours 0 minutes 1 seconds 224 msec
