
**********************************************************************
*                                                                    *
*                        M   A   P   L   E                           *
*                                                                    *
*      MAchine-learning Potential for Landscape Exploration          *
*                                                                    *
*                                                                    *
*      © 2025 University of Pittsburgh. All rights reserved.         *
*      Licensed under CC BY 4.0 for academic use.                    *
*                                                                    *
*      Principal Developer:  Xujian Wang                             *
*                                                                    *
**********************************************************************


Parsing # commands...
Global parameter: model = aimnet2nse
Task set to 'ts'
Global parameter: device = gpu0
Parsed configuration:
----------------------------------------
Task: ts
model          : aimnet2nse
method         : afir
device         : gpu0

                             Coordinates                              
**********************************************************************

######################################################################
                         DS-AFIR Path Search                          
######################################################################

Ref: Maeda et al. J. Comput. Chem. 2018, 39, 233-251.

Reactant: -153.91522503 Eh
Product:  -153.93110862 Eh
dE: -9.97 kcal/mol

Thresholds: f_max=0.002850, f_rms=0.001900

Reactant:
C        0.826066       0.550860      -0.126179
H        0.455445       1.241751      -0.878432
O        0.568075       1.024651       1.118743
C        1.441110      -0.587360      -0.436361
H        0.909909       0.393232       1.766632
H        1.591683      -0.859293      -1.474189
H        1.808953      -1.273475       0.323724

Product:
C        0.964601       0.915184       0.079478
H        1.213995       1.461369      -0.856381
O        0.558938       1.513833       1.046148
C        1.173339      -0.574112       0.026877
H        0.895519      -1.026143       0.981199
H        0.571803      -1.005747      -0.781942
H        2.223047      -0.794017      -0.201441
AFIR path: /home/user/software/MAPLE/example/ts/afir/inp1_afir_path.xyz

======================================================================
                           LUP Optimization                           
======================================================================

LUP path: /home/user/software/MAPLE/example/ts/afir/inp1_lup_path.xyz

======================================================================
                         TS/EQ Identification                         
======================================================================

Found 1 TS, 0 intermediates

TS 0 (point 2): E = -153.78090169 Eh
  PRFO not converged: -153.70846345 Eh

======================================================================
                               Results                                
======================================================================

EQ List:
------------------------------------------------------------
 Idx        Label          E(Eh)     dE(kcal)
------------------------------------------------------------
   0     Reactant  -153.91522503         0.00
   1      Product  -153.93110861        -9.97

TS List:
----------------------------------------------------------------------
 Idx     Connects          E(Eh)     dE(kcal)      Barrier
----------------------------------------------------------------------
   0      EQ0-EQ1  -153.70846345       129.74       139.71

Output: /home/user/software/MAPLE/example/ts/afir/inp1_eq_list.xyz
        /home/user/software/MAPLE/example/ts/afir/inp1_ts_list.xyz

======================================================================
                          DS-AFIR Completed                           
======================================================================



Program started: 2026-01-06 16:07:24

======================================================================
                      TIMING SUMMARY
======================================================================
Input Reading.......................................   0.121 s  (   0.2 %)
  Settings Parsing....................................   0.120 s  (  99.2 %)
  Coordinate Section Parsing..........................   0.000 s  (   0.3 %)
  Post-Processing Expansion...........................   0.000 s  (   0.0 %)
MLP Initialization..................................   0.179 s  (   0.3 %)
Job Dispatching.....................................  58.795 s  (  99.5 %)
  Transition State Optimization.......................  58.794 s  ( 100.0 %)
======================================================================
Total wall time: 59.095 s
Total CPU time: 59.039 s
======================================================================

Program ended: 2026-01-06 16:08:24
TOTAL RUN TIME: 0 days 0 hours 0 minutes 59 seconds 95 msec
