
**********************************************************************
*                                                                    *
*                        M   A   P   L   E                           *
*                                                                    *
*      MAchine-learning Potential for Landscape Exploration          *
*                                                                    *
*                                                                    *
*      © 2025 University of Pittsburgh. All rights reserved.         *
*      Licensed under CC BY 4.0 for academic use.                    *
*                                                                    *
*      Principal Developer:  Xujian Wang                             *
*                                                                    *
**********************************************************************


Parsing # commands...
Global parameter: model = ANI-1xnr
Task set to 'irc'
Global parameter: device = gpu0
Parsed configuration:
----------------------------------------
Task: irc
model          : ani1xnr
method         : hpc
step_length_bohr: 0.1
device         : gpu0

                             Coordinates                              
**********************************************************************

[INFO] HPC-IRC: Selected negative eigenmode #1 with λ = -6.112947e-01 (MW basis)

         *************************************************************
         *                      FORWARD HPC-IRC                      *
         *************************************************************

Iteration    E(Eh)      dE(kcal/mol)  max(|G|)   RMS(G) 
Convergence thresholds                0.002850  0.001900
    0      -29.608021     -0.420011    0.016110  0.007875
    1      -29.611968     -2.897196    0.041267  0.019523
    2      -29.620047     -7.966597    0.073544  0.033046
    3      -29.632019    -15.478979    0.108082  0.045547
    4      -29.646018    -24.263839    0.105810  0.046513
    5      -29.658803    -32.286306    0.103047  0.043902
    6      -29.670054    -39.346660    0.097292  0.040176
    7      -29.679736    -45.422151    0.084952  0.034219
    8      -29.687370    -50.212445    0.074103  0.027579
    9      -29.693307    -53.938003    0.066835  0.022071
   10      -29.698030    -56.901635    0.060326  0.018526
   11      -29.701908    -59.335162    0.050923  0.015439
   12      -29.705215    -61.409962    0.041476  0.012555
   13      -29.707849    -63.063077    0.028609  0.008781
   14      -29.709320    -63.986132    0.016707  0.006894
   15      -29.709578    -64.148384    0.012030  0.004315
   16      -29.709620    -64.174248    0.024977  0.009831
   17      -29.709968    -64.392941    0.003902  0.001914
   18      -29.709984    -64.402927    0.002617  0.000901

                      *************************************************
                      ***          THE HPC-IRC HAS CONVERGED        ***
                      *************************************************


         *************************************************************
         *                      BACKWARD HPC-IRC                     *
         *************************************************************

Iteration    E(Eh)      dE(kcal/mol)  max(|G|)   RMS(G) 
Convergence thresholds                0.002850  0.001900
    0      -29.608282     -0.583797    0.027294  0.010806
    1      -29.615045     -4.827959    0.054035  0.023862
    2      -29.623541    -10.158803    0.068122  0.026107
    3      -29.632127    -15.546733    0.080663  0.028554
    4      -29.640244    -20.640661    0.078953  0.028084
    5      -29.647359    -25.105114    0.072947  0.026492
    6      -29.653685    -29.074686    0.063015  0.023871
    7      -29.658903    -32.349301    0.047848  0.019868
    8      -29.663182    -35.034397    0.041614  0.016538
    9      -29.666796    -37.302222    0.037021  0.014227
   10      -29.669964    -39.289986    0.031668  0.012165
   11      -29.672648    -40.974061    0.026443  0.010178
   12      -29.674912    -42.395018    0.020823  0.008082
   13      -29.676723    -43.531493    0.014273  0.006118
   14      -29.678031    -44.351991    0.016794  0.006113
   15      -29.679046    -44.988936    0.014058  0.004927
   16      -29.679701    -45.400167    0.012235  0.004661
   17      -29.680186    -45.704184    0.008326  0.003785
   18      -29.680275    -45.759979    0.003333  0.001463
   19      -29.680373    -45.821675    0.003388  0.001131
   20      -29.680435    -45.860508    0.002147  0.001067

                      *************************************************
                      ***          THE HPC-IRC HAS CONVERGED        ***
                      *************************************************


---------------------------------------------------------------
                       HPC-IRC PATH SUMMARY           
---------------------------------------------------------------
All forces are in Eh/Å.

Step        E(Eh)      dE(kcal/mol)  max(|G|)   RMS(G) 
   1      -29.709984      0.000000    0.002617  0.000901
   2      -29.709968      0.009986    0.003902  0.001914
   3      -29.709620      0.228679    0.024977  0.009831
   4      -29.709578      0.254543    0.012030  0.004315
   5      -29.709320      0.416795    0.016707  0.006894
   6      -29.707849      1.339850    0.028609  0.008781
   7      -29.705215      2.992965    0.041476  0.012555
   8      -29.701908      5.067765    0.050923  0.015439
   9      -29.698030      7.501292    0.060326  0.018526
  10      -29.693307     10.464924    0.066835  0.022071
  11      -29.687370     14.190482    0.074103  0.027579
  12      -29.679736     18.980776    0.084952  0.034219
  13      -29.670054     25.056267    0.097292  0.040176
  14      -29.658803     32.116621    0.103047  0.043902
  15      -29.646018     40.139088    0.105810  0.046513
  16      -29.632019     48.923948    0.108082  0.045547
  17      -29.620047     56.436330    0.073544  0.033046
  18      -29.611968     61.505731    0.041267  0.019523
  19      -29.608021     63.982916    0.016110  0.007875 <= TS
  20      -29.608282     63.819130    0.027294  0.010806
  21      -29.615045     59.574968    0.054035  0.023862
  22      -29.623541     54.244124    0.068122  0.026107
  23      -29.632127     48.856194    0.080663  0.028554
  24      -29.640244     43.762266    0.078953  0.028084
  25      -29.647359     39.297813    0.072947  0.026492
  26      -29.653685     35.328241    0.063015  0.023871
  27      -29.658903     32.053626    0.047848  0.019868
  28      -29.663182     29.368530    0.041614  0.016538
  29      -29.666796     27.100705    0.037021  0.014227
  30      -29.669964     25.112941    0.031668  0.012165
  31      -29.672648     23.428866    0.026443  0.010178
  32      -29.674912     22.007909    0.020823  0.008082
  33      -29.676723     20.871434    0.014273  0.006118
  34      -29.678031     20.050936    0.016794  0.006113
  35      -29.679046     19.413991    0.014058  0.004927
  36      -29.679701     19.002760    0.012235  0.004661
  37      -29.680186     18.698743    0.008326  0.003785
  38      -29.680275     18.642948    0.003333  0.001463
  39      -29.680373     18.581252    0.003388  0.001131
  40      -29.680435     18.542419    0.002147  0.001067

[INFO] HPC-IRC forward trajectory written to: /home/user/software/MAPLE/example/irc/hpc/inp1_forward.xyz
[INFO] HPC-IRC backward trajectory written to: /home/user/software/MAPLE/example/irc/hpc/inp1_backward.xyz
[INFO] HPC-IRC full trajectory written to: /home/user/software/MAPLE/example/irc/hpc/inp1_full.xyz



Program started: 2026-02-02 22:26:58

======================================================================
                      TIMING SUMMARY
======================================================================
Input Reading (×13).................................   0.006 s  (   0.1 %)
  Settings Parsing (×13)..............................   0.001 s  (  22.4 %)
  Coordinate Section Parsing (×13)....................   0.002 s  (  33.8 %)
  Post-Processing Expansion (×13).....................   0.000 s  (   0.4 %)
MLP Initialization (×13)............................   1.271 s  (  20.4 %)
Job Dispatching (×13)...............................  27.051 s  ( 435.0 %)
  Single Point Energy Calculation (×3)................   0.576 s  (   2.1 %)
  Frequency Calculation (×7)..........................   9.962 s  (  36.8 %)
  IRC Calculation (×3)................................  16.504 s  (  61.0 %)
======================================================================
Total wall time: 6.219 s
Total CPU time: 6.246 s
======================================================================

Program ended: 2026-02-02 22:27:05
TOTAL RUN TIME: 0 days 0 hours 0 minutes 6 seconds 219 msec
