
**********************************************************************
*                                                                    *
*                        M   A   P   L   E                           *
*                                                                    *
*      MAchine-learning Potential for Landscape Exploration          *
*                                                                    *
*                                                                    *
*      © 2025 University of Pittsburgh. All rights reserved.         *
*      Licensed under CC BY 4.0 for academic use.                    *
*                                                                    *
*      Principal Developer:  Xujian Wang                             *
*                                                                    *
**********************************************************************


Parsing # commands...
Global parameter: model = ANI-1xnr
Task set to 'irc'
Global parameter: device = gpu0
Parsed configuration:
----------------------------------------
Task: irc
model          : ani1xnr
method         : eulerpc
step_length_bohr: 0.1
device         : gpu0

                             Coordinates                              
**********************************************************************

[INFO] EulerPC-IRC: Selected negative eigenmode #1 with λ = -6.113028e-01 (MW basis)

         *************************************************************
         *                    FORWARD EulerPC-IRC                    *
         *************************************************************

Iteration    E(Eh)      dE(kcal/mol)  max(|G|)   RMS(G) 
Convergence thresholds                0.002850  0.001900
    0      -29.608021     -0.420020    0.016110  0.007875
    1      -29.611940     -2.879177    0.041421  0.019507
    2      -29.620030     -7.955601    0.073569  0.033025
    3      -29.631993    -15.462596    0.108024  0.045532
    4      -29.645991    -24.246513    0.105841  0.046514
    5      -29.658778    -32.270438    0.103070  0.043909
    6      -29.670032    -39.332662    0.097358  0.040195
    7      -29.679737    -45.422394    0.084893  0.034203
    8      -29.687340    -50.193809    0.074101  0.027621
    9      -29.693306    -53.937124    0.066817  0.022059
   10      -29.698028    -56.900597    0.060376  0.018481
   11      -29.701906    -59.333573    0.050934  0.015425
   12      -29.705204    -61.403267    0.041509  0.012601
   13      -29.707825    -63.048022    0.028678  0.009076
   14      -29.709377    -64.022263    0.018575  0.006828
   15      -29.709746    -64.253336    0.009635  0.003843
   16      -29.709952    -64.382748    0.007332  0.002230
   17      -29.709968    -64.392604    0.004995  0.002028

                      *************************************************
                      ***          THE EulerPC-IRC HAS CONVERGED        ***
                      *************************************************


         *************************************************************
         *                    BACKWARD EulerPC-IRC                   *
         *************************************************************

Iteration    E(Eh)      dE(kcal/mol)  max(|G|)   RMS(G) 
Convergence thresholds                0.002850  0.001900
    0      -29.608282     -0.583769    0.027293  0.010806
    1      -29.615086     -4.853430    0.054139  0.023881
    2      -29.623579    -10.183087    0.068198  0.026121
    3      -29.632162    -15.568988    0.080677  0.028553
    4      -29.640275    -20.659858    0.078956  0.028090
    5      -29.647384    -25.120646    0.072986  0.026521
    6      -29.653703    -29.085832    0.063049  0.023872
    7      -29.658913    -32.355604    0.047963  0.019911
    8      -29.663188    -35.037642    0.041552  0.016502
    9      -29.666800    -37.304429    0.036596  0.014155
   10      -29.669966    -39.291220    0.031158  0.012104
   11      -29.672649    -40.974622    0.026237  0.010140
   12      -29.674912    -42.394944    0.021045  0.008073
   13      -29.676720    -43.529632    0.015128  0.006092
   14      -29.678066    -44.374236    0.012154  0.005077
   15      -29.679004    -44.962764    0.017486  0.005811
   16      -29.679684    -45.389105    0.016186  0.005407
   17      -29.679969    -45.568104    0.006840  0.003454
   18      -29.680187    -45.705147    0.004074  0.001950
   19      -29.680396    -45.836084    0.009337  0.004304
   20      -29.680499    -45.900818    0.005723  0.002559
   21      -29.680554    -45.935154    0.004441  0.002205
   22      -29.680579    -45.950657    0.000963  0.000573

                      *************************************************
                      ***          THE EulerPC-IRC HAS CONVERGED        ***
                      *************************************************


---------------------------------------------------------------
                       EulerPC-IRC PATH SUMMARY           
---------------------------------------------------------------
All forces are in Eh/Å.

Step        E(Eh)      dE(kcal/mol)  max(|G|)   RMS(G) 
   1      -29.709968      0.000000    0.004995  0.002028
   2      -29.709952      0.009856    0.007332  0.002230
   3      -29.709746      0.139268    0.009635  0.003843
   4      -29.709377      0.370341    0.018575  0.006828
   5      -29.707825      1.344582    0.028678  0.009076
   6      -29.705204      2.989337    0.041509  0.012601
   7      -29.701906      5.059031    0.050934  0.015425
   8      -29.698028      7.492006    0.060376  0.018481
   9      -29.693306     10.455480    0.066817  0.022059
  10      -29.687340     14.198795    0.074101  0.027621
  11      -29.679737     18.970210    0.084893  0.034203
  12      -29.670032     25.059942    0.097358  0.040195
  13      -29.658778     32.122166    0.103070  0.043909
  14      -29.645991     40.146091    0.105841  0.046514
  15      -29.631993     48.930008    0.108024  0.045532
  16      -29.620030     56.437003    0.073569  0.033025
  17      -29.611940     61.513427    0.041421  0.019507
  18      -29.608021     63.972583    0.016110  0.007875 <= TS
  19      -29.608282     63.808835    0.027293  0.010806
  20      -29.615086     59.539174    0.054139  0.023881
  21      -29.623579     54.209517    0.068198  0.026121
  22      -29.632162     48.823616    0.080677  0.028553
  23      -29.640275     43.732746    0.078956  0.028090
  24      -29.647384     39.271958    0.072986  0.026521
  25      -29.653703     35.306772    0.063049  0.023872
  26      -29.658913     32.037000    0.047963  0.019911
  27      -29.663188     29.354962    0.041552  0.016502
  28      -29.666800     27.088175    0.036596  0.014155
  29      -29.669966     25.101384    0.031158  0.012104
  30      -29.672649     23.417982    0.026237  0.010140
  31      -29.674912     21.997660    0.021045  0.008073
  32      -29.676720     20.862972    0.015128  0.006092
  33      -29.678066     20.018368    0.012154  0.005077
  34      -29.679004     19.429840    0.017486  0.005811
  35      -29.679684     19.003498    0.016186  0.005407
  36      -29.679969     18.824500    0.006840  0.003454
  37      -29.680187     18.687457    0.004074  0.001950
  38      -29.680396     18.556520    0.009337  0.004304
  39      -29.680499     18.491786    0.005723  0.002559
  40      -29.680554     18.457450    0.004441  0.002205
  41      -29.680579     18.441947    0.000963  0.000573

[INFO] EulerPC-IRC forward trajectory written to: /home/user/software/MAPLE/example/irc/eulerpc/inp1_forward.xyz
[INFO] EulerPC-IRC backward trajectory written to: /home/user/software/MAPLE/example/irc/eulerpc/inp1_backward.xyz
[INFO] EulerPC-IRC full trajectory written to: /home/user/software/MAPLE/example/irc/eulerpc/inp1_full.xyz



Program started: 2026-01-27 06:52:06

======================================================================
                      TIMING SUMMARY
======================================================================
Input Reading.......................................   0.016 s  (   0.3 %)
  Settings Parsing....................................   0.015 s  (  94.0 %)
  Coordinate Section Parsing..........................   0.000 s  (   1.8 %)
  Post-Processing Expansion...........................   0.000 s  (   0.0 %)
MLP Initialization..................................   0.199 s  (   3.2 %)
Job Dispatching.....................................   5.975 s  (  96.5 %)
  IRC Calculation.....................................   5.974 s  ( 100.0 %)
======================================================================
Total wall time: 6.190 s
Total CPU time: 6.166 s
======================================================================

Program ended: 2026-01-27 06:52:12
TOTAL RUN TIME: 0 days 0 hours 0 minutes 6 seconds 190 msec
